Archive member included to satisfy reference by file (symbol)

libee.a(ee_hal_structs.o)     obj/code.o (EE_IRQ_nesting_level)
libee.a(ee_utils.o)           obj/code.o (EE_system_init)
libee.a(ee_gnu_change_context_isr.o)
                              obj/code.o (EE_switch_context)
libee.a(ee_gnu_multi_context.o)
                              libee.a(ee_gnu_change_context_isr.o) (EE_cortex_mx_change_context)
libee.a(ee_altick.o)          obj/code.o (EE_alarm_CounterTick)
libee.a(ee_alsetrel.o)        obj/code.o (EE_alarm_SetRelAlarm)
libee.a(ee_irqsc.o)           libee.a(ee_gnu_change_context_isr.o) (EE_IRQ_end_instance)
libee.a(ee_rqexchg.o)         libee.a(ee_irqsc.o) (EE_rq2stk_exchange)
libee.a(ee_rqinsert.o)        libee.a(ee_altick.o) (EE_rq_insert)
libee.a(ee_swait.o)           obj/code.o (EE_sem_WaitSem)
libee.a(ee_spost.o)           obj/code.o (EE_sem_PostSem)
libee.a(ee_context.o)         libee.a(ee_gnu_multi_context.o) (EE_std_run_task_code)
libee.a(ee_context.o)         libee.a(ee_gnu_change_context_isr.o) (EE_std_need_context_change)
libee.a(ee_thendin.o)         libee.a(ee_context.o) (EE_thread_end_instance)
libstm32f4discovery.a(stm32f4_discovery.o)
                              obj/code.o (STM_EVAL_COMInit)
libstm32f4xxspd.a(stm32f4xx_exti.o)
                              obj/code.o (EXTI_Init)
libstm32f4xxspd.a(stm32f4xx_gpio.o)
                              obj/code.o (GPIO_Init)
libstm32f4xxspd.a(stm32f4xx_rcc.o)
                              obj/code.o (RCC_AHB1PeriphClockCmd)
libstm32f4xxspd.a(stm32f4xx_syscfg.o)
                              obj/code.o (SYSCFG_EXTILineConfig)
libstm32f4xxspd.a(stm32f4xx_tim.o)
                              obj/code.o (TIM_TimeBaseInit)
libstm32f4xxspd.a(stm32f4xx_usart.o)
                              libstm32f4discovery.a(stm32f4_discovery.o) (USART_Init)
libstm32f4xxspd.a(misc.o)     obj/code.o (NVIC_Init)
c:/progra~2/gnutoo~1/50a5a~1.420/bin/../lib/gcc/arm-none-eabi/5.4.1/armv7e-m\libgcc.a(_arm_addsubdf3.o)
                              obj/code.o (__aeabi_dsub)
c:/progra~2/gnutoo~1/50a5a~1.420/bin/../lib/gcc/arm-none-eabi/5.4.1/armv7e-m\libgcc.a(_arm_cmpdf2.o)
                              obj/code.o (__aeabi_dcmpge)
C:\PROGRA~2\GNUTOO~1\50A5A~1.420\arm-none-eabi\lib\thumb\libc.a(lib_a-exit.o)
                              c:/progra~2/gnutoo~1/50a5a~1.420/bin/../lib/gcc/arm-none-eabi/5.4.1/../../../../arm-none-eabi/lib/armv7e-m/crt0.o (exit)
C:\PROGRA~2\GNUTOO~1\50A5A~1.420\arm-none-eabi\lib\thumb\libc.a(lib_a-impure.o)
                              C:\PROGRA~2\GNUTOO~1\50A5A~1.420\arm-none-eabi\lib\thumb\libc.a(lib_a-exit.o) (_global_impure_ptr)
C:\PROGRA~2\GNUTOO~1\50A5A~1.420\arm-none-eabi\lib\thumb\libc.a(lib_a-init.o)
                              c:/progra~2/gnutoo~1/50a5a~1.420/bin/../lib/gcc/arm-none-eabi/5.4.1/../../../../arm-none-eabi/lib/armv7e-m/crt0.o (__libc_init_array)
C:\PROGRA~2\GNUTOO~1\50A5A~1.420\arm-none-eabi\lib\thumb\libc.a(lib_a-memset.o)
                              c:/progra~2/gnutoo~1/50a5a~1.420/bin/../lib/gcc/arm-none-eabi/5.4.1/../../../../arm-none-eabi/lib/armv7e-m/crt0.o (memset)
C:\PROGRA~2\GNUTOO~1\50A5A~1.420\arm-none-eabi\lib\thumb\libc.a(lib_a-__call_atexit.o)
                              C:\PROGRA~2\GNUTOO~1\50A5A~1.420\arm-none-eabi\lib\thumb\libc.a(lib_a-exit.o) (__call_exitprocs)
C:\PROGRA~2\GNUTOO~1\50A5A~1.420\arm-none-eabi\lib\thumb\libc.a(lib_a-atexit.o)
                              C:\PROGRA~2\GNUTOO~1\50A5A~1.420\arm-none-eabi\lib\thumb\libc.a(lib_a-__call_atexit.o) (atexit)
C:\PROGRA~2\GNUTOO~1\50A5A~1.420\arm-none-eabi\lib\thumb\libc.a(lib_a-fini.o)
                              C:\PROGRA~2\GNUTOO~1\50A5A~1.420\arm-none-eabi\lib\thumb\libc.a(lib_a-__call_atexit.o) (__libc_fini_array)
C:\PROGRA~2\GNUTOO~1\50A5A~1.420\arm-none-eabi\lib\thumb\libc.a(lib_a-__atexit.o)
                              C:\PROGRA~2\GNUTOO~1\50A5A~1.420\arm-none-eabi\lib\thumb\libc.a(lib_a-atexit.o) (__register_exitproc)

Allocating common symbols
Common symbol       size              file

TIM_TimeBaseStructure
                    0xc               obj/code.o
reference_time      0x8               obj/code.o
GPIO_InitStructure_LightSensors
                    0x40              obj/code.o
sensor_up_time      0x8               obj/code.o
EE_IRQ_nesting_level
                    0x4               libee.a(ee_hal_structs.o)
EE_alarm_RAM        0x18              obj/eecfg.o
TIM_OCInitStructure
                    0x14              obj/code.o
USART_InitStructure
                    0x10              obj/code.o
EE_std_endcycle_next_tid
                    0x4               libee.a(ee_hal_structs.o)
delta_sensor        0x40              obj/code.o
EE_th_nact          0x8               obj/eecfg.o

Memory Configuration

Name             Origin             Length             Attributes
FLASH            0x08000000         0x00100000         xr
RAM              0x20000000         0x00020000         xrw
CCM              0x10000000         0x00010000         xrw
MEMORY_B1        0x60000000         0x00000000         xr
*default*        0x00000000         0xffffffff

Linker script and memory map

LOAD c:/progra~2/gnutoo~1/50a5a~1.420/bin/../lib/gcc/arm-none-eabi/5.4.1/armv7e-m/crti.o
LOAD c:/progra~2/gnutoo~1/50a5a~1.420/bin/../lib/gcc/arm-none-eabi/5.4.1/armv7e-m/crtbegin.o
LOAD c:/progra~2/gnutoo~1/50a5a~1.420/bin/../lib/gcc/arm-none-eabi/5.4.1/../../../../arm-none-eabi/lib/armv7e-m/crt0.o
LOAD obj/code.o
LOAD obj/eecfg.o
LOAD obj/pkg/mcu/st_stm32_stm32f4xx/src/startup_stm32f4xx_gnu.o
LOAD obj/pkg/mcu/st_stm32_stm32f4xx/src/system_stm32f4xx.o
LOAD libee.a
LOAD libstm32f4discovery.a
LOAD libstm32f4xxspd.a
START GROUP
LOAD c:/progra~2/gnutoo~1/50a5a~1.420/bin/../lib/gcc/arm-none-eabi/5.4.1/armv7e-m\libgcc.a
LOAD C:\PROGRA~2\GNUTOO~1\50A5A~1.420\arm-none-eabi\lib\thumb\libc.a
LOAD C:\PROGRA~2\GNUTOO~1\50A5A~1.420\arm-none-eabi\lib\thumb\libm.a
LOAD C:\PROGRA~2\GNUTOO~1\50A5A~1.420\arm-none-eabi\lib\thumb\libnosys.a
END GROUP

.text           0x08000000     0x62dc
 *(.isr_vector)
 .isr_vector    0x08000000      0x188 obj/pkg/mcu/st_stm32_stm32f4xx/src/startup_stm32f4xx_gnu.o
                0x08000000                __isr_vector
 *(.text*)
 .text          0x08000188        0x0 c:/progra~2/gnutoo~1/50a5a~1.420/bin/../lib/gcc/arm-none-eabi/5.4.1/armv7e-m/crti.o
 .text          0x08000188       0x5c c:/progra~2/gnutoo~1/50a5a~1.420/bin/../lib/gcc/arm-none-eabi/5.4.1/armv7e-m/crtbegin.o
 .text          0x080001e4       0x74 c:/progra~2/gnutoo~1/50a5a~1.420/bin/../lib/gcc/arm-none-eabi/5.4.1/../../../../arm-none-eabi/lib/armv7e-m/crt0.o
                0x080001e4                _start
                0x080001e4                _mainCRTStartup
 .text          0x08000258      0xd7c obj/code.o
                0x0800028c                console_out
                0x080002dc                breakleft
                0x080002f4                folleleft
                0x0800030c                forwardleft
                0x0800032c                backwardleft
                0x0800034c                breakright
                0x08000364                folleright
                0x0800037c                forwardright
                0x0800039c                backwardright
                0x080003bc                EnableMotors
                0x080003d4                DisableMotors
                0x080003ec                InitMotors
                0x08000434                InitLineSensor
                0x080005c0                read_task_init
                0x080006e0                EXTI1_IRQHandler
                0x0800072c                EXTI3_IRQHandler
                0x08000780                EXTI4_IRQHandler
                0x080007cc                EXTI9_5_IRQHandler
                0x08000888                EXTI15_10_IRQHandler
                0x08000910                systick_handler
                0x080009cc                ISR2_systick_handler
                0x080009dc                PWM_Config_and_En
                0x08000ae4                InitDataStruct
                0x08000b20                FuncCheckRead
                0x08000dcc                FuncTaskMotorControl
                0x08000ecc                main
 .text          0x08000fd4       0x34 obj/eecfg.o
 .text          0x08001008        0x0 obj/pkg/mcu/st_stm32_stm32f4xx/src/startup_stm32f4xx_gnu.o
 .text.EE_cortex_mx_default_reset_ISR
                0x08001008       0x40 obj/pkg/mcu/st_stm32_stm32f4xx/src/startup_stm32f4xx_gnu.o
                0x08001008                EE_cortex_mx_default_reset_ISR
 .text.EE_cortex_mx_default_ISR
                0x08001048        0x4 obj/pkg/mcu/st_stm32_stm32f4xx/src/startup_stm32f4xx_gnu.o
                0x08001048                EE_CORTEX_MX_DMA1_STREAM4_ISR
                0x08001048                EE_CORTEX_MX_USART6_ISR
                0x08001048                EE_CORTEX_MX_DMA1_STREAM6_ISR
                0x08001048                EE_CORTEX_MX_CRYP_ISR
                0x08001048                EE_CORTEX_MX_DMA1_STREAM5_ISR
                0x08001048                EE_CORTEX_MX_BUS_FAULT_ISR
                0x08001048                EE_CORTEX_MX_PVD_ISR
                0x08001048                EE_CORTEX_MX_SPI2_ISR
                0x08001048                EE_CORTEX_MX_CAN1_RX1_ISR
                0x08001048                EE_CORTEX_MX_DMA2_STREAM5_ISR
                0x08001048                EE_CORTEX_MX_TIM6_DAC_ISR
                0x08001048                EE_CORTEX_MX_I2C2_EV_ISR
                0x08001048                EE_CORTEX_MX_TIM1_UP_TIM10_ISR
                0x08001048                EE_CORTEX_MX_CAN1_RX0_ISR
                0x08001048                EE_CORTEX_MX_USART1_ISR
                0x08001048                EE_CORTEX_MX_TIM8_CC_ISR
                0x08001048                EE_CORTEX_MX_RTC_Alarm_ISR
                0x08001048                EE_CORTEX_MX_EXTI2_ISR
                0x08001048                EE_CORTEX_MX_OTG_HS_ISR
                0x08001048                EE_CORTEX_MX_DCMI_ISR
                0x08001048                EE_CORTEX_MX_DMA2_STREAM0_ISR
                0x08001048                EE_CORTEX_MX_SPI1_ISR
                0x08001048                EE_cortex_mx_default_ISR
                0x08001048                EE_CORTEX_MX_ETH_WKUP_ISR
                0x08001048                EE_CORTEX_MX_TIM8_TRG_COM_TIM14_ISR
                0x08001048                EE_CORTEX_MX_USAGE_FAULT_ISR
                0x08001048                EE_CORTEX_MX_TIM7_ISR
                0x08001048                EE_CORTEX_MX_TIM2_ISR
                0x08001048                EE_CORTEX_MX_I2C1_EV_ISR
                0x08001048                EE_CORTEX_MX_TIM1_TRG_COM_TIM11_ISR
                0x08001048                EE_CORTEX_MX_UART5_ISR
                0x08001048                EE_CORTEX_MX_UART4_ISR
                0x08001048                EE_CORTEX_MX_NMI_ISR
                0x08001048                EE_CORTEX_MX_TIM3_ISR
                0x08001048                EE_CORTEX_MX_USART3_ISR
                0x08001048                EE_CORTEX_MX_DMA2_STREAM4_ISR
                0x08001048                EE_CORTEX_MX_EXTI4_ISR
                0x08001048                EE_CORTEX_MX_ADC_ISR
                0x08001048                EE_CORTEX_MX_OTG_HS_EP1_IN_ISR
                0x08001048                EE_CORTEX_MX_DMA2_STREAM1_ISR
                0x08001048                EE_CORTEX_MX_CAN1_TX_ISR
                0x08001048                EE_CORTEX_MX_USART2_ISR
                0x08001048                EE_CORTEX_MX_SDIO_ISR
                0x08001048                EE_CORTEX_MX_I2C2_ER_ISR
                0x08001048                EE_CORTEX_MX_I2C3_EV_ISR
                0x08001048                EE_CORTEX_MX_HARD_FAULT_ISR
                0x08001048                EE_CORTEX_MX_DMA1_STREAM3_ISR
                0x08001048                EE_CORTEX_MX_OTG_HS_EP1_OUT_ISR
                0x08001048                EE_CORTEX_MX_TIM8_BRK_TIM12_ISR
                0x08001048                EE_CORTEX_MX_CAN1_SCE_ISR
                0x08001048                EE_CORTEX_MX_DMA1_STREAM1_ISR
                0x08001048                EE_CORTEX_MX_TIM4_ISR
                0x08001048                EE_CORTEX_MX_DMA2_STREAM3_ISR
                0x08001048                EE_CORTEX_MX_ETH_ISR
                0x08001048                EE_CORTEX_MX_OTG_FS_ISR
                0x08001048                EE_CORTEX_MX_CAN2_RX0_ISR
                0x08001048                EE_CORTEX_MX_CAN2_SCE_ISR
                0x08001048                EE_CORTEX_MX_FPU_ISR
                0x08001048                EE_CORTEX_MX_RTC_WKUP_ISR
                0x08001048                EE_CORTEX_MX_TIM8_UP_TIM13_ISR
                0x08001048                EE_CORTEX_MX_OTG_FS_WKUP_ISR
                0x08001048                EE_CORTEX_MX_DMA1_STREAM2_ISR
                0x08001048                EE_CORTEX_MX_EXTI9_5_ISR
                0x08001048                EE_CORTEX_MX_EXTI3_ISR
                0x08001048                EE_CORTEX_MX_EXTI0_ISR
                0x08001048                EE_CORTEX_MX_I2C1_ER_ISR
                0x08001048                EE_CORTEX_MX_FLASH_ISR
                0x08001048                EE_CORTEX_MX_OTG_HS_WKUP_ISR
                0x08001048                EE_CORTEX_MX_TIM1_BRK_TIM9_ISR
                0x08001048                EE_CORTEX_MX_I2C3_ER_ISR
                0x08001048                EE_CORTEX_MX_TIM1_CC_ISR
                0x08001048                EE_CORTEX_MX_SPI3_ISR
                0x08001048                EE_CORTEX_MX_EXTI15_10_ISR
                0x08001048                EE_CORTEX_MX_CAN2_TX_ISR
                0x08001048                EE_CORTEX_MX_RCC_ISR
                0x08001048                EE_CORTEX_MX_FSMC_ISR
                0x08001048                EE_CORTEX_MX_DMA2_STREAM2_ISR
                0x08001048                EE_CORTEX_MX_DMA2_STREAM7_ISR
                0x08001048                EE_CORTEX_MX_EXTI1_ISR
                0x08001048                EE_CORTEX_MX_DEBUG_MONITOR_ISR
                0x08001048                EE_CORTEX_MX_WWDG_ISR
                0x08001048                EE_CORTEX_MX_MPU_FAULT_ISR
                0x08001048                EE_CORTEX_MX_HASH_RNG_ISR
                0x08001048                EE_CORTEX_MX_DMA2_STREAM6_ISR
                0x08001048                EE_CORTEX_MX_TIM5_ISR
                0x08001048                EE_CORTEX_MX_DMA1_STREAM0_ISR
                0x08001048                EE_CORTEX_MX_TAMP_STAMP_ISR
                0x08001048                EE_CORTEX_MX_CAN2_RX1_ISR
                0x08001048                EE_CORTEX_MX_DMA1_Stream7_ISR
 .text._exit    0x0800104c        0x6 obj/pkg/mcu/st_stm32_stm32f4xx/src/startup_stm32f4xx_gnu.o
                0x0800104c                _exit
 *fill*         0x08001052        0x2 
 .text          0x08001054      0x248 obj/pkg/mcu/st_stm32_stm32f4xx/src/system_stm32f4xx.o
                0x08001054                SystemInit
                0x080010b0                SystemCoreClockUpdate
 .text          0x0800129c       0x34 libee.a(ee_hal_structs.o)
 .text          0x080012d0       0x70 libee.a(ee_utils.o)
                0x08001304                EE_system_init
 .text          0x08001340       0x7c libee.a(ee_gnu_change_context_isr.o)
                0x08001340                EE_set_switch_context_pri
                0x0800135a                EE_switch_context
                0x08001364                EE_cortex_mx_pendsv_ISR
                0x080013a0                EE_cortex_mx_svc_ISR
 .text          0x080013bc       0x68 libee.a(ee_gnu_multi_context.o)
                0x080013bc                EE_cortex_mx_change_context
 .text          0x08001424      0x2cc libee.a(ee_altick.o)
                0x08001458                EE_alarm_insert
                0x0800159c                EE_alarm_CounterTick
 .text          0x080016f0       0x80 libee.a(ee_alsetrel.o)
                0x08001724                EE_alarm_SetRelAlarm
 .text          0x08001770       0xd4 libee.a(ee_irqsc.o)
                0x080017a4                EE_IRQ_end_instance
 .text          0x08001844       0x78 libee.a(ee_rqexchg.o)
                0x08001878                EE_rq2stk_exchange
 .text          0x080018bc       0xb4 libee.a(ee_rqinsert.o)
                0x080018f0                EE_rq_insert
 .text          0x08001970      0x174 libee.a(ee_swait.o)
                0x080019a4                EE_sem_WaitSem
 .text          0x08001ae4      0x11c libee.a(ee_spost.o)
                0x08001b18                EE_sem_PostSem
 .text          0x08001c00       0x70 libee.a(ee_context.o)
                0x08001c34                EE_std_run_task_code
 .text          0x08001c70       0x7c libee.a(ee_context.o)
                0x08001ca4                EE_std_need_context_change
 .text          0x08001cec      0x140 libee.a(ee_thendin.o)
                0x08001d20                EE_thread_end_instance
 .text          0x08001e2c      0x218 libstm32f4discovery.a(stm32f4_discovery.o)
                0x08001e2c                STM_EVAL_LEDInit
                0x08001e88                STM_EVAL_LEDOn
                0x08001eb8                STM_EVAL_LEDOff
                0x08001ee8                STM_EVAL_LEDToggle
                0x08001f24                STM_EVAL_COMInit
 .text          0x08002044      0x21c libstm32f4xxspd.a(stm32f4xx_exti.o)
                0x08002044                EXTI_DeInit
                0x08002078                EXTI_Init
                0x0800215c                EXTI_StructInit
                0x08002188                EXTI_GenerateSWInterrupt
                0x080021ac                EXTI_GetFlagStatus
                0x080021e0                EXTI_ClearFlag
                0x080021fc                EXTI_GetITStatus
                0x08002244                EXTI_ClearITPendingBit
 .text          0x08002260      0x484 libstm32f4xxspd.a(stm32f4xx_gpio.o)
                0x08002260                GPIO_DeInit
                0x08002380                GPIO_Init
                0x0800249c                GPIO_StructInit
                0x080024d0                GPIO_PinLockConfig
                0x08002514                GPIO_ReadInputDataBit
                0x08002548                GPIO_ReadInputData
                0x08002560                GPIO_ReadOutputDataBit
                0x08002594                GPIO_ReadOutputData
                0x080025ac                GPIO_SetBits
                0x080025c8                GPIO_ResetBits
                0x080025e4                GPIO_WriteBit
                0x08002614                GPIO_Write
                0x08002630                GPIO_ToggleBits
                0x08002654                GPIO_PinAFConfig
 .text          0x080026e4      0xa78 libstm32f4xxspd.a(stm32f4xx_rcc.o)
                0x080026e4                RCC_DeInit
                0x08002734                RCC_HSEConfig
                0x08002758                RCC_WaitForHSEStartUp
                0x080027a8                RCC_AdjustHSICalibrationValue
                0x080027e4                RCC_HSICmd
                0x08002804                RCC_LSEConfig
                0x08002844                RCC_LSICmd
                0x08002864                RCC_PLLConfig
                0x080028a0                RCC_PLLCmd
                0x080028c0                RCC_PLLI2SConfig
                0x080028e8                RCC_PLLI2SCmd
                0x08002908                RCC_ClockSecuritySystemCmd
                0x08002928                RCC_MCO1Config
                0x08002964                RCC_MCO2Config
                0x080029a0                RCC_SYSCLKConfig
                0x080029d8                RCC_GetSYSCLKSource
                0x080029f4                RCC_HCLKConfig
                0x08002a2c                RCC_PCLK1Config
                0x08002a64                RCC_PCLK2Config
                0x08002a9c                RCC_GetClocksFreq
                0x08002bf0                RCC_RTCCLKConfig
                0x08002c4c                RCC_RTCCLKCmd
                0x08002c6c                RCC_BackupResetCmd
                0x08002c8c                RCC_I2SCLKConfig
                0x08002ca8                RCC_AHB1PeriphClockCmd
                0x08002ce4                RCC_AHB2PeriphClockCmd
                0x08002d20                RCC_AHB3PeriphClockCmd
                0x08002d5c                RCC_APB1PeriphClockCmd
                0x08002d98                RCC_APB2PeriphClockCmd
                0x08002dd4                RCC_AHB1PeriphResetCmd
                0x08002e10                RCC_AHB2PeriphResetCmd
                0x08002e4c                RCC_AHB3PeriphResetCmd
                0x08002e88                RCC_APB1PeriphResetCmd
                0x08002ec4                RCC_APB2PeriphResetCmd
                0x08002f00                RCC_AHB1PeriphClockLPModeCmd
                0x08002f3c                RCC_AHB2PeriphClockLPModeCmd
                0x08002f78                RCC_AHB3PeriphClockLPModeCmd
                0x08002fb4                RCC_APB1PeriphClockLPModeCmd
                0x08002ff0                RCC_APB2PeriphClockLPModeCmd
                0x0800302c                RCC_ITConfig
                0x08003078                RCC_GetFlagStatus
                0x080030ec                RCC_ClearFlag
                0x08003108                RCC_GetITStatus
                0x0800313c                RCC_ClearITPendingBit
 .text          0x0800315c      0x12c libstm32f4xxspd.a(stm32f4xx_syscfg.o)
                0x0800315c                SYSCFG_DeInit
                0x08003178                SYSCFG_MemoryRemapConfig
                0x08003198                SYSCFG_EXTILineConfig
                0x0800321c                SYSCFG_ETH_MediaInterfaceConfig
                0x08003238                SYSCFG_CompensationCellCmd
                0x08003258                SYSCFG_GetCompensationCellStatus
 .text          0x08003288     0x1bf8 libstm32f4xxspd.a(stm32f4xx_tim.o)
                0x08003288                TIM_DeInit
                0x08003448                TIM_TimeBaseInit
                0x0800351c                TIM_TimeBaseStructInit
                0x08003550                TIM_PrescalerConfig
                0x08003578                TIM_CounterModeConfig
                0x080035b0                TIM_SetCounter
                0x080035cc                TIM_SetAutoreload
                0x080035e8                TIM_GetCounter
                0x08003600                TIM_GetPrescaler
                0x08003618                TIM_UpdateDisableConfig
                0x08003658                TIM_UpdateRequestConfig
                0x08003698                TIM_ARRPreloadConfig
                0x080036d8                TIM_SelectOnePulseMode
                0x08003710                TIM_SetClockDivision
                0x08003748                TIM_Cmd
                0x08003788                TIM_OC1Init
                0x0800387c                TIM_OC2Init
                0x0800398c                TIM_OC3Init
                0x08003a98                TIM_OC4Init
                0x08003b64                TIM_OCStructInit
                0x08003ba8                TIM_SelectOCxM
                0x08003c58                TIM_SetCompare1
                0x08003c74                TIM_SetCompare2
                0x08003c90                TIM_SetCompare3
                0x08003cac                TIM_SetCompare4
                0x08003cc8                TIM_ForcedOC1Config
                0x08003d00                TIM_ForcedOC2Config
                0x08003d3c                TIM_ForcedOC3Config
                0x08003d74                TIM_ForcedOC4Config
                0x08003db0                TIM_OC1PreloadConfig
                0x08003de8                TIM_OC2PreloadConfig
                0x08003e24                TIM_OC3PreloadConfig
                0x08003e5c                TIM_OC4PreloadConfig
                0x08003e98                TIM_OC1FastConfig
                0x08003ed0                TIM_OC2FastConfig
                0x08003f0c                TIM_OC3FastConfig
                0x08003f44                TIM_OC4FastConfig
                0x08003f80                TIM_ClearOC1Ref
                0x08003fb8                TIM_ClearOC2Ref
                0x08003ff4                TIM_ClearOC3Ref
                0x0800402c                TIM_ClearOC4Ref
                0x08004068                TIM_OC1PolarityConfig
                0x080040a0                TIM_OC1NPolarityConfig
                0x080040d8                TIM_OC2PolarityConfig
                0x08004114                TIM_OC2NPolarityConfig
                0x08004150                TIM_OC3PolarityConfig
                0x0800418c                TIM_OC3NPolarityConfig
                0x080041c8                TIM_OC4PolarityConfig
                0x08004204                TIM_CCxCmd
                0x08004258                TIM_CCxNCmd
                0x080042ac                TIM_ICInit
                0x08004354                TIM_ICStructInit
                0x08004384                TIM_PWMIConfig
                0x0800443c                TIM_GetCapture1
                0x08004454                TIM_GetCapture2
                0x0800446c                TIM_GetCapture3
                0x08004484                TIM_GetCapture4
                0x0800449c                TIM_SetIC1Prescaler
                0x080044d4                TIM_SetIC2Prescaler
                0x08004510                TIM_SetIC3Prescaler
                0x08004548                TIM_SetIC4Prescaler
                0x08004584                TIM_BDTRConfig
                0x080045d4                TIM_BDTRStructInit
                0x08004610                TIM_CtrlPWMOutputs
                0x0800465c                TIM_SelectCOM
                0x0800469c                TIM_CCPreloadControl
                0x080046dc                TIM_ITConfig
                0x08004724                TIM_GenerateEvent
                0x08004740                TIM_GetFlagStatus
                0x08004778                TIM_ClearFlag
                0x08004798                TIM_GetITStatus
                0x080047ec                TIM_ClearITPendingBit
                0x0800480c                TIM_DMAConfig
                0x08004834                TIM_DMACmd
                0x0800487c                TIM_SelectCCDMA
                0x080048bc                TIM_InternalClockConfig
                0x080048e0                TIM_ITRxExternalClockConfig
                0x08004910                TIM_TIxExternalClockConfig
                0x0800496c                TIM_ETRClockMode1Config
                0x080049cc                TIM_ETRClockMode2Config
                0x08004a0c                TIM_SelectInputTrigger
                0x08004a44                TIM_SelectOutputTrigger
                0x08004a7c                TIM_SelectSlaveMode
                0x08004ab4                TIM_SelectMasterSlaveMode
                0x08004aec                TIM_ETRConfig
                0x08004b40                TIM_EncoderInterfaceConfig
                0x08004bd8                TIM_SelectHallSensor
                0x08004c18                TIM_RemapConfig
 .text          0x08004e80      0x91c libstm32f4xxspd.a(stm32f4xx_usart.o)
                0x08004e80                USART_DeInit
                0x08004f54                USART_Init
                0x080050c8                USART_StructInit
                0x08005100                USART_ClockInit
                0x08005154                USART_ClockStructInit
                0x08005180                USART_Cmd
                0x080051c0                USART_SetPrescaler
                0x080051f8                USART_OverSampling8Cmd
                0x0800523c                USART_OneBitMethodCmd
                0x0800527c                USART_SendData
                0x080052a0                USART_ReceiveData
                0x080052c0                USART_SetAddress
                0x080052f8                USART_ReceiverWakeUpCmd
                0x08005338                USART_WakeUpConfig
                0x08005370                USART_LINBreakDetectLengthConfig
                0x080053a8                USART_LINCmd
                0x080053e8                USART_SendBreak
                0x0800540c                USART_HalfDuplexCmd
                0x0800544c                USART_SetGuardTime
                0x08005488                USART_SmartCardCmd
                0x080054c8                USART_SmartCardNACKCmd
                0x08005508                USART_IrDAConfig
                0x08005540                USART_IrDACmd
                0x08005580                USART_DMACmd
                0x080055c8                USART_ITConfig
                0x08005658                USART_GetFlagStatus
                0x08005690                USART_ClearFlag
                0x080056b0                USART_GetITStatus
                0x08005764                USART_ClearITPendingBit
 .text          0x0800579c      0x188 libstm32f4xxspd.a(misc.o)
                0x0800579c                NVIC_PriorityGroupConfig
                0x080057c0                NVIC_Init
                0x08005880                NVIC_SetVectorTable
                0x080058ac                NVIC_SystemLPConfig
                0x080058ec                SysTick_CLKSourceConfig
 .text          0x08005924      0x370 c:/progra~2/gnutoo~1/50a5a~1.420/bin/../lib/gcc/arm-none-eabi/5.4.1/armv7e-m\libgcc.a(_arm_addsubdf3.o)
                0x08005924                __aeabi_drsub
                0x0800592c                __aeabi_dsub
                0x0800592c                __subdf3
                0x08005930                __aeabi_dadd
                0x08005930                __adddf3
                0x08005ba8                __floatunsidf
                0x08005ba8                __aeabi_ui2d
                0x08005bc8                __floatsidf
                0x08005bc8                __aeabi_i2d
                0x08005bec                __aeabi_f2d
                0x08005bec                __extendsfdf2
                0x08005c28                __floatundidf
                0x08005c28                __aeabi_ul2d
                0x08005c38                __floatdidf
                0x08005c38                __aeabi_l2d
 .text          0x08005c94      0x110 c:/progra~2/gnutoo~1/50a5a~1.420/bin/../lib/gcc/arm-none-eabi/5.4.1/armv7e-m\libgcc.a(_arm_cmpdf2.o)
                0x08005c94                __gtdf2
                0x08005c94                __gedf2
                0x08005c9c                __ltdf2
                0x08005c9c                __ledf2
                0x08005ca4                __nedf2
                0x08005ca4                __eqdf2
                0x08005ca4                __cmpdf2
                0x08005d20                __aeabi_cdrcmple
                0x08005d30                __aeabi_cdcmpeq
                0x08005d30                __aeabi_cdcmple
                0x08005d40                __aeabi_dcmpeq
                0x08005d54                __aeabi_dcmplt
                0x08005d68                __aeabi_dcmple
                0x08005d7c                __aeabi_dcmpge
                0x08005d90                __aeabi_dcmpgt
 .text          0x08005da4        0x0 C:\PROGRA~2\GNUTOO~1\50A5A~1.420\arm-none-eabi\lib\thumb\libc.a(lib_a-exit.o)
 .text.exit     0x08005da4       0x28 C:\PROGRA~2\GNUTOO~1\50A5A~1.420\arm-none-eabi\lib\thumb\libc.a(lib_a-exit.o)
                0x08005da4                exit
 .text          0x08005dcc        0x0 C:\PROGRA~2\GNUTOO~1\50A5A~1.420\arm-none-eabi\lib\thumb\libc.a(lib_a-impure.o)
 .text          0x08005dcc        0x0 C:\PROGRA~2\GNUTOO~1\50A5A~1.420\arm-none-eabi\lib\thumb\libc.a(lib_a-init.o)
 .text.__libc_init_array
                0x08005dcc       0x58 C:\PROGRA~2\GNUTOO~1\50A5A~1.420\arm-none-eabi\lib\thumb\libc.a(lib_a-init.o)
                0x08005dcc                __libc_init_array
 .text          0x08005e24        0x0 C:\PROGRA~2\GNUTOO~1\50A5A~1.420\arm-none-eabi\lib\thumb\libc.a(lib_a-memset.o)
 .text.memset   0x08005e24       0x94 C:\PROGRA~2\GNUTOO~1\50A5A~1.420\arm-none-eabi\lib\thumb\libc.a(lib_a-memset.o)
                0x08005e24                memset
 .text          0x08005eb8        0x0 C:\PROGRA~2\GNUTOO~1\50A5A~1.420\arm-none-eabi\lib\thumb\libc.a(lib_a-__call_atexit.o)
 .text.startup.register_fini
                0x08005eb8       0x1c C:\PROGRA~2\GNUTOO~1\50A5A~1.420\arm-none-eabi\lib\thumb\libc.a(lib_a-__call_atexit.o)
 .text.__call_exitprocs
                0x08005ed4      0x10c C:\PROGRA~2\GNUTOO~1\50A5A~1.420\arm-none-eabi\lib\thumb\libc.a(lib_a-__call_atexit.o)
                0x08005ed4                __call_exitprocs
 .text          0x08005fe0        0x0 C:\PROGRA~2\GNUTOO~1\50A5A~1.420\arm-none-eabi\lib\thumb\libc.a(lib_a-atexit.o)
 .text.atexit   0x08005fe0       0x14 C:\PROGRA~2\GNUTOO~1\50A5A~1.420\arm-none-eabi\lib\thumb\libc.a(lib_a-atexit.o)
                0x08005fe0                atexit
 .text          0x08005ff4        0x0 C:\PROGRA~2\GNUTOO~1\50A5A~1.420\arm-none-eabi\lib\thumb\libc.a(lib_a-fini.o)
 .text.__libc_fini_array
                0x08005ff4       0x3c C:\PROGRA~2\GNUTOO~1\50A5A~1.420\arm-none-eabi\lib\thumb\libc.a(lib_a-fini.o)
                0x08005ff4                __libc_fini_array
 .text          0x08006030        0x0 C:\PROGRA~2\GNUTOO~1\50A5A~1.420\arm-none-eabi\lib\thumb\libc.a(lib_a-__atexit.o)
 .text.__register_exitproc
                0x08006030       0xd8 C:\PROGRA~2\GNUTOO~1\50A5A~1.420\arm-none-eabi\lib\thumb\libc.a(lib_a-__atexit.o)
                0x08006030                __register_exitproc
 .text          0x08006108        0x0 c:/progra~2/gnutoo~1/50a5a~1.420/bin/../lib/gcc/arm-none-eabi/5.4.1/armv7e-m/crtend.o
 .text          0x08006108        0x0 c:/progra~2/gnutoo~1/50a5a~1.420/bin/../lib/gcc/arm-none-eabi/5.4.1/armv7e-m/crtn.o
 *(.init)
 .init          0x08006108        0x4 c:/progra~2/gnutoo~1/50a5a~1.420/bin/../lib/gcc/arm-none-eabi/5.4.1/armv7e-m/crti.o
                0x08006108                _init
 .init          0x0800610c        0x8 c:/progra~2/gnutoo~1/50a5a~1.420/bin/../lib/gcc/arm-none-eabi/5.4.1/armv7e-m/crtn.o
 *(.fini)
 .fini          0x08006114        0x4 c:/progra~2/gnutoo~1/50a5a~1.420/bin/../lib/gcc/arm-none-eabi/5.4.1/armv7e-m/crti.o
                0x08006114                _fini
 .fini          0x08006118        0x8 c:/progra~2/gnutoo~1/50a5a~1.420/bin/../lib/gcc/arm-none-eabi/5.4.1/armv7e-m/crtn.o
 *crtbegin.o(.ctors)
 *crtbegin.o(.ctors)
 *crtbegin?.o(.ctors)
 *(EXCLUDE_FILE(*crtend.o *crtend?.o) .ctors)
 *(SORT(.ctors.*))
 *(.ctors)
 *crtbegin.o(.dtors)
 *crtbegin?.o(.dtors)
 *(EXCLUDE_FILE(*crtend.o *crtend?.o) .dtors)
 *(SORT(.dtors.*))
 *(.dtors)
 *(.rodata*)
 .rodata        0x08006120      0x125 obj/code.o
 *fill*         0x08006245        0x3 
 .rodata        0x08006248       0x44 obj/eecfg.o
                0x08006248                EE_std_thread_tos
                0x08006254                EE_hal_thread_body
                0x0800625c                EE_th_ready_prio
                0x08006264                EE_th_dispatch_prio
                0x0800626c                EE_alarm_ROM
 .rodata        0x0800628c       0x48 libstm32f4discovery.a(stm32f4_discovery.o)
                0x0800628c                GPIO_PIN
                0x08006294                GPIO_CLK
                0x080062a4                COM_USART_CLK
                0x080062ac                COM_TX_PORT_CLK
                0x080062b4                COM_RX_PORT_CLK
                0x080062bc                COM_TX_PIN
                0x080062c0                COM_RX_PIN
                0x080062c4                COM_TX_PIN_SOURCE
                0x080062c8                COM_RX_PIN_SOURCE
                0x080062cc                COM_TX_AF
                0x080062d0                COM_RX_AF
 .rodata._global_impure_ptr
                0x080062d4        0x4 C:\PROGRA~2\GNUTOO~1\50A5A~1.420\arm-none-eabi\lib\thumb\libc.a(lib_a-impure.o)
                0x080062d4                _global_impure_ptr
 *(.eh_frame*)
 .eh_frame      0x080062d8        0x0 c:/progra~2/gnutoo~1/50a5a~1.420/bin/../lib/gcc/arm-none-eabi/5.4.1/armv7e-m/crtbegin.o
 .eh_frame      0x080062d8        0x4 c:/progra~2/gnutoo~1/50a5a~1.420/bin/../lib/gcc/arm-none-eabi/5.4.1/armv7e-m/crtend.o

.glue_7         0x080062dc        0x0
 .glue_7        0x080062dc        0x0 linker stubs

.glue_7t        0x080062dc        0x0
 .glue_7t       0x080062dc        0x0 linker stubs

.vfp11_veneer   0x080062dc        0x0
 .vfp11_veneer  0x080062dc        0x0 linker stubs

.v4_bx          0x080062dc        0x0
 .v4_bx         0x080062dc        0x0 linker stubs

.iplt           0x080062dc        0x0
 .iplt          0x080062dc        0x0 c:/progra~2/gnutoo~1/50a5a~1.420/bin/../lib/gcc/arm-none-eabi/5.4.1/armv7e-m/crtbegin.o

.ARM.extab      0x080062dc        0x0
 *(.ARM.extab* .gnu.linkonce.armextab.*)
 .ARM.extab     0x080062dc        0x0 c:/progra~2/gnutoo~1/50a5a~1.420/bin/../lib/gcc/arm-none-eabi/5.4.1/../../../../arm-none-eabi/lib/armv7e-m/crt0.o
                0x080062dc                __exidx_start = .

.ARM.exidx      0x080062dc        0x8
 *(.ARM.exidx* .gnu.linkonce.armexidx.*)
 .ARM.exidx     0x080062dc        0x8 c:/progra~2/gnutoo~1/50a5a~1.420/bin/../lib/gcc/arm-none-eabi/5.4.1/../../../../arm-none-eabi/lib/armv7e-m/crt0.o
                0x080062e4                __exidx_end = .
                0x080062e4                __etext = .

.rel.dyn        0x080062e4        0x0
 .rel.iplt      0x080062e4        0x0 c:/progra~2/gnutoo~1/50a5a~1.420/bin/../lib/gcc/arm-none-eabi/5.4.1/armv7e-m/crtbegin.o

.data           0x20000000      0x4c4 load address 0x080062e4
                0x20000000                __data_start__ = .
 *(vtable)
 *(.data*)
 .data          0x20000000        0x0 c:/progra~2/gnutoo~1/50a5a~1.420/bin/../lib/gcc/arm-none-eabi/5.4.1/armv7e-m/crti.o
 .data          0x20000000        0x4 c:/progra~2/gnutoo~1/50a5a~1.420/bin/../lib/gcc/arm-none-eabi/5.4.1/armv7e-m/crtbegin.o
                0x20000000                __dso_handle
 .data          0x20000004        0x0 c:/progra~2/gnutoo~1/50a5a~1.420/bin/../lib/gcc/arm-none-eabi/5.4.1/../../../../arm-none-eabi/lib/armv7e-m/crt0.o
 .data          0x20000004       0x14 obj/code.o
                0x20000004                CCR1_Val
                0x20000006                CCR2_Val
                0x20000008                CCR3_Val
                0x2000000a                CCR4_Val
                0x2000000c                delta_sensor_sem
 .data          0x20000018       0x20 obj/eecfg.o
                0x20000018                EE_th_status
                0x20000020                EE_th_next
                0x20000028                EE_stkfirst
                0x2000002c                EE_rqfirst
                0x20000030                EE_counter_RAM
 .data          0x20000038        0x0 obj/pkg/mcu/st_stm32_stm32f4xx/src/startup_stm32f4xx_gnu.o
 .data          0x20000038       0x14 obj/pkg/mcu/st_stm32_stm32f4xx/src/system_stm32f4xx.o
                0x20000038                SystemCoreClock
                0x2000003c                AHBPrescTable
 .data          0x2000004c        0x0 libee.a(ee_hal_structs.o)
 .data          0x2000004c        0x0 libee.a(ee_utils.o)
 .data          0x2000004c        0x0 libee.a(ee_gnu_change_context_isr.o)
 .data          0x2000004c        0x0 libee.a(ee_gnu_multi_context.o)
 .data          0x2000004c        0x0 libee.a(ee_altick.o)
 .data          0x2000004c        0x0 libee.a(ee_alsetrel.o)
 .data          0x2000004c        0x0 libee.a(ee_irqsc.o)
 .data          0x2000004c        0x0 libee.a(ee_rqexchg.o)
 .data          0x2000004c        0x0 libee.a(ee_rqinsert.o)
 .data          0x2000004c        0x0 libee.a(ee_swait.o)
 .data          0x2000004c        0x0 libee.a(ee_spost.o)
 .data          0x2000004c        0x0 libee.a(ee_context.o)
 .data          0x2000004c        0x0 libee.a(ee_context.o)
 .data          0x2000004c        0x0 libee.a(ee_thendin.o)
 .data          0x2000004c       0x28 libstm32f4discovery.a(stm32f4_discovery.o)
                0x2000004c                GPIO_PORT
                0x2000005c                COM_USART
                0x20000064                COM_TX_PORT
                0x2000006c                COM_RX_PORT
 .data          0x20000074        0x0 libstm32f4xxspd.a(stm32f4xx_exti.o)
 .data          0x20000074        0x0 libstm32f4xxspd.a(stm32f4xx_gpio.o)
 .data          0x20000074       0x10 libstm32f4xxspd.a(stm32f4xx_rcc.o)
 .data          0x20000084        0x0 libstm32f4xxspd.a(stm32f4xx_syscfg.o)
 .data          0x20000084        0x0 libstm32f4xxspd.a(stm32f4xx_tim.o)
 .data          0x20000084        0x0 libstm32f4xxspd.a(stm32f4xx_usart.o)
 .data          0x20000084        0x0 libstm32f4xxspd.a(misc.o)
 .data          0x20000084        0x0 c:/progra~2/gnutoo~1/50a5a~1.420/bin/../lib/gcc/arm-none-eabi/5.4.1/armv7e-m\libgcc.a(_arm_addsubdf3.o)
 .data          0x20000084        0x0 c:/progra~2/gnutoo~1/50a5a~1.420/bin/../lib/gcc/arm-none-eabi/5.4.1/armv7e-m\libgcc.a(_arm_cmpdf2.o)
 .data          0x20000084        0x0 C:\PROGRA~2\GNUTOO~1\50A5A~1.420\arm-none-eabi\lib\thumb\libc.a(lib_a-exit.o)
 .data          0x20000084        0x0 C:\PROGRA~2\GNUTOO~1\50A5A~1.420\arm-none-eabi\lib\thumb\libc.a(lib_a-impure.o)
 *fill*         0x20000084        0x4 
 .data.impure_data
                0x20000088      0x428 C:\PROGRA~2\GNUTOO~1\50A5A~1.420\arm-none-eabi\lib\thumb\libc.a(lib_a-impure.o)
 .data._impure_ptr
                0x200004b0        0x4 C:\PROGRA~2\GNUTOO~1\50A5A~1.420\arm-none-eabi\lib\thumb\libc.a(lib_a-impure.o)
                0x200004b0                _impure_ptr
 .data          0x200004b4        0x0 C:\PROGRA~2\GNUTOO~1\50A5A~1.420\arm-none-eabi\lib\thumb\libc.a(lib_a-init.o)
 .data          0x200004b4        0x0 C:\PROGRA~2\GNUTOO~1\50A5A~1.420\arm-none-eabi\lib\thumb\libc.a(lib_a-memset.o)
 .data          0x200004b4        0x0 C:\PROGRA~2\GNUTOO~1\50A5A~1.420\arm-none-eabi\lib\thumb\libc.a(lib_a-__call_atexit.o)
 .data          0x200004b4        0x0 C:\PROGRA~2\GNUTOO~1\50A5A~1.420\arm-none-eabi\lib\thumb\libc.a(lib_a-atexit.o)
 .data          0x200004b4        0x0 C:\PROGRA~2\GNUTOO~1\50A5A~1.420\arm-none-eabi\lib\thumb\libc.a(lib_a-fini.o)
 .data          0x200004b4        0x0 C:\PROGRA~2\GNUTOO~1\50A5A~1.420\arm-none-eabi\lib\thumb\libc.a(lib_a-__atexit.o)
 .data          0x200004b4        0x0 c:/progra~2/gnutoo~1/50a5a~1.420/bin/../lib/gcc/arm-none-eabi/5.4.1/armv7e-m/crtend.o
 .data          0x200004b4        0x0 c:/progra~2/gnutoo~1/50a5a~1.420/bin/../lib/gcc/arm-none-eabi/5.4.1/armv7e-m/crtn.o
                0x200004b4                . = ALIGN (0x4)
                0x200004b4                PROVIDE (__preinit_array_start, .)
 *(.preinit_array)
                0x200004b4                PROVIDE (__preinit_array_end, .)
                0x200004b4                . = ALIGN (0x4)
                0x200004b4                PROVIDE (__init_array_start, .)
 *(SORT(.init_array.*))
 .init_array.00000
                0x200004b4        0x4 C:\PROGRA~2\GNUTOO~1\50A5A~1.420\arm-none-eabi\lib\thumb\libc.a(lib_a-__call_atexit.o)
 *(.init_array)
 .init_array    0x200004b8        0x4 c:/progra~2/gnutoo~1/50a5a~1.420/bin/../lib/gcc/arm-none-eabi/5.4.1/armv7e-m/crtbegin.o
                0x200004bc                PROVIDE (__init_array_end, .)
                0x200004bc                . = ALIGN (0x4)
                0x200004bc                PROVIDE (__fini_array_start, .)
 *(SORT(.fini_array.*))
 *(.fini_array)
 .fini_array    0x200004bc        0x4 c:/progra~2/gnutoo~1/50a5a~1.420/bin/../lib/gcc/arm-none-eabi/5.4.1/armv7e-m/crtbegin.o
                0x200004c0                PROVIDE (__fini_array_end, .)
 *(.jcr*)
 .jcr           0x200004c0        0x0 c:/progra~2/gnutoo~1/50a5a~1.420/bin/../lib/gcc/arm-none-eabi/5.4.1/armv7e-m/crtbegin.o
 .jcr           0x200004c0        0x4 c:/progra~2/gnutoo~1/50a5a~1.420/bin/../lib/gcc/arm-none-eabi/5.4.1/armv7e-m/crtend.o
                0x200004c4                . = ALIGN (0x4)
                0x200004c4                __data_end__ = .

.igot.plt       0x200004c4        0x0 load address 0x080067a8
 .igot.plt      0x200004c4        0x0 c:/progra~2/gnutoo~1/50a5a~1.420/bin/../lib/gcc/arm-none-eabi/5.4.1/armv7e-m/crtbegin.o

.bss            0x200004c8      0x170 load address 0x080067b0
                0x200004c8                . = ALIGN (0x4)
                0x200004c8                __bss_start__ = .
 *(.bss*)
 .bss           0x200004c8        0x0 c:/progra~2/gnutoo~1/50a5a~1.420/bin/../lib/gcc/arm-none-eabi/5.4.1/armv7e-m/crti.o
 .bss           0x200004c8       0x1c c:/progra~2/gnutoo~1/50a5a~1.420/bin/../lib/gcc/arm-none-eabi/5.4.1/armv7e-m/crtbegin.o
 .bss           0x200004e4        0x0 c:/progra~2/gnutoo~1/50a5a~1.420/bin/../lib/gcc/arm-none-eabi/5.4.1/../../../../arm-none-eabi/lib/armv7e-m/crt0.o
 *fill*         0x200004e4        0x4 
 .bss           0x200004e8       0x51 obj/code.o
                0x200004e8                PrescalerValue
                0x200004f0                led_ms
                0x20000530                led_flags
                0x20000538                sensor_mode
 *fill*         0x20000539        0x3 
 .bss           0x2000053c        0xc obj/eecfg.o
                0x2000053c                EE_cortex_mx_system_tos
                0x20000540                EE_cortex_mx_active_tos
                0x20000544                EE_sys_ceiling
 .bss           0x20000548        0x0 obj/pkg/mcu/st_stm32_stm32f4xx/src/startup_stm32f4xx_gnu.o
 .bss           0x20000548        0x0 obj/pkg/mcu/st_stm32_stm32f4xx/src/system_stm32f4xx.o
 .bss           0x20000548        0x0 libee.a(ee_hal_structs.o)
 .bss           0x20000548        0x0 libee.a(ee_utils.o)
 .bss           0x20000548        0x0 libee.a(ee_gnu_change_context_isr.o)
 .bss           0x20000548        0x0 libee.a(ee_gnu_multi_context.o)
 .bss           0x20000548        0x0 libee.a(ee_altick.o)
 .bss           0x20000548        0x0 libee.a(ee_alsetrel.o)
 .bss           0x20000548        0x0 libee.a(ee_irqsc.o)
 .bss           0x20000548        0x0 libee.a(ee_rqexchg.o)
 .bss           0x20000548        0x0 libee.a(ee_rqinsert.o)
 .bss           0x20000548        0x0 libee.a(ee_swait.o)
 .bss           0x20000548        0x0 libee.a(ee_spost.o)
 .bss           0x20000548        0x0 libee.a(ee_context.o)
 .bss           0x20000548        0x0 libee.a(ee_context.o)
 .bss           0x20000548        0x0 libee.a(ee_thendin.o)
 .bss           0x20000548        0x0 libstm32f4discovery.a(stm32f4_discovery.o)
 .bss           0x20000548        0x0 libstm32f4xxspd.a(stm32f4xx_exti.o)
 .bss           0x20000548        0x0 libstm32f4xxspd.a(stm32f4xx_gpio.o)
 .bss           0x20000548        0x0 libstm32f4xxspd.a(stm32f4xx_rcc.o)
 .bss           0x20000548        0x0 libstm32f4xxspd.a(stm32f4xx_syscfg.o)
 .bss           0x20000548        0x0 libstm32f4xxspd.a(stm32f4xx_tim.o)
 .bss           0x20000548        0x0 libstm32f4xxspd.a(stm32f4xx_usart.o)
 .bss           0x20000548        0x0 libstm32f4xxspd.a(misc.o)
 .bss           0x20000548        0x0 c:/progra~2/gnutoo~1/50a5a~1.420/bin/../lib/gcc/arm-none-eabi/5.4.1/armv7e-m\libgcc.a(_arm_addsubdf3.o)
 .bss           0x20000548        0x0 c:/progra~2/gnutoo~1/50a5a~1.420/bin/../lib/gcc/arm-none-eabi/5.4.1/armv7e-m\libgcc.a(_arm_cmpdf2.o)
 .bss           0x20000548        0x0 C:\PROGRA~2\GNUTOO~1\50A5A~1.420\arm-none-eabi\lib\thumb\libc.a(lib_a-exit.o)
 .bss           0x20000548        0x0 C:\PROGRA~2\GNUTOO~1\50A5A~1.420\arm-none-eabi\lib\thumb\libc.a(lib_a-impure.o)
 .bss           0x20000548        0x0 C:\PROGRA~2\GNUTOO~1\50A5A~1.420\arm-none-eabi\lib\thumb\libc.a(lib_a-init.o)
 .bss           0x20000548        0x0 C:\PROGRA~2\GNUTOO~1\50A5A~1.420\arm-none-eabi\lib\thumb\libc.a(lib_a-memset.o)
 .bss           0x20000548        0x0 C:\PROGRA~2\GNUTOO~1\50A5A~1.420\arm-none-eabi\lib\thumb\libc.a(lib_a-__call_atexit.o)
 .bss           0x20000548        0x0 C:\PROGRA~2\GNUTOO~1\50A5A~1.420\arm-none-eabi\lib\thumb\libc.a(lib_a-atexit.o)
 .bss           0x20000548        0x0 C:\PROGRA~2\GNUTOO~1\50A5A~1.420\arm-none-eabi\lib\thumb\libc.a(lib_a-fini.o)
 .bss           0x20000548        0x0 C:\PROGRA~2\GNUTOO~1\50A5A~1.420\arm-none-eabi\lib\thumb\libc.a(lib_a-__atexit.o)
 .bss           0x20000548        0x0 c:/progra~2/gnutoo~1/50a5a~1.420/bin/../lib/gcc/arm-none-eabi/5.4.1/armv7e-m/crtend.o
 .bss           0x20000548        0x0 c:/progra~2/gnutoo~1/50a5a~1.420/bin/../lib/gcc/arm-none-eabi/5.4.1/armv7e-m/crtn.o
 *(COMMON)
 COMMON         0x20000548       0xc8 obj/code.o
                0x20000548                TIM_TimeBaseStructure
                0x20000558                reference_time
                0x20000560                GPIO_InitStructure_LightSensors
                0x200005a0                sensor_up_time
                0x200005a8                TIM_OCInitStructure
                0x200005bc                USART_InitStructure
                0x200005d0                delta_sensor
 COMMON         0x20000610       0x20 obj/eecfg.o
                0x20000610                EE_alarm_RAM
                0x20000628                EE_th_nact
 COMMON         0x20000630        0x8 libee.a(ee_hal_structs.o)
                0x20000630                EE_IRQ_nesting_level
                0x20000634                EE_std_endcycle_next_tid
                0x20000638                . = ALIGN (0x4)
                0x20000638                __bss_end__ = .

.heap           0x20000638      0x100
                0x20000638                __end__ = .
                0x20000638                end = __end__
 *(.heap*)
 .heap          0x20000638      0x100 obj/pkg/mcu/st_stm32_stm32f4xx/src/startup_stm32f4xx_gnu.o
                0x20000638                __HeapBase
                0x20000738                __HeapLimit = .

.stack_dummy    0x20000638      0xc00
 *(.stack*)
 .stack         0x20000638      0xc00 obj/pkg/mcu/st_stm32_stm32f4xx/src/startup_stm32f4xx_gnu.o
                0x20020000                __StackTop = (ORIGIN (RAM) + LENGTH (RAM))
                0x2001f400                __StackLimit = (__StackTop - SIZEOF (.stack_dummy))
                0x20020000                PROVIDE (__stack, __StackTop)
                0x00000001                ASSERT ((__StackLimit >= __HeapLimit), region RAM overflowed with stack)
                0x10000000                __CcmOrigin = ORIGIN (CCM)
                0x00010000                __CcmLen = LENGTH (CCM)
START GROUP
LOAD c:/progra~2/gnutoo~1/50a5a~1.420/bin/../lib/gcc/arm-none-eabi/5.4.1/armv7e-m\libgcc.a
LOAD C:\PROGRA~2\GNUTOO~1\50A5A~1.420\arm-none-eabi\lib\thumb\libg.a
LOAD C:\PROGRA~2\GNUTOO~1\50A5A~1.420\arm-none-eabi\lib\thumb\libc.a
END GROUP
LOAD c:/progra~2/gnutoo~1/50a5a~1.420/bin/../lib/gcc/arm-none-eabi/5.4.1/armv7e-m/crtend.o
LOAD c:/progra~2/gnutoo~1/50a5a~1.420/bin/../lib/gcc/arm-none-eabi/5.4.1/armv7e-m/crtn.o
OUTPUT(c_mX.elf elf32-littlearm)

.ARM.attributes
                0x00000000       0x2c
 .ARM.attributes
                0x00000000       0x1e c:/progra~2/gnutoo~1/50a5a~1.420/bin/../lib/gcc/arm-none-eabi/5.4.1/armv7e-m/crti.o
 .ARM.attributes
                0x0000001e       0x2e c:/progra~2/gnutoo~1/50a5a~1.420/bin/../lib/gcc/arm-none-eabi/5.4.1/armv7e-m/crtbegin.o
 .ARM.attributes
                0x0000004c       0x1c c:/progra~2/gnutoo~1/50a5a~1.420/bin/../lib/gcc/arm-none-eabi/5.4.1/../../../../arm-none-eabi/lib/armv7e-m/crt0.o
 .ARM.attributes
                0x00000068       0x33 obj/code.o
 .ARM.attributes
                0x0000009b       0x33 obj/eecfg.o
 .ARM.attributes
                0x000000ce       0x1c obj/pkg/mcu/st_stm32_stm32f4xx/src/startup_stm32f4xx_gnu.o
 .ARM.attributes
                0x000000ea       0x33 obj/pkg/mcu/st_stm32_stm32f4xx/src/system_stm32f4xx.o
 .ARM.attributes
                0x0000011d       0x33 libee.a(ee_hal_structs.o)
 .ARM.attributes
                0x00000150       0x33 libee.a(ee_utils.o)
 .ARM.attributes
                0x00000183       0x21 libee.a(ee_gnu_change_context_isr.o)
 .ARM.attributes
                0x000001a4       0x21 libee.a(ee_gnu_multi_context.o)
 .ARM.attributes
                0x000001c5       0x33 libee.a(ee_altick.o)
 .ARM.attributes
                0x000001f8       0x33 libee.a(ee_alsetrel.o)
 .ARM.attributes
                0x0000022b       0x33 libee.a(ee_irqsc.o)
 .ARM.attributes
                0x0000025e       0x33 libee.a(ee_rqexchg.o)
 .ARM.attributes
                0x00000291       0x33 libee.a(ee_rqinsert.o)
 .ARM.attributes
                0x000002c4       0x33 libee.a(ee_swait.o)
 .ARM.attributes
                0x000002f7       0x33 libee.a(ee_spost.o)
 .ARM.attributes
                0x0000032a       0x33 libee.a(ee_context.o)
 .ARM.attributes
                0x0000035d       0x33 libee.a(ee_context.o)
 .ARM.attributes
                0x00000390       0x33 libee.a(ee_thendin.o)
 .ARM.attributes
                0x000003c3       0x33 libstm32f4discovery.a(stm32f4_discovery.o)
 .ARM.attributes
                0x000003f6       0x33 libstm32f4xxspd.a(stm32f4xx_exti.o)
 .ARM.attributes
                0x00000429       0x33 libstm32f4xxspd.a(stm32f4xx_gpio.o)
 .ARM.attributes
                0x0000045c       0x33 libstm32f4xxspd.a(stm32f4xx_rcc.o)
 .ARM.attributes
                0x0000048f       0x33 libstm32f4xxspd.a(stm32f4xx_syscfg.o)
 .ARM.attributes
                0x000004c2       0x33 libstm32f4xxspd.a(stm32f4xx_tim.o)
 .ARM.attributes
                0x000004f5       0x33 libstm32f4xxspd.a(stm32f4xx_usart.o)
 .ARM.attributes
                0x00000528       0x33 libstm32f4xxspd.a(misc.o)
 .ARM.attributes
                0x0000055b       0x1e c:/progra~2/gnutoo~1/50a5a~1.420/bin/../lib/gcc/arm-none-eabi/5.4.1/armv7e-m\libgcc.a(_arm_addsubdf3.o)
 .ARM.attributes
                0x00000579       0x1e c:/progra~2/gnutoo~1/50a5a~1.420/bin/../lib/gcc/arm-none-eabi/5.4.1/armv7e-m\libgcc.a(_arm_cmpdf2.o)
 .ARM.attributes
                0x00000597       0x30 C:\PROGRA~2\GNUTOO~1\50A5A~1.420\arm-none-eabi\lib\thumb\libc.a(lib_a-exit.o)
 .ARM.attributes
                0x000005c7       0x30 C:\PROGRA~2\GNUTOO~1\50A5A~1.420\arm-none-eabi\lib\thumb\libc.a(lib_a-impure.o)
 .ARM.attributes
                0x000005f7       0x30 C:\PROGRA~2\GNUTOO~1\50A5A~1.420\arm-none-eabi\lib\thumb\libc.a(lib_a-init.o)
 .ARM.attributes
                0x00000627       0x30 C:\PROGRA~2\GNUTOO~1\50A5A~1.420\arm-none-eabi\lib\thumb\libc.a(lib_a-memset.o)
 .ARM.attributes
                0x00000657       0x30 C:\PROGRA~2\GNUTOO~1\50A5A~1.420\arm-none-eabi\lib\thumb\libc.a(lib_a-__call_atexit.o)
 .ARM.attributes
                0x00000687       0x30 C:\PROGRA~2\GNUTOO~1\50A5A~1.420\arm-none-eabi\lib\thumb\libc.a(lib_a-atexit.o)
 .ARM.attributes
                0x000006b7       0x30 C:\PROGRA~2\GNUTOO~1\50A5A~1.420\arm-none-eabi\lib\thumb\libc.a(lib_a-fini.o)
 .ARM.attributes
                0x000006e7       0x30 C:\PROGRA~2\GNUTOO~1\50A5A~1.420\arm-none-eabi\lib\thumb\libc.a(lib_a-__atexit.o)
 .ARM.attributes
                0x00000717       0x2e c:/progra~2/gnutoo~1/50a5a~1.420/bin/../lib/gcc/arm-none-eabi/5.4.1/armv7e-m/crtend.o
 .ARM.attributes
                0x00000745       0x1e c:/progra~2/gnutoo~1/50a5a~1.420/bin/../lib/gcc/arm-none-eabi/5.4.1/armv7e-m/crtn.o

.comment        0x00000000       0x6e
 .comment       0x00000000       0x6e obj/code.o
                                 0x6f (size before relaxing)
 .comment       0x0000006e       0x6f obj/eecfg.o
 .comment       0x0000006e       0x6f obj/pkg/mcu/st_stm32_stm32f4xx/src/system_stm32f4xx.o
 .comment       0x0000006e       0x6f libee.a(ee_hal_structs.o)
 .comment       0x0000006e       0x6f libee.a(ee_utils.o)
 .comment       0x0000006e       0x6f libee.a(ee_altick.o)
 .comment       0x0000006e       0x6f libee.a(ee_alsetrel.o)
 .comment       0x0000006e       0x6f libee.a(ee_irqsc.o)
 .comment       0x0000006e       0x6f libee.a(ee_rqexchg.o)
 .comment       0x0000006e       0x6f libee.a(ee_rqinsert.o)
 .comment       0x0000006e       0x6f libee.a(ee_swait.o)
 .comment       0x0000006e       0x6f libee.a(ee_spost.o)
 .comment       0x0000006e       0x6f libee.a(ee_context.o)
 .comment       0x0000006e       0x6f libee.a(ee_context.o)
 .comment       0x0000006e       0x6f libee.a(ee_thendin.o)
 .comment       0x0000006e       0x6f libstm32f4discovery.a(stm32f4_discovery.o)
 .comment       0x0000006e       0x6f libstm32f4xxspd.a(stm32f4xx_exti.o)
 .comment       0x0000006e       0x6f libstm32f4xxspd.a(stm32f4xx_gpio.o)
 .comment       0x0000006e       0x6f libstm32f4xxspd.a(stm32f4xx_rcc.o)
 .comment       0x0000006e       0x6f libstm32f4xxspd.a(stm32f4xx_syscfg.o)
 .comment       0x0000006e       0x6f libstm32f4xxspd.a(stm32f4xx_tim.o)
 .comment       0x0000006e       0x6f libstm32f4xxspd.a(stm32f4xx_usart.o)
 .comment       0x0000006e       0x6f libstm32f4xxspd.a(misc.o)

.debug_info     0x00000000     0x8758
 .debug_info    0x00000000     0x120d obj/code.o
 .debug_info    0x0000120d      0x3d8 obj/eecfg.o
 .debug_info    0x000015e5       0xd7 obj/pkg/mcu/st_stm32_stm32f4xx/src/startup_stm32f4xx_gnu.o
 .debug_info    0x000016bc      0x5c5 obj/pkg/mcu/st_stm32_stm32f4xx/src/system_stm32f4xx.o
 .debug_info    0x00001c81      0x15c libee.a(ee_hal_structs.o)
 .debug_info    0x00001ddd      0x23e libee.a(ee_utils.o)
 .debug_info    0x0000201b       0xd6 libee.a(ee_gnu_change_context_isr.o)
 .debug_info    0x000020f1       0xd1 libee.a(ee_gnu_multi_context.o)
 .debug_info    0x000021c2      0x3f7 libee.a(ee_altick.o)
 .debug_info    0x000025b9      0x2d1 libee.a(ee_alsetrel.o)
 .debug_info    0x0000288a      0x28b libee.a(ee_irqsc.o)
 .debug_info    0x00002b15      0x178 libee.a(ee_rqexchg.o)
 .debug_info    0x00002c8d      0x1b8 libee.a(ee_rqinsert.o)
 .debug_info    0x00002e45      0x41f libee.a(ee_swait.o)
 .debug_info    0x00003264      0x356 libee.a(ee_spost.o)
 .debug_info    0x000035ba      0x21c libee.a(ee_context.o)
 .debug_info    0x000037d6      0x1d6 libee.a(ee_context.o)
 .debug_info    0x000039ac      0x2fb libee.a(ee_thendin.o)
 .debug_info    0x00003ca7      0x6dd libstm32f4discovery.a(stm32f4_discovery.o)
 .debug_info    0x00004384      0x357 libstm32f4xxspd.a(stm32f4xx_exti.o)
 .debug_info    0x000046db      0x61d libstm32f4xxspd.a(stm32f4xx_gpio.o)
 .debug_info    0x00004cf8      0xc63 libstm32f4xxspd.a(stm32f4xx_rcc.o)
 .debug_info    0x0000595b      0x274 libstm32f4xxspd.a(stm32f4xx_syscfg.o)
 .debug_info    0x00005bcf     0x1c69 libstm32f4xxspd.a(stm32f4xx_tim.o)
 .debug_info    0x00007838      0x9ca libstm32f4xxspd.a(stm32f4xx_usart.o)
 .debug_info    0x00008202      0x556 libstm32f4xxspd.a(misc.o)

.debug_abbrev   0x00000000     0x2033
 .debug_abbrev  0x00000000      0x366 obj/code.o
 .debug_abbrev  0x00000366       0xf9 obj/eecfg.o
 .debug_abbrev  0x0000045f       0x12 obj/pkg/mcu/st_stm32_stm32f4xx/src/startup_stm32f4xx_gnu.o
 .debug_abbrev  0x00000471      0x138 obj/pkg/mcu/st_stm32_stm32f4xx/src/system_stm32f4xx.o
 .debug_abbrev  0x000005a9       0x9b libee.a(ee_hal_structs.o)
 .debug_abbrev  0x00000644      0x15b libee.a(ee_utils.o)
 .debug_abbrev  0x0000079f       0x14 libee.a(ee_gnu_change_context_isr.o)
 .debug_abbrev  0x000007b3       0x14 libee.a(ee_gnu_multi_context.o)
 .debug_abbrev  0x000007c7      0x1c6 libee.a(ee_altick.o)
 .debug_abbrev  0x0000098d      0x168 libee.a(ee_alsetrel.o)
 .debug_abbrev  0x00000af5      0x139 libee.a(ee_irqsc.o)
 .debug_abbrev  0x00000c2e       0xb5 libee.a(ee_rqexchg.o)
 .debug_abbrev  0x00000ce3       0xd8 libee.a(ee_rqinsert.o)
 .debug_abbrev  0x00000dbb      0x1a1 libee.a(ee_swait.o)
 .debug_abbrev  0x00000f5c      0x187 libee.a(ee_spost.o)
 .debug_abbrev  0x000010e3      0x122 libee.a(ee_context.o)
 .debug_abbrev  0x00001205       0xd4 libee.a(ee_context.o)
 .debug_abbrev  0x000012d9      0x137 libee.a(ee_thendin.o)
 .debug_abbrev  0x00001410      0x194 libstm32f4discovery.a(stm32f4_discovery.o)
 .debug_abbrev  0x000015a4      0x1a9 libstm32f4xxspd.a(stm32f4xx_exti.o)
 .debug_abbrev  0x0000174d      0x1a7 libstm32f4xxspd.a(stm32f4xx_gpio.o)
 .debug_abbrev  0x000018f4      0x1e5 libstm32f4xxspd.a(stm32f4xx_rcc.o)
 .debug_abbrev  0x00001ad9      0x133 libstm32f4xxspd.a(stm32f4xx_syscfg.o)
 .debug_abbrev  0x00001c0c      0x189 libstm32f4xxspd.a(stm32f4xx_tim.o)
 .debug_abbrev  0x00001d95      0x157 libstm32f4xxspd.a(stm32f4xx_usart.o)
 .debug_abbrev  0x00001eec      0x147 libstm32f4xxspd.a(misc.o)

.debug_aranges  0x00000000      0x350
 .debug_aranges
                0x00000000       0x20 obj/code.o
 .debug_aranges
                0x00000020       0x20 obj/eecfg.o
 .debug_aranges
                0x00000040       0x30 obj/pkg/mcu/st_stm32_stm32f4xx/src/startup_stm32f4xx_gnu.o
 .debug_aranges
                0x00000070       0x20 obj/pkg/mcu/st_stm32_stm32f4xx/src/system_stm32f4xx.o
 .debug_aranges
                0x00000090       0x20 libee.a(ee_hal_structs.o)
 .debug_aranges
                0x000000b0       0x20 libee.a(ee_utils.o)
 .debug_aranges
                0x000000d0       0x20 libee.a(ee_gnu_change_context_isr.o)
 .debug_aranges
                0x000000f0       0x20 libee.a(ee_gnu_multi_context.o)
 .debug_aranges
                0x00000110       0x20 libee.a(ee_altick.o)
 .debug_aranges
                0x00000130       0x20 libee.a(ee_alsetrel.o)
 .debug_aranges
                0x00000150       0x20 libee.a(ee_irqsc.o)
 .debug_aranges
                0x00000170       0x20 libee.a(ee_rqexchg.o)
 .debug_aranges
                0x00000190       0x20 libee.a(ee_rqinsert.o)
 .debug_aranges
                0x000001b0       0x20 libee.a(ee_swait.o)
 .debug_aranges
                0x000001d0       0x20 libee.a(ee_spost.o)
 .debug_aranges
                0x000001f0       0x20 libee.a(ee_context.o)
 .debug_aranges
                0x00000210       0x20 libee.a(ee_context.o)
 .debug_aranges
                0x00000230       0x20 libee.a(ee_thendin.o)
 .debug_aranges
                0x00000250       0x20 libstm32f4discovery.a(stm32f4_discovery.o)
 .debug_aranges
                0x00000270       0x20 libstm32f4xxspd.a(stm32f4xx_exti.o)
 .debug_aranges
                0x00000290       0x20 libstm32f4xxspd.a(stm32f4xx_gpio.o)
 .debug_aranges
                0x000002b0       0x20 libstm32f4xxspd.a(stm32f4xx_rcc.o)
 .debug_aranges
                0x000002d0       0x20 libstm32f4xxspd.a(stm32f4xx_syscfg.o)
 .debug_aranges
                0x000002f0       0x20 libstm32f4xxspd.a(stm32f4xx_tim.o)
 .debug_aranges
                0x00000310       0x20 libstm32f4xxspd.a(stm32f4xx_usart.o)
 .debug_aranges
                0x00000330       0x20 libstm32f4xxspd.a(misc.o)

.debug_line     0x00000000     0x47a6
 .debug_line    0x00000000      0x7bd obj/code.o
 .debug_line    0x000007bd      0x19d obj/eecfg.o
 .debug_line    0x0000095a       0xe6 obj/pkg/mcu/st_stm32_stm32f4xx/src/startup_stm32f4xx_gnu.o
 .debug_line    0x00000a40      0x27f obj/pkg/mcu/st_stm32_stm32f4xx/src/system_stm32f4xx.o
 .debug_line    0x00000cbf      0x1bf libee.a(ee_hal_structs.o)
 .debug_line    0x00000e7e      0x201 libee.a(ee_utils.o)
 .debug_line    0x0000107f       0xe4 libee.a(ee_gnu_change_context_isr.o)
 .debug_line    0x00001163       0xd3 libee.a(ee_gnu_multi_context.o)
 .debug_line    0x00001236      0x2c5 libee.a(ee_altick.o)
 .debug_line    0x000014fb      0x27b libee.a(ee_alsetrel.o)
 .debug_line    0x00001776      0x235 libee.a(ee_irqsc.o)
 .debug_line    0x000019ab      0x1e9 libee.a(ee_rqexchg.o)
 .debug_line    0x00001b94      0x1f7 libee.a(ee_rqinsert.o)
 .debug_line    0x00001d8b      0x2f5 libee.a(ee_swait.o)
 .debug_line    0x00002080      0x2b3 libee.a(ee_spost.o)
 .debug_line    0x00002333      0x213 libee.a(ee_context.o)
 .debug_line    0x00002546      0x201 libee.a(ee_context.o)
 .debug_line    0x00002747      0x26d libee.a(ee_thendin.o)
 .debug_line    0x000029b4      0x35e libstm32f4discovery.a(stm32f4_discovery.o)
 .debug_line    0x00002d12      0x300 libstm32f4xxspd.a(stm32f4xx_exti.o)
 .debug_line    0x00003012      0x36d libstm32f4xxspd.a(stm32f4xx_gpio.o)
 .debug_line    0x0000337f      0x431 libstm32f4xxspd.a(stm32f4xx_rcc.o)
 .debug_line    0x000037b0      0x251 libstm32f4xxspd.a(stm32f4xx_syscfg.o)
 .debug_line    0x00003a01      0x6d6 libstm32f4xxspd.a(stm32f4xx_tim.o)
 .debug_line    0x000040d7      0x40b libstm32f4xxspd.a(stm32f4xx_usart.o)
 .debug_line    0x000044e2      0x2c4 libstm32f4xxspd.a(misc.o)

.debug_str      0x00000000     0x36eb
 .debug_str     0x00000000     0x1098 obj/code.o
                               0x1132 (size before relaxing)
 .debug_str     0x00001098      0x17e obj/eecfg.o
                                0x373 (size before relaxing)
 .debug_str     0x00001216      0x201 obj/pkg/mcu/st_stm32_stm32f4xx/src/system_stm32f4xx.o
                                0x3d8 (size before relaxing)
 .debug_str     0x00001417       0x65 libee.a(ee_hal_structs.o)
                                0x221 (size before relaxing)
 .debug_str     0x0000147c       0xd1 libee.a(ee_utils.o)
                                0x293 (size before relaxing)
 .debug_str     0x0000154d      0x109 libee.a(ee_altick.o)
                                0x3bf (size before relaxing)
 .debug_str     0x00001656       0x7a libee.a(ee_alsetrel.o)
                                0x30f (size before relaxing)
 .debug_str     0x000016d0       0xc3 libee.a(ee_irqsc.o)
                                0x2c5 (size before relaxing)
 .debug_str     0x00001793       0x78 libee.a(ee_rqexchg.o)
                                0x234 (size before relaxing)
 .debug_str     0x0000180b       0x6e libee.a(ee_rqinsert.o)
                                0x240 (size before relaxing)
 .debug_str     0x00001879       0xb8 libee.a(ee_swait.o)
                                0x375 (size before relaxing)
 .debug_str     0x00001931       0x95 libee.a(ee_spost.o)
                                0x355 (size before relaxing)
 .debug_str     0x000019c6       0x99 libee.a(ee_context.o)
                                0x2ae (size before relaxing)
 .debug_str     0x00001a5f       0x8c libee.a(ee_context.o)
                                0x28f (size before relaxing)
 .debug_str     0x00001aeb       0x77 libee.a(ee_thendin.o)
                                0x2ed (size before relaxing)
 .debug_str     0x00001b62      0x1c1 libstm32f4discovery.a(stm32f4_discovery.o)
                                0x5b5 (size before relaxing)
 .debug_str     0x00001d23      0x139 libstm32f4xxspd.a(stm32f4xx_exti.o)
                                0x38c (size before relaxing)
 .debug_str     0x00001e5c      0x1ca libstm32f4xxspd.a(stm32f4xx_gpio.o)
                                0x4d6 (size before relaxing)
 .debug_str     0x00002026      0x5ab libstm32f4xxspd.a(stm32f4xx_rcc.o)
                                0x883 (size before relaxing)
 .debug_str     0x000025d1      0x195 libstm32f4xxspd.a(stm32f4xx_syscfg.o)
                                0x327 (size before relaxing)
 .debug_str     0x00002766      0xa30 libstm32f4xxspd.a(stm32f4xx_tim.o)
                                0xe03 (size before relaxing)
 .debug_str     0x00003196      0x3d2 libstm32f4xxspd.a(stm32f4xx_usart.o)
                                0x6c2 (size before relaxing)
 .debug_str     0x00003568      0x183 libstm32f4xxspd.a(misc.o)
                                0x401 (size before relaxing)

.debug_frame    0x00000000     0x2c30
 .debug_frame   0x00000000      0x3b8 obj/code.o
 .debug_frame   0x000003b8       0x60 obj/eecfg.o
 .debug_frame   0x00000418       0x7c obj/pkg/mcu/st_stm32_stm32f4xx/src/system_stm32f4xx.o
 .debug_frame   0x00000494       0x60 libee.a(ee_hal_structs.o)
 .debug_frame   0x000004f4       0x88 libee.a(ee_utils.o)
 .debug_frame   0x0000057c       0xb4 libee.a(ee_altick.o)
 .debug_frame   0x00000630       0x88 libee.a(ee_alsetrel.o)
 .debug_frame   0x000006b8       0x88 libee.a(ee_irqsc.o)
 .debug_frame   0x00000740       0x88 libee.a(ee_rqexchg.o)
 .debug_frame   0x000007c8       0x88 libee.a(ee_rqinsert.o)
 .debug_frame   0x00000850       0x88 libee.a(ee_swait.o)
 .debug_frame   0x000008d8       0x88 libee.a(ee_spost.o)
 .debug_frame   0x00000960       0x84 libee.a(ee_context.o)
 .debug_frame   0x000009e4       0x88 libee.a(ee_context.o)
 .debug_frame   0x00000a6c       0x88 libee.a(ee_thendin.o)
 .debug_frame   0x00000af4       0xd0 libstm32f4discovery.a(stm32f4_discovery.o)
 .debug_frame   0x00000bc4      0x148 libstm32f4xxspd.a(stm32f4xx_exti.o)
 .debug_frame   0x00000d0c      0x23c libstm32f4xxspd.a(stm32f4xx_gpio.o)
 .debug_frame   0x00000f48      0x6d4 libstm32f4xxspd.a(stm32f4xx_rcc.o)
 .debug_frame   0x0000161c       0xf4 libstm32f4xxspd.a(stm32f4xx_syscfg.o)
 .debug_frame   0x00001710      0xe54 libstm32f4xxspd.a(stm32f4xx_tim.o)
 .debug_frame   0x00002564      0x490 libstm32f4xxspd.a(stm32f4xx_usart.o)
 .debug_frame   0x000029f4       0xd8 libstm32f4xxspd.a(misc.o)
 .debug_frame   0x00002acc       0x28 C:\PROGRA~2\GNUTOO~1\50A5A~1.420\arm-none-eabi\lib\thumb\libc.a(lib_a-exit.o)
 .debug_frame   0x00002af4       0x2c C:\PROGRA~2\GNUTOO~1\50A5A~1.420\arm-none-eabi\lib\thumb\libc.a(lib_a-init.o)
 .debug_frame   0x00002b20       0x2c C:\PROGRA~2\GNUTOO~1\50A5A~1.420\arm-none-eabi\lib\thumb\libc.a(lib_a-memset.o)
 .debug_frame   0x00002b4c       0x54 C:\PROGRA~2\GNUTOO~1\50A5A~1.420\arm-none-eabi\lib\thumb\libc.a(lib_a-__call_atexit.o)
 .debug_frame   0x00002ba0       0x28 C:\PROGRA~2\GNUTOO~1\50A5A~1.420\arm-none-eabi\lib\thumb\libc.a(lib_a-atexit.o)
 .debug_frame   0x00002bc8       0x2c C:\PROGRA~2\GNUTOO~1\50A5A~1.420\arm-none-eabi\lib\thumb\libc.a(lib_a-fini.o)
 .debug_frame   0x00002bf4       0x3c C:\PROGRA~2\GNUTOO~1\50A5A~1.420\arm-none-eabi\lib\thumb\libc.a(lib_a-__atexit.o)

.debug_ranges   0x00000000       0x58
 .debug_ranges  0x00000000       0x28 obj/pkg/mcu/st_stm32_stm32f4xx/src/startup_stm32f4xx_gnu.o
 .debug_ranges  0x00000028       0x18 libee.a(ee_irqsc.o)
 .debug_ranges  0x00000040       0x18 libee.a(ee_thendin.o)
