Archive member included to satisfy reference by file (symbol)

libee.a(ee_hal_structs.o)     obj/code.o (EE_IRQ_nesting_level)
libee.a(ee_utils.o)           obj/code.o (EE_system_init)
libee.a(ee_gnu_change_context_isr.o)
                              obj/code.o (EE_switch_context)
libee.a(ee_irqsc.o)           libee.a(ee_gnu_change_context_isr.o) (EE_IRQ_end_instance)
libee.a(ee_rqexchg.o)         libee.a(ee_irqsc.o) (EE_rq2stk_exchange)
libee.a(ee_altick.o)          obj/code.o (EE_alarm_CounterTick)
libee.a(ee_alsetrel.o)        obj/code.o (EE_alarm_SetRelAlarm)
libee.a(ee_gnu_multi_context.o)
                              libee.a(ee_gnu_change_context_isr.o) (EE_cortex_mx_change_context)
libee.a(ee_swait.o)           obj/code.o (EE_sem_WaitSem)
libee.a(ee_spost.o)           obj/code.o (EE_sem_PostSem)
libee.a(ee_context.o)         libee.a(ee_gnu_multi_context.o) (EE_std_run_task_code)
libee.a(ee_rqinsert.o)        libee.a(ee_altick.o) (EE_rq_insert)
libee.a(ee_thendin.o)         libee.a(ee_context.o) (EE_thread_end_instance)
libstm32f4xxspd.a(stm32f4xx_exti.o)
                              obj/code.o (EXTI_Init)
libstm32f4xxspd.a(stm32f4xx_gpio.o)
                              obj/code.o (GPIO_Init)
libstm32f4xxspd.a(stm32f4xx_rcc.o)
                              obj/code.o (RCC_AHB1PeriphClockCmd)
libstm32f4xxspd.a(stm32f4xx_syscfg.o)
                              obj/code.o (SYSCFG_EXTILineConfig)
libstm32f4xxspd.a(stm32f4xx_tim.o)
                              obj/code.o (TIM_TimeBaseInit)
libstm32f4xxspd.a(misc.o)     obj/code.o (NVIC_Init)
c:/progra~2/gnutoo~1/50a5a~1.420/bin/../lib/gcc/arm-none-eabi/5.4.1/armv7e-m\libgcc.a(_arm_addsubdf3.o)
                              obj/code.o (__aeabi_dsub)
c:/progra~2/gnutoo~1/50a5a~1.420/bin/../lib/gcc/arm-none-eabi/5.4.1/armv7e-m\libgcc.a(_arm_cmpdf2.o)
                              obj/code.o (__aeabi_dcmpge)
C:\PROGRA~2\GNUTOO~1\50A5A~1.420\arm-none-eabi\lib\thumb\libc.a(lib_a-exit.o)
                              c:/progra~2/gnutoo~1/50a5a~1.420/bin/../lib/gcc/arm-none-eabi/5.4.1/../../../../arm-none-eabi/lib/armv7e-m/crt0.o (exit)
C:\PROGRA~2\GNUTOO~1\50A5A~1.420\arm-none-eabi\lib\thumb\libc.a(lib_a-impure.o)
                              C:\PROGRA~2\GNUTOO~1\50A5A~1.420\arm-none-eabi\lib\thumb\libc.a(lib_a-exit.o) (_global_impure_ptr)
C:\PROGRA~2\GNUTOO~1\50A5A~1.420\arm-none-eabi\lib\thumb\libc.a(lib_a-init.o)
                              c:/progra~2/gnutoo~1/50a5a~1.420/bin/../lib/gcc/arm-none-eabi/5.4.1/../../../../arm-none-eabi/lib/armv7e-m/crt0.o (__libc_init_array)
C:\PROGRA~2\GNUTOO~1\50A5A~1.420\arm-none-eabi\lib\thumb\libc.a(lib_a-memset.o)
                              c:/progra~2/gnutoo~1/50a5a~1.420/bin/../lib/gcc/arm-none-eabi/5.4.1/../../../../arm-none-eabi/lib/armv7e-m/crt0.o (memset)
C:\PROGRA~2\GNUTOO~1\50A5A~1.420\arm-none-eabi\lib\thumb\libc.a(lib_a-__call_atexit.o)
                              C:\PROGRA~2\GNUTOO~1\50A5A~1.420\arm-none-eabi\lib\thumb\libc.a(lib_a-exit.o) (__call_exitprocs)
C:\PROGRA~2\GNUTOO~1\50A5A~1.420\arm-none-eabi\lib\thumb\libc.a(lib_a-atexit.o)
                              C:\PROGRA~2\GNUTOO~1\50A5A~1.420\arm-none-eabi\lib\thumb\libc.a(lib_a-__call_atexit.o) (atexit)
C:\PROGRA~2\GNUTOO~1\50A5A~1.420\arm-none-eabi\lib\thumb\libc.a(lib_a-fini.o)
                              C:\PROGRA~2\GNUTOO~1\50A5A~1.420\arm-none-eabi\lib\thumb\libc.a(lib_a-__call_atexit.o) (__libc_fini_array)
C:\PROGRA~2\GNUTOO~1\50A5A~1.420\arm-none-eabi\lib\thumb\libc.a(lib_a-__atexit.o)
                              C:\PROGRA~2\GNUTOO~1\50A5A~1.420\arm-none-eabi\lib\thumb\libc.a(lib_a-atexit.o) (__register_exitproc)

Allocating common symbols
Common symbol       size              file

TIM_TimeBaseStructure
                    0xc               obj/code.o
reference_time      0x8               obj/code.o
GPIO_InitStructure_LightSensors
                    0x40              obj/code.o
sensor_up_time      0x8               obj/code.o
EE_IRQ_nesting_level
                    0x4               libee.a(ee_hal_structs.o)
EE_alarm_RAM        0x18              obj/eecfg.o
TIM_OCInitStructure
                    0x14              obj/code.o
EE_std_endcycle_next_tid
                    0x4               libee.a(ee_hal_structs.o)
delta_sensor        0x40              obj/code.o
EE_th_nact          0x8               obj/eecfg.o

Memory Configuration

Name             Origin             Length             Attributes
FLASH            0x08000000         0x00100000         xr
RAM              0x20000000         0x00020000         xrw
CCM              0x10000000         0x00010000         xrw
MEMORY_B1        0x60000000         0x00000000         xr
*default*        0x00000000         0xffffffff

Linker script and memory map

LOAD c:/progra~2/gnutoo~1/50a5a~1.420/bin/../lib/gcc/arm-none-eabi/5.4.1/armv7e-m/crti.o
LOAD c:/progra~2/gnutoo~1/50a5a~1.420/bin/../lib/gcc/arm-none-eabi/5.4.1/armv7e-m/crtbegin.o
LOAD c:/progra~2/gnutoo~1/50a5a~1.420/bin/../lib/gcc/arm-none-eabi/5.4.1/../../../../arm-none-eabi/lib/armv7e-m/crt0.o
LOAD obj/code.o
LOAD obj/eecfg.o
LOAD obj/pkg/mcu/st_stm32_stm32f4xx/src/startup_stm32f4xx_gnu.o
LOAD obj/pkg/mcu/st_stm32_stm32f4xx/src/system_stm32f4xx.o
LOAD libee.a
LOAD libstm32f4discovery.a
LOAD libstm32f4xxspd.a
START GROUP
LOAD c:/progra~2/gnutoo~1/50a5a~1.420/bin/../lib/gcc/arm-none-eabi/5.4.1/armv7e-m\libgcc.a
LOAD C:\PROGRA~2\GNUTOO~1\50A5A~1.420\arm-none-eabi\lib\thumb\libc.a
LOAD C:\PROGRA~2\GNUTOO~1\50A5A~1.420\arm-none-eabi\lib\thumb\libm.a
LOAD C:\PROGRA~2\GNUTOO~1\50A5A~1.420\arm-none-eabi\lib\thumb\libnosys.a
END GROUP

.text           0x08000000     0x542c
 *(.isr_vector)
 .isr_vector    0x08000000      0x188 obj/pkg/mcu/st_stm32_stm32f4xx/src/startup_stm32f4xx_gnu.o
                0x08000000                __isr_vector
 *(.text*)
 .text          0x08000188        0x0 c:/progra~2/gnutoo~1/50a5a~1.420/bin/../lib/gcc/arm-none-eabi/5.4.1/armv7e-m/crti.o
 .text          0x08000188       0x5c c:/progra~2/gnutoo~1/50a5a~1.420/bin/../lib/gcc/arm-none-eabi/5.4.1/armv7e-m/crtbegin.o
 .text          0x080001e4       0x74 c:/progra~2/gnutoo~1/50a5a~1.420/bin/../lib/gcc/arm-none-eabi/5.4.1/../../../../arm-none-eabi/lib/armv7e-m/crt0.o
                0x080001e4                _start
                0x080001e4                _mainCRTStartup
 .text          0x08000258      0xbe8 obj/code.o
                0x0800028c                breakleft
                0x080002a4                folleleft
                0x080002bc                forwardleft
                0x080002dc                backwardleft
                0x080002fc                breakright
                0x08000314                folleright
                0x0800032c                forwardright
                0x0800034c                backwardright
                0x0800036c                EnableMotors
                0x08000384                DisableMotors
                0x0800039c                InitMotors
                0x080003e4                InitLineSensor
                0x08000594                read_task_init
                0x080006b4                EXTI1_IRQHandler
                0x080006f8                EXTI3_IRQHandler
                0x0800073c                EXTI4_IRQHandler
                0x08000780                EXTI9_5_IRQHandler
                0x08000820                EXTI15_10_IRQHandler
                0x08000894                systick_handler
                0x08000950                ISR2_systick_handler
                0x08000960                PWM_Config_and_En
                0x08000a68                FuncCheckRead
                0x08000ccc                FuncTaskMotorControl
                0x08000dc0                main
 .text          0x08000e40       0x34 obj/eecfg.o
 .text          0x08000e74        0x0 obj/pkg/mcu/st_stm32_stm32f4xx/src/startup_stm32f4xx_gnu.o
 .text.EE_cortex_mx_default_reset_ISR
                0x08000e74       0x40 obj/pkg/mcu/st_stm32_stm32f4xx/src/startup_stm32f4xx_gnu.o
                0x08000e74                EE_cortex_mx_default_reset_ISR
 .text.EE_cortex_mx_default_ISR
                0x08000eb4        0x4 obj/pkg/mcu/st_stm32_stm32f4xx/src/startup_stm32f4xx_gnu.o
                0x08000eb4                EE_CORTEX_MX_DMA1_STREAM4_ISR
                0x08000eb4                EE_CORTEX_MX_USART6_ISR
                0x08000eb4                EE_CORTEX_MX_DMA1_STREAM6_ISR
                0x08000eb4                EE_CORTEX_MX_CRYP_ISR
                0x08000eb4                EE_CORTEX_MX_DMA1_STREAM5_ISR
                0x08000eb4                EE_CORTEX_MX_BUS_FAULT_ISR
                0x08000eb4                EE_CORTEX_MX_PVD_ISR
                0x08000eb4                EE_CORTEX_MX_SPI2_ISR
                0x08000eb4                EE_CORTEX_MX_CAN1_RX1_ISR
                0x08000eb4                EE_CORTEX_MX_DMA2_STREAM5_ISR
                0x08000eb4                EE_CORTEX_MX_TIM6_DAC_ISR
                0x08000eb4                EE_CORTEX_MX_I2C2_EV_ISR
                0x08000eb4                EE_CORTEX_MX_TIM1_UP_TIM10_ISR
                0x08000eb4                EE_CORTEX_MX_CAN1_RX0_ISR
                0x08000eb4                EE_CORTEX_MX_USART1_ISR
                0x08000eb4                EE_CORTEX_MX_TIM8_CC_ISR
                0x08000eb4                EE_CORTEX_MX_RTC_Alarm_ISR
                0x08000eb4                EE_CORTEX_MX_EXTI2_ISR
                0x08000eb4                EE_CORTEX_MX_OTG_HS_ISR
                0x08000eb4                EE_CORTEX_MX_DCMI_ISR
                0x08000eb4                EE_CORTEX_MX_DMA2_STREAM0_ISR
                0x08000eb4                EE_CORTEX_MX_SPI1_ISR
                0x08000eb4                EE_cortex_mx_default_ISR
                0x08000eb4                EE_CORTEX_MX_ETH_WKUP_ISR
                0x08000eb4                EE_CORTEX_MX_TIM8_TRG_COM_TIM14_ISR
                0x08000eb4                EE_CORTEX_MX_USAGE_FAULT_ISR
                0x08000eb4                EE_CORTEX_MX_TIM7_ISR
                0x08000eb4                EE_CORTEX_MX_TIM2_ISR
                0x08000eb4                EE_CORTEX_MX_I2C1_EV_ISR
                0x08000eb4                EE_CORTEX_MX_TIM1_TRG_COM_TIM11_ISR
                0x08000eb4                EE_CORTEX_MX_UART5_ISR
                0x08000eb4                EE_CORTEX_MX_UART4_ISR
                0x08000eb4                EE_CORTEX_MX_NMI_ISR
                0x08000eb4                EE_CORTEX_MX_TIM3_ISR
                0x08000eb4                EE_CORTEX_MX_USART3_ISR
                0x08000eb4                EE_CORTEX_MX_DMA2_STREAM4_ISR
                0x08000eb4                EE_CORTEX_MX_EXTI4_ISR
                0x08000eb4                EE_CORTEX_MX_ADC_ISR
                0x08000eb4                EE_CORTEX_MX_OTG_HS_EP1_IN_ISR
                0x08000eb4                EE_CORTEX_MX_DMA2_STREAM1_ISR
                0x08000eb4                EE_CORTEX_MX_CAN1_TX_ISR
                0x08000eb4                EE_CORTEX_MX_USART2_ISR
                0x08000eb4                EE_CORTEX_MX_SDIO_ISR
                0x08000eb4                EE_CORTEX_MX_I2C2_ER_ISR
                0x08000eb4                EE_CORTEX_MX_I2C3_EV_ISR
                0x08000eb4                EE_CORTEX_MX_HARD_FAULT_ISR
                0x08000eb4                EE_CORTEX_MX_DMA1_STREAM3_ISR
                0x08000eb4                EE_CORTEX_MX_OTG_HS_EP1_OUT_ISR
                0x08000eb4                EE_CORTEX_MX_TIM8_BRK_TIM12_ISR
                0x08000eb4                EE_CORTEX_MX_CAN1_SCE_ISR
                0x08000eb4                EE_CORTEX_MX_DMA1_STREAM1_ISR
                0x08000eb4                EE_CORTEX_MX_TIM4_ISR
                0x08000eb4                EE_CORTEX_MX_DMA2_STREAM3_ISR
                0x08000eb4                EE_CORTEX_MX_ETH_ISR
                0x08000eb4                EE_CORTEX_MX_OTG_FS_ISR
                0x08000eb4                EE_CORTEX_MX_CAN2_RX0_ISR
                0x08000eb4                EE_CORTEX_MX_CAN2_SCE_ISR
                0x08000eb4                EE_CORTEX_MX_FPU_ISR
                0x08000eb4                EE_CORTEX_MX_RTC_WKUP_ISR
                0x08000eb4                EE_CORTEX_MX_TIM8_UP_TIM13_ISR
                0x08000eb4                EE_CORTEX_MX_OTG_FS_WKUP_ISR
                0x08000eb4                EE_CORTEX_MX_DMA1_STREAM2_ISR
                0x08000eb4                EE_CORTEX_MX_EXTI9_5_ISR
                0x08000eb4                EE_CORTEX_MX_EXTI3_ISR
                0x08000eb4                EE_CORTEX_MX_EXTI0_ISR
                0x08000eb4                EE_CORTEX_MX_I2C1_ER_ISR
                0x08000eb4                EE_CORTEX_MX_FLASH_ISR
                0x08000eb4                EE_CORTEX_MX_OTG_HS_WKUP_ISR
                0x08000eb4                EE_CORTEX_MX_TIM1_BRK_TIM9_ISR
                0x08000eb4                EE_CORTEX_MX_I2C3_ER_ISR
                0x08000eb4                EE_CORTEX_MX_TIM1_CC_ISR
                0x08000eb4                EE_CORTEX_MX_SPI3_ISR
                0x08000eb4                EE_CORTEX_MX_EXTI15_10_ISR
                0x08000eb4                EE_CORTEX_MX_CAN2_TX_ISR
                0x08000eb4                EE_CORTEX_MX_RCC_ISR
                0x08000eb4                EE_CORTEX_MX_FSMC_ISR
                0x08000eb4                EE_CORTEX_MX_DMA2_STREAM2_ISR
                0x08000eb4                EE_CORTEX_MX_DMA2_STREAM7_ISR
                0x08000eb4                EE_CORTEX_MX_EXTI1_ISR
                0x08000eb4                EE_CORTEX_MX_DEBUG_MONITOR_ISR
                0x08000eb4                EE_CORTEX_MX_WWDG_ISR
                0x08000eb4                EE_CORTEX_MX_MPU_FAULT_ISR
                0x08000eb4                EE_CORTEX_MX_HASH_RNG_ISR
                0x08000eb4                EE_CORTEX_MX_DMA2_STREAM6_ISR
                0x08000eb4                EE_CORTEX_MX_TIM5_ISR
                0x08000eb4                EE_CORTEX_MX_DMA1_STREAM0_ISR
                0x08000eb4                EE_CORTEX_MX_TAMP_STAMP_ISR
                0x08000eb4                EE_CORTEX_MX_CAN2_RX1_ISR
                0x08000eb4                EE_CORTEX_MX_DMA1_Stream7_ISR
 .text._exit    0x08000eb8        0x6 obj/pkg/mcu/st_stm32_stm32f4xx/src/startup_stm32f4xx_gnu.o
                0x08000eb8                _exit
 *fill*         0x08000ebe        0x2 
 .text          0x08000ec0      0x248 obj/pkg/mcu/st_stm32_stm32f4xx/src/system_stm32f4xx.o
                0x08000ec0                SystemInit
                0x08000f1c                SystemCoreClockUpdate
 .text          0x08001108       0x34 libee.a(ee_hal_structs.o)
 .text          0x0800113c       0x70 libee.a(ee_utils.o)
                0x08001170                EE_system_init
 .text          0x080011ac       0x80 libee.a(ee_gnu_change_context_isr.o)
                0x080011ac                EE_set_switch_context_pri
                0x080011c6                EE_switch_context
                0x080011d0                EE_cortex_mx_pendsv_ISR
                0x0800120e                EE_cortex_mx_svc_ISR
 .text          0x0800122c       0xd4 libee.a(ee_irqsc.o)
                0x08001260                EE_IRQ_end_instance
 .text          0x08001300       0x78 libee.a(ee_rqexchg.o)
                0x08001334                EE_rq2stk_exchange
 .text          0x08001378      0x2cc libee.a(ee_altick.o)
                0x080013ac                EE_alarm_insert
                0x080014f0                EE_alarm_CounterTick
 .text          0x08001644       0x80 libee.a(ee_alsetrel.o)
                0x08001678                EE_alarm_SetRelAlarm
 .text          0x080016c4       0x68 libee.a(ee_gnu_multi_context.o)
                0x080016c4                EE_cortex_mx_change_context
 .text          0x0800172c      0x174 libee.a(ee_swait.o)
                0x08001760                EE_sem_WaitSem
 .text          0x080018a0      0x11c libee.a(ee_spost.o)
                0x080018d4                EE_sem_PostSem
 .text          0x080019bc       0x70 libee.a(ee_context.o)
                0x080019f0                EE_std_run_task_code
 .text          0x08001a2c       0xb4 libee.a(ee_rqinsert.o)
                0x08001a60                EE_rq_insert
 .text          0x08001ae0      0x140 libee.a(ee_thendin.o)
                0x08001b14                EE_thread_end_instance
 .text          0x08001c20      0x21c libstm32f4xxspd.a(stm32f4xx_exti.o)
                0x08001c20                EXTI_DeInit
                0x08001c54                EXTI_Init
                0x08001d38                EXTI_StructInit
                0x08001d64                EXTI_GenerateSWInterrupt
                0x08001d88                EXTI_GetFlagStatus
                0x08001dbc                EXTI_ClearFlag
                0x08001dd8                EXTI_GetITStatus
                0x08001e20                EXTI_ClearITPendingBit
 .text          0x08001e3c      0x484 libstm32f4xxspd.a(stm32f4xx_gpio.o)
                0x08001e3c                GPIO_DeInit
                0x08001f5c                GPIO_Init
                0x08002078                GPIO_StructInit
                0x080020ac                GPIO_PinLockConfig
                0x080020f0                GPIO_ReadInputDataBit
                0x08002124                GPIO_ReadInputData
                0x0800213c                GPIO_ReadOutputDataBit
                0x08002170                GPIO_ReadOutputData
                0x08002188                GPIO_SetBits
                0x080021a4                GPIO_ResetBits
                0x080021c0                GPIO_WriteBit
                0x080021f0                GPIO_Write
                0x0800220c                GPIO_ToggleBits
                0x08002230                GPIO_PinAFConfig
 .text          0x080022c0      0xa78 libstm32f4xxspd.a(stm32f4xx_rcc.o)
                0x080022c0                RCC_DeInit
                0x08002310                RCC_HSEConfig
                0x08002334                RCC_WaitForHSEStartUp
                0x08002384                RCC_AdjustHSICalibrationValue
                0x080023c0                RCC_HSICmd
                0x080023e0                RCC_LSEConfig
                0x08002420                RCC_LSICmd
                0x08002440                RCC_PLLConfig
                0x0800247c                RCC_PLLCmd
                0x0800249c                RCC_PLLI2SConfig
                0x080024c4                RCC_PLLI2SCmd
                0x080024e4                RCC_ClockSecuritySystemCmd
                0x08002504                RCC_MCO1Config
                0x08002540                RCC_MCO2Config
                0x0800257c                RCC_SYSCLKConfig
                0x080025b4                RCC_GetSYSCLKSource
                0x080025d0                RCC_HCLKConfig
                0x08002608                RCC_PCLK1Config
                0x08002640                RCC_PCLK2Config
                0x08002678                RCC_GetClocksFreq
                0x080027cc                RCC_RTCCLKConfig
                0x08002828                RCC_RTCCLKCmd
                0x08002848                RCC_BackupResetCmd
                0x08002868                RCC_I2SCLKConfig
                0x08002884                RCC_AHB1PeriphClockCmd
                0x080028c0                RCC_AHB2PeriphClockCmd
                0x080028fc                RCC_AHB3PeriphClockCmd
                0x08002938                RCC_APB1PeriphClockCmd
                0x08002974                RCC_APB2PeriphClockCmd
                0x080029b0                RCC_AHB1PeriphResetCmd
                0x080029ec                RCC_AHB2PeriphResetCmd
                0x08002a28                RCC_AHB3PeriphResetCmd
                0x08002a64                RCC_APB1PeriphResetCmd
                0x08002aa0                RCC_APB2PeriphResetCmd
                0x08002adc                RCC_AHB1PeriphClockLPModeCmd
                0x08002b18                RCC_AHB2PeriphClockLPModeCmd
                0x08002b54                RCC_AHB3PeriphClockLPModeCmd
                0x08002b90                RCC_APB1PeriphClockLPModeCmd
                0x08002bcc                RCC_APB2PeriphClockLPModeCmd
                0x08002c08                RCC_ITConfig
                0x08002c54                RCC_GetFlagStatus
                0x08002cc8                RCC_ClearFlag
                0x08002ce4                RCC_GetITStatus
                0x08002d18                RCC_ClearITPendingBit
 .text          0x08002d38      0x12c libstm32f4xxspd.a(stm32f4xx_syscfg.o)
                0x08002d38                SYSCFG_DeInit
                0x08002d54                SYSCFG_MemoryRemapConfig
                0x08002d74                SYSCFG_EXTILineConfig
                0x08002df8                SYSCFG_ETH_MediaInterfaceConfig
                0x08002e14                SYSCFG_CompensationCellCmd
                0x08002e34                SYSCFG_GetCompensationCellStatus
 .text          0x08002e64     0x1bf8 libstm32f4xxspd.a(stm32f4xx_tim.o)
                0x08002e64                TIM_DeInit
                0x08003024                TIM_TimeBaseInit
                0x080030f8                TIM_TimeBaseStructInit
                0x0800312c                TIM_PrescalerConfig
                0x08003154                TIM_CounterModeConfig
                0x0800318c                TIM_SetCounter
                0x080031a8                TIM_SetAutoreload
                0x080031c4                TIM_GetCounter
                0x080031dc                TIM_GetPrescaler
                0x080031f4                TIM_UpdateDisableConfig
                0x08003234                TIM_UpdateRequestConfig
                0x08003274                TIM_ARRPreloadConfig
                0x080032b4                TIM_SelectOnePulseMode
                0x080032ec                TIM_SetClockDivision
                0x08003324                TIM_Cmd
                0x08003364                TIM_OC1Init
                0x08003458                TIM_OC2Init
                0x08003568                TIM_OC3Init
                0x08003674                TIM_OC4Init
                0x08003740                TIM_OCStructInit
                0x08003784                TIM_SelectOCxM
                0x08003834                TIM_SetCompare1
                0x08003850                TIM_SetCompare2
                0x0800386c                TIM_SetCompare3
                0x08003888                TIM_SetCompare4
                0x080038a4                TIM_ForcedOC1Config
                0x080038dc                TIM_ForcedOC2Config
                0x08003918                TIM_ForcedOC3Config
                0x08003950                TIM_ForcedOC4Config
                0x0800398c                TIM_OC1PreloadConfig
                0x080039c4                TIM_OC2PreloadConfig
                0x08003a00                TIM_OC3PreloadConfig
                0x08003a38                TIM_OC4PreloadConfig
                0x08003a74                TIM_OC1FastConfig
                0x08003aac                TIM_OC2FastConfig
                0x08003ae8                TIM_OC3FastConfig
                0x08003b20                TIM_OC4FastConfig
                0x08003b5c                TIM_ClearOC1Ref
                0x08003b94                TIM_ClearOC2Ref
                0x08003bd0                TIM_ClearOC3Ref
                0x08003c08                TIM_ClearOC4Ref
                0x08003c44                TIM_OC1PolarityConfig
                0x08003c7c                TIM_OC1NPolarityConfig
                0x08003cb4                TIM_OC2PolarityConfig
                0x08003cf0                TIM_OC2NPolarityConfig
                0x08003d2c                TIM_OC3PolarityConfig
                0x08003d68                TIM_OC3NPolarityConfig
                0x08003da4                TIM_OC4PolarityConfig
                0x08003de0                TIM_CCxCmd
                0x08003e34                TIM_CCxNCmd
                0x08003e88                TIM_ICInit
                0x08003f30                TIM_ICStructInit
                0x08003f60                TIM_PWMIConfig
                0x08004018                TIM_GetCapture1
                0x08004030                TIM_GetCapture2
                0x08004048                TIM_GetCapture3
                0x08004060                TIM_GetCapture4
                0x08004078                TIM_SetIC1Prescaler
                0x080040b0                TIM_SetIC2Prescaler
                0x080040ec                TIM_SetIC3Prescaler
                0x08004124                TIM_SetIC4Prescaler
                0x08004160                TIM_BDTRConfig
                0x080041b0                TIM_BDTRStructInit
                0x080041ec                TIM_CtrlPWMOutputs
                0x08004238                TIM_SelectCOM
                0x08004278                TIM_CCPreloadControl
                0x080042b8                TIM_ITConfig
                0x08004300                TIM_GenerateEvent
                0x0800431c                TIM_GetFlagStatus
                0x08004354                TIM_ClearFlag
                0x08004374                TIM_GetITStatus
                0x080043c8                TIM_ClearITPendingBit
                0x080043e8                TIM_DMAConfig
                0x08004410                TIM_DMACmd
                0x08004458                TIM_SelectCCDMA
                0x08004498                TIM_InternalClockConfig
                0x080044bc                TIM_ITRxExternalClockConfig
                0x080044ec                TIM_TIxExternalClockConfig
                0x08004548                TIM_ETRClockMode1Config
                0x080045a8                TIM_ETRClockMode2Config
                0x080045e8                TIM_SelectInputTrigger
                0x08004620                TIM_SelectOutputTrigger
                0x08004658                TIM_SelectSlaveMode
                0x08004690                TIM_SelectMasterSlaveMode
                0x080046c8                TIM_ETRConfig
                0x0800471c                TIM_EncoderInterfaceConfig
                0x080047b4                TIM_SelectHallSensor
                0x080047f4                TIM_RemapConfig
 .text          0x08004a5c      0x188 libstm32f4xxspd.a(misc.o)
                0x08004a5c                NVIC_PriorityGroupConfig
                0x08004a80                NVIC_Init
                0x08004b40                NVIC_SetVectorTable
                0x08004b6c                NVIC_SystemLPConfig
                0x08004bac                SysTick_CLKSourceConfig
 .text          0x08004be4      0x370 c:/progra~2/gnutoo~1/50a5a~1.420/bin/../lib/gcc/arm-none-eabi/5.4.1/armv7e-m\libgcc.a(_arm_addsubdf3.o)
                0x08004be4                __aeabi_drsub
                0x08004bec                __aeabi_dsub
                0x08004bec                __subdf3
                0x08004bf0                __aeabi_dadd
                0x08004bf0                __adddf3
                0x08004e68                __floatunsidf
                0x08004e68                __aeabi_ui2d
                0x08004e88                __floatsidf
                0x08004e88                __aeabi_i2d
                0x08004eac                __aeabi_f2d
                0x08004eac                __extendsfdf2
                0x08004ee8                __floatundidf
                0x08004ee8                __aeabi_ul2d
                0x08004ef8                __floatdidf
                0x08004ef8                __aeabi_l2d
 .text          0x08004f54      0x110 c:/progra~2/gnutoo~1/50a5a~1.420/bin/../lib/gcc/arm-none-eabi/5.4.1/armv7e-m\libgcc.a(_arm_cmpdf2.o)
                0x08004f54                __gtdf2
                0x08004f54                __gedf2
                0x08004f5c                __ltdf2
                0x08004f5c                __ledf2
                0x08004f64                __nedf2
                0x08004f64                __eqdf2
                0x08004f64                __cmpdf2
                0x08004fe0                __aeabi_cdrcmple
                0x08004ff0                __aeabi_cdcmpeq
                0x08004ff0                __aeabi_cdcmple
                0x08005000                __aeabi_dcmpeq
                0x08005014                __aeabi_dcmplt
                0x08005028                __aeabi_dcmple
                0x0800503c                __aeabi_dcmpge
                0x08005050                __aeabi_dcmpgt
 .text          0x08005064        0x0 C:\PROGRA~2\GNUTOO~1\50A5A~1.420\arm-none-eabi\lib\thumb\libc.a(lib_a-exit.o)
 .text.exit     0x08005064       0x28 C:\PROGRA~2\GNUTOO~1\50A5A~1.420\arm-none-eabi\lib\thumb\libc.a(lib_a-exit.o)
                0x08005064                exit
 .text          0x0800508c        0x0 C:\PROGRA~2\GNUTOO~1\50A5A~1.420\arm-none-eabi\lib\thumb\libc.a(lib_a-impure.o)
 .text          0x0800508c        0x0 C:\PROGRA~2\GNUTOO~1\50A5A~1.420\arm-none-eabi\lib\thumb\libc.a(lib_a-init.o)
 .text.__libc_init_array
                0x0800508c       0x58 C:\PROGRA~2\GNUTOO~1\50A5A~1.420\arm-none-eabi\lib\thumb\libc.a(lib_a-init.o)
                0x0800508c                __libc_init_array
 .text          0x080050e4        0x0 C:\PROGRA~2\GNUTOO~1\50A5A~1.420\arm-none-eabi\lib\thumb\libc.a(lib_a-memset.o)
 .text.memset   0x080050e4       0x94 C:\PROGRA~2\GNUTOO~1\50A5A~1.420\arm-none-eabi\lib\thumb\libc.a(lib_a-memset.o)
                0x080050e4                memset
 .text          0x08005178        0x0 C:\PROGRA~2\GNUTOO~1\50A5A~1.420\arm-none-eabi\lib\thumb\libc.a(lib_a-__call_atexit.o)
 .text.startup.register_fini
                0x08005178       0x1c C:\PROGRA~2\GNUTOO~1\50A5A~1.420\arm-none-eabi\lib\thumb\libc.a(lib_a-__call_atexit.o)
 .text.__call_exitprocs
                0x08005194      0x10c C:\PROGRA~2\GNUTOO~1\50A5A~1.420\arm-none-eabi\lib\thumb\libc.a(lib_a-__call_atexit.o)
                0x08005194                __call_exitprocs
 .text          0x080052a0        0x0 C:\PROGRA~2\GNUTOO~1\50A5A~1.420\arm-none-eabi\lib\thumb\libc.a(lib_a-atexit.o)
 .text.atexit   0x080052a0       0x14 C:\PROGRA~2\GNUTOO~1\50A5A~1.420\arm-none-eabi\lib\thumb\libc.a(lib_a-atexit.o)
                0x080052a0                atexit
 .text          0x080052b4        0x0 C:\PROGRA~2\GNUTOO~1\50A5A~1.420\arm-none-eabi\lib\thumb\libc.a(lib_a-fini.o)
 .text.__libc_fini_array
                0x080052b4       0x3c C:\PROGRA~2\GNUTOO~1\50A5A~1.420\arm-none-eabi\lib\thumb\libc.a(lib_a-fini.o)
                0x080052b4                __libc_fini_array
 .text          0x080052f0        0x0 C:\PROGRA~2\GNUTOO~1\50A5A~1.420\arm-none-eabi\lib\thumb\libc.a(lib_a-__atexit.o)
 .text.__register_exitproc
                0x080052f0       0xd8 C:\PROGRA~2\GNUTOO~1\50A5A~1.420\arm-none-eabi\lib\thumb\libc.a(lib_a-__atexit.o)
                0x080052f0                __register_exitproc
 .text          0x080053c8        0x0 c:/progra~2/gnutoo~1/50a5a~1.420/bin/../lib/gcc/arm-none-eabi/5.4.1/armv7e-m/crtend.o
 .text          0x080053c8        0x0 c:/progra~2/gnutoo~1/50a5a~1.420/bin/../lib/gcc/arm-none-eabi/5.4.1/armv7e-m/crtn.o
 *(.init)
 .init          0x080053c8        0x4 c:/progra~2/gnutoo~1/50a5a~1.420/bin/../lib/gcc/arm-none-eabi/5.4.1/armv7e-m/crti.o
                0x080053c8                _init
 .init          0x080053cc        0x8 c:/progra~2/gnutoo~1/50a5a~1.420/bin/../lib/gcc/arm-none-eabi/5.4.1/armv7e-m/crtn.o
 *(.fini)
 .fini          0x080053d4        0x4 c:/progra~2/gnutoo~1/50a5a~1.420/bin/../lib/gcc/arm-none-eabi/5.4.1/armv7e-m/crti.o
                0x080053d4                _fini
 .fini          0x080053d8        0x8 c:/progra~2/gnutoo~1/50a5a~1.420/bin/../lib/gcc/arm-none-eabi/5.4.1/armv7e-m/crtn.o
 *crtbegin.o(.ctors)
 *crtbegin.o(.ctors)
 *crtbegin?.o(.ctors)
 *(EXCLUDE_FILE(*crtend.o *crtend?.o) .ctors)
 *(SORT(.ctors.*))
 *(.ctors)
 *crtbegin.o(.dtors)
 *crtbegin?.o(.dtors)
 *(EXCLUDE_FILE(*crtend.o *crtend?.o) .dtors)
 *(SORT(.dtors.*))
 *(.dtors)
 *(.rodata*)
 .rodata        0x080053e0       0x44 obj/eecfg.o
                0x080053e0                EE_std_thread_tos
                0x080053ec                EE_hal_thread_body
                0x080053f4                EE_th_ready_prio
                0x080053fc                EE_th_dispatch_prio
                0x08005404                EE_alarm_ROM
 .rodata._global_impure_ptr
                0x08005424        0x4 C:\PROGRA~2\GNUTOO~1\50A5A~1.420\arm-none-eabi\lib\thumb\libc.a(lib_a-impure.o)
                0x08005424                _global_impure_ptr
 *(.eh_frame*)
 .eh_frame      0x08005428        0x0 c:/progra~2/gnutoo~1/50a5a~1.420/bin/../lib/gcc/arm-none-eabi/5.4.1/armv7e-m/crtbegin.o
 .eh_frame      0x08005428        0x4 c:/progra~2/gnutoo~1/50a5a~1.420/bin/../lib/gcc/arm-none-eabi/5.4.1/armv7e-m/crtend.o

.glue_7         0x0800542c        0x0
 .glue_7        0x0800542c        0x0 linker stubs

.glue_7t        0x0800542c        0x0
 .glue_7t       0x0800542c        0x0 linker stubs

.vfp11_veneer   0x0800542c        0x0
 .vfp11_veneer  0x0800542c        0x0 linker stubs

.v4_bx          0x0800542c        0x0
 .v4_bx         0x0800542c        0x0 linker stubs

.iplt           0x0800542c        0x0
 .iplt          0x0800542c        0x0 c:/progra~2/gnutoo~1/50a5a~1.420/bin/../lib/gcc/arm-none-eabi/5.4.1/armv7e-m/crtbegin.o

.ARM.extab      0x0800542c        0x0
 *(.ARM.extab* .gnu.linkonce.armextab.*)
 .ARM.extab     0x0800542c        0x0 c:/progra~2/gnutoo~1/50a5a~1.420/bin/../lib/gcc/arm-none-eabi/5.4.1/../../../../arm-none-eabi/lib/armv7e-m/crt0.o
                0x0800542c                __exidx_start = .

.ARM.exidx      0x0800542c        0x8
 *(.ARM.exidx* .gnu.linkonce.armexidx.*)
 .ARM.exidx     0x0800542c        0x8 c:/progra~2/gnutoo~1/50a5a~1.420/bin/../lib/gcc/arm-none-eabi/5.4.1/../../../../arm-none-eabi/lib/armv7e-m/crt0.o
                0x08005434                __exidx_end = .
                0x08005434                __etext = .

.rel.dyn        0x08005434        0x0
 .rel.iplt      0x08005434        0x0 c:/progra~2/gnutoo~1/50a5a~1.420/bin/../lib/gcc/arm-none-eabi/5.4.1/armv7e-m/crtbegin.o

.data           0x20000000      0x4a4 load address 0x08005434
                0x20000000                __data_start__ = .
 *(vtable)
 *(.data*)
 .data          0x20000000        0x0 c:/progra~2/gnutoo~1/50a5a~1.420/bin/../lib/gcc/arm-none-eabi/5.4.1/armv7e-m/crti.o
 .data          0x20000000        0x4 c:/progra~2/gnutoo~1/50a5a~1.420/bin/../lib/gcc/arm-none-eabi/5.4.1/armv7e-m/crtbegin.o
                0x20000000                __dso_handle
 .data          0x20000004        0x0 c:/progra~2/gnutoo~1/50a5a~1.420/bin/../lib/gcc/arm-none-eabi/5.4.1/../../../../arm-none-eabi/lib/armv7e-m/crt0.o
 .data          0x20000004       0x14 obj/code.o
                0x20000004                CCR1_Val
                0x20000006                CCR2_Val
                0x20000008                CCR3_Val
                0x2000000a                CCR4_Val
                0x2000000c                delta_sensor_sem
 .data          0x20000018       0x28 obj/eecfg.o
                0x20000018                EE_th_status
                0x20000020                EE_th_next
                0x20000028                EE_stkfirst
                0x2000002c                EE_rqfirst
                0x20000030                EE_counter_RAM
 .data          0x20000040        0x0 obj/pkg/mcu/st_stm32_stm32f4xx/src/startup_stm32f4xx_gnu.o
 .data          0x20000040       0x14 obj/pkg/mcu/st_stm32_stm32f4xx/src/system_stm32f4xx.o
                0x20000040                SystemCoreClock
                0x20000044                AHBPrescTable
 .data          0x20000054        0x0 libee.a(ee_hal_structs.o)
 .data          0x20000054        0x0 libee.a(ee_utils.o)
 .data          0x20000054        0x0 libee.a(ee_gnu_change_context_isr.o)
 .data          0x20000054        0x0 libee.a(ee_irqsc.o)
 .data          0x20000054        0x0 libee.a(ee_rqexchg.o)
 .data          0x20000054        0x0 libee.a(ee_altick.o)
 .data          0x20000054        0x0 libee.a(ee_alsetrel.o)
 .data          0x20000054        0x0 libee.a(ee_gnu_multi_context.o)
 .data          0x20000054        0x0 libee.a(ee_swait.o)
 .data          0x20000054        0x0 libee.a(ee_spost.o)
 .data          0x20000054        0x0 libee.a(ee_context.o)
 .data          0x20000054        0x0 libee.a(ee_rqinsert.o)
 .data          0x20000054        0x0 libee.a(ee_thendin.o)
 .data          0x20000054        0x0 libstm32f4xxspd.a(stm32f4xx_exti.o)
 .data          0x20000054        0x0 libstm32f4xxspd.a(stm32f4xx_gpio.o)
 .data          0x20000054       0x10 libstm32f4xxspd.a(stm32f4xx_rcc.o)
 .data          0x20000064        0x0 libstm32f4xxspd.a(stm32f4xx_syscfg.o)
 .data          0x20000064        0x0 libstm32f4xxspd.a(stm32f4xx_tim.o)
 .data          0x20000064        0x0 libstm32f4xxspd.a(misc.o)
 .data          0x20000064        0x0 c:/progra~2/gnutoo~1/50a5a~1.420/bin/../lib/gcc/arm-none-eabi/5.4.1/armv7e-m\libgcc.a(_arm_addsubdf3.o)
 .data          0x20000064        0x0 c:/progra~2/gnutoo~1/50a5a~1.420/bin/../lib/gcc/arm-none-eabi/5.4.1/armv7e-m\libgcc.a(_arm_cmpdf2.o)
 .data          0x20000064        0x0 C:\PROGRA~2\GNUTOO~1\50A5A~1.420\arm-none-eabi\lib\thumb\libc.a(lib_a-exit.o)
 .data          0x20000064        0x0 C:\PROGRA~2\GNUTOO~1\50A5A~1.420\arm-none-eabi\lib\thumb\libc.a(lib_a-impure.o)
 *fill*         0x20000064        0x4 
 .data.impure_data
                0x20000068      0x428 C:\PROGRA~2\GNUTOO~1\50A5A~1.420\arm-none-eabi\lib\thumb\libc.a(lib_a-impure.o)
 .data._impure_ptr
                0x20000490        0x4 C:\PROGRA~2\GNUTOO~1\50A5A~1.420\arm-none-eabi\lib\thumb\libc.a(lib_a-impure.o)
                0x20000490                _impure_ptr
 .data          0x20000494        0x0 C:\PROGRA~2\GNUTOO~1\50A5A~1.420\arm-none-eabi\lib\thumb\libc.a(lib_a-init.o)
 .data          0x20000494        0x0 C:\PROGRA~2\GNUTOO~1\50A5A~1.420\arm-none-eabi\lib\thumb\libc.a(lib_a-memset.o)
 .data          0x20000494        0x0 C:\PROGRA~2\GNUTOO~1\50A5A~1.420\arm-none-eabi\lib\thumb\libc.a(lib_a-__call_atexit.o)
 .data          0x20000494        0x0 C:\PROGRA~2\GNUTOO~1\50A5A~1.420\arm-none-eabi\lib\thumb\libc.a(lib_a-atexit.o)
 .data          0x20000494        0x0 C:\PROGRA~2\GNUTOO~1\50A5A~1.420\arm-none-eabi\lib\thumb\libc.a(lib_a-fini.o)
 .data          0x20000494        0x0 C:\PROGRA~2\GNUTOO~1\50A5A~1.420\arm-none-eabi\lib\thumb\libc.a(lib_a-__atexit.o)
 .data          0x20000494        0x0 c:/progra~2/gnutoo~1/50a5a~1.420/bin/../lib/gcc/arm-none-eabi/5.4.1/armv7e-m/crtend.o
 .data          0x20000494        0x0 c:/progra~2/gnutoo~1/50a5a~1.420/bin/../lib/gcc/arm-none-eabi/5.4.1/armv7e-m/crtn.o
                0x20000494                . = ALIGN (0x4)
                0x20000494                PROVIDE (__preinit_array_start, .)
 *(.preinit_array)
                0x20000494                PROVIDE (__preinit_array_end, .)
                0x20000494                . = ALIGN (0x4)
                0x20000494                PROVIDE (__init_array_start, .)
 *(SORT(.init_array.*))
 .init_array.00000
                0x20000494        0x4 C:\PROGRA~2\GNUTOO~1\50A5A~1.420\arm-none-eabi\lib\thumb\libc.a(lib_a-__call_atexit.o)
 *(.init_array)
 .init_array    0x20000498        0x4 c:/progra~2/gnutoo~1/50a5a~1.420/bin/../lib/gcc/arm-none-eabi/5.4.1/armv7e-m/crtbegin.o
                0x2000049c                PROVIDE (__init_array_end, .)
                0x2000049c                . = ALIGN (0x4)
                0x2000049c                PROVIDE (__fini_array_start, .)
 *(SORT(.fini_array.*))
 *(.fini_array)
 .fini_array    0x2000049c        0x4 c:/progra~2/gnutoo~1/50a5a~1.420/bin/../lib/gcc/arm-none-eabi/5.4.1/armv7e-m/crtbegin.o
                0x200004a0                PROVIDE (__fini_array_end, .)
 *(.jcr*)
 .jcr           0x200004a0        0x0 c:/progra~2/gnutoo~1/50a5a~1.420/bin/../lib/gcc/arm-none-eabi/5.4.1/armv7e-m/crtbegin.o
 .jcr           0x200004a0        0x4 c:/progra~2/gnutoo~1/50a5a~1.420/bin/../lib/gcc/arm-none-eabi/5.4.1/armv7e-m/crtend.o
                0x200004a4                . = ALIGN (0x4)
                0x200004a4                __data_end__ = .

.igot.plt       0x200004a4        0x0 load address 0x080058d8
 .igot.plt      0x200004a4        0x0 c:/progra~2/gnutoo~1/50a5a~1.420/bin/../lib/gcc/arm-none-eabi/5.4.1/armv7e-m/crtbegin.o

.bss            0x200004a8      0x160 load address 0x080058e0
                0x200004a8                . = ALIGN (0x4)
                0x200004a8                __bss_start__ = .
 *(.bss*)
 .bss           0x200004a8        0x0 c:/progra~2/gnutoo~1/50a5a~1.420/bin/../lib/gcc/arm-none-eabi/5.4.1/armv7e-m/crti.o
 .bss           0x200004a8       0x1c c:/progra~2/gnutoo~1/50a5a~1.420/bin/../lib/gcc/arm-none-eabi/5.4.1/armv7e-m/crtbegin.o
 .bss           0x200004c4        0x0 c:/progra~2/gnutoo~1/50a5a~1.420/bin/../lib/gcc/arm-none-eabi/5.4.1/../../../../arm-none-eabi/lib/armv7e-m/crt0.o
 *fill*         0x200004c4        0x4 
 .bss           0x200004c8       0x51 obj/code.o
                0x200004c8                PrescalerValue
                0x200004d0                led_ms
                0x20000510                led_flags
                0x20000518                sensor_mode
 *fill*         0x20000519        0x3 
 .bss           0x2000051c        0xc obj/eecfg.o
                0x2000051c                EE_cortex_mx_system_tos
                0x20000520                EE_cortex_mx_active_tos
                0x20000524                EE_sys_ceiling
 .bss           0x20000528        0x0 obj/pkg/mcu/st_stm32_stm32f4xx/src/startup_stm32f4xx_gnu.o
 .bss           0x20000528        0x0 obj/pkg/mcu/st_stm32_stm32f4xx/src/system_stm32f4xx.o
 .bss           0x20000528        0x0 libee.a(ee_hal_structs.o)
 .bss           0x20000528        0x0 libee.a(ee_utils.o)
 .bss           0x20000528        0x0 libee.a(ee_gnu_change_context_isr.o)
 .bss           0x20000528        0x0 libee.a(ee_irqsc.o)
 .bss           0x20000528        0x0 libee.a(ee_rqexchg.o)
 .bss           0x20000528        0x0 libee.a(ee_altick.o)
 .bss           0x20000528        0x0 libee.a(ee_alsetrel.o)
 .bss           0x20000528        0x0 libee.a(ee_gnu_multi_context.o)
 .bss           0x20000528        0x0 libee.a(ee_swait.o)
 .bss           0x20000528        0x0 libee.a(ee_spost.o)
 .bss           0x20000528        0x0 libee.a(ee_context.o)
 .bss           0x20000528        0x0 libee.a(ee_rqinsert.o)
 .bss           0x20000528        0x0 libee.a(ee_thendin.o)
 .bss           0x20000528        0x0 libstm32f4xxspd.a(stm32f4xx_exti.o)
 .bss           0x20000528        0x0 libstm32f4xxspd.a(stm32f4xx_gpio.o)
 .bss           0x20000528        0x0 libstm32f4xxspd.a(stm32f4xx_rcc.o)
 .bss           0x20000528        0x0 libstm32f4xxspd.a(stm32f4xx_syscfg.o)
 .bss           0x20000528        0x0 libstm32f4xxspd.a(stm32f4xx_tim.o)
 .bss           0x20000528        0x0 libstm32f4xxspd.a(misc.o)
 .bss           0x20000528        0x0 c:/progra~2/gnutoo~1/50a5a~1.420/bin/../lib/gcc/arm-none-eabi/5.4.1/armv7e-m\libgcc.a(_arm_addsubdf3.o)
 .bss           0x20000528        0x0 c:/progra~2/gnutoo~1/50a5a~1.420/bin/../lib/gcc/arm-none-eabi/5.4.1/armv7e-m\libgcc.a(_arm_cmpdf2.o)
 .bss           0x20000528        0x0 C:\PROGRA~2\GNUTOO~1\50A5A~1.420\arm-none-eabi\lib\thumb\libc.a(lib_a-exit.o)
 .bss           0x20000528        0x0 C:\PROGRA~2\GNUTOO~1\50A5A~1.420\arm-none-eabi\lib\thumb\libc.a(lib_a-impure.o)
 .bss           0x20000528        0x0 C:\PROGRA~2\GNUTOO~1\50A5A~1.420\arm-none-eabi\lib\thumb\libc.a(lib_a-init.o)
 .bss           0x20000528        0x0 C:\PROGRA~2\GNUTOO~1\50A5A~1.420\arm-none-eabi\lib\thumb\libc.a(lib_a-memset.o)
 .bss           0x20000528        0x0 C:\PROGRA~2\GNUTOO~1\50A5A~1.420\arm-none-eabi\lib\thumb\libc.a(lib_a-__call_atexit.o)
 .bss           0x20000528        0x0 C:\PROGRA~2\GNUTOO~1\50A5A~1.420\arm-none-eabi\lib\thumb\libc.a(lib_a-atexit.o)
 .bss           0x20000528        0x0 C:\PROGRA~2\GNUTOO~1\50A5A~1.420\arm-none-eabi\lib\thumb\libc.a(lib_a-fini.o)
 .bss           0x20000528        0x0 C:\PROGRA~2\GNUTOO~1\50A5A~1.420\arm-none-eabi\lib\thumb\libc.a(lib_a-__atexit.o)
 .bss           0x20000528        0x0 c:/progra~2/gnutoo~1/50a5a~1.420/bin/../lib/gcc/arm-none-eabi/5.4.1/armv7e-m/crtend.o
 .bss           0x20000528        0x0 c:/progra~2/gnutoo~1/50a5a~1.420/bin/../lib/gcc/arm-none-eabi/5.4.1/armv7e-m/crtn.o
 *(COMMON)
 COMMON         0x20000528       0xb8 obj/code.o
                0x20000528                TIM_TimeBaseStructure
                0x20000538                reference_time
                0x20000540                GPIO_InitStructure_LightSensors
                0x20000580                sensor_up_time
                0x20000588                TIM_OCInitStructure
                0x200005a0                delta_sensor
 COMMON         0x200005e0       0x20 obj/eecfg.o
                0x200005e0                EE_alarm_RAM
                0x200005f8                EE_th_nact
 COMMON         0x20000600        0x8 libee.a(ee_hal_structs.o)
                0x20000600                EE_IRQ_nesting_level
                0x20000604                EE_std_endcycle_next_tid
                0x20000608                . = ALIGN (0x4)
                0x20000608                __bss_end__ = .

.heap           0x20000608      0x100
                0x20000608                __end__ = .
                0x20000608                end = __end__
 *(.heap*)
 .heap          0x20000608      0x100 obj/pkg/mcu/st_stm32_stm32f4xx/src/startup_stm32f4xx_gnu.o
                0x20000608                __HeapBase
                0x20000708                __HeapLimit = .

.stack_dummy    0x20000608      0xc00
 *(.stack*)
 .stack         0x20000608      0xc00 obj/pkg/mcu/st_stm32_stm32f4xx/src/startup_stm32f4xx_gnu.o
                0x20020000                __StackTop = (ORIGIN (RAM) + LENGTH (RAM))
                0x2001f400                __StackLimit = (__StackTop - SIZEOF (.stack_dummy))
                0x20020000                PROVIDE (__stack, __StackTop)
                0x00000001                ASSERT ((__StackLimit >= __HeapLimit), region RAM overflowed with stack)
                0x10000000                __CcmOrigin = ORIGIN (CCM)
                0x00010000                __CcmLen = LENGTH (CCM)
START GROUP
LOAD c:/progra~2/gnutoo~1/50a5a~1.420/bin/../lib/gcc/arm-none-eabi/5.4.1/armv7e-m\libgcc.a
LOAD C:\PROGRA~2\GNUTOO~1\50A5A~1.420\arm-none-eabi\lib\thumb\libg.a
LOAD C:\PROGRA~2\GNUTOO~1\50A5A~1.420\arm-none-eabi\lib\thumb\libc.a
END GROUP
LOAD c:/progra~2/gnutoo~1/50a5a~1.420/bin/../lib/gcc/arm-none-eabi/5.4.1/armv7e-m/crtend.o
LOAD c:/progra~2/gnutoo~1/50a5a~1.420/bin/../lib/gcc/arm-none-eabi/5.4.1/armv7e-m/crtn.o
OUTPUT(c_mX.elf elf32-littlearm)

.ARM.attributes
                0x00000000       0x2c
 .ARM.attributes
                0x00000000       0x1e c:/progra~2/gnutoo~1/50a5a~1.420/bin/../lib/gcc/arm-none-eabi/5.4.1/armv7e-m/crti.o
 .ARM.attributes
                0x0000001e       0x2e c:/progra~2/gnutoo~1/50a5a~1.420/bin/../lib/gcc/arm-none-eabi/5.4.1/armv7e-m/crtbegin.o
 .ARM.attributes
                0x0000004c       0x1c c:/progra~2/gnutoo~1/50a5a~1.420/bin/../lib/gcc/arm-none-eabi/5.4.1/../../../../arm-none-eabi/lib/armv7e-m/crt0.o
 .ARM.attributes
                0x00000068       0x33 obj/code.o
 .ARM.attributes
                0x0000009b       0x33 obj/eecfg.o
 .ARM.attributes
                0x000000ce       0x1c obj/pkg/mcu/st_stm32_stm32f4xx/src/startup_stm32f4xx_gnu.o
 .ARM.attributes
                0x000000ea       0x33 obj/pkg/mcu/st_stm32_stm32f4xx/src/system_stm32f4xx.o
 .ARM.attributes
                0x0000011d       0x33 libee.a(ee_hal_structs.o)
 .ARM.attributes
                0x00000150       0x33 libee.a(ee_utils.o)
 .ARM.attributes
                0x00000183       0x21 libee.a(ee_gnu_change_context_isr.o)
 .ARM.attributes
                0x000001a4       0x33 libee.a(ee_irqsc.o)
 .ARM.attributes
                0x000001d7       0x33 libee.a(ee_rqexchg.o)
 .ARM.attributes
                0x0000020a       0x33 libee.a(ee_altick.o)
 .ARM.attributes
                0x0000023d       0x33 libee.a(ee_alsetrel.o)
 .ARM.attributes
                0x00000270       0x21 libee.a(ee_gnu_multi_context.o)
 .ARM.attributes
                0x00000291       0x33 libee.a(ee_swait.o)
 .ARM.attributes
                0x000002c4       0x33 libee.a(ee_spost.o)
 .ARM.attributes
                0x000002f7       0x33 libee.a(ee_context.o)
 .ARM.attributes
                0x0000032a       0x33 libee.a(ee_rqinsert.o)
 .ARM.attributes
                0x0000035d       0x33 libee.a(ee_thendin.o)
 .ARM.attributes
                0x00000390       0x33 libstm32f4xxspd.a(stm32f4xx_exti.o)
 .ARM.attributes
                0x000003c3       0x33 libstm32f4xxspd.a(stm32f4xx_gpio.o)
 .ARM.attributes
                0x000003f6       0x33 libstm32f4xxspd.a(stm32f4xx_rcc.o)
 .ARM.attributes
                0x00000429       0x33 libstm32f4xxspd.a(stm32f4xx_syscfg.o)
 .ARM.attributes
                0x0000045c       0x33 libstm32f4xxspd.a(stm32f4xx_tim.o)
 .ARM.attributes
                0x0000048f       0x33 libstm32f4xxspd.a(misc.o)
 .ARM.attributes
                0x000004c2       0x1e c:/progra~2/gnutoo~1/50a5a~1.420/bin/../lib/gcc/arm-none-eabi/5.4.1/armv7e-m\libgcc.a(_arm_addsubdf3.o)
 .ARM.attributes
                0x000004e0       0x1e c:/progra~2/gnutoo~1/50a5a~1.420/bin/../lib/gcc/arm-none-eabi/5.4.1/armv7e-m\libgcc.a(_arm_cmpdf2.o)
 .ARM.attributes
                0x000004fe       0x30 C:\PROGRA~2\GNUTOO~1\50A5A~1.420\arm-none-eabi\lib\thumb\libc.a(lib_a-exit.o)
 .ARM.attributes
                0x0000052e       0x30 C:\PROGRA~2\GNUTOO~1\50A5A~1.420\arm-none-eabi\lib\thumb\libc.a(lib_a-impure.o)
 .ARM.attributes
                0x0000055e       0x30 C:\PROGRA~2\GNUTOO~1\50A5A~1.420\arm-none-eabi\lib\thumb\libc.a(lib_a-init.o)
 .ARM.attributes
                0x0000058e       0x30 C:\PROGRA~2\GNUTOO~1\50A5A~1.420\arm-none-eabi\lib\thumb\libc.a(lib_a-memset.o)
 .ARM.attributes
                0x000005be       0x30 C:\PROGRA~2\GNUTOO~1\50A5A~1.420\arm-none-eabi\lib\thumb\libc.a(lib_a-__call_atexit.o)
 .ARM.attributes
                0x000005ee       0x30 C:\PROGRA~2\GNUTOO~1\50A5A~1.420\arm-none-eabi\lib\thumb\libc.a(lib_a-atexit.o)
 .ARM.attributes
                0x0000061e       0x30 C:\PROGRA~2\GNUTOO~1\50A5A~1.420\arm-none-eabi\lib\thumb\libc.a(lib_a-fini.o)
 .ARM.attributes
                0x0000064e       0x30 C:\PROGRA~2\GNUTOO~1\50A5A~1.420\arm-none-eabi\lib\thumb\libc.a(lib_a-__atexit.o)
 .ARM.attributes
                0x0000067e       0x2e c:/progra~2/gnutoo~1/50a5a~1.420/bin/../lib/gcc/arm-none-eabi/5.4.1/armv7e-m/crtend.o
 .ARM.attributes
                0x000006ac       0x1e c:/progra~2/gnutoo~1/50a5a~1.420/bin/../lib/gcc/arm-none-eabi/5.4.1/armv7e-m/crtn.o

.comment        0x00000000       0x6e
 .comment       0x00000000       0x6e obj/code.o
                                 0x6f (size before relaxing)
 .comment       0x0000006e       0x6f obj/eecfg.o
 .comment       0x0000006e       0x6f obj/pkg/mcu/st_stm32_stm32f4xx/src/system_stm32f4xx.o
 .comment       0x0000006e       0x6f libee.a(ee_hal_structs.o)
 .comment       0x0000006e       0x6f libee.a(ee_utils.o)
 .comment       0x0000006e       0x6f libee.a(ee_irqsc.o)
 .comment       0x0000006e       0x6f libee.a(ee_rqexchg.o)
 .comment       0x0000006e       0x6f libee.a(ee_altick.o)
 .comment       0x0000006e       0x6f libee.a(ee_alsetrel.o)
 .comment       0x0000006e       0x6f libee.a(ee_swait.o)
 .comment       0x0000006e       0x6f libee.a(ee_spost.o)
 .comment       0x0000006e       0x6f libee.a(ee_context.o)
 .comment       0x0000006e       0x6f libee.a(ee_rqinsert.o)
 .comment       0x0000006e       0x6f libee.a(ee_thendin.o)
 .comment       0x0000006e       0x6f libstm32f4xxspd.a(stm32f4xx_exti.o)
 .comment       0x0000006e       0x6f libstm32f4xxspd.a(stm32f4xx_gpio.o)
 .comment       0x0000006e       0x6f libstm32f4xxspd.a(stm32f4xx_rcc.o)
 .comment       0x0000006e       0x6f libstm32f4xxspd.a(stm32f4xx_syscfg.o)
 .comment       0x0000006e       0x6f libstm32f4xxspd.a(stm32f4xx_tim.o)
 .comment       0x0000006e       0x6f libstm32f4xxspd.a(misc.o)

.debug_info     0x00000000     0x72ee
 .debug_info    0x00000000     0x1020 obj/code.o
 .debug_info    0x00001020      0x3d8 obj/eecfg.o
 .debug_info    0x000013f8       0xd7 obj/pkg/mcu/st_stm32_stm32f4xx/src/startup_stm32f4xx_gnu.o
 .debug_info    0x000014cf      0x5c5 obj/pkg/mcu/st_stm32_stm32f4xx/src/system_stm32f4xx.o
 .debug_info    0x00001a94      0x15c libee.a(ee_hal_structs.o)
 .debug_info    0x00001bf0      0x23e libee.a(ee_utils.o)
 .debug_info    0x00001e2e       0xd6 libee.a(ee_gnu_change_context_isr.o)
 .debug_info    0x00001f04      0x28b libee.a(ee_irqsc.o)
 .debug_info    0x0000218f      0x178 libee.a(ee_rqexchg.o)
 .debug_info    0x00002307      0x3f7 libee.a(ee_altick.o)
 .debug_info    0x000026fe      0x2d1 libee.a(ee_alsetrel.o)
 .debug_info    0x000029cf       0xd1 libee.a(ee_gnu_multi_context.o)
 .debug_info    0x00002aa0      0x41f libee.a(ee_swait.o)
 .debug_info    0x00002ebf      0x356 libee.a(ee_spost.o)
 .debug_info    0x00003215      0x21c libee.a(ee_context.o)
 .debug_info    0x00003431      0x1b8 libee.a(ee_rqinsert.o)
 .debug_info    0x000035e9      0x2fb libee.a(ee_thendin.o)
 .debug_info    0x000038e4      0x357 libstm32f4xxspd.a(stm32f4xx_exti.o)
 .debug_info    0x00003c3b      0x61d libstm32f4xxspd.a(stm32f4xx_gpio.o)
 .debug_info    0x00004258      0xc63 libstm32f4xxspd.a(stm32f4xx_rcc.o)
 .debug_info    0x00004ebb      0x274 libstm32f4xxspd.a(stm32f4xx_syscfg.o)
 .debug_info    0x0000512f     0x1c69 libstm32f4xxspd.a(stm32f4xx_tim.o)
 .debug_info    0x00006d98      0x556 libstm32f4xxspd.a(misc.o)

.debug_abbrev   0x00000000     0x1bf6
 .debug_abbrev  0x00000000      0x2e8 obj/code.o
 .debug_abbrev  0x000002e8       0xf9 obj/eecfg.o
 .debug_abbrev  0x000003e1       0x12 obj/pkg/mcu/st_stm32_stm32f4xx/src/startup_stm32f4xx_gnu.o
 .debug_abbrev  0x000003f3      0x138 obj/pkg/mcu/st_stm32_stm32f4xx/src/system_stm32f4xx.o
 .debug_abbrev  0x0000052b       0x9b libee.a(ee_hal_structs.o)
 .debug_abbrev  0x000005c6      0x15b libee.a(ee_utils.o)
 .debug_abbrev  0x00000721       0x14 libee.a(ee_gnu_change_context_isr.o)
 .debug_abbrev  0x00000735      0x139 libee.a(ee_irqsc.o)
 .debug_abbrev  0x0000086e       0xb5 libee.a(ee_rqexchg.o)
 .debug_abbrev  0x00000923      0x1c6 libee.a(ee_altick.o)
 .debug_abbrev  0x00000ae9      0x168 libee.a(ee_alsetrel.o)
 .debug_abbrev  0x00000c51       0x14 libee.a(ee_gnu_multi_context.o)
 .debug_abbrev  0x00000c65      0x1a1 libee.a(ee_swait.o)
 .debug_abbrev  0x00000e06      0x187 libee.a(ee_spost.o)
 .debug_abbrev  0x00000f8d      0x122 libee.a(ee_context.o)
 .debug_abbrev  0x000010af       0xd8 libee.a(ee_rqinsert.o)
 .debug_abbrev  0x00001187      0x137 libee.a(ee_thendin.o)
 .debug_abbrev  0x000012be      0x1a9 libstm32f4xxspd.a(stm32f4xx_exti.o)
 .debug_abbrev  0x00001467      0x1a7 libstm32f4xxspd.a(stm32f4xx_gpio.o)
 .debug_abbrev  0x0000160e      0x1e5 libstm32f4xxspd.a(stm32f4xx_rcc.o)
 .debug_abbrev  0x000017f3      0x133 libstm32f4xxspd.a(stm32f4xx_syscfg.o)
 .debug_abbrev  0x00001926      0x189 libstm32f4xxspd.a(stm32f4xx_tim.o)
 .debug_abbrev  0x00001aaf      0x147 libstm32f4xxspd.a(misc.o)

.debug_aranges  0x00000000      0x2f0
 .debug_aranges
                0x00000000       0x20 obj/code.o
 .debug_aranges
                0x00000020       0x20 obj/eecfg.o
 .debug_aranges
                0x00000040       0x30 obj/pkg/mcu/st_stm32_stm32f4xx/src/startup_stm32f4xx_gnu.o
 .debug_aranges
                0x00000070       0x20 obj/pkg/mcu/st_stm32_stm32f4xx/src/system_stm32f4xx.o
 .debug_aranges
                0x00000090       0x20 libee.a(ee_hal_structs.o)
 .debug_aranges
                0x000000b0       0x20 libee.a(ee_utils.o)
 .debug_aranges
                0x000000d0       0x20 libee.a(ee_gnu_change_context_isr.o)
 .debug_aranges
                0x000000f0       0x20 libee.a(ee_irqsc.o)
 .debug_aranges
                0x00000110       0x20 libee.a(ee_rqexchg.o)
 .debug_aranges
                0x00000130       0x20 libee.a(ee_altick.o)
 .debug_aranges
                0x00000150       0x20 libee.a(ee_alsetrel.o)
 .debug_aranges
                0x00000170       0x20 libee.a(ee_gnu_multi_context.o)
 .debug_aranges
                0x00000190       0x20 libee.a(ee_swait.o)
 .debug_aranges
                0x000001b0       0x20 libee.a(ee_spost.o)
 .debug_aranges
                0x000001d0       0x20 libee.a(ee_context.o)
 .debug_aranges
                0x000001f0       0x20 libee.a(ee_rqinsert.o)
 .debug_aranges
                0x00000210       0x20 libee.a(ee_thendin.o)
 .debug_aranges
                0x00000230       0x20 libstm32f4xxspd.a(stm32f4xx_exti.o)
 .debug_aranges
                0x00000250       0x20 libstm32f4xxspd.a(stm32f4xx_gpio.o)
 .debug_aranges
                0x00000270       0x20 libstm32f4xxspd.a(stm32f4xx_rcc.o)
 .debug_aranges
                0x00000290       0x20 libstm32f4xxspd.a(stm32f4xx_syscfg.o)
 .debug_aranges
                0x000002b0       0x20 libstm32f4xxspd.a(stm32f4xx_tim.o)
 .debug_aranges
                0x000002d0       0x20 libstm32f4xxspd.a(misc.o)

.debug_line     0x00000000     0x3d64
 .debug_line    0x00000000      0x6e4 obj/code.o
 .debug_line    0x000006e4      0x19d obj/eecfg.o
 .debug_line    0x00000881       0xe6 obj/pkg/mcu/st_stm32_stm32f4xx/src/startup_stm32f4xx_gnu.o
 .debug_line    0x00000967      0x27f obj/pkg/mcu/st_stm32_stm32f4xx/src/system_stm32f4xx.o
 .debug_line    0x00000be6      0x1bf libee.a(ee_hal_structs.o)
 .debug_line    0x00000da5      0x201 libee.a(ee_utils.o)
 .debug_line    0x00000fa6       0xe5 libee.a(ee_gnu_change_context_isr.o)
 .debug_line    0x0000108b      0x235 libee.a(ee_irqsc.o)
 .debug_line    0x000012c0      0x1e9 libee.a(ee_rqexchg.o)
 .debug_line    0x000014a9      0x2c5 libee.a(ee_altick.o)
 .debug_line    0x0000176e      0x27b libee.a(ee_alsetrel.o)
 .debug_line    0x000019e9       0xd3 libee.a(ee_gnu_multi_context.o)
 .debug_line    0x00001abc      0x2f5 libee.a(ee_swait.o)
 .debug_line    0x00001db1      0x2b3 libee.a(ee_spost.o)
 .debug_line    0x00002064      0x213 libee.a(ee_context.o)
 .debug_line    0x00002277      0x1f7 libee.a(ee_rqinsert.o)
 .debug_line    0x0000246e      0x26d libee.a(ee_thendin.o)
 .debug_line    0x000026db      0x300 libstm32f4xxspd.a(stm32f4xx_exti.o)
 .debug_line    0x000029db      0x36d libstm32f4xxspd.a(stm32f4xx_gpio.o)
 .debug_line    0x00002d48      0x431 libstm32f4xxspd.a(stm32f4xx_rcc.o)
 .debug_line    0x00003179      0x251 libstm32f4xxspd.a(stm32f4xx_syscfg.o)
 .debug_line    0x000033ca      0x6d6 libstm32f4xxspd.a(stm32f4xx_tim.o)
 .debug_line    0x00003aa0      0x2c4 libstm32f4xxspd.a(misc.o)

.debug_str      0x00000000     0x2ff9
 .debug_str     0x00000000      0xf8a obj/code.o
                               0x1019 (size before relaxing)
 .debug_str     0x00000f8a      0x1b9 obj/eecfg.o
                                0x373 (size before relaxing)
 .debug_str     0x00001143      0x201 obj/pkg/mcu/st_stm32_stm32f4xx/src/system_stm32f4xx.o
                                0x3d8 (size before relaxing)
 .debug_str     0x00001344       0x65 libee.a(ee_hal_structs.o)
                                0x221 (size before relaxing)
 .debug_str     0x000013a9       0xd1 libee.a(ee_utils.o)
                                0x293 (size before relaxing)
 .debug_str     0x0000147a       0xc8 libee.a(ee_irqsc.o)
                                0x2c5 (size before relaxing)
 .debug_str     0x00001542       0x78 libee.a(ee_rqexchg.o)
                                0x234 (size before relaxing)
 .debug_str     0x000015ba      0x104 libee.a(ee_altick.o)
                                0x3bf (size before relaxing)
 .debug_str     0x000016be       0x7a libee.a(ee_alsetrel.o)
                                0x30f (size before relaxing)
 .debug_str     0x00001738       0xb8 libee.a(ee_swait.o)
                                0x375 (size before relaxing)
 .debug_str     0x000017f0       0x95 libee.a(ee_spost.o)
                                0x355 (size before relaxing)
 .debug_str     0x00001885       0x99 libee.a(ee_context.o)
                                0x2ae (size before relaxing)
 .debug_str     0x0000191e       0x6e libee.a(ee_rqinsert.o)
                                0x240 (size before relaxing)
 .debug_str     0x0000198c       0x77 libee.a(ee_thendin.o)
                                0x2ed (size before relaxing)
 .debug_str     0x00001a03      0x139 libstm32f4xxspd.a(stm32f4xx_exti.o)
                                0x38c (size before relaxing)
 .debug_str     0x00001b3c      0x1ca libstm32f4xxspd.a(stm32f4xx_gpio.o)
                                0x4d6 (size before relaxing)
 .debug_str     0x00001d06      0x5ab libstm32f4xxspd.a(stm32f4xx_rcc.o)
                                0x883 (size before relaxing)
 .debug_str     0x000022b1      0x195 libstm32f4xxspd.a(stm32f4xx_syscfg.o)
                                0x327 (size before relaxing)
 .debug_str     0x00002446      0xa30 libstm32f4xxspd.a(stm32f4xx_tim.o)
                                0xe03 (size before relaxing)
 .debug_str     0x00002e76      0x183 libstm32f4xxspd.a(misc.o)
                                0x401 (size before relaxing)

.debug_frame    0x00000000     0x25fc
 .debug_frame   0x00000000      0x36c obj/code.o
 .debug_frame   0x0000036c       0x60 obj/eecfg.o
 .debug_frame   0x000003cc       0x7c obj/pkg/mcu/st_stm32_stm32f4xx/src/system_stm32f4xx.o
 .debug_frame   0x00000448       0x60 libee.a(ee_hal_structs.o)
 .debug_frame   0x000004a8       0x88 libee.a(ee_utils.o)
 .debug_frame   0x00000530       0x88 libee.a(ee_irqsc.o)
 .debug_frame   0x000005b8       0x88 libee.a(ee_rqexchg.o)
 .debug_frame   0x00000640       0xb4 libee.a(ee_altick.o)
 .debug_frame   0x000006f4       0x88 libee.a(ee_alsetrel.o)
 .debug_frame   0x0000077c       0x88 libee.a(ee_swait.o)
 .debug_frame   0x00000804       0x88 libee.a(ee_spost.o)
 .debug_frame   0x0000088c       0x84 libee.a(ee_context.o)
 .debug_frame   0x00000910       0x88 libee.a(ee_rqinsert.o)
 .debug_frame   0x00000998       0x88 libee.a(ee_thendin.o)
 .debug_frame   0x00000a20      0x148 libstm32f4xxspd.a(stm32f4xx_exti.o)
 .debug_frame   0x00000b68      0x23c libstm32f4xxspd.a(stm32f4xx_gpio.o)
 .debug_frame   0x00000da4      0x6d4 libstm32f4xxspd.a(stm32f4xx_rcc.o)
 .debug_frame   0x00001478       0xf4 libstm32f4xxspd.a(stm32f4xx_syscfg.o)
 .debug_frame   0x0000156c      0xe54 libstm32f4xxspd.a(stm32f4xx_tim.o)
 .debug_frame   0x000023c0       0xd8 libstm32f4xxspd.a(misc.o)
 .debug_frame   0x00002498       0x28 C:\PROGRA~2\GNUTOO~1\50A5A~1.420\arm-none-eabi\lib\thumb\libc.a(lib_a-exit.o)
 .debug_frame   0x000024c0       0x2c C:\PROGRA~2\GNUTOO~1\50A5A~1.420\arm-none-eabi\lib\thumb\libc.a(lib_a-init.o)
 .debug_frame   0x000024ec       0x2c C:\PROGRA~2\GNUTOO~1\50A5A~1.420\arm-none-eabi\lib\thumb\libc.a(lib_a-memset.o)
 .debug_frame   0x00002518       0x54 C:\PROGRA~2\GNUTOO~1\50A5A~1.420\arm-none-eabi\lib\thumb\libc.a(lib_a-__call_atexit.o)
 .debug_frame   0x0000256c       0x28 C:\PROGRA~2\GNUTOO~1\50A5A~1.420\arm-none-eabi\lib\thumb\libc.a(lib_a-atexit.o)
 .debug_frame   0x00002594       0x2c C:\PROGRA~2\GNUTOO~1\50A5A~1.420\arm-none-eabi\lib\thumb\libc.a(lib_a-fini.o)
 .debug_frame   0x000025c0       0x3c C:\PROGRA~2\GNUTOO~1\50A5A~1.420\arm-none-eabi\lib\thumb\libc.a(lib_a-__atexit.o)

.debug_ranges   0x00000000       0x58
 .debug_ranges  0x00000000       0x28 obj/pkg/mcu/st_stm32_stm32f4xx/src/startup_stm32f4xx_gnu.o
 .debug_ranges  0x00000028       0x18 libee.a(ee_irqsc.o)
 .debug_ranges  0x00000040       0x18 libee.a(ee_thendin.o)
