Archive member included to satisfy reference by file (symbol)

libee.a(ee_hal_structs.o)     obj/code.o (EE_IRQ_nesting_level)
libee.a(ee_utils.o)           obj/code.o (EE_system_init)
libee.a(ee_gnu_change_context_isr.o)
                              obj/code.o (EE_switch_context)
libee.a(ee_gnu_multi_context.o)
                              libee.a(ee_gnu_change_context_isr.o) (EE_cortex_mx_change_context)
libee.a(ee_altick.o)          obj/code.o (EE_alarm_CounterTick)
libee.a(ee_alsetrel.o)        obj/code.o (EE_alarm_SetRelAlarm)
libee.a(ee_irqsc.o)           libee.a(ee_gnu_change_context_isr.o) (EE_IRQ_end_instance)
libee.a(ee_rqexchg.o)         libee.a(ee_irqsc.o) (EE_rq2stk_exchange)
libee.a(ee_rqinsert.o)        libee.a(ee_altick.o) (EE_rq_insert)
libee.a(ee_swait.o)           obj/code.o (EE_sem_WaitSem)
libee.a(ee_spost.o)           obj/code.o (EE_sem_PostSem)
libee.a(ee_context.o)         libee.a(ee_gnu_multi_context.o) (EE_std_run_task_code)
libee.a(ee_context.o)         libee.a(ee_gnu_change_context_isr.o) (EE_std_need_context_change)
libee.a(ee_thendin.o)         libee.a(ee_context.o) (EE_thread_end_instance)
libstm32f4discovery.a(stm32f4_discovery.o)
                              obj/code.o (STM_EVAL_COMInit)
libstm32f4xxspd.a(stm32f4xx_exti.o)
                              obj/code.o (EXTI_Init)
libstm32f4xxspd.a(stm32f4xx_gpio.o)
                              obj/code.o (GPIO_Init)
libstm32f4xxspd.a(stm32f4xx_rcc.o)
                              obj/code.o (RCC_AHB1PeriphClockCmd)
libstm32f4xxspd.a(stm32f4xx_syscfg.o)
                              obj/code.o (SYSCFG_EXTILineConfig)
libstm32f4xxspd.a(stm32f4xx_tim.o)
                              obj/code.o (TIM_TimeBaseInit)
libstm32f4xxspd.a(stm32f4xx_usart.o)
                              libstm32f4discovery.a(stm32f4_discovery.o) (USART_Init)
libstm32f4xxspd.a(misc.o)     obj/code.o (NVIC_Init)
c:/progra~2/gnutoo~1/50a5a~1.420/bin/../lib/gcc/arm-none-eabi/5.4.1/armv7e-m\libgcc.a(_arm_addsubdf3.o)
                              obj/code.o (__aeabi_dsub)
c:/progra~2/gnutoo~1/50a5a~1.420/bin/../lib/gcc/arm-none-eabi/5.4.1/armv7e-m\libgcc.a(_arm_cmpdf2.o)
                              obj/code.o (__aeabi_dcmpge)
C:\PROGRA~2\GNUTOO~1\50A5A~1.420\arm-none-eabi\lib\thumb\libc.a(lib_a-exit.o)
                              c:/progra~2/gnutoo~1/50a5a~1.420/bin/../lib/gcc/arm-none-eabi/5.4.1/../../../../arm-none-eabi/lib/armv7e-m/crt0.o (exit)
C:\PROGRA~2\GNUTOO~1\50A5A~1.420\arm-none-eabi\lib\thumb\libc.a(lib_a-impure.o)
                              C:\PROGRA~2\GNUTOO~1\50A5A~1.420\arm-none-eabi\lib\thumb\libc.a(lib_a-exit.o) (_global_impure_ptr)
C:\PROGRA~2\GNUTOO~1\50A5A~1.420\arm-none-eabi\lib\thumb\libc.a(lib_a-init.o)
                              c:/progra~2/gnutoo~1/50a5a~1.420/bin/../lib/gcc/arm-none-eabi/5.4.1/../../../../arm-none-eabi/lib/armv7e-m/crt0.o (__libc_init_array)
C:\PROGRA~2\GNUTOO~1\50A5A~1.420\arm-none-eabi\lib\thumb\libc.a(lib_a-memset.o)
                              c:/progra~2/gnutoo~1/50a5a~1.420/bin/../lib/gcc/arm-none-eabi/5.4.1/../../../../arm-none-eabi/lib/armv7e-m/crt0.o (memset)
C:\PROGRA~2\GNUTOO~1\50A5A~1.420\arm-none-eabi\lib\thumb\libc.a(lib_a-sprintf.o)
                              obj/code.o (sprintf)
C:\PROGRA~2\GNUTOO~1\50A5A~1.420\arm-none-eabi\lib\thumb\libc.a(lib_a-svfprintf.o)
                              C:\PROGRA~2\GNUTOO~1\50A5A~1.420\arm-none-eabi\lib\thumb\libc.a(lib_a-sprintf.o) (_svfprintf_r)
C:\PROGRA~2\GNUTOO~1\50A5A~1.420\arm-none-eabi\lib\thumb\libc.a(lib_a-__call_atexit.o)
                              C:\PROGRA~2\GNUTOO~1\50A5A~1.420\arm-none-eabi\lib\thumb\libc.a(lib_a-exit.o) (__call_exitprocs)
C:\PROGRA~2\GNUTOO~1\50A5A~1.420\arm-none-eabi\lib\thumb\libc.a(lib_a-atexit.o)
                              C:\PROGRA~2\GNUTOO~1\50A5A~1.420\arm-none-eabi\lib\thumb\libc.a(lib_a-__call_atexit.o) (atexit)
C:\PROGRA~2\GNUTOO~1\50A5A~1.420\arm-none-eabi\lib\thumb\libc.a(lib_a-dtoa.o)
                              C:\PROGRA~2\GNUTOO~1\50A5A~1.420\arm-none-eabi\lib\thumb\libc.a(lib_a-svfprintf.o) (_dtoa_r)
C:\PROGRA~2\GNUTOO~1\50A5A~1.420\arm-none-eabi\lib\thumb\libc.a(lib_a-fini.o)
                              C:\PROGRA~2\GNUTOO~1\50A5A~1.420\arm-none-eabi\lib\thumb\libc.a(lib_a-__call_atexit.o) (__libc_fini_array)
C:\PROGRA~2\GNUTOO~1\50A5A~1.420\arm-none-eabi\lib\thumb\libc.a(lib_a-localeconv.o)
                              C:\PROGRA~2\GNUTOO~1\50A5A~1.420\arm-none-eabi\lib\thumb\libc.a(lib_a-svfprintf.o) (_localeconv_r)
C:\PROGRA~2\GNUTOO~1\50A5A~1.420\arm-none-eabi\lib\thumb\libc.a(lib_a-mallocr.o)
                              C:\PROGRA~2\GNUTOO~1\50A5A~1.420\arm-none-eabi\lib\thumb\libc.a(lib_a-svfprintf.o) (_malloc_r)
C:\PROGRA~2\GNUTOO~1\50A5A~1.420\arm-none-eabi\lib\thumb\libc.a(lib_a-memchr-stub.o)
                              C:\PROGRA~2\GNUTOO~1\50A5A~1.420\arm-none-eabi\lib\thumb\libc.a(lib_a-svfprintf.o) (memchr)
[...]
Memory Configuration

Name             Origin             Length             Attributes
FLASH            0x08000000         0x00100000         xr
RAM              0x20000000         0x00020000         xrw
CCM              0x10000000         0x00010000         xrw
MEMORY_B1        0x60000000         0x00000000         xr
*default*        0x00000000         0xffffffff

Linker script and memory map

LOAD c:/progra~2/gnutoo~1/50a5a~1.420/bin/../lib/gcc/arm-none-eabi/5.4.1/armv7e-m/crti.o
LOAD c:/progra~2/gnutoo~1/50a5a~1.420/bin/../lib/gcc/arm-none-eabi/5.4.1/armv7e-m/crtbegin.o
LOAD c:/progra~2/gnutoo~1/50a5a~1.420/bin/../lib/gcc/arm-none-eabi/5.4.1/../../../../arm-none-eabi/lib/armv7e-m/crt0.o
LOAD obj/code.o
LOAD obj/eecfg.o
LOAD obj/pkg/mcu/st_stm32_stm32f4xx/src/startup_stm32f4xx_gnu.o
LOAD obj/pkg/mcu/st_stm32_stm32f4xx/src/system_stm32f4xx.o
LOAD libee.a
LOAD libstm32f4discovery.a
LOAD libstm32f4xxspd.a
START GROUP
LOAD c:/progra~2/gnutoo~1/50a5a~1.420/bin/../lib/gcc/arm-none-eabi/5.4.1/armv7e-m\libgcc.a
LOAD C:\PROGRA~2\GNUTOO~1\50A5A~1.420\arm-none-eabi\lib\thumb\libc.a
LOAD C:\PROGRA~2\GNUTOO~1\50A5A~1.420\arm-none-eabi\lib\thumb\libm.a
LOAD C:\PROGRA~2\GNUTOO~1\50A5A~1.420\arm-none-eabi\lib\thumb\libnosys.a
END GROUP

.text           0x08000000     0xc4fc
 *(.isr_vector)
 .isr_vector    0x08000000      0x188 obj/pkg/mcu/st_stm32_stm32f4xx/src/startup_stm32f4xx_gnu.o
                0x08000000                __isr_vector
 *(.text*)
 .text          0x08000188        0x0 c:/progra~2/gnutoo~1/50a5a~1.420/bin/../lib/gcc/arm-none-eabi/5.4.1/armv7e-m/crti.o
 .text          0x08000188       0x5c c:/progra~2/gnutoo~1/50a5a~1.420/bin/../lib/gcc/arm-none-eabi/5.4.1/armv7e-m/crtbegin.o
 .text          0x080001e4       0x74 c:/progra~2/gnutoo~1/50a5a~1.420/bin/../lib/gcc/arm-none-eabi/5.4.1/../../../../arm-none-eabi/lib/armv7e-m/crt0.o
                0x080001e4                _start
                0x080001e4                _mainCRTStartup
 .text          0x08000258      0xdcc obj/code.o
                0x0800028c                console_out
                0x080002dc                breakleft
                0x080002f4                folleleft
                0x0800030c                forwardleft
                0x0800032c                backwardleft
                0x0800034c                breakright
                0x08000364                folleright
                0x0800037c                forwardright
                0x0800039c                backwardright
                0x080003bc                EnableMotors
                0x080003d4                DisableMotors
                0x080003ec                InitMotors
                0x08000434                InitLineSensor
                0x080005c0                read_task_init
                0x080006e0                EXTI1_IRQHandler
                0x0800072c                EXTI3_IRQHandler
                0x08000780                EXTI4_IRQHandler
                0x080007cc                EXTI9_5_IRQHandler
                0x08000888                EXTI15_10_IRQHandler
                0x08000910                systick_handler
                0x080009cc                ISR2_systick_handler
                0x080009dc                PWM_Config_and_En
                0x08000ae4                InitDataStruct
                0x08000b20                FuncCheckRead
                0x08000e1c                FuncTaskMotorControl
                0x08000f1c                main
 .text          0x08001024       0x34 obj/eecfg.o
 .text          0x08001058        0x0 obj/pkg/mcu/st_stm32_stm32f4xx/src/startup_stm32f4xx_gnu.o
 .text.EE_cortex_mx_default_reset_ISR
                0x08001058       0x40 obj/pkg/mcu/st_stm32_stm32f4xx/src/startup_stm32f4xx_gnu.o
                0x08001058                EE_cortex_mx_default_reset_ISR
 .text.EE_cortex_mx_default_ISR
                0x08001098        0x4 obj/pkg/mcu/st_stm32_stm32f4xx/src/startup_stm32f4xx_gnu.o
                0x08001098                EE_CORTEX_MX_DMA1_STREAM4_ISR
                0x08001098                EE_CORTEX_MX_USART6_ISR
                0x08001098                EE_CORTEX_MX_DMA1_STREAM6_ISR
                0x08001098                EE_CORTEX_MX_CRYP_ISR
                0x08001098                EE_CORTEX_MX_DMA1_STREAM5_ISR
                0x08001098                EE_CORTEX_MX_BUS_FAULT_ISR
                0x08001098                EE_CORTEX_MX_PVD_ISR
                0x08001098                EE_CORTEX_MX_SPI2_ISR
                0x08001098                EE_CORTEX_MX_CAN1_RX1_ISR
                0x08001098                EE_CORTEX_MX_DMA2_STREAM5_ISR
                0x08001098                EE_CORTEX_MX_TIM6_DAC_ISR
                0x08001098                EE_CORTEX_MX_I2C2_EV_ISR
                0x08001098                EE_CORTEX_MX_TIM1_UP_TIM10_ISR
                0x08001098                EE_CORTEX_MX_CAN1_RX0_ISR
                0x08001098                EE_CORTEX_MX_USART1_ISR
                0x08001098                EE_CORTEX_MX_TIM8_CC_ISR
                0x08001098                EE_CORTEX_MX_RTC_Alarm_ISR
                0x08001098                EE_CORTEX_MX_EXTI2_ISR
                0x08001098                EE_CORTEX_MX_OTG_HS_ISR
                0x08001098                EE_CORTEX_MX_DCMI_ISR
                0x08001098                EE_CORTEX_MX_DMA2_STREAM0_ISR
                0x08001098                EE_CORTEX_MX_SPI1_ISR
                0x08001098                EE_cortex_mx_default_ISR
                0x08001098                EE_CORTEX_MX_ETH_WKUP_ISR
                0x08001098                EE_CORTEX_MX_TIM8_TRG_COM_TIM14_ISR
                0x08001098                EE_CORTEX_MX_USAGE_FAULT_ISR
                0x08001098                EE_CORTEX_MX_TIM7_ISR
                0x08001098                EE_CORTEX_MX_TIM2_ISR
                0x08001098                EE_CORTEX_MX_I2C1_EV_ISR
                0x08001098                EE_CORTEX_MX_TIM1_TRG_COM_TIM11_ISR
                0x08001098                EE_CORTEX_MX_UART5_ISR
                0x08001098                EE_CORTEX_MX_UART4_ISR
                0x08001098                EE_CORTEX_MX_NMI_ISR
                0x08001098                EE_CORTEX_MX_TIM3_ISR
                0x08001098                EE_CORTEX_MX_USART3_ISR
                0x08001098                EE_CORTEX_MX_DMA2_STREAM4_ISR
                0x08001098                EE_CORTEX_MX_EXTI4_ISR
                0x08001098                EE_CORTEX_MX_ADC_ISR
                0x08001098                EE_CORTEX_MX_OTG_HS_EP1_IN_ISR
                0x08001098                EE_CORTEX_MX_DMA2_STREAM1_ISR
                0x08001098                EE_CORTEX_MX_CAN1_TX_ISR
                0x08001098                EE_CORTEX_MX_USART2_ISR
                0x08001098                EE_CORTEX_MX_SDIO_ISR
                0x08001098                EE_CORTEX_MX_I2C2_ER_ISR
                0x08001098                EE_CORTEX_MX_I2C3_EV_ISR
                0x08001098                EE_CORTEX_MX_HARD_FAULT_ISR
                0x08001098                EE_CORTEX_MX_DMA1_STREAM3_ISR
                0x08001098                EE_CORTEX_MX_OTG_HS_EP1_OUT_ISR
                0x08001098                EE_CORTEX_MX_TIM8_BRK_TIM12_ISR
                0x08001098                EE_CORTEX_MX_CAN1_SCE_ISR
                0x08001098                EE_CORTEX_MX_DMA1_STREAM1_ISR
                0x08001098                EE_CORTEX_MX_TIM4_ISR
                0x08001098                EE_CORTEX_MX_DMA2_STREAM3_ISR
                0x08001098                EE_CORTEX_MX_ETH_ISR
                0x08001098                EE_CORTEX_MX_OTG_FS_ISR
                0x08001098                EE_CORTEX_MX_CAN2_RX0_ISR
                0x08001098                EE_CORTEX_MX_CAN2_SCE_ISR
                0x08001098                EE_CORTEX_MX_FPU_ISR
                0x08001098                EE_CORTEX_MX_RTC_WKUP_ISR
                0x08001098                EE_CORTEX_MX_TIM8_UP_TIM13_ISR
                0x08001098                EE_CORTEX_MX_OTG_FS_WKUP_ISR
                0x08001098                EE_CORTEX_MX_DMA1_STREAM2_ISR
                0x08001098                EE_CORTEX_MX_EXTI9_5_ISR
                0x08001098                EE_CORTEX_MX_EXTI3_ISR
                0x08001098                EE_CORTEX_MX_EXTI0_ISR
                0x08001098                EE_CORTEX_MX_I2C1_ER_ISR
                0x08001098                EE_CORTEX_MX_FLASH_ISR
                0x08001098                EE_CORTEX_MX_OTG_HS_WKUP_ISR
                0x08001098                EE_CORTEX_MX_TIM1_BRK_TIM9_ISR
                0x08001098                EE_CORTEX_MX_I2C3_ER_ISR
                0x08001098                EE_CORTEX_MX_TIM1_CC_ISR
                0x08001098                EE_CORTEX_MX_SPI3_ISR
                0x08001098                EE_CORTEX_MX_EXTI15_10_ISR
                0x08001098                EE_CORTEX_MX_CAN2_TX_ISR
                0x08001098                EE_CORTEX_MX_RCC_ISR
                0x08001098                EE_CORTEX_MX_FSMC_ISR
                0x08001098                EE_CORTEX_MX_DMA2_STREAM2_ISR
                0x08001098                EE_CORTEX_MX_DMA2_STREAM7_ISR
                0x08001098                EE_CORTEX_MX_EXTI1_ISR
                0x08001098                EE_CORTEX_MX_DEBUG_MONITOR_ISR
                0x08001098                EE_CORTEX_MX_WWDG_ISR
                0x08001098                EE_CORTEX_MX_MPU_FAULT_ISR
                0x08001098                EE_CORTEX_MX_HASH_RNG_ISR
                0x08001098                EE_CORTEX_MX_DMA2_STREAM6_ISR
                0x08001098                EE_CORTEX_MX_TIM5_ISR
                0x08001098                EE_CORTEX_MX_DMA1_STREAM0_ISR
                0x08001098                EE_CORTEX_MX_TAMP_STAMP_ISR
                0x08001098                EE_CORTEX_MX_CAN2_RX1_ISR
                0x08001098                EE_CORTEX_MX_DMA1_Stream7_ISR
 .text._exit    0x0800109c        0x6 obj/pkg/mcu/st_stm32_stm32f4xx/src/startup_stm32f4xx_gnu.o
                0x0800109c                _exit
 *fill*         0x080010a2        0x2 
 .text          0x080010a4      0x248 obj/pkg/mcu/st_stm32_stm32f4xx/src/system_stm32f4xx.o
                0x080010a4                SystemInit
                0x08001100                SystemCoreClockUpdate
 .text          0x080012ec       0x34 libee.a(ee_hal_structs.o)
 .text          0x08001320       0x70 libee.a(ee_utils.o)
                0x08001354                EE_system_init
 .text          0x08001390       0x7c libee.a(ee_gnu_change_context_isr.o)
                0x08001390                EE_set_switch_context_pri
                0x080013aa                EE_switch_context
                0x080013b4                EE_cortex_mx_pendsv_ISR
                0x080013f0                EE_cortex_mx_svc_ISR
 .text          0x0800140c       0x68 libee.a(ee_gnu_multi_context.o)
                0x0800140c                EE_cortex_mx_change_context
 .text          0x08001474      0x2cc libee.a(ee_altick.o)
                0x080014a8                EE_alarm_insert
                0x080015ec                EE_alarm_CounterTick
 .text          0x08001740       0x80 libee.a(ee_alsetrel.o)
                0x08001774                EE_alarm_SetRelAlarm
 .text          0x080017c0       0xd4 libee.a(ee_irqsc.o)
                0x080017f4                EE_IRQ_end_instance
 .text          0x08001894       0x78 libee.a(ee_rqexchg.o)
                0x080018c8                EE_rq2stk_exchange
 .text          0x0800190c       0xb4 libee.a(ee_rqinsert.o)
                0x08001940                EE_rq_insert
 .text          0x080019c0      0x174 libee.a(ee_swait.o)
                0x080019f4                EE_sem_WaitSem
 .text          0x08001b34      0x11c libee.a(ee_spost.o)
                0x08001b68                EE_sem_PostSem
 .text          0x08001c50       0x70 libee.a(ee_context.o)
                0x08001c84                EE_std_run_task_code
 .text          0x08001cc0       0x7c libee.a(ee_context.o)
                0x08001cf4                EE_std_need_context_change
 .text          0x08001d3c      0x140 libee.a(ee_thendin.o)
                0x08001d70                EE_thread_end_instance
 .text          0x08001e7c      0x218 libstm32f4discovery.a(stm32f4_discovery.o)
                0x08001e7c                STM_EVAL_LEDInit
                0x08001ed8                STM_EVAL_LEDOn
                0x08001f08                STM_EVAL_LEDOff
                0x08001f38                STM_EVAL_LEDToggle
                0x08001f74                STM_EVAL_COMInit
 .text          0x08002094      0x21c libstm32f4xxspd.a(stm32f4xx_exti.o)
                0x08002094                EXTI_DeInit
                0x080020c8                EXTI_Init
                0x080021ac                EXTI_StructInit
                0x080021d8                EXTI_GenerateSWInterrupt
                0x080021fc                EXTI_GetFlagStatus
                0x08002230                EXTI_ClearFlag
                0x0800224c                EXTI_GetITStatus
                0x08002294                EXTI_ClearITPendingBit
 .text          0x080022b0      0x484 libstm32f4xxspd.a(stm32f4xx_gpio.o)
                0x080022b0                GPIO_DeInit
                0x080023d0                GPIO_Init
                0x080024ec                GPIO_StructInit
                0x08002520                GPIO_PinLockConfig
                0x08002564                GPIO_ReadInputDataBit
                0x08002598                GPIO_ReadInputData
                0x080025b0                GPIO_ReadOutputDataBit
                0x080025e4                GPIO_ReadOutputData
                0x080025fc                GPIO_SetBits
                0x08002618                GPIO_ResetBits
                0x08002634                GPIO_WriteBit
                0x08002664                GPIO_Write
                0x08002680                GPIO_ToggleBits
                0x080026a4                GPIO_PinAFConfig
 .text          0x08002734      0xa78 libstm32f4xxspd.a(stm32f4xx_rcc.o)
                0x08002734                RCC_DeInit
                0x08002784                RCC_HSEConfig
                0x080027a8                RCC_WaitForHSEStartUp
                0x080027f8                RCC_AdjustHSICalibrationValue
                0x08002834                RCC_HSICmd
                0x08002854                RCC_LSEConfig
                0x08002894                RCC_LSICmd
                0x080028b4                RCC_PLLConfig
                0x080028f0                RCC_PLLCmd
                0x08002910                RCC_PLLI2SConfig
                0x08002938                RCC_PLLI2SCmd
                0x08002958                RCC_ClockSecuritySystemCmd
                0x08002978                RCC_MCO1Config
                0x080029b4                RCC_MCO2Config
                0x080029f0                RCC_SYSCLKConfig
                0x08002a28                RCC_GetSYSCLKSource
                0x08002a44                RCC_HCLKConfig
                0x08002a7c                RCC_PCLK1Config
                0x08002ab4                RCC_PCLK2Config
                0x08002aec                RCC_GetClocksFreq
                0x08002c40                RCC_RTCCLKConfig
                0x08002c9c                RCC_RTCCLKCmd
                0x08002cbc                RCC_BackupResetCmd
                0x08002cdc                RCC_I2SCLKConfig
                0x08002cf8                RCC_AHB1PeriphClockCmd
                0x08002d34                RCC_AHB2PeriphClockCmd
                0x08002d70                RCC_AHB3PeriphClockCmd
                0x08002dac                RCC_APB1PeriphClockCmd
                0x08002de8                RCC_APB2PeriphClockCmd
                0x08002e24                RCC_AHB1PeriphResetCmd
                0x08002e60                RCC_AHB2PeriphResetCmd
                0x08002e9c                RCC_AHB3PeriphResetCmd
                0x08002ed8                RCC_APB1PeriphResetCmd
                0x08002f14                RCC_APB2PeriphResetCmd
                0x08002f50                RCC_AHB1PeriphClockLPModeCmd
                0x08002f8c                RCC_AHB2PeriphClockLPModeCmd
                0x08002fc8                RCC_AHB3PeriphClockLPModeCmd
                0x08003004                RCC_APB1PeriphClockLPModeCmd
                0x08003040                RCC_APB2PeriphClockLPModeCmd
                0x0800307c                RCC_ITConfig
                0x080030c8                RCC_GetFlagStatus
                0x0800313c                RCC_ClearFlag
                0x08003158                RCC_GetITStatus
                0x0800318c                RCC_ClearITPendingBit
 .text          0x080031ac      0x12c libstm32f4xxspd.a(stm32f4xx_syscfg.o)
                0x080031ac                SYSCFG_DeInit
                0x080031c8                SYSCFG_MemoryRemapConfig
                0x080031e8                SYSCFG_EXTILineConfig
                0x0800326c                SYSCFG_ETH_MediaInterfaceConfig
                0x08003288                SYSCFG_CompensationCellCmd
                0x080032a8                SYSCFG_GetCompensationCellStatus
 .text          0x080032d8     0x1bf8 libstm32f4xxspd.a(stm32f4xx_tim.o)
                0x080032d8                TIM_DeInit
                0x08003498                TIM_TimeBaseInit
                0x0800356c                TIM_TimeBaseStructInit
                0x080035a0                TIM_PrescalerConfig
                0x080035c8                TIM_CounterModeConfig
                0x08003600                TIM_SetCounter
                0x0800361c                TIM_SetAutoreload
                0x08003638                TIM_GetCounter
                0x08003650                TIM_GetPrescaler
                0x08003668                TIM_UpdateDisableConfig
                0x080036a8                TIM_UpdateRequestConfig
                0x080036e8                TIM_ARRPreloadConfig
                0x08003728                TIM_SelectOnePulseMode
                0x08003760                TIM_SetClockDivision
                0x08003798                TIM_Cmd
                0x080037d8                TIM_OC1Init
                0x080038cc                TIM_OC2Init
                0x080039dc                TIM_OC3Init
                0x08003ae8                TIM_OC4Init
                0x08003bb4                TIM_OCStructInit
                0x08003bf8                TIM_SelectOCxM
                0x08003ca8                TIM_SetCompare1
                0x08003cc4                TIM_SetCompare2
                0x08003ce0                TIM_SetCompare3
                0x08003cfc                TIM_SetCompare4
                0x08003d18                TIM_ForcedOC1Config
                0x08003d50                TIM_ForcedOC2Config
                0x08003d8c                TIM_ForcedOC3Config
                0x08003dc4                TIM_ForcedOC4Config
                0x08003e00                TIM_OC1PreloadConfig
                0x08003e38                TIM_OC2PreloadConfig
                0x08003e74                TIM_OC3PreloadConfig
                0x08003eac                TIM_OC4PreloadConfig
                0x08003ee8                TIM_OC1FastConfig
                0x08003f20                TIM_OC2FastConfig
                0x08003f5c                TIM_OC3FastConfig
                0x08003f94                TIM_OC4FastConfig
                0x08003fd0                TIM_ClearOC1Ref
                0x08004008                TIM_ClearOC2Ref
                0x08004044                TIM_ClearOC3Ref
                0x0800407c                TIM_ClearOC4Ref
                0x080040b8                TIM_OC1PolarityConfig
                0x080040f0                TIM_OC1NPolarityConfig
                0x08004128                TIM_OC2PolarityConfig
                0x08004164                TIM_OC2NPolarityConfig
                0x080041a0                TIM_OC3PolarityConfig
                0x080041dc                TIM_OC3NPolarityConfig
                0x08004218                TIM_OC4PolarityConfig
                0x08004254                TIM_CCxCmd
                0x080042a8                TIM_CCxNCmd
                0x080042fc                TIM_ICInit
                0x080043a4                TIM_ICStructInit
                0x080043d4                TIM_PWMIConfig
                0x0800448c                TIM_GetCapture1
                0x080044a4                TIM_GetCapture2
                0x080044bc                TIM_GetCapture3
                0x080044d4                TIM_GetCapture4
                0x080044ec                TIM_SetIC1Prescaler
                0x08004524                TIM_SetIC2Prescaler
                0x08004560                TIM_SetIC3Prescaler
                0x08004598                TIM_SetIC4Prescaler
                0x080045d4                TIM_BDTRConfig
                0x08004624                TIM_BDTRStructInit
                0x08004660                TIM_CtrlPWMOutputs
                0x080046ac                TIM_SelectCOM
                0x080046ec                TIM_CCPreloadControl
                0x0800472c                TIM_ITConfig
                0x08004774                TIM_GenerateEvent
                0x08004790                TIM_GetFlagStatus
                0x080047c8                TIM_ClearFlag
                0x080047e8                TIM_GetITStatus
                0x0800483c                TIM_ClearITPendingBit
                0x0800485c                TIM_DMAConfig
                0x08004884                TIM_DMACmd
                0x080048cc                TIM_SelectCCDMA
                0x0800490c                TIM_InternalClockConfig
                0x08004930                TIM_ITRxExternalClockConfig
                0x08004960                TIM_TIxExternalClockConfig
                0x080049bc                TIM_ETRClockMode1Config
                0x08004a1c                TIM_ETRClockMode2Config
                0x08004a5c                TIM_SelectInputTrigger
                0x08004a94                TIM_SelectOutputTrigger
                0x08004acc                TIM_SelectSlaveMode
                0x08004b04                TIM_SelectMasterSlaveMode
                0x08004b3c                TIM_ETRConfig
                0x08004b90                TIM_EncoderInterfaceConfig
                0x08004c28                TIM_SelectHallSensor
                0x08004c68                TIM_RemapConfig
 .text          0x08004ed0      0x91c libstm32f4xxspd.a(stm32f4xx_usart.o)
                0x08004ed0                USART_DeInit
                0x08004fa4                USART_Init
                0x08005118                USART_StructInit
                0x08005150                USART_ClockInit
                0x080051a4                USART_ClockStructInit
                0x080051d0                USART_Cmd
                0x08005210                USART_SetPrescaler
                0x08005248                USART_OverSampling8Cmd
                0x0800528c                USART_OneBitMethodCmd
                0x080052cc                USART_SendData
                0x080052f0                USART_ReceiveData
                0x08005310                USART_SetAddress
                0x08005348                USART_ReceiverWakeUpCmd
                0x08005388                USART_WakeUpConfig
                0x080053c0                USART_LINBreakDetectLengthConfig
                0x080053f8                USART_LINCmd
                0x08005438                USART_SendBreak
                0x0800545c                USART_HalfDuplexCmd
                0x0800549c                USART_SetGuardTime
                0x080054d8                USART_SmartCardCmd
                0x08005518                USART_SmartCardNACKCmd
                0x08005558                USART_IrDAConfig
                0x08005590                USART_IrDACmd
                0x080055d0                USART_DMACmd
                0x08005618                USART_ITConfig
                0x080056a8                USART_GetFlagStatus
                0x080056e0                USART_ClearFlag
                0x08005700                USART_GetITStatus
                0x080057b4                USART_ClearITPendingBit
 .text          0x080057ec      0x188 libstm32f4xxspd.a(misc.o)
                0x080057ec                NVIC_PriorityGroupConfig
                0x08005810                NVIC_Init
                0x080058d0                NVIC_SetVectorTable
                0x080058fc                NVIC_SystemLPConfig
                0x0800593c                SysTick_CLKSourceConfig
 .text          0x08005974      0x370 c:/progra~2/gnutoo~1/50a5a~1.420/bin/../lib/gcc/arm-none-eabi/5.4.1/armv7e-m\libgcc.a(_arm_addsubdf3.o)
                0x08005974                __aeabi_drsub
                0x0800597c                __aeabi_dsub
                0x0800597c                __subdf3
                0x08005980                __aeabi_dadd
                0x08005980                __adddf3
                0x08005bf8                __floatunsidf
                0x08005bf8                __aeabi_ui2d
                0x08005c18                __floatsidf
                0x08005c18                __aeabi_i2d
                0x08005c3c                __aeabi_f2d
                0x08005c3c                __extendsfdf2
                0x08005c78                __floatundidf
                0x08005c78                __aeabi_ul2d
                0x08005c88                __floatdidf
                0x08005c88                __aeabi_l2d
 .text          0x08005ce4      0x110 c:/progra~2/gnutoo~1/50a5a~1.420/bin/../lib/gcc/arm-none-eabi/5.4.1/armv7e-m\libgcc.a(_arm_cmpdf2.o)
                0x08005ce4                __gtdf2
                0x08005ce4                __gedf2
                0x08005cec                __ltdf2
                0x08005cec                __ledf2
                0x08005cf4                __nedf2
                0x08005cf4                __eqdf2
                0x08005cf4                __cmpdf2
                0x08005d70                __aeabi_cdrcmple
                0x08005d80                __aeabi_cdcmpeq
                0x08005d80                __aeabi_cdcmple
                0x08005d90                __aeabi_dcmpeq
                0x08005da4                __aeabi_dcmplt
                0x08005db8                __aeabi_dcmple
                0x08005dcc                __aeabi_dcmpge
                0x08005de0                __aeabi_dcmpgt
 .text          0x08005df4        0x0 C:\PROGRA~2\GNUTOO~1\50A5A~1.420\arm-none-eabi\lib\thumb\libc.a(lib_a-exit.o)
 .text.exit     0x08005df4       0x28 C:\PROGRA~2\GNUTOO~1\50A5A~1.420\arm-none-eabi\lib\thumb\libc.a(lib_a-exit.o)
                0x08005df4                exit
 .text          0x08005e1c        0x0 C:\PROGRA~2\GNUTOO~1\50A5A~1.420\arm-none-eabi\lib\thumb\libc.a(lib_a-impure.o)
 .text          0x08005e1c        0x0 C:\PROGRA~2\GNUTOO~1\50A5A~1.420\arm-none-eabi\lib\thumb\libc.a(lib_a-init.o)
 .text.__libc_init_array
                0x08005e1c       0x58 C:\PROGRA~2\GNUTOO~1\50A5A~1.420\arm-none-eabi\lib\thumb\libc.a(lib_a-init.o)
                0x08005e1c                __libc_init_array
 .text          0x08005e74        0x0 C:\PROGRA~2\GNUTOO~1\50A5A~1.420\arm-none-eabi\lib\thumb\libc.a(lib_a-memset.o)
 .text.memset   0x08005e74       0x94 C:\PROGRA~2\GNUTOO~1\50A5A~1.420\arm-none-eabi\lib\thumb\libc.a(lib_a-memset.o)
                0x08005e74                memset
 .text          0x08005f08        0x0 C:\PROGRA~2\GNUTOO~1\50A5A~1.420\arm-none-eabi\lib\thumb\libc.a(lib_a-sprintf.o)
 .text._sprintf_r
                0x08005f08       0x40 C:\PROGRA~2\GNUTOO~1\50A5A~1.420\arm-none-eabi\lib\thumb\libc.a(lib_a-sprintf.o)
                0x08005f08                _sprintf_r
 .text.sprintf  0x08005f48       0x44 C:\PROGRA~2\GNUTOO~1\50A5A~1.420\arm-none-eabi\lib\thumb\libc.a(lib_a-sprintf.o)
                0x08005f48                sprintf
 .text          0x08005f8c        0x0 C:\PROGRA~2\GNUTOO~1\50A5A~1.420\arm-none-eabi\lib\thumb\libc.a(lib_a-svfprintf.o)
 .text._svfprintf_r
                0x08005f8c     0x17ec C:\PROGRA~2\GNUTOO~1\50A5A~1.420\arm-none-eabi\lib\thumb\libc.a(lib_a-svfprintf.o)
                0x08005f8c                _svfprintf_r
 .text          0x08007778        0x0 C:\PROGRA~2\GNUTOO~1\50A5A~1.420\arm-none-eabi\lib\thumb\libc.a(lib_a-__call_atexit.o)
 .text.startup.register_fini
                0x08007778       0x1c C:\PROGRA~2\GNUTOO~1\50A5A~1.420\arm-none-eabi\lib\thumb\libc.a(lib_a-__call_atexit.o)
 .text.__call_exitprocs
                0x08007794      0x10c C:\PROGRA~2\GNUTOO~1\50A5A~1.420\arm-none-eabi\lib\thumb\libc.a(lib_a-__call_atexit.o)
                0x08007794                __call_exitprocs
 .text          0x080078a0        0x0 C:\PROGRA~2\GNUTOO~1\50A5A~1.420\arm-none-eabi\lib\thumb\libc.a(lib_a-atexit.o)
 .text.atexit   0x080078a0       0x14 C:\PROGRA~2\GNUTOO~1\50A5A~1.420\arm-none-eabi\lib\thumb\libc.a(lib_a-atexit.o)
                0x080078a0                atexit
 .text          0x080078b4        0x0 C:\PROGRA~2\GNUTOO~1\50A5A~1.420\arm-none-eabi\lib\thumb\libc.a(lib_a-dtoa.o)
 .text.quorem   0x080078b4      0x158 C:\PROGRA~2\GNUTOO~1\50A5A~1.420\arm-none-eabi\lib\thumb\libc.a(lib_a-dtoa.o)
 .text._dtoa_r  0x08007a0c      0xfd8 C:\PROGRA~2\GNUTOO~1\50A5A~1.420\arm-none-eabi\lib\thumb\libc.a(lib_a-dtoa.o)
                0x08007a0c                _dtoa_r
 .text          0x080089e4        0x0 C:\PROGRA~2\GNUTOO~1\50A5A~1.420\arm-none-eabi\lib\thumb\libc.a(lib_a-fini.o)
 .text.__libc_fini_array
                0x080089e4       0x3c C:\PROGRA~2\GNUTOO~1\50A5A~1.420\arm-none-eabi\lib\thumb\libc.a(lib_a-fini.o)
                0x080089e4                __libc_fini_array
 .text          0x08008a20        0x0 C:\PROGRA~2\GNUTOO~1\50A5A~1.420\arm-none-eabi\lib\thumb\libc.a(lib_a-localeconv.o)
 .text.__localeconv_l
                0x08008a20        0x4 C:\PROGRA~2\GNUTOO~1\50A5A~1.420\arm-none-eabi\lib\thumb\libc.a(lib_a-localeconv.o)
                0x08008a20                __localeconv_l
 .text._localeconv_r
                0x08008a24       0x1c C:\PROGRA~2\GNUTOO~1\50A5A~1.420\arm-none-eabi\lib\thumb\libc.a(lib_a-localeconv.o)
                0x08008a24                _localeconv_r
 .text.localeconv
                0x08008a40       0x1c C:\PROGRA~2\GNUTOO~1\50A5A~1.420\arm-none-eabi\lib\thumb\libc.a(lib_a-localeconv.o)
                0x08008a40                localeconv
 .text          0x08008a5c        0x0 C:\PROGRA~2\GNUTOO~1\50A5A~1.420\arm-none-eabi\lib\thumb\libc.a(lib_a-mallocr.o)
 .text._malloc_r
                0x08008a5c      0x564 C:\PROGRA~2\GNUTOO~1\50A5A~1.420\arm-none-eabi\lib\thumb\libc.a(lib_a-mallocr.o)
                0x08008a5c                _malloc_r
 .text          0x08008fc0        0x0 C:\PROGRA~2\GNUTOO~1\50A5A~1.420\arm-none-eabi\lib\thumb\libc.a(lib_a-memchr-stub.o)
 .text.memchr   0x08008fc0       0x94 C:\PROGRA~2\GNUTOO~1\50A5A~1.420\arm-none-eabi\lib\thumb\libc.a(lib_a-memchr-stub.o)
                0x08008fc0                memchr
 .text          0x08009054        0x0 C:\PROGRA~2\GNUTOO~1\50A5A~1.420\arm-none-eabi\lib\thumb\libc.a(lib_a-memcpy-stub.o)
 .text.memcpy   0x08009054       0x80 C:\PROGRA~2\GNUTOO~1\50A5A~1.420\arm-none-eabi\lib\thumb\libc.a(lib_a-memcpy-stub.o)
                0x08009054                memcpy
 .text          0x080090d4        0x0 C:\PROGRA~2\GNUTOO~1\50A5A~1.420\arm-none-eabi\lib\thumb\libc.a(lib_a-mlock.o)
 .text.__malloc_lock
                0x080090d4        0x4 C:\PROGRA~2\GNUTOO~1\50A5A~1.420\arm-none-eabi\lib\thumb\libc.a(lib_a-mlock.o)
                0x080090d4                __malloc_lock
 .text.__malloc_unlock
                0x080090d8        0x4 C:\PROGRA~2\GNUTOO~1\50A5A~1.420\arm-none-eabi\lib\thumb\libc.a(lib_a-mlock.o)
                0x080090d8                __malloc_unlock
 .text          0x080090dc        0x0 C:\PROGRA~2\GNUTOO~1\50A5A~1.420\arm-none-eabi\lib\thumb\libc.a(lib_a-mprec.o)
 .text._Balloc  0x080090dc       0x54 C:\PROGRA~2\GNUTOO~1\50A5A~1.420\arm-none-eabi\lib\thumb\libc.a(lib_a-mprec.o)
                0x080090dc                _Balloc
 .text._Bfree   0x08009130       0x14 C:\PROGRA~2\GNUTOO~1\50A5A~1.420\arm-none-eabi\lib\thumb\libc.a(lib_a-mprec.o)
                0x08009130                _Bfree
 .text.__multadd
                0x08009144       0x94 C:\PROGRA~2\GNUTOO~1\50A5A~1.420\arm-none-eabi\lib\thumb\libc.a(lib_a-mprec.o)
                0x08009144                __multadd
 .text.__s2b    0x080091d8       0x94 C:\PROGRA~2\GNUTOO~1\50A5A~1.420\arm-none-eabi\lib\thumb\libc.a(lib_a-mprec.o)
                0x080091d8                __s2b
 .text.__hi0bits
                0x0800926c       0x3c C:\PROGRA~2\GNUTOO~1\50A5A~1.420\arm-none-eabi\lib\thumb\libc.a(lib_a-mprec.o)
                0x0800926c                __hi0bits
 .text.__lo0bits
                0x080092a8       0x5c C:\PROGRA~2\GNUTOO~1\50A5A~1.420\arm-none-eabi\lib\thumb\libc.a(lib_a-mprec.o)
                0x080092a8                __lo0bits
 .text.__i2b    0x08009304       0x18 C:\PROGRA~2\GNUTOO~1\50A5A~1.420\arm-none-eabi\lib\thumb\libc.a(lib_a-mprec.o)
                0x08009304                __i2b
 .text.__multiply
                0x0800931c      0x16c C:\PROGRA~2\GNUTOO~1\50A5A~1.420\arm-none-eabi\lib\thumb\libc.a(lib_a-mprec.o)
                0x0800931c                __multiply
 .text.__pow5mult
                0x08009488       0xc0 C:\PROGRA~2\GNUTOO~1\50A5A~1.420\arm-none-eabi\lib\thumb\libc.a(lib_a-mprec.o)
                0x08009488                __pow5mult
 .text.__lshift
                0x08009548       0xc4 C:\PROGRA~2\GNUTOO~1\50A5A~1.420\arm-none-eabi\lib\thumb\libc.a(lib_a-mprec.o)
                0x08009548                __lshift
 .text.__mcmp   0x0800960c       0x40 C:\PROGRA~2\GNUTOO~1\50A5A~1.420\arm-none-eabi\lib\thumb\libc.a(lib_a-mprec.o)
                0x0800960c                __mcmp
 .text.__mdiff  0x0800964c      0x120 C:\PROGRA~2\GNUTOO~1\50A5A~1.420\arm-none-eabi\lib\thumb\libc.a(lib_a-mprec.o)
                0x0800964c                __mdiff
 .text.__ulp    0x0800976c       0x50 C:\PROGRA~2\GNUTOO~1\50A5A~1.420\arm-none-eabi\lib\thumb\libc.a(lib_a-mprec.o)
                0x0800976c                __ulp
 .text.__b2d    0x080097bc       0xdc C:\PROGRA~2\GNUTOO~1\50A5A~1.420\arm-none-eabi\lib\thumb\libc.a(lib_a-mprec.o)
                0x080097bc                __b2d
 .text.__d2b    0x08009898       0xc0 C:\PROGRA~2\GNUTOO~1\50A5A~1.420\arm-none-eabi\lib\thumb\libc.a(lib_a-mprec.o)
                0x08009898                __d2b
 .text.__ratio  0x08009958       0x78 C:\PROGRA~2\GNUTOO~1\50A5A~1.420\arm-none-eabi\lib\thumb\libc.a(lib_a-mprec.o)
                0x08009958                __ratio
 .text._mprec_log10
                0x080099d0       0x38 C:\PROGRA~2\GNUTOO~1\50A5A~1.420\arm-none-eabi\lib\thumb\libc.a(lib_a-mprec.o)
                0x080099d0                _mprec_log10
 .text.__copybits
                0x08009a08       0x44 C:\PROGRA~2\GNUTOO~1\50A5A~1.420\arm-none-eabi\lib\thumb\libc.a(lib_a-mprec.o)
                0x08009a08                __copybits
 .text.__any_on
                0x08009a4c       0x64 C:\PROGRA~2\GNUTOO~1\50A5A~1.420\arm-none-eabi\lib\thumb\libc.a(lib_a-mprec.o)
                0x08009a4c                __any_on
 .text          0x08009ab0        0x0 C:\PROGRA~2\GNUTOO~1\50A5A~1.420\arm-none-eabi\lib\thumb\libc.a(lib_a-sbrkr.o)
 .text._sbrk_r  0x08009ab0       0x28 C:\PROGRA~2\GNUTOO~1\50A5A~1.420\arm-none-eabi\lib\thumb\libc.a(lib_a-sbrkr.o)
                0x08009ab0                _sbrk_r
 .text          0x08009ad8        0x0 C:\PROGRA~2\GNUTOO~1\50A5A~1.420\arm-none-eabi\lib\thumb\libc.a(lib_a-strlen-stub.o)
 .text.strlen   0x08009ad8       0x6c C:\PROGRA~2\GNUTOO~1\50A5A~1.420\arm-none-eabi\lib\thumb\libc.a(lib_a-strlen-stub.o)
                0x08009ad8                strlen
 .text          0x08009b44        0x0 C:\PROGRA~2\GNUTOO~1\50A5A~1.420\arm-none-eabi\lib\thumb\libc.a(lib_a-svfiprintf.o)
 .text.__ssprint_r
                0x08009b44      0x134 C:\PROGRA~2\GNUTOO~1\50A5A~1.420\arm-none-eabi\lib\thumb\libc.a(lib_a-svfiprintf.o)
                0x08009b44                __ssprint_r
 .text._svfiprintf_r
                0x08009c78      0xc60 C:\PROGRA~2\GNUTOO~1\50A5A~1.420\arm-none-eabi\lib\thumb\libc.a(lib_a-svfiprintf.o)
                0x08009c78                _svfiprintf_r
 .text          0x0800a8d8        0x0 C:\PROGRA~2\GNUTOO~1\50A5A~1.420\arm-none-eabi\lib\thumb\libc.a(lib_a-__atexit.o)
 .text.__register_exitproc
                0x0800a8d8       0xd8 C:\PROGRA~2\GNUTOO~1\50A5A~1.420\arm-none-eabi\lib\thumb\libc.a(lib_a-__atexit.o)
                0x0800a8d8                __register_exitproc
 .text          0x0800a9b0        0x0 C:\PROGRA~2\GNUTOO~1\50A5A~1.420\arm-none-eabi\lib\thumb\libc.a(lib_a-callocr.o)
 .text._calloc_r
                0x0800a9b0       0x64 C:\PROGRA~2\GNUTOO~1\50A5A~1.420\arm-none-eabi\lib\thumb\libc.a(lib_a-callocr.o)
                0x0800a9b0                _calloc_r
 .text          0x0800aa14        0x0 C:\PROGRA~2\GNUTOO~1\50A5A~1.420\arm-none-eabi\lib\thumb\libc.a(lib_a-freer.o)
 .text._malloc_trim_r
                0x0800aa14       0xa4 C:\PROGRA~2\GNUTOO~1\50A5A~1.420\arm-none-eabi\lib\thumb\libc.a(lib_a-freer.o)
                0x0800aa14                _malloc_trim_r
 .text._free_r  0x0800aab8      0x1c8 C:\PROGRA~2\GNUTOO~1\50A5A~1.420\arm-none-eabi\lib\thumb\libc.a(lib_a-freer.o)
                0x0800aab8                _free_r
 .text          0x0800ac80        0x0 C:\PROGRA~2\GNUTOO~1\50A5A~1.420\arm-none-eabi\lib\thumb\libc.a(lib_a-locale.o)
 .text.__get_current_locale
                0x0800ac80       0x18 C:\PROGRA~2\GNUTOO~1\50A5A~1.420\arm-none-eabi\lib\thumb\libc.a(lib_a-locale.o)
 .text._setlocale_r
                0x0800ac98       0x48 C:\PROGRA~2\GNUTOO~1\50A5A~1.420\arm-none-eabi\lib\thumb\libc.a(lib_a-locale.o)
                0x0800ac98                _setlocale_r
 .text.__locale_mb_cur_max
                0x0800ace0       0x20 C:\PROGRA~2\GNUTOO~1\50A5A~1.420\arm-none-eabi\lib\thumb\libc.a(lib_a-locale.o)
                0x0800ace0                __locale_mb_cur_max
 .text.__locale_ctype_ptr_l
                0x0800ad00        0x8 C:\PROGRA~2\GNUTOO~1\50A5A~1.420\arm-none-eabi\lib\thumb\libc.a(lib_a-locale.o)
                0x0800ad00                __locale_ctype_ptr_l
 .text.__locale_ctype_ptr
                0x0800ad08       0x18 C:\PROGRA~2\GNUTOO~1\50A5A~1.420\arm-none-eabi\lib\thumb\libc.a(lib_a-locale.o)
                0x0800ad08                __locale_ctype_ptr
 .text.setlocale
                0x0800ad20       0x1c C:\PROGRA~2\GNUTOO~1\50A5A~1.420\arm-none-eabi\lib\thumb\libc.a(lib_a-locale.o)
                0x0800ad20                setlocale
 .text          0x0800ad3c        0x0 C:\PROGRA~2\GNUTOO~1\50A5A~1.420\arm-none-eabi\lib\thumb\libc.a(lib_a-mbtowc_r.o)
 .text._mbtowc_r
                0x0800ad3c       0x34 C:\PROGRA~2\GNUTOO~1\50A5A~1.420\arm-none-eabi\lib\thumb\libc.a(lib_a-mbtowc_r.o)
                0x0800ad3c                _mbtowc_r
 .text.__ascii_mbtowc
                0x0800ad70       0x2c C:\PROGRA~2\GNUTOO~1\50A5A~1.420\arm-none-eabi\lib\thumb\libc.a(lib_a-mbtowc_r.o)
                0x0800ad70                __ascii_mbtowc
 .text          0x0800ad9c        0x0 C:\PROGRA~2\GNUTOO~1\50A5A~1.420\arm-none-eabi\lib\thumb\libc.a(lib_a-memmove.o)
 .text.memmove  0x0800ad9c       0x9c C:\PROGRA~2\GNUTOO~1\50A5A~1.420\arm-none-eabi\lib\thumb\libc.a(lib_a-memmove.o)
                0x0800ad9c                memmove
 .text          0x0800ae38        0x0 C:\PROGRA~2\GNUTOO~1\50A5A~1.420\arm-none-eabi\lib\thumb\libc.a(lib_a-reallocr.o)
 .text._realloc_r
                0x0800ae38      0x3ec C:\PROGRA~2\GNUTOO~1\50A5A~1.420\arm-none-eabi\lib\thumb\libc.a(lib_a-reallocr.o)
                0x0800ae38                _realloc_r
 .text          0x0800b224        0x0 C:\PROGRA~2\GNUTOO~1\50A5A~1.420\arm-none-eabi\lib\thumb\libc.a(lib_a-reent.o)
 .text.cleanup_glue
                0x0800b224       0x20 C:\PROGRA~2\GNUTOO~1\50A5A~1.420\arm-none-eabi\lib\thumb\libc.a(lib_a-reent.o)
                0x0800b224                cleanup_glue
 .text._reclaim_reent
                0x0800b244       0xa0 C:\PROGRA~2\GNUTOO~1\50A5A~1.420\arm-none-eabi\lib\thumb\libc.a(lib_a-reent.o)
                0x0800b244                _reclaim_reent
 .text          0x0800b2e4      0x224 C:\PROGRA~2\GNUTOO~1\50A5A~1.420\arm-none-eabi\lib\thumb\libc.a(lib_a-strcmp.o)
                0x0800b2e4                strcmp
 .text          0x0800b508        0x0 C:\PROGRA~2\GNUTOO~1\50A5A~1.420\arm-none-eabi\lib\thumb\libc.a(lib_a-wctomb_r.o)
 .text._wctomb_r
                0x0800b508       0x2c C:\PROGRA~2\GNUTOO~1\50A5A~1.420\arm-none-eabi\lib\thumb\libc.a(lib_a-wctomb_r.o)
                0x0800b508                _wctomb_r
 .text.__ascii_wctomb
                0x0800b534       0x1c C:\PROGRA~2\GNUTOO~1\50A5A~1.420\arm-none-eabi\lib\thumb\libc.a(lib_a-wctomb_r.o)
                0x0800b534                __ascii_wctomb
 .text          0x0800b550        0x0 C:\PROGRA~2\GNUTOO~1\50A5A~1.420\arm-none-eabi\lib\thumb\libc.a(lib_a-ctype_.o)
 .text          0x0800b550        0x0 C:\PROGRA~2\GNUTOO~1\50A5A~1.420\arm-none-eabi\lib\thumb\libnosys.a(sbrk.o)
 .text._sbrk    0x0800b550       0x1c C:\PROGRA~2\GNUTOO~1\50A5A~1.420\arm-none-eabi\lib\thumb\libnosys.a(sbrk.o)
                0x0800b550                _sbrk
 .text          0x0800b56c       0x24 c:/progra~2/gnutoo~1/50a5a~1.420/bin/../lib/gcc/arm-none-eabi/5.4.1/armv7e-m\libgcc.a(_udivsi3.o)
                0x0800b56c                __aeabi_uidiv
                0x0800b56c                __udivsi3
                0x0800b580                __aeabi_uidivmod
 .text          0x0800b590       0x2c c:/progra~2/gnutoo~1/50a5a~1.420/bin/../lib/gcc/arm-none-eabi/5.4.1/armv7e-m\libgcc.a(_divsi3.o)
                0x0800b590                __divsi3
                0x0800b590                __aeabi_idiv
                0x0800b5ac                __aeabi_idivmod
 .text          0x0800b5bc        0x4 c:/progra~2/gnutoo~1/50a5a~1.420/bin/../lib/gcc/arm-none-eabi/5.4.1/armv7e-m\libgcc.a(_dvmd_tls.o)
                0x0800b5bc                __aeabi_idiv0
                0x0800b5bc                __aeabi_ldiv0
 .text          0x0800b5c0      0x424 c:/progra~2/gnutoo~1/50a5a~1.420/bin/../lib/gcc/arm-none-eabi/5.4.1/armv7e-m\libgcc.a(_arm_muldivdf3.o)
                0x0800b5c0                __aeabi_dmul
                0x0800b5c0                __muldf3
                0x0800b814                __divdf3
                0x0800b814                __aeabi_ddiv
 .text          0x0800b9e4       0x2c c:/progra~2/gnutoo~1/50a5a~1.420/bin/../lib/gcc/arm-none-eabi/5.4.1/armv7e-m\libgcc.a(_arm_unorddf2.o)
                0x0800b9e4                __unorddf2
                0x0800b9e4                __aeabi_dcmpun
 .text          0x0800ba10       0x50 c:/progra~2/gnutoo~1/50a5a~1.420/bin/../lib/gcc/arm-none-eabi/5.4.1/armv7e-m\libgcc.a(_arm_fixdfsi.o)
                0x0800ba10                __aeabi_d2iz
                0x0800ba10                __fixdfsi
 .text          0x0800ba60       0x30 c:/progra~2/gnutoo~1/50a5a~1.420/bin/../lib/gcc/arm-none-eabi/5.4.1/armv7e-m\libgcc.a(_aeabi_uldivmod.o)
                0x0800ba60                __aeabi_uldivmod
 .text          0x0800ba90      0x2e4 c:/progra~2/gnutoo~1/50a5a~1.420/bin/../lib/gcc/arm-none-eabi/5.4.1/armv7e-m\libgcc.a(_udivmoddi4.o)
                0x0800ba90                __udivmoddi4
 .text          0x0800bd74        0x0 c:/progra~2/gnutoo~1/50a5a~1.420/bin/../lib/gcc/arm-none-eabi/5.4.1/armv7e-m/crtend.o
 .text          0x0800bd74        0x0 c:/progra~2/gnutoo~1/50a5a~1.420/bin/../lib/gcc/arm-none-eabi/5.4.1/armv7e-m/crtn.o
 *(.init)
 .init          0x0800bd74        0x4 c:/progra~2/gnutoo~1/50a5a~1.420/bin/../lib/gcc/arm-none-eabi/5.4.1/armv7e-m/crti.o
                0x0800bd74                _init
 .init          0x0800bd78        0x8 c:/progra~2/gnutoo~1/50a5a~1.420/bin/../lib/gcc/arm-none-eabi/5.4.1/armv7e-m/crtn.o
 *(.fini)
 .fini          0x0800bd80        0x4 c:/progra~2/gnutoo~1/50a5a~1.420/bin/../lib/gcc/arm-none-eabi/5.4.1/armv7e-m/crti.o
                0x0800bd80                _fini
 .fini          0x0800bd84        0x8 c:/progra~2/gnutoo~1/50a5a~1.420/bin/../lib/gcc/arm-none-eabi/5.4.1/armv7e-m/crtn.o
 *crtbegin.o(.ctors)
 *crtbegin.o(.ctors)
 *crtbegin?.o(.ctors)
 *(EXCLUDE_FILE(*crtend.o *crtend?.o) .ctors)
 *(SORT(.ctors.*))
 *(.ctors)
 *crtbegin.o(.dtors)
 *crtbegin?.o(.dtors)
 *(EXCLUDE_FILE(*crtend.o *crtend?.o) .dtors)
 *(SORT(.dtors.*))
 *(.dtors)
 *(.rodata*)
 .rodata        0x0800bd8c      0x141 obj/code.o
 *fill*         0x0800becd        0x3 
 .rodata        0x0800bed0       0x44 obj/eecfg.o
                0x0800bed0                EE_std_thread_tos
                0x0800bedc                EE_hal_thread_body
                0x0800bee4                EE_th_ready_prio
                0x0800beec                EE_th_dispatch_prio
                0x0800bef4                EE_alarm_ROM
 .rodata        0x0800bf14       0x48 libstm32f4discovery.a(stm32f4_discovery.o)
                0x0800bf14                GPIO_PIN
                0x0800bf1c                GPIO_CLK
                0x0800bf2c                COM_USART_CLK
                0x0800bf34                COM_TX_PORT_CLK
                0x0800bf3c                COM_RX_PORT_CLK
                0x0800bf44                COM_TX_PIN
                0x0800bf48                COM_RX_PIN
                0x0800bf4c                COM_TX_PIN_SOURCE
                0x0800bf50                COM_RX_PIN_SOURCE
                0x0800bf54                COM_TX_AF
                0x0800bf58                COM_RX_AF
 .rodata._global_impure_ptr
                0x0800bf5c        0x4 C:\PROGRA~2\GNUTOO~1\50A5A~1.420\arm-none-eabi\lib\thumb\libc.a(lib_a-impure.o)
                0x0800bf5c                _global_impure_ptr
 .rodata._svfprintf_r
                0x0800bf60      0x164 C:\PROGRA~2\GNUTOO~1\50A5A~1.420\arm-none-eabi\lib\thumb\libc.a(lib_a-svfprintf.o)
 .rodata.zeroes.7256
                0x0800c0c4       0x10 C:\PROGRA~2\GNUTOO~1\50A5A~1.420\arm-none-eabi\lib\thumb\libc.a(lib_a-svfprintf.o)
 .rodata.str1.4
                0x0800c0d4       0x42 C:\PROGRA~2\GNUTOO~1\50A5A~1.420\arm-none-eabi\lib\thumb\libc.a(lib_a-svfprintf.o)
 *fill*         0x0800c116        0x2 
 .rodata.blanks.7255
                0x0800c118       0x10 C:\PROGRA~2\GNUTOO~1\50A5A~1.420\arm-none-eabi\lib\thumb\libc.a(lib_a-svfprintf.o)
 .rodata.str1.4
                0x0800c128       0x10 C:\PROGRA~2\GNUTOO~1\50A5A~1.420\arm-none-eabi\lib\thumb\libc.a(lib_a-dtoa.o)
                                 0x12 (size before relaxing)
 .rodata.__mprec_tens
                0x0800c138       0xc8 C:\PROGRA~2\GNUTOO~1\50A5A~1.420\arm-none-eabi\lib\thumb\libc.a(lib_a-mprec.o)
                0x0800c138                __mprec_tens
 .rodata.p05.6085
                0x0800c200        0xc C:\PROGRA~2\GNUTOO~1\50A5A~1.420\arm-none-eabi\lib\thumb\libc.a(lib_a-mprec.o)
 *fill*         0x0800c20c        0x4 
 .rodata.__mprec_bigtens
                0x0800c210       0x28 C:\PROGRA~2\GNUTOO~1\50A5A~1.420\arm-none-eabi\lib\thumb\libc.a(lib_a-mprec.o)
                0x0800c210                __mprec_bigtens
 .rodata.__mprec_tinytens
                0x0800c238       0x28 C:\PROGRA~2\GNUTOO~1\50A5A~1.420\arm-none-eabi\lib\thumb\libc.a(lib_a-mprec.o)
                0x0800c238                __mprec_tinytens
 .rodata._svfiprintf_r
                0x0800c260      0x164 C:\PROGRA~2\GNUTOO~1\50A5A~1.420\arm-none-eabi\lib\thumb\libc.a(lib_a-svfiprintf.o)
 .rodata.blanks.7235
                0x0800c3c4       0x10 C:\PROGRA~2\GNUTOO~1\50A5A~1.420\arm-none-eabi\lib\thumb\libc.a(lib_a-svfiprintf.o)
 .rodata.str1.4
                0x0800c3d4       0x2f C:\PROGRA~2\GNUTOO~1\50A5A~1.420\arm-none-eabi\lib\thumb\libc.a(lib_a-svfiprintf.o)
 .rodata.zeroes.7236
                0x0800c3d4       0x10 C:\PROGRA~2\GNUTOO~1\50A5A~1.420\arm-none-eabi\lib\thumb\libc.a(lib_a-svfiprintf.o)
 .rodata.str1.4
                0x0800c3e4       0x10 C:\PROGRA~2\GNUTOO~1\50A5A~1.420\arm-none-eabi\lib\thumb\libc.a(lib_a-locale.o)
                                 0x12 (size before relaxing)
 .rodata._ctype_
                0x0800c3f4      0x101 C:\PROGRA~2\GNUTOO~1\50A5A~1.420\arm-none-eabi\lib\thumb\libc.a(lib_a-ctype_.o)
                0x0800c3f4                _ctype_
 *(.eh_frame*)
 *fill*         0x0800c4f5        0x3 
 .eh_frame      0x0800c4f8        0x0 c:/progra~2/gnutoo~1/50a5a~1.420/bin/../lib/gcc/arm-none-eabi/5.4.1/armv7e-m/crtbegin.o
 .eh_frame      0x0800c4f8        0x4 c:/progra~2/gnutoo~1/50a5a~1.420/bin/../lib/gcc/arm-none-eabi/5.4.1/armv7e-m/crtend.o

.glue_7         0x0800c4fc        0x0
 .glue_7        0x0800c4fc        0x0 linker stubs

.glue_7t        0x0800c4fc        0x0
 .glue_7t       0x0800c4fc        0x0 linker stubs

.vfp11_veneer   0x0800c4fc        0x0
 .vfp11_veneer  0x0800c4fc        0x0 linker stubs

.v4_bx          0x0800c4fc        0x0
 .v4_bx         0x0800c4fc        0x0 linker stubs

.iplt           0x0800c4fc        0x0
 .iplt          0x0800c4fc        0x0 c:/progra~2/gnutoo~1/50a5a~1.420/bin/../lib/gcc/arm-none-eabi/5.4.1/armv7e-m/crtbegin.o

.ARM.extab      0x0800c4fc        0x0
 *(.ARM.extab* .gnu.linkonce.armextab.*)
 .ARM.extab     0x0800c4fc        0x0 c:/progra~2/gnutoo~1/50a5a~1.420/bin/../lib/gcc/arm-none-eabi/5.4.1/../../../../arm-none-eabi/lib/armv7e-m/crt0.o
 .ARM.extab     0x0800c4fc        0x0 c:/progra~2/gnutoo~1/50a5a~1.420/bin/../lib/gcc/arm-none-eabi/5.4.1/armv7e-m\libgcc.a(_udivmoddi4.o)
                0x0800c4fc                __exidx_start = .

.ARM.exidx      0x0800c4fc        0x8
 *(.ARM.exidx* .gnu.linkonce.armexidx.*)
 .ARM.exidx     0x0800c4fc        0x8 c:/progra~2/gnutoo~1/50a5a~1.420/bin/../lib/gcc/arm-none-eabi/5.4.1/../../../../arm-none-eabi/lib/armv7e-m/crt0.o
 .ARM.exidx     0x0800c504        0x0 c:/progra~2/gnutoo~1/50a5a~1.420/bin/../lib/gcc/arm-none-eabi/5.4.1/armv7e-m\libgcc.a(_udivmoddi4.o)
                                  0x8 (size before relaxing)
                0x0800c504                __exidx_end = .
                0x0800c504                __etext = .

.rel.dyn        0x0800c504        0x0
 .rel.iplt      0x0800c504        0x0 c:/progra~2/gnutoo~1/50a5a~1.420/bin/../lib/gcc/arm-none-eabi/5.4.1/armv7e-m/crtbegin.o

.data           0x20000000      0xa40 load address 0x0800c504
                0x20000000                __data_start__ = .
 *(vtable)
 *(.data*)
 .data          0x20000000        0x0 c:/progra~2/gnutoo~1/50a5a~1.420/bin/../lib/gcc/arm-none-eabi/5.4.1/armv7e-m/crti.o
 .data          0x20000000        0x4 c:/progra~2/gnutoo~1/50a5a~1.420/bin/../lib/gcc/arm-none-eabi/5.4.1/armv7e-m/crtbegin.o
                0x20000000                __dso_handle
 .data          0x20000004        0x0 c:/progra~2/gnutoo~1/50a5a~1.420/bin/../lib/gcc/arm-none-eabi/5.4.1/../../../../arm-none-eabi/lib/armv7e-m/crt0.o
 .data          0x20000004       0x14 obj/code.o
                0x20000004                CCR1_Val
                0x20000006                CCR2_Val
                0x20000008                CCR3_Val
                0x2000000a                CCR4_Val
                0x2000000c                delta_sensor_sem
 .data          0x20000018       0x20 obj/eecfg.o
                0x20000018                EE_th_status
                0x20000020                EE_th_next
                0x20000028                EE_stkfirst
                0x2000002c                EE_rqfirst
                0x20000030                EE_counter_RAM
 .data          0x20000038        0x0 obj/pkg/mcu/st_stm32_stm32f4xx/src/startup_stm32f4xx_gnu.o
 .data          0x20000038       0x14 obj/pkg/mcu/st_stm32_stm32f4xx/src/system_stm32f4xx.o
                0x20000038                SystemCoreClock
                0x2000003c                AHBPrescTable
 .data          0x2000004c        0x0 libee.a(ee_hal_structs.o)
 .data          0x2000004c        0x0 libee.a(ee_utils.o)
 .data          0x2000004c        0x0 libee.a(ee_gnu_change_context_isr.o)
 .data          0x2000004c        0x0 libee.a(ee_gnu_multi_context.o)
 .data          0x2000004c        0x0 libee.a(ee_altick.o)
 .data          0x2000004c        0x0 libee.a(ee_alsetrel.o)
 .data          0x2000004c        0x0 libee.a(ee_irqsc.o)
 .data          0x2000004c        0x0 libee.a(ee_rqexchg.o)
 .data          0x2000004c        0x0 libee.a(ee_rqinsert.o)
 .data          0x2000004c        0x0 libee.a(ee_swait.o)
 .data          0x2000004c        0x0 libee.a(ee_spost.o)
 .data          0x2000004c        0x0 libee.a(ee_context.o)
 .data          0x2000004c        0x0 libee.a(ee_context.o)
 .data          0x2000004c        0x0 libee.a(ee_thendin.o)
 .data          0x2000004c       0x28 libstm32f4discovery.a(stm32f4_discovery.o)
                0x2000004c                GPIO_PORT
                0x2000005c                COM_USART
                0x20000064                COM_TX_PORT
                0x2000006c                COM_RX_PORT
 .data          0x20000074        0x0 libstm32f4xxspd.a(stm32f4xx_exti.o)
 .data          0x20000074        0x0 libstm32f4xxspd.a(stm32f4xx_gpio.o)
 .data          0x20000074       0x10 libstm32f4xxspd.a(stm32f4xx_rcc.o)
 .data          0x20000084        0x0 libstm32f4xxspd.a(stm32f4xx_syscfg.o)
 .data          0x20000084        0x0 libstm32f4xxspd.a(stm32f4xx_tim.o)
 .data          0x20000084        0x0 libstm32f4xxspd.a(stm32f4xx_usart.o)
 .data          0x20000084        0x0 libstm32f4xxspd.a(misc.o)
 .data          0x20000084        0x0 c:/progra~2/gnutoo~1/50a5a~1.420/bin/../lib/gcc/arm-none-eabi/5.4.1/armv7e-m\libgcc.a(_arm_addsubdf3.o)
 .data          0x20000084        0x0 c:/progra~2/gnutoo~1/50a5a~1.420/bin/../lib/gcc/arm-none-eabi/5.4.1/armv7e-m\libgcc.a(_arm_cmpdf2.o)
 .data          0x20000084        0x0 C:\PROGRA~2\GNUTOO~1\50A5A~1.420\arm-none-eabi\lib\thumb\libc.a(lib_a-exit.o)
 .data          0x20000084        0x0 C:\PROGRA~2\GNUTOO~1\50A5A~1.420\arm-none-eabi\lib\thumb\libc.a(lib_a-impure.o)
 *fill*         0x20000084        0x4 
 .data.impure_data
                0x20000088      0x428 C:\PROGRA~2\GNUTOO~1\50A5A~1.420\arm-none-eabi\lib\thumb\libc.a(lib_a-impure.o)
 .data._impure_ptr
                0x200004b0        0x4 C:\PROGRA~2\GNUTOO~1\50A5A~1.420\arm-none-eabi\lib\thumb\libc.a(lib_a-impure.o)
                0x200004b0                _impure_ptr
 .data          0x200004b4        0x0 C:\PROGRA~2\GNUTOO~1\50A5A~1.420\arm-none-eabi\lib\thumb\libc.a(lib_a-init.o)
 .data          0x200004b4        0x0 C:\PROGRA~2\GNUTOO~1\50A5A~1.420\arm-none-eabi\lib\thumb\libc.a(lib_a-memset.o)
 .data          0x200004b4        0x0 C:\PROGRA~2\GNUTOO~1\50A5A~1.420\arm-none-eabi\lib\thumb\libc.a(lib_a-sprintf.o)
 .data          0x200004b4        0x0 C:\PROGRA~2\GNUTOO~1\50A5A~1.420\arm-none-eabi\lib\thumb\libc.a(lib_a-svfprintf.o)
 .data          0x200004b4        0x0 C:\PROGRA~2\GNUTOO~1\50A5A~1.420\arm-none-eabi\lib\thumb\libc.a(lib_a-__call_atexit.o)
 .data          0x200004b4        0x0 C:\PROGRA~2\GNUTOO~1\50A5A~1.420\arm-none-eabi\lib\thumb\libc.a(lib_a-atexit.o)
 .data          0x200004b4        0x0 C:\PROGRA~2\GNUTOO~1\50A5A~1.420\arm-none-eabi\lib\thumb\libc.a(lib_a-dtoa.o)
 .data          0x200004b4        0x0 C:\PROGRA~2\GNUTOO~1\50A5A~1.420\arm-none-eabi\lib\thumb\libc.a(lib_a-fini.o)
 .data          0x200004b4        0x0 C:\PROGRA~2\GNUTOO~1\50A5A~1.420\arm-none-eabi\lib\thumb\libc.a(lib_a-localeconv.o)
 .data          0x200004b4        0x0 C:\PROGRA~2\GNUTOO~1\50A5A~1.420\arm-none-eabi\lib\thumb\libc.a(lib_a-mallocr.o)
 .data.__malloc_av_
                0x200004b4      0x408 C:\PROGRA~2\GNUTOO~1\50A5A~1.420\arm-none-eabi\lib\thumb\libc.a(lib_a-mallocr.o)
                0x200004b4                __malloc_av_
 .data.__malloc_trim_threshold
                0x200008bc        0x4 C:\PROGRA~2\GNUTOO~1\50A5A~1.420\arm-none-eabi\lib\thumb\libc.a(lib_a-mallocr.o)
                0x200008bc                __malloc_trim_threshold
 .data.__malloc_sbrk_base
                0x200008c0        0x4 C:\PROGRA~2\GNUTOO~1\50A5A~1.420\arm-none-eabi\lib\thumb\libc.a(lib_a-mallocr.o)
                0x200008c0                __malloc_sbrk_base
 .data          0x200008c4        0x0 C:\PROGRA~2\GNUTOO~1\50A5A~1.420\arm-none-eabi\lib\thumb\libc.a(lib_a-memchr-stub.o)
 .data          0x200008c4        0x0 C:\PROGRA~2\GNUTOO~1\50A5A~1.420\arm-none-eabi\lib\thumb\libc.a(lib_a-memcpy-stub.o)
 .data          0x200008c4        0x0 C:\PROGRA~2\GNUTOO~1\50A5A~1.420\arm-none-eabi\lib\thumb\libc.a(lib_a-mlock.o)
 .data          0x200008c4        0x0 C:\PROGRA~2\GNUTOO~1\50A5A~1.420\arm-none-eabi\lib\thumb\libc.a(lib_a-mprec.o)
 .data          0x200008c4        0x0 C:\PROGRA~2\GNUTOO~1\50A5A~1.420\arm-none-eabi\lib\thumb\libc.a(lib_a-sbrkr.o)
 .data          0x200008c4        0x0 C:\PROGRA~2\GNUTOO~1\50A5A~1.420\arm-none-eabi\lib\thumb\libc.a(lib_a-strlen-stub.o)
 .data          0x200008c4        0x0 C:\PROGRA~2\GNUTOO~1\50A5A~1.420\arm-none-eabi\lib\thumb\libc.a(lib_a-svfiprintf.o)
 .data          0x200008c4        0x0 C:\PROGRA~2\GNUTOO~1\50A5A~1.420\arm-none-eabi\lib\thumb\libc.a(lib_a-__atexit.o)
 .data          0x200008c4        0x0 C:\PROGRA~2\GNUTOO~1\50A5A~1.420\arm-none-eabi\lib\thumb\libc.a(lib_a-callocr.o)
 .data          0x200008c4        0x0 C:\PROGRA~2\GNUTOO~1\50A5A~1.420\arm-none-eabi\lib\thumb\libc.a(lib_a-freer.o)
 .data          0x200008c4        0x0 C:\PROGRA~2\GNUTOO~1\50A5A~1.420\arm-none-eabi\lib\thumb\libc.a(lib_a-locale.o)
 .data.__global_locale
                0x200008c4      0x16c C:\PROGRA~2\GNUTOO~1\50A5A~1.420\arm-none-eabi\lib\thumb\libc.a(lib_a-locale.o)
                0x200008c4                __global_locale
 .data          0x20000a30        0x0 C:\PROGRA~2\GNUTOO~1\50A5A~1.420\arm-none-eabi\lib\thumb\libc.a(lib_a-mbtowc_r.o)
 .data          0x20000a30        0x0 C:\PROGRA~2\GNUTOO~1\50A5A~1.420\arm-none-eabi\lib\thumb\libc.a(lib_a-memmove.o)
 .data          0x20000a30        0x0 C:\PROGRA~2\GNUTOO~1\50A5A~1.420\arm-none-eabi\lib\thumb\libc.a(lib_a-reallocr.o)
 .data          0x20000a30        0x0 C:\PROGRA~2\GNUTOO~1\50A5A~1.420\arm-none-eabi\lib\thumb\libc.a(lib_a-reent.o)
 .data          0x20000a30        0x0 C:\PROGRA~2\GNUTOO~1\50A5A~1.420\arm-none-eabi\lib\thumb\libc.a(lib_a-strcmp.o)
 .data          0x20000a30        0x0 C:\PROGRA~2\GNUTOO~1\50A5A~1.420\arm-none-eabi\lib\thumb\libc.a(lib_a-wctomb_r.o)
 .data          0x20000a30        0x0 C:\PROGRA~2\GNUTOO~1\50A5A~1.420\arm-none-eabi\lib\thumb\libc.a(lib_a-ctype_.o)
 .data          0x20000a30        0x0 C:\PROGRA~2\GNUTOO~1\50A5A~1.420\arm-none-eabi\lib\thumb\libnosys.a(sbrk.o)
 .data          0x20000a30        0x0 c:/progra~2/gnutoo~1/50a5a~1.420/bin/../lib/gcc/arm-none-eabi/5.4.1/armv7e-m\libgcc.a(_udivsi3.o)
 .data          0x20000a30        0x0 c:/progra~2/gnutoo~1/50a5a~1.420/bin/../lib/gcc/arm-none-eabi/5.4.1/armv7e-m\libgcc.a(_divsi3.o)
 .data          0x20000a30        0x0 c:/progra~2/gnutoo~1/50a5a~1.420/bin/../lib/gcc/arm-none-eabi/5.4.1/armv7e-m\libgcc.a(_dvmd_tls.o)
 .data          0x20000a30        0x0 c:/progra~2/gnutoo~1/50a5a~1.420/bin/../lib/gcc/arm-none-eabi/5.4.1/armv7e-m\libgcc.a(_arm_muldivdf3.o)
 .data          0x20000a30        0x0 c:/progra~2/gnutoo~1/50a5a~1.420/bin/../lib/gcc/arm-none-eabi/5.4.1/armv7e-m\libgcc.a(_arm_unorddf2.o)
 .data          0x20000a30        0x0 c:/progra~2/gnutoo~1/50a5a~1.420/bin/../lib/gcc/arm-none-eabi/5.4.1/armv7e-m\libgcc.a(_arm_fixdfsi.o)
 .data          0x20000a30        0x0 c:/progra~2/gnutoo~1/50a5a~1.420/bin/../lib/gcc/arm-none-eabi/5.4.1/armv7e-m\libgcc.a(_aeabi_uldivmod.o)
 .data          0x20000a30        0x0 c:/progra~2/gnutoo~1/50a5a~1.420/bin/../lib/gcc/arm-none-eabi/5.4.1/armv7e-m\libgcc.a(_udivmoddi4.o)
 .data          0x20000a30        0x0 c:/progra~2/gnutoo~1/50a5a~1.420/bin/../lib/gcc/arm-none-eabi/5.4.1/armv7e-m/crtend.o
 .data          0x20000a30        0x0 c:/progra~2/gnutoo~1/50a5a~1.420/bin/../lib/gcc/arm-none-eabi/5.4.1/armv7e-m/crtn.o
                0x20000a30                . = ALIGN (0x4)
                0x20000a30                PROVIDE (__preinit_array_start, .)
 *(.preinit_array)
                0x20000a30                PROVIDE (__preinit_array_end, .)
                0x20000a30                . = ALIGN (0x4)
                0x20000a30                PROVIDE (__init_array_start, .)
 *(SORT(.init_array.*))
 .init_array.00000
                0x20000a30        0x4 C:\PROGRA~2\GNUTOO~1\50A5A~1.420\arm-none-eabi\lib\thumb\libc.a(lib_a-__call_atexit.o)
 *(.init_array)
 .init_array    0x20000a34        0x4 c:/progra~2/gnutoo~1/50a5a~1.420/bin/../lib/gcc/arm-none-eabi/5.4.1/armv7e-m/crtbegin.o
                0x20000a38                PROVIDE (__init_array_end, .)
                0x20000a38                . = ALIGN (0x4)
                0x20000a38                PROVIDE (__fini_array_start, .)
 *(SORT(.fini_array.*))
 *(.fini_array)
 .fini_array    0x20000a38        0x4 c:/progra~2/gnutoo~1/50a5a~1.420/bin/../lib/gcc/arm-none-eabi/5.4.1/armv7e-m/crtbegin.o
                0x20000a3c                PROVIDE (__fini_array_end, .)
 *(.jcr*)
 .jcr           0x20000a3c        0x0 c:/progra~2/gnutoo~1/50a5a~1.420/bin/../lib/gcc/arm-none-eabi/5.4.1/armv7e-m/crtbegin.o
 .jcr           0x20000a3c        0x4 c:/progra~2/gnutoo~1/50a5a~1.420/bin/../lib/gcc/arm-none-eabi/5.4.1/armv7e-m/crtend.o
                0x20000a40                . = ALIGN (0x4)
                0x20000a40                __data_end__ = .

.igot.plt       0x20000a40        0x0 load address 0x0800cf44
 .igot.plt      0x20000a40        0x0 c:/progra~2/gnutoo~1/50a5a~1.420/bin/../lib/gcc/arm-none-eabi/5.4.1/armv7e-m/crtbegin.o

.bss            0x20000a40      0x1b4 load address 0x0800cf48
                0x20000a40                . = ALIGN (0x4)
                0x20000a40                __bss_start__ = .
 *(.bss*)
 .bss           0x20000a40        0x0 c:/progra~2/gnutoo~1/50a5a~1.420/bin/../lib/gcc/arm-none-eabi/5.4.1/armv7e-m/crti.o
 .bss           0x20000a40       0x1c c:/progra~2/gnutoo~1/50a5a~1.420/bin/../lib/gcc/arm-none-eabi/5.4.1/armv7e-m/crtbegin.o
 .bss           0x20000a5c        0x0 c:/progra~2/gnutoo~1/50a5a~1.420/bin/../lib/gcc/arm-none-eabi/5.4.1/../../../../arm-none-eabi/lib/armv7e-m/crt0.o
 *fill*         0x20000a5c        0x4 
 .bss           0x20000a60       0x51 obj/code.o
                0x20000a60                PrescalerValue
                0x20000a68                led_ms
                0x20000aa8                led_flags
                0x20000ab0                sensor_mode
 *fill*         0x20000ab1        0x3 
 .bss           0x20000ab4        0xc obj/eecfg.o
                0x20000ab4                EE_cortex_mx_system_tos
                0x20000ab8                EE_cortex_mx_active_tos
                0x20000abc                EE_sys_ceiling
 .bss           0x20000ac0        0x0 obj/pkg/mcu/st_stm32_stm32f4xx/src/startup_stm32f4xx_gnu.o
 .bss           0x20000ac0        0x0 obj/pkg/mcu/st_stm32_stm32f4xx/src/system_stm32f4xx.o
 .bss           0x20000ac0        0x0 libee.a(ee_hal_structs.o)
 .bss           0x20000ac0        0x0 libee.a(ee_utils.o)
 .bss           0x20000ac0        0x0 libee.a(ee_gnu_change_context_isr.o)
 .bss           0x20000ac0        0x0 libee.a(ee_gnu_multi_context.o)
 .bss           0x20000ac0        0x0 libee.a(ee_altick.o)
 .bss           0x20000ac0        0x0 libee.a(ee_alsetrel.o)
 .bss           0x20000ac0        0x0 libee.a(ee_irqsc.o)
 .bss           0x20000ac0        0x0 libee.a(ee_rqexchg.o)
 .bss           0x20000ac0        0x0 libee.a(ee_rqinsert.o)
 .bss           0x20000ac0        0x0 libee.a(ee_swait.o)
 .bss           0x20000ac0        0x0 libee.a(ee_spost.o)
 .bss           0x20000ac0        0x0 libee.a(ee_context.o)
 .bss           0x20000ac0        0x0 libee.a(ee_context.o)
 .bss           0x20000ac0        0x0 libee.a(ee_thendin.o)
 .bss           0x20000ac0        0x0 libstm32f4discovery.a(stm32f4_discovery.o)
 .bss           0x20000ac0        0x0 libstm32f4xxspd.a(stm32f4xx_exti.o)
 .bss           0x20000ac0        0x0 libstm32f4xxspd.a(stm32f4xx_gpio.o)
 .bss           0x20000ac0        0x0 libstm32f4xxspd.a(stm32f4xx_rcc.o)
 .bss           0x20000ac0        0x0 libstm32f4xxspd.a(stm32f4xx_syscfg.o)
 .bss           0x20000ac0        0x0 libstm32f4xxspd.a(stm32f4xx_tim.o)
 .bss           0x20000ac0        0x0 libstm32f4xxspd.a(stm32f4xx_usart.o)
 .bss           0x20000ac0        0x0 libstm32f4xxspd.a(misc.o)
 .bss           0x20000ac0        0x0 c:/progra~2/gnutoo~1/50a5a~1.420/bin/../lib/gcc/arm-none-eabi/5.4.1/armv7e-m\libgcc.a(_arm_addsubdf3.o)
 .bss           0x20000ac0        0x0 c:/progra~2/gnutoo~1/50a5a~1.420/bin/../lib/gcc/arm-none-eabi/5.4.1/armv7e-m\libgcc.a(_arm_cmpdf2.o)
 .bss           0x20000ac0        0x0 C:\PROGRA~2\GNUTOO~1\50A5A~1.420\arm-none-eabi\lib\thumb\libc.a(lib_a-exit.o)
 .bss           0x20000ac0        0x0 C:\PROGRA~2\GNUTOO~1\50A5A~1.420\arm-none-eabi\lib\thumb\libc.a(lib_a-impure.o)
 .bss           0x20000ac0        0x0 C:\PROGRA~2\GNUTOO~1\50A5A~1.420\arm-none-eabi\lib\thumb\libc.a(lib_a-init.o)
 .bss           0x20000ac0        0x0 C:\PROGRA~2\GNUTOO~1\50A5A~1.420\arm-none-eabi\lib\thumb\libc.a(lib_a-memset.o)
 .bss           0x20000ac0        0x0 C:\PROGRA~2\GNUTOO~1\50A5A~1.420\arm-none-eabi\lib\thumb\libc.a(lib_a-sprintf.o)
 .bss           0x20000ac0        0x0 C:\PROGRA~2\GNUTOO~1\50A5A~1.420\arm-none-eabi\lib\thumb\libc.a(lib_a-svfprintf.o)
 .bss           0x20000ac0        0x0 C:\PROGRA~2\GNUTOO~1\50A5A~1.420\arm-none-eabi\lib\thumb\libc.a(lib_a-__call_atexit.o)
 .bss           0x20000ac0        0x0 C:\PROGRA~2\GNUTOO~1\50A5A~1.420\arm-none-eabi\lib\thumb\libc.a(lib_a-atexit.o)
 .bss           0x20000ac0        0x0 C:\PROGRA~2\GNUTOO~1\50A5A~1.420\arm-none-eabi\lib\thumb\libc.a(lib_a-dtoa.o)
 .bss           0x20000ac0        0x0 C:\PROGRA~2\GNUTOO~1\50A5A~1.420\arm-none-eabi\lib\thumb\libc.a(lib_a-fini.o)
 .bss           0x20000ac0        0x0 C:\PROGRA~2\GNUTOO~1\50A5A~1.420\arm-none-eabi\lib\thumb\libc.a(lib_a-localeconv.o)
 .bss           0x20000ac0        0x0 C:\PROGRA~2\GNUTOO~1\50A5A~1.420\arm-none-eabi\lib\thumb\libc.a(lib_a-mallocr.o)
 .bss.__malloc_max_total_mem
                0x20000ac0        0x4 C:\PROGRA~2\GNUTOO~1\50A5A~1.420\arm-none-eabi\lib\thumb\libc.a(lib_a-mallocr.o)
                0x20000ac0                __malloc_max_total_mem
 .bss.__malloc_max_sbrked_mem
                0x20000ac4        0x4 C:\PROGRA~2\GNUTOO~1\50A5A~1.420\arm-none-eabi\lib\thumb\libc.a(lib_a-mallocr.o)
                0x20000ac4                __malloc_max_sbrked_mem
 .bss.__malloc_top_pad
                0x20000ac8        0x4 C:\PROGRA~2\GNUTOO~1\50A5A~1.420\arm-none-eabi\lib\thumb\libc.a(lib_a-mallocr.o)
                0x20000ac8                __malloc_top_pad
 .bss.__malloc_current_mallinfo
                0x20000acc       0x28 C:\PROGRA~2\GNUTOO~1\50A5A~1.420\arm-none-eabi\lib\thumb\libc.a(lib_a-mallocr.o)
                0x20000acc                __malloc_current_mallinfo
 .bss           0x20000af4        0x0 C:\PROGRA~2\GNUTOO~1\50A5A~1.420\arm-none-eabi\lib\thumb\libc.a(lib_a-memchr-stub.o)
 .bss           0x20000af4        0x0 C:\PROGRA~2\GNUTOO~1\50A5A~1.420\arm-none-eabi\lib\thumb\libc.a(lib_a-memcpy-stub.o)
 .bss           0x20000af4        0x0 C:\PROGRA~2\GNUTOO~1\50A5A~1.420\arm-none-eabi\lib\thumb\libc.a(lib_a-mlock.o)
 .bss           0x20000af4        0x0 C:\PROGRA~2\GNUTOO~1\50A5A~1.420\arm-none-eabi\lib\thumb\libc.a(lib_a-mprec.o)
 .bss           0x20000af4        0x0 C:\PROGRA~2\GNUTOO~1\50A5A~1.420\arm-none-eabi\lib\thumb\libc.a(lib_a-sbrkr.o)
 .bss           0x20000af4        0x0 C:\PROGRA~2\GNUTOO~1\50A5A~1.420\arm-none-eabi\lib\thumb\libc.a(lib_a-strlen-stub.o)
 .bss           0x20000af4        0x0 C:\PROGRA~2\GNUTOO~1\50A5A~1.420\arm-none-eabi\lib\thumb\libc.a(lib_a-svfiprintf.o)
 .bss           0x20000af4        0x0 C:\PROGRA~2\GNUTOO~1\50A5A~1.420\arm-none-eabi\lib\thumb\libc.a(lib_a-__atexit.o)
 .bss           0x20000af4        0x0 C:\PROGRA~2\GNUTOO~1\50A5A~1.420\arm-none-eabi\lib\thumb\libc.a(lib_a-callocr.o)
 .bss           0x20000af4        0x0 C:\PROGRA~2\GNUTOO~1\50A5A~1.420\arm-none-eabi\lib\thumb\libc.a(lib_a-freer.o)
 .bss           0x20000af4        0x0 C:\PROGRA~2\GNUTOO~1\50A5A~1.420\arm-none-eabi\lib\thumb\libc.a(lib_a-locale.o)
 .bss._PathLocale
                0x20000af4        0x4 C:\PROGRA~2\GNUTOO~1\50A5A~1.420\arm-none-eabi\lib\thumb\libc.a(lib_a-locale.o)
                0x20000af4                _PathLocale
 .bss           0x20000af8        0x0 C:\PROGRA~2\GNUTOO~1\50A5A~1.420\arm-none-eabi\lib\thumb\libc.a(lib_a-mbtowc_r.o)
 .bss           0x20000af8        0x0 C:\PROGRA~2\GNUTOO~1\50A5A~1.420\arm-none-eabi\lib\thumb\libc.a(lib_a-memmove.o)
 .bss           0x20000af8        0x0 C:\PROGRA~2\GNUTOO~1\50A5A~1.420\arm-none-eabi\lib\thumb\libc.a(lib_a-reallocr.o)
 .bss           0x20000af8        0x0 C:\PROGRA~2\GNUTOO~1\50A5A~1.420\arm-none-eabi\lib\thumb\libc.a(lib_a-reent.o)
 .bss           0x20000af8        0x0 C:\PROGRA~2\GNUTOO~1\50A5A~1.420\arm-none-eabi\lib\thumb\libc.a(lib_a-strcmp.o)
 .bss           0x20000af8        0x0 C:\PROGRA~2\GNUTOO~1\50A5A~1.420\arm-none-eabi\lib\thumb\libc.a(lib_a-wctomb_r.o)
 .bss           0x20000af8        0x0 C:\PROGRA~2\GNUTOO~1\50A5A~1.420\arm-none-eabi\lib\thumb\libc.a(lib_a-ctype_.o)
 .bss           0x20000af8        0x0 C:\PROGRA~2\GNUTOO~1\50A5A~1.420\arm-none-eabi\lib\thumb\libnosys.a(sbrk.o)
 .bss.heap_end.4167
                0x20000af8        0x4 C:\PROGRA~2\GNUTOO~1\50A5A~1.420\arm-none-eabi\lib\thumb\libnosys.a(sbrk.o)
 .bss           0x20000afc        0x0 c:/progra~2/gnutoo~1/50a5a~1.420/bin/../lib/gcc/arm-none-eabi/5.4.1/armv7e-m\libgcc.a(_udivsi3.o)
 .bss           0x20000afc        0x0 c:/progra~2/gnutoo~1/50a5a~1.420/bin/../lib/gcc/arm-none-eabi/5.4.1/armv7e-m\libgcc.a(_divsi3.o)
 .bss           0x20000afc        0x0 c:/progra~2/gnutoo~1/50a5a~1.420/bin/../lib/gcc/arm-none-eabi/5.4.1/armv7e-m\libgcc.a(_dvmd_tls.o)
 .bss           0x20000afc        0x0 c:/progra~2/gnutoo~1/50a5a~1.420/bin/../lib/gcc/arm-none-eabi/5.4.1/armv7e-m\libgcc.a(_arm_muldivdf3.o)
 .bss           0x20000afc        0x0 c:/progra~2/gnutoo~1/50a5a~1.420/bin/../lib/gcc/arm-none-eabi/5.4.1/armv7e-m\libgcc.a(_arm_unorddf2.o)
 .bss           0x20000afc        0x0 c:/progra~2/gnutoo~1/50a5a~1.420/bin/../lib/gcc/arm-none-eabi/5.4.1/armv7e-m\libgcc.a(_arm_fixdfsi.o)
 .bss           0x20000afc        0x0 c:/progra~2/gnutoo~1/50a5a~1.420/bin/../lib/gcc/arm-none-eabi/5.4.1/armv7e-m\libgcc.a(_aeabi_uldivmod.o)
 .bss           0x20000afc        0x0 c:/progra~2/gnutoo~1/50a5a~1.420/bin/../lib/gcc/arm-none-eabi/5.4.1/armv7e-m\libgcc.a(_udivmoddi4.o)
 .bss           0x20000afc        0x0 c:/progra~2/gnutoo~1/50a5a~1.420/bin/../lib/gcc/arm-none-eabi/5.4.1/armv7e-m/crtend.o
 .bss           0x20000afc        0x0 c:/progra~2/gnutoo~1/50a5a~1.420/bin/../lib/gcc/arm-none-eabi/5.4.1/armv7e-m/crtn.o
 *(COMMON)
 *fill*         0x20000afc        0x4 
 COMMON         0x20000b00       0xc8 obj/code.o
                0x20000b00                TIM_TimeBaseStructure
                0x20000b10                reference_time
                0x20000b18                GPIO_InitStructure_LightSensors
                0x20000b58                sensor_up_time
                0x20000b60                TIM_OCInitStructure
                0x20000b74                USART_InitStructure
                0x20000b88                delta_sensor
 COMMON         0x20000bc8       0x20 obj/eecfg.o
                0x20000bc8                EE_alarm_RAM
                0x20000be0                EE_th_nact
 COMMON         0x20000be8        0x8 libee.a(ee_hal_structs.o)
                0x20000be8                EE_IRQ_nesting_level
                0x20000bec                EE_std_endcycle_next_tid
 COMMON         0x20000bf0        0x4 C:\PROGRA~2\GNUTOO~1\50A5A~1.420\arm-none-eabi\lib\thumb\libc.a(lib_a-reent.o)
                0x20000bf0                errno
                0x20000bf4                . = ALIGN (0x4)
                0x20000bf4                __bss_end__ = .

.heap           0x20000bf8      0x100
                0x20000bf8                __end__ = .
                0x20000bf8                end = __end__
 *(.heap*)
 .heap          0x20000bf8      0x100 obj/pkg/mcu/st_stm32_stm32f4xx/src/startup_stm32f4xx_gnu.o
                0x20000bf8                __HeapBase
                0x20000cf8                __HeapLimit = .

.stack_dummy    0x20000bf8      0xc00
 *(.stack*)
 .stack         0x20000bf8      0xc00 obj/pkg/mcu/st_stm32_stm32f4xx/src/startup_stm32f4xx_gnu.o
                0x20020000                __StackTop = (ORIGIN (RAM) + LENGTH (RAM))
                0x2001f400                __StackLimit = (__StackTop - SIZEOF (.stack_dummy))
                0x20020000                PROVIDE (__stack, __StackTop)
                0x00000001                ASSERT ((__StackLimit >= __HeapLimit), region RAM overflowed with stack)
                0x10000000                __CcmOrigin = ORIGIN (CCM)
                0x00010000                __CcmLen = LENGTH (CCM)
START GROUP
LOAD c:/progra~2/gnutoo~1/50a5a~1.420/bin/../lib/gcc/arm-none-eabi/5.4.1/armv7e-m\libgcc.a
LOAD C:\PROGRA~2\GNUTOO~1\50A5A~1.420\arm-none-eabi\lib\thumb\libg.a
LOAD C:\PROGRA~2\GNUTOO~1\50A5A~1.420\arm-none-eabi\lib\thumb\libc.a
END GROUP
LOAD c:/progra~2/gnutoo~1/50a5a~1.420/bin/../lib/gcc/arm-none-eabi/5.4.1/armv7e-m/crtend.o
LOAD c:/progra~2/gnutoo~1/50a5a~1.420/bin/../lib/gcc/arm-none-eabi/5.4.1/armv7e-m/crtn.o
OUTPUT(c_mX.elf elf32-littlearm)

.ARM.attributes
                0x00000000       0x2c
 .ARM.attributes
                0x00000000       0x1e c:/progra~2/gnutoo~1/50a5a~1.420/bin/../lib/gcc/arm-none-eabi/5.4.1/armv7e-m/crti.o
 .ARM.attributes
                0x0000001e       0x2e c:/progra~2/gnutoo~1/50a5a~1.420/bin/../lib/gcc/arm-none-eabi/5.4.1/armv7e-m/crtbegin.o
 .ARM.attributes
                0x0000004c       0x1c c:/progra~2/gnutoo~1/50a5a~1.420/bin/../lib/gcc/arm-none-eabi/5.4.1/../../../../arm-none-eabi/lib/armv7e-m/crt0.o
 .ARM.attributes
                0x00000068       0x33 obj/code.o
 .ARM.attributes
                0x0000009b       0x33 obj/eecfg.o
 .ARM.attributes
                0x000000ce       0x1c obj/pkg/mcu/st_stm32_stm32f4xx/src/startup_stm32f4xx_gnu.o
 .ARM.attributes
                0x000000ea       0x33 obj/pkg/mcu/st_stm32_stm32f4xx/src/system_stm32f4xx.o
 .ARM.attributes
                0x0000011d       0x33 libee.a(ee_hal_structs.o)
 .ARM.attributes
                0x00000150       0x33 libee.a(ee_utils.o)
 .ARM.attributes
                0x00000183       0x21 libee.a(ee_gnu_change_context_isr.o)
 .ARM.attributes
                0x000001a4       0x21 libee.a(ee_gnu_multi_context.o)
 .ARM.attributes
                0x000001c5       0x33 libee.a(ee_altick.o)
 .ARM.attributes
                0x000001f8       0x33 libee.a(ee_alsetrel.o)
 .ARM.attributes
                0x0000022b       0x33 libee.a(ee_irqsc.o)
 .ARM.attributes
                0x0000025e       0x33 libee.a(ee_rqexchg.o)
 .ARM.attributes
                0x00000291       0x33 libee.a(ee_rqinsert.o)
 .ARM.attributes
                0x000002c4       0x33 libee.a(ee_swait.o)
 .ARM.attributes
                0x000002f7       0x33 libee.a(ee_spost.o)
 .ARM.attributes
                0x0000032a       0x33 libee.a(ee_context.o)
 .ARM.attributes
                0x0000035d       0x33 libee.a(ee_context.o)
 .ARM.attributes
                0x00000390       0x33 libee.a(ee_thendin.o)
 .ARM.attributes
                0x000003c3       0x33 libstm32f4discovery.a(stm32f4_discovery.o)
 .ARM.attributes
                0x000003f6       0x33 libstm32f4xxspd.a(stm32f4xx_exti.o)
 .ARM.attributes
                0x00000429       0x33 libstm32f4xxspd.a(stm32f4xx_gpio.o)
 .ARM.attributes
                0x0000045c       0x33 libstm32f4xxspd.a(stm32f4xx_rcc.o)
 .ARM.attributes
                0x0000048f       0x33 libstm32f4xxspd.a(stm32f4xx_syscfg.o)
 .ARM.attributes
                0x000004c2       0x33 libstm32f4xxspd.a(stm32f4xx_tim.o)
 .ARM.attributes
                0x000004f5       0x33 libstm32f4xxspd.a(stm32f4xx_usart.o)
 .ARM.attributes
                0x00000528       0x33 libstm32f4xxspd.a(misc.o)
 .ARM.attributes
                0x0000055b       0x1e c:/progra~2/gnutoo~1/50a5a~1.420/bin/../lib/gcc/arm-none-eabi/5.4.1/armv7e-m\libgcc.a(_arm_addsubdf3.o)
 .ARM.attributes
                0x00000579       0x1e c:/progra~2/gnutoo~1/50a5a~1.420/bin/../lib/gcc/arm-none-eabi/5.4.1/armv7e-m\libgcc.a(_arm_cmpdf2.o)
 .ARM.attributes
                0x00000597       0x30 C:\PROGRA~2\GNUTOO~1\50A5A~1.420\arm-none-eabi\lib\thumb\libc.a(lib_a-exit.o)
 .ARM.attributes
                0x000005c7       0x30 C:\PROGRA~2\GNUTOO~1\50A5A~1.420\arm-none-eabi\lib\thumb\libc.a(lib_a-impure.o)
 .ARM.attributes
                0x000005f7       0x30 C:\PROGRA~2\GNUTOO~1\50A5A~1.420\arm-none-eabi\lib\thumb\libc.a(lib_a-init.o)
 .ARM.attributes
                0x00000627       0x30 C:\PROGRA~2\GNUTOO~1\50A5A~1.420\arm-none-eabi\lib\thumb\libc.a(lib_a-memset.o)
 .ARM.attributes
                0x00000657       0x30 C:\PROGRA~2\GNUTOO~1\50A5A~1.420\arm-none-eabi\lib\thumb\libc.a(lib_a-sprintf.o)
 .ARM.attributes
                0x00000687       0x30 C:\PROGRA~2\GNUTOO~1\50A5A~1.420\arm-none-eabi\lib\thumb\libc.a(lib_a-svfprintf.o)
 .ARM.attributes
                0x000006b7       0x30 C:\PROGRA~2\GNUTOO~1\50A5A~1.420\arm-none-eabi\lib\thumb\libc.a(lib_a-__call_atexit.o)
 .ARM.attributes
                0x000006e7       0x30 C:\PROGRA~2\GNUTOO~1\50A5A~1.420\arm-none-eabi\lib\thumb\libc.a(lib_a-atexit.o)
 .ARM.attributes
                0x00000717       0x30 C:\PROGRA~2\GNUTOO~1\50A5A~1.420\arm-none-eabi\lib\thumb\libc.a(lib_a-dtoa.o)
 .ARM.attributes
                0x00000747       0x30 C:\PROGRA~2\GNUTOO~1\50A5A~1.420\arm-none-eabi\lib\thumb\libc.a(lib_a-fini.o)
 .ARM.attributes
                0x00000777       0x30 C:\PROGRA~2\GNUTOO~1\50A5A~1.420\arm-none-eabi\lib\thumb\libc.a(lib_a-localeconv.o)
 .ARM.attributes
                0x000007a7       0x30 C:\PROGRA~2\GNUTOO~1\50A5A~1.420\arm-none-eabi\lib\thumb\libc.a(lib_a-mallocr.o)
 .ARM.attributes
                0x000007d7       0x30 C:\PROGRA~2\GNUTOO~1\50A5A~1.420\arm-none-eabi\lib\thumb\libc.a(lib_a-memchr-stub.o)
 .ARM.attributes
                0x00000807       0x30 C:\PROGRA~2\GNUTOO~1\50A5A~1.420\arm-none-eabi\lib\thumb\libc.a(lib_a-memcpy-stub.o)
 .ARM.attributes
                0x00000837       0x30 C:\PROGRA~2\GNUTOO~1\50A5A~1.420\arm-none-eabi\lib\thumb\libc.a(lib_a-mlock.o)
 .ARM.attributes
                0x00000867       0x30 C:\PROGRA~2\GNUTOO~1\50A5A~1.420\arm-none-eabi\lib\thumb\libc.a(lib_a-mprec.o)
 .ARM.attributes
                0x00000897       0x30 C:\PROGRA~2\GNUTOO~1\50A5A~1.420\arm-none-eabi\lib\thumb\libc.a(lib_a-sbrkr.o)
 .ARM.attributes
                0x000008c7       0x30 C:\PROGRA~2\GNUTOO~1\50A5A~1.420\arm-none-eabi\lib\thumb\libc.a(lib_a-strlen-stub.o)
 .ARM.attributes
                0x000008f7       0x30 C:\PROGRA~2\GNUTOO~1\50A5A~1.420\arm-none-eabi\lib\thumb\libc.a(lib_a-svfiprintf.o)
 .ARM.attributes
                0x00000927       0x30 C:\PROGRA~2\GNUTOO~1\50A5A~1.420\arm-none-eabi\lib\thumb\libc.a(lib_a-__atexit.o)
 .ARM.attributes
                0x00000957       0x30 C:\PROGRA~2\GNUTOO~1\50A5A~1.420\arm-none-eabi\lib\thumb\libc.a(lib_a-callocr.o)
 .ARM.attributes
                0x00000987       0x30 C:\PROGRA~2\GNUTOO~1\50A5A~1.420\arm-none-eabi\lib\thumb\libc.a(lib_a-freer.o)
 .ARM.attributes
                0x000009b7       0x30 C:\PROGRA~2\GNUTOO~1\50A5A~1.420\arm-none-eabi\lib\thumb\libc.a(lib_a-locale.o)
 .ARM.attributes
                0x000009e7       0x30 C:\PROGRA~2\GNUTOO~1\50A5A~1.420\arm-none-eabi\lib\thumb\libc.a(lib_a-mbtowc_r.o)
 .ARM.attributes
                0x00000a17       0x30 C:\PROGRA~2\GNUTOO~1\50A5A~1.420\arm-none-eabi\lib\thumb\libc.a(lib_a-memmove.o)
 .ARM.attributes
                0x00000a47       0x30 C:\PROGRA~2\GNUTOO~1\50A5A~1.420\arm-none-eabi\lib\thumb\libc.a(lib_a-reallocr.o)
 .ARM.attributes
                0x00000a77       0x30 C:\PROGRA~2\GNUTOO~1\50A5A~1.420\arm-none-eabi\lib\thumb\libc.a(lib_a-reent.o)
 .ARM.attributes
                0x00000aa7       0x16 C:\PROGRA~2\GNUTOO~1\50A5A~1.420\arm-none-eabi\lib\thumb\libc.a(lib_a-strcmp.o)
 .ARM.attributes
                0x00000abd       0x30 C:\PROGRA~2\GNUTOO~1\50A5A~1.420\arm-none-eabi\lib\thumb\libc.a(lib_a-wctomb_r.o)
 .ARM.attributes
                0x00000aed       0x30 C:\PROGRA~2\GNUTOO~1\50A5A~1.420\arm-none-eabi\lib\thumb\libc.a(lib_a-ctype_.o)
 .ARM.attributes
                0x00000b1d       0x30 C:\PROGRA~2\GNUTOO~1\50A5A~1.420\arm-none-eabi\lib\thumb\libnosys.a(sbrk.o)
 .ARM.attributes
                0x00000b4d       0x1e c:/progra~2/gnutoo~1/50a5a~1.420/bin/../lib/gcc/arm-none-eabi/5.4.1/armv7e-m\libgcc.a(_udivsi3.o)
 .ARM.attributes
                0x00000b6b       0x1e c:/progra~2/gnutoo~1/50a5a~1.420/bin/../lib/gcc/arm-none-eabi/5.4.1/armv7e-m\libgcc.a(_divsi3.o)
 .ARM.attributes
                0x00000b89       0x1e c:/progra~2/gnutoo~1/50a5a~1.420/bin/../lib/gcc/arm-none-eabi/5.4.1/armv7e-m\libgcc.a(_dvmd_tls.o)
 .ARM.attributes
                0x00000ba7       0x1e c:/progra~2/gnutoo~1/50a5a~1.420/bin/../lib/gcc/arm-none-eabi/5.4.1/armv7e-m\libgcc.a(_arm_muldivdf3.o)
 .ARM.attributes
                0x00000bc5       0x1e c:/progra~2/gnutoo~1/50a5a~1.420/bin/../lib/gcc/arm-none-eabi/5.4.1/armv7e-m\libgcc.a(_arm_unorddf2.o)
 .ARM.attributes
                0x00000be3       0x1e c:/progra~2/gnutoo~1/50a5a~1.420/bin/../lib/gcc/arm-none-eabi/5.4.1/armv7e-m\libgcc.a(_arm_fixdfsi.o)
 .ARM.attributes
                0x00000c01       0x1e c:/progra~2/gnutoo~1/50a5a~1.420/bin/../lib/gcc/arm-none-eabi/5.4.1/armv7e-m\libgcc.a(_aeabi_uldivmod.o)
 .ARM.attributes
                0x00000c1f       0x2e c:/progra~2/gnutoo~1/50a5a~1.420/bin/../lib/gcc/arm-none-eabi/5.4.1/armv7e-m\libgcc.a(_udivmoddi4.o)
 .ARM.attributes
                0x00000c4d       0x2e c:/progra~2/gnutoo~1/50a5a~1.420/bin/../lib/gcc/arm-none-eabi/5.4.1/armv7e-m/crtend.o
 .ARM.attributes
                0x00000c7b       0x1e c:/progra~2/gnutoo~1/50a5a~1.420/bin/../lib/gcc/arm-none-eabi/5.4.1/armv7e-m/crtn.o

.comment        0x00000000       0x6e
 .comment       0x00000000       0x6e obj/code.o
                                 0x6f (size before relaxing)
 .comment       0x0000006e       0x6f obj/eecfg.o
 .comment       0x0000006e       0x6f obj/pkg/mcu/st_stm32_stm32f4xx/src/system_stm32f4xx.o
 .comment       0x0000006e       0x6f libee.a(ee_hal_structs.o)
 .comment       0x0000006e       0x6f libee.a(ee_utils.o)
 .comment       0x0000006e       0x6f libee.a(ee_altick.o)
 .comment       0x0000006e       0x6f libee.a(ee_alsetrel.o)
 .comment       0x0000006e       0x6f libee.a(ee_irqsc.o)
 .comment       0x0000006e       0x6f libee.a(ee_rqexchg.o)
 .comment       0x0000006e       0x6f libee.a(ee_rqinsert.o)
 .comment       0x0000006e       0x6f libee.a(ee_swait.o)
 .comment       0x0000006e       0x6f libee.a(ee_spost.o)
 .comment       0x0000006e       0x6f libee.a(ee_context.o)
 .comment       0x0000006e       0x6f libee.a(ee_context.o)
 .comment       0x0000006e       0x6f libee.a(ee_thendin.o)
 .comment       0x0000006e       0x6f libstm32f4discovery.a(stm32f4_discovery.o)
 .comment       0x0000006e       0x6f libstm32f4xxspd.a(stm32f4xx_exti.o)
 .comment       0x0000006e       0x6f libstm32f4xxspd.a(stm32f4xx_gpio.o)
 .comment       0x0000006e       0x6f libstm32f4xxspd.a(stm32f4xx_rcc.o)
 .comment       0x0000006e       0x6f libstm32f4xxspd.a(stm32f4xx_syscfg.o)
 .comment       0x0000006e       0x6f libstm32f4xxspd.a(stm32f4xx_tim.o)
 .comment       0x0000006e       0x6f libstm32f4xxspd.a(stm32f4xx_usart.o)
 .comment       0x0000006e       0x6f libstm32f4xxspd.a(misc.o)

.debug_info     0x00000000     0x87c8
 .debug_info    0x00000000     0x127d obj/code.o
 .debug_info    0x0000127d      0x3d8 obj/eecfg.o
 .debug_info    0x00001655       0xd7 obj/pkg/mcu/st_stm32_stm32f4xx/src/startup_stm32f4xx_gnu.o
 .debug_info    0x0000172c      0x5c5 obj/pkg/mcu/st_stm32_stm32f4xx/src/system_stm32f4xx.o
 .debug_info    0x00001cf1      0x15c libee.a(ee_hal_structs.o)
 .debug_info    0x00001e4d      0x23e libee.a(ee_utils.o)
 .debug_info    0x0000208b       0xd6 libee.a(ee_gnu_change_context_isr.o)
 .debug_info    0x00002161       0xd1 libee.a(ee_gnu_multi_context.o)
 .debug_info    0x00002232      0x3f7 libee.a(ee_altick.o)
 .debug_info    0x00002629      0x2d1 libee.a(ee_alsetrel.o)
 .debug_info    0x000028fa      0x28b libee.a(ee_irqsc.o)
 .debug_info    0x00002b85      0x178 libee.a(ee_rqexchg.o)
 .debug_info    0x00002cfd      0x1b8 libee.a(ee_rqinsert.o)
 .debug_info    0x00002eb5      0x41f libee.a(ee_swait.o)
 .debug_info    0x000032d4      0x356 libee.a(ee_spost.o)
 .debug_info    0x0000362a      0x21c libee.a(ee_context.o)
 .debug_info    0x00003846      0x1d6 libee.a(ee_context.o)
 .debug_info    0x00003a1c      0x2fb libee.a(ee_thendin.o)
 .debug_info    0x00003d17      0x6dd libstm32f4discovery.a(stm32f4_discovery.o)
 .debug_info    0x000043f4      0x357 libstm32f4xxspd.a(stm32f4xx_exti.o)
 .debug_info    0x0000474b      0x61d libstm32f4xxspd.a(stm32f4xx_gpio.o)
 .debug_info    0x00004d68      0xc63 libstm32f4xxspd.a(stm32f4xx_rcc.o)
 .debug_info    0x000059cb      0x274 libstm32f4xxspd.a(stm32f4xx_syscfg.o)
 .debug_info    0x00005c3f     0x1c69 libstm32f4xxspd.a(stm32f4xx_tim.o)
 .debug_info    0x000078a8      0x9ca libstm32f4xxspd.a(stm32f4xx_usart.o)
 .debug_info    0x00008272      0x556 libstm32f4xxspd.a(misc.o)

.debug_abbrev   0x00000000     0x2033
 .debug_abbrev  0x00000000      0x366 obj/code.o
 .debug_abbrev  0x00000366       0xf9 obj/eecfg.o
 .debug_abbrev  0x0000045f       0x12 obj/pkg/mcu/st_stm32_stm32f4xx/src/startup_stm32f4xx_gnu.o
 .debug_abbrev  0x00000471      0x138 obj/pkg/mcu/st_stm32_stm32f4xx/src/system_stm32f4xx.o
 .debug_abbrev  0x000005a9       0x9b libee.a(ee_hal_structs.o)
 .debug_abbrev  0x00000644      0x15b libee.a(ee_utils.o)
 .debug_abbrev  0x0000079f       0x14 libee.a(ee_gnu_change_context_isr.o)
 .debug_abbrev  0x000007b3       0x14 libee.a(ee_gnu_multi_context.o)
 .debug_abbrev  0x000007c7      0x1c6 libee.a(ee_altick.o)
 .debug_abbrev  0x0000098d      0x168 libee.a(ee_alsetrel.o)
 .debug_abbrev  0x00000af5      0x139 libee.a(ee_irqsc.o)
 .debug_abbrev  0x00000c2e       0xb5 libee.a(ee_rqexchg.o)
 .debug_abbrev  0x00000ce3       0xd8 libee.a(ee_rqinsert.o)
 .debug_abbrev  0x00000dbb      0x1a1 libee.a(ee_swait.o)
 .debug_abbrev  0x00000f5c      0x187 libee.a(ee_spost.o)
 .debug_abbrev  0x000010e3      0x122 libee.a(ee_context.o)
 .debug_abbrev  0x00001205       0xd4 libee.a(ee_context.o)
 .debug_abbrev  0x000012d9      0x137 libee.a(ee_thendin.o)
 .debug_abbrev  0x00001410      0x194 libstm32f4discovery.a(stm32f4_discovery.o)
 .debug_abbrev  0x000015a4      0x1a9 libstm32f4xxspd.a(stm32f4xx_exti.o)
 .debug_abbrev  0x0000174d      0x1a7 libstm32f4xxspd.a(stm32f4xx_gpio.o)
 .debug_abbrev  0x000018f4      0x1e5 libstm32f4xxspd.a(stm32f4xx_rcc.o)
 .debug_abbrev  0x00001ad9      0x133 libstm32f4xxspd.a(stm32f4xx_syscfg.o)
 .debug_abbrev  0x00001c0c      0x189 libstm32f4xxspd.a(stm32f4xx_tim.o)
 .debug_abbrev  0x00001d95      0x157 libstm32f4xxspd.a(stm32f4xx_usart.o)
 .debug_abbrev  0x00001eec      0x147 libstm32f4xxspd.a(misc.o)

.debug_aranges  0x00000000      0x350
 .debug_aranges
                0x00000000       0x20 obj/code.o
 .debug_aranges
                0x00000020       0x20 obj/eecfg.o
 .debug_aranges
                0x00000040       0x30 obj/pkg/mcu/st_stm32_stm32f4xx/src/startup_stm32f4xx_gnu.o
 .debug_aranges
                0x00000070       0x20 obj/pkg/mcu/st_stm32_stm32f4xx/src/system_stm32f4xx.o
 .debug_aranges
                0x00000090       0x20 libee.a(ee_hal_structs.o)
 .debug_aranges
                0x000000b0       0x20 libee.a(ee_utils.o)
 .debug_aranges
                0x000000d0       0x20 libee.a(ee_gnu_change_context_isr.o)
 .debug_aranges
                0x000000f0       0x20 libee.a(ee_gnu_multi_context.o)
 .debug_aranges
                0x00000110       0x20 libee.a(ee_altick.o)
 .debug_aranges
                0x00000130       0x20 libee.a(ee_alsetrel.o)
 .debug_aranges
                0x00000150       0x20 libee.a(ee_irqsc.o)
 .debug_aranges
                0x00000170       0x20 libee.a(ee_rqexchg.o)
 .debug_aranges
                0x00000190       0x20 libee.a(ee_rqinsert.o)
 .debug_aranges
                0x000001b0       0x20 libee.a(ee_swait.o)
 .debug_aranges
                0x000001d0       0x20 libee.a(ee_spost.o)
 .debug_aranges
                0x000001f0       0x20 libee.a(ee_context.o)
 .debug_aranges
                0x00000210       0x20 libee.a(ee_context.o)
 .debug_aranges
                0x00000230       0x20 libee.a(ee_thendin.o)
 .debug_aranges
                0x00000250       0x20 libstm32f4discovery.a(stm32f4_discovery.o)
 .debug_aranges
                0x00000270       0x20 libstm32f4xxspd.a(stm32f4xx_exti.o)
 .debug_aranges
                0x00000290       0x20 libstm32f4xxspd.a(stm32f4xx_gpio.o)
 .debug_aranges
                0x000002b0       0x20 libstm32f4xxspd.a(stm32f4xx_rcc.o)
 .debug_aranges
                0x000002d0       0x20 libstm32f4xxspd.a(stm32f4xx_syscfg.o)
 .debug_aranges
                0x000002f0       0x20 libstm32f4xxspd.a(stm32f4xx_tim.o)
 .debug_aranges
                0x00000310       0x20 libstm32f4xxspd.a(stm32f4xx_usart.o)
 .debug_aranges
                0x00000330       0x20 libstm32f4xxspd.a(misc.o)

.debug_line     0x00000000     0x47e1
 .debug_line    0x00000000      0x7f8 obj/code.o
 .debug_line    0x000007f8      0x19d obj/eecfg.o
 .debug_line    0x00000995       0xe6 obj/pkg/mcu/st_stm32_stm32f4xx/src/startup_stm32f4xx_gnu.o
 .debug_line    0x00000a7b      0x27f obj/pkg/mcu/st_stm32_stm32f4xx/src/system_stm32f4xx.o
 .debug_line    0x00000cfa      0x1bf libee.a(ee_hal_structs.o)
 .debug_line    0x00000eb9      0x201 libee.a(ee_utils.o)
 .debug_line    0x000010ba       0xe4 libee.a(ee_gnu_change_context_isr.o)
 .debug_line    0x0000119e       0xd3 libee.a(ee_gnu_multi_context.o)
 .debug_line    0x00001271      0x2c5 libee.a(ee_altick.o)
 .debug_line    0x00001536      0x27b libee.a(ee_alsetrel.o)
 .debug_line    0x000017b1      0x235 libee.a(ee_irqsc.o)
 .debug_line    0x000019e6      0x1e9 libee.a(ee_rqexchg.o)
 .debug_line    0x00001bcf      0x1f7 libee.a(ee_rqinsert.o)
 .debug_line    0x00001dc6      0x2f5 libee.a(ee_swait.o)
 .debug_line    0x000020bb      0x2b3 libee.a(ee_spost.o)
 .debug_line    0x0000236e      0x213 libee.a(ee_context.o)
 .debug_line    0x00002581      0x201 libee.a(ee_context.o)
 .debug_line    0x00002782      0x26d libee.a(ee_thendin.o)
 .debug_line    0x000029ef      0x35e libstm32f4discovery.a(stm32f4_discovery.o)
 .debug_line    0x00002d4d      0x300 libstm32f4xxspd.a(stm32f4xx_exti.o)
 .debug_line    0x0000304d      0x36d libstm32f4xxspd.a(stm32f4xx_gpio.o)
 .debug_line    0x000033ba      0x431 libstm32f4xxspd.a(stm32f4xx_rcc.o)
 .debug_line    0x000037eb      0x251 libstm32f4xxspd.a(stm32f4xx_syscfg.o)
 .debug_line    0x00003a3c      0x6d6 libstm32f4xxspd.a(stm32f4xx_tim.o)
 .debug_line    0x00004112      0x40b libstm32f4xxspd.a(stm32f4xx_usart.o)
 .debug_line    0x0000451d      0x2c4 libstm32f4xxspd.a(misc.o)

.debug_str      0x00000000     0x36eb
 .debug_str     0x00000000     0x1098 obj/code.o
                               0x1132 (size before relaxing)
 .debug_str     0x00001098      0x17e obj/eecfg.o
                                0x373 (size before relaxing)
 .debug_str     0x00001216      0x201 obj/pkg/mcu/st_stm32_stm32f4xx/src/system_stm32f4xx.o
                                0x3d8 (size before relaxing)
 .debug_str     0x00001417       0x65 libee.a(ee_hal_structs.o)
                                0x221 (size before relaxing)
 .debug_str     0x0000147c       0xd1 libee.a(ee_utils.o)
                                0x293 (size before relaxing)
 .debug_str     0x0000154d      0x109 libee.a(ee_altick.o)
                                0x3bf (size before relaxing)
 .debug_str     0x00001656       0x7a libee.a(ee_alsetrel.o)
                                0x30f (size before relaxing)
 .debug_str     0x000016d0       0xc3 libee.a(ee_irqsc.o)
                                0x2c5 (size before relaxing)
 .debug_str     0x00001793       0x78 libee.a(ee_rqexchg.o)
                                0x234 (size before relaxing)
 .debug_str     0x0000180b       0x6e libee.a(ee_rqinsert.o)
                                0x240 (size before relaxing)
 .debug_str     0x00001879       0xb8 libee.a(ee_swait.o)
                                0x375 (size before relaxing)
 .debug_str     0x00001931       0x95 libee.a(ee_spost.o)
                                0x355 (size before relaxing)
 .debug_str     0x000019c6       0x99 libee.a(ee_context.o)
                                0x2ae (size before relaxing)
 .debug_str     0x00001a5f       0x8c libee.a(ee_context.o)
                                0x28f (size before relaxing)
 .debug_str     0x00001aeb       0x77 libee.a(ee_thendin.o)
                                0x2ed (size before relaxing)
 .debug_str     0x00001b62      0x1c1 libstm32f4discovery.a(stm32f4_discovery.o)
                                0x5b5 (size before relaxing)
 .debug_str     0x00001d23      0x139 libstm32f4xxspd.a(stm32f4xx_exti.o)
                                0x38c (size before relaxing)
 .debug_str     0x00001e5c      0x1ca libstm32f4xxspd.a(stm32f4xx_gpio.o)
                                0x4d6 (size before relaxing)
 .debug_str     0x00002026      0x5ab libstm32f4xxspd.a(stm32f4xx_rcc.o)
                                0x883 (size before relaxing)
 .debug_str     0x000025d1      0x195 libstm32f4xxspd.a(stm32f4xx_syscfg.o)
                                0x327 (size before relaxing)
 .debug_str     0x00002766      0xa30 libstm32f4xxspd.a(stm32f4xx_tim.o)
                                0xe03 (size before relaxing)
 .debug_str     0x00003196      0x3d2 libstm32f4xxspd.a(stm32f4xx_usart.o)
                                0x6c2 (size before relaxing)