Archive member included to satisfy reference by file (symbol)

libee.a(ee_hal_structs.o)     obj/code.o (EE_IRQ_nesting_level)
libee.a(ee_utils.o)           obj/code.o (EE_system_init)
libee.a(ee_gnu_change_context_isr.o)
                              obj/code.o (EE_switch_context)
libee.a(ee_gnu_multi_context.o)
                              libee.a(ee_gnu_change_context_isr.o) (EE_cortex_mx_change_context)
libee.a(ee_altick.o)          obj/code.o (EE_alarm_CounterTick)
libee.a(ee_alsetrel.o)        obj/code.o (EE_alarm_SetRelAlarm)
libee.a(ee_irqsc.o)           libee.a(ee_gnu_change_context_isr.o) (EE_IRQ_end_instance)
libee.a(ee_rqexchg.o)         libee.a(ee_irqsc.o) (EE_rq2stk_exchange)
libee.a(ee_rqinsert.o)        libee.a(ee_altick.o) (EE_rq_insert)
libee.a(ee_swait.o)           obj/code.o (EE_sem_WaitSem)
libee.a(ee_spost.o)           obj/code.o (EE_sem_PostSem)
libee.a(ee_context.o)         libee.a(ee_gnu_multi_context.o) (EE_std_run_task_code)
libee.a(ee_context.o)         libee.a(ee_gnu_change_context_isr.o) (EE_std_need_context_change)
libee.a(ee_thendin.o)         libee.a(ee_context.o) (EE_thread_end_instance)
libstm32f4discovery.a(stm32f4_discovery.o)
                              obj/code.o (STM_EVAL_COMInit)
libstm32f4xxspd.a(stm32f4xx_exti.o)
                              obj/code.o (EXTI_Init)
libstm32f4xxspd.a(stm32f4xx_gpio.o)
                              obj/code.o (GPIO_Init)
libstm32f4xxspd.a(stm32f4xx_rcc.o)
                              obj/motor_functions.o (RCC_AHB1PeriphClockCmd)
libstm32f4xxspd.a(stm32f4xx_syscfg.o)
                              obj/code.o (SYSCFG_EXTILineConfig)
libstm32f4xxspd.a(stm32f4xx_tim.o)
                              obj/motor_functions.o (TIM_TimeBaseInit)
libstm32f4xxspd.a(stm32f4xx_usart.o)
                              libstm32f4discovery.a(stm32f4_discovery.o) (USART_Init)
libstm32f4xxspd.a(misc.o)     obj/code.o (NVIC_Init)
c:/progra~2/gnutoo~1/50a5a~1.420/bin/../lib/gcc/arm-none-eabi/5.4.1/armv7e-m\libgcc.a(_arm_addsubdf3.o)
                              obj/code.o (__aeabi_dsub)
c:/progra~2/gnutoo~1/50a5a~1.420/bin/../lib/gcc/arm-none-eabi/5.4.1/armv7e-m\libgcc.a(_arm_cmpdf2.o)
                              obj/code.o (__aeabi_dcmpeq)
C:\PROGRA~2\GNUTOO~1\50A5A~1.420\arm-none-eabi\lib\thumb\libc.a(lib_a-exit.o)
                              c:/progra~2/gnutoo~1/50a5a~1.420/bin/../lib/gcc/arm-none-eabi/5.4.1/../../../../arm-none-eabi/lib/armv7e-m/crt0.o (exit)
C:\PROGRA~2\GNUTOO~1\50A5A~1.420\arm-none-eabi\lib\thumb\libc.a(lib_a-impure.o)
                              C:\PROGRA~2\GNUTOO~1\50A5A~1.420\arm-none-eabi\lib\thumb\libc.a(lib_a-exit.o) (_global_impure_ptr)
C:\PROGRA~2\GNUTOO~1\50A5A~1.420\arm-none-eabi\lib\thumb\libc.a(lib_a-init.o)
                              c:/progra~2/gnutoo~1/50a5a~1.420/bin/../lib/gcc/arm-none-eabi/5.4.1/../../../../arm-none-eabi/lib/armv7e-m/crt0.o (__libc_init_array)
C:\PROGRA~2\GNUTOO~1\50A5A~1.420\arm-none-eabi\lib\thumb\libc.a(lib_a-memset.o)
                              c:/progra~2/gnutoo~1/50a5a~1.420/bin/../lib/gcc/arm-none-eabi/5.4.1/../../../../arm-none-eabi/lib/armv7e-m/crt0.o (memset)
C:\PROGRA~2\GNUTOO~1\50A5A~1.420\arm-none-eabi\lib\thumb\libc.a(lib_a-sprintf.o)
                              obj/code.o (sprintf)
C:\PROGRA~2\GNUTOO~1\50A5A~1.420\arm-none-eabi\lib\thumb\libc.a(lib_a-svfprintf.o)
                              C:\PROGRA~2\GNUTOO~1\50A5A~1.420\arm-none-eabi\lib\thumb\libc.a(lib_a-sprintf.o) (_svfprintf_r)
C:\PROGRA~2\GNUTOO~1\50A5A~1.420\arm-none-eabi\lib\thumb\libc.a(lib_a-__call_atexit.o)
                              C:\PROGRA~2\GNUTOO~1\50A5A~1.420\arm-none-eabi\lib\thumb\libc.a(lib_a-exit.o) (__call_exitprocs)
C:\PROGRA~2\GNUTOO~1\50A5A~1.420\arm-none-eabi\lib\thumb\libc.a(lib_a-atexit.o)
                              C:\PROGRA~2\GNUTOO~1\50A5A~1.420\arm-none-eabi\lib\thumb\libc.a(lib_a-__call_atexit.o) (atexit)
C:\PROGRA~2\GNUTOO~1\50A5A~1.420\arm-none-eabi\lib\thumb\libc.a(lib_a-dtoa.o)
                              C:\PROGRA~2\GNUTOO~1\50A5A~1.420\arm-none-eabi\lib\thumb\libc.a(lib_a-svfprintf.o) (_dtoa_r)
C:\PROGRA~2\GNUTOO~1\50A5A~1.420\arm-none-eabi\lib\thumb\libc.a(lib_a-fini.o)
                              C:\PROGRA~2\GNUTOO~1\50A5A~1.420\arm-none-eabi\lib\thumb\libc.a(lib_a-__call_atexit.o) (__libc_fini_array)
C:\PROGRA~2\GNUTOO~1\50A5A~1.420\arm-none-eabi\lib\thumb\libc.a(lib_a-localeconv.o)
                              C:\PROGRA~2\GNUTOO~1\50A5A~1.420\arm-none-eabi\lib\thumb\libc.a(lib_a-svfprintf.o) (_localeconv_r)
C:\PROGRA~2\GNUTOO~1\50A5A~1.420\arm-none-eabi\lib\thumb\libc.a(lib_a-mallocr.o)
                              C:\PROGRA~2\GNUTOO~1\50A5A~1.420\arm-none-eabi\lib\thumb\libc.a(lib_a-svfprintf.o) (_malloc_r)
C:\PROGRA~2\GNUTOO~1\50A5A~1.420\arm-none-eabi\lib\thumb\libc.a(lib_a-memchr-stub.o)
                              C:\PROGRA~2\GNUTOO~1\50A5A~1.420\arm-none-eabi\lib\thumb\libc.a(lib_a-svfprintf.o) (memchr)
[...]
Memory Configuration

Name             Origin             Length             Attributes
FLASH            0x08000000         0x00100000         xr
RAM              0x20000000         0x00020000         xrw
CCM              0x10000000         0x00010000         xrw
MEMORY_B1        0x60000000         0x00000000         xr
*default*        0x00000000         0xffffffff

Linker script and memory map

LOAD c:/progra~2/gnutoo~1/50a5a~1.420/bin/../lib/gcc/arm-none-eabi/5.4.1/armv7e-m/crti.o
LOAD c:/progra~2/gnutoo~1/50a5a~1.420/bin/../lib/gcc/arm-none-eabi/5.4.1/armv7e-m/crtbegin.o
LOAD c:/progra~2/gnutoo~1/50a5a~1.420/bin/../lib/gcc/arm-none-eabi/5.4.1/../../../../arm-none-eabi/lib/armv7e-m/crt0.o
LOAD obj/code.o
LOAD obj/eecfg.o
LOAD obj/motor_functions.o
LOAD obj/pkg/mcu/st_stm32_stm32f4xx/src/startup_stm32f4xx_gnu.o
LOAD obj/pkg/mcu/st_stm32_stm32f4xx/src/system_stm32f4xx.o
LOAD libee.a
LOAD libstm32f4discovery.a
LOAD libstm32f4xxspd.a
START GROUP
LOAD c:/progra~2/gnutoo~1/50a5a~1.420/bin/../lib/gcc/arm-none-eabi/5.4.1/armv7e-m\libgcc.a
LOAD C:\PROGRA~2\GNUTOO~1\50A5A~1.420\arm-none-eabi\lib\thumb\libc.a
LOAD C:\PROGRA~2\GNUTOO~1\50A5A~1.420\arm-none-eabi\lib\thumb\libm.a
LOAD C:\PROGRA~2\GNUTOO~1\50A5A~1.420\arm-none-eabi\lib\thumb\libnosys.a
END GROUP

.text           0x08000000     0xc53c
 *(.isr_vector)
 .isr_vector    0x08000000      0x188 obj/pkg/mcu/st_stm32_stm32f4xx/src/startup_stm32f4xx_gnu.o
                0x08000000                __isr_vector
 *(.text*)
 .text          0x08000188        0x0 c:/progra~2/gnutoo~1/50a5a~1.420/bin/../lib/gcc/arm-none-eabi/5.4.1/armv7e-m/crti.o
 .text          0x08000188       0x5c c:/progra~2/gnutoo~1/50a5a~1.420/bin/../lib/gcc/arm-none-eabi/5.4.1/armv7e-m/crtbegin.o
 .text          0x080001e4       0x74 c:/progra~2/gnutoo~1/50a5a~1.420/bin/../lib/gcc/arm-none-eabi/5.4.1/../../../../arm-none-eabi/lib/armv7e-m/crt0.o
                0x080001e4                _start
                0x080001e4                _mainCRTStartup
 .text          0x08000258      0xb98 obj/code.o
                0x0800028c                InitLineSensor
                0x0800041c                my_get_systime
                0x08000434                InitDataStruct
                0x08000470                read_task_init
                0x08000590                EXTI1_IRQHandler
                0x080005d0                EXTI3_IRQHandler
                0x08000610                EXTI4_IRQHandler
                0x08000650                EXTI9_5_IRQHandler
                0x080006ec                EXTI15_10_IRQHandler
                0x08000760                systick_handler
                0x0800081c                ISR2_systick_handler
                0x0800082c                my_system_time
                0x0800088c                FuncCheckRead
                0x08000c10                FuncTaskMotorControl
                0x08000d08                main
 .text          0x08000df0       0x34 obj/eecfg.o
 .text          0x08000e24      0x28c obj/motor_functions.o
                0x08000e58                breakleft
                0x08000e70                folleleft
                0x08000e88                forwardleft
                0x08000ea8                backwardleft
                0x08000ec8                breakright
                0x08000ee0                folleright
                0x08000ef8                forwardright
                0x08000f18                backwardright
                0x08000f38                EnableMotors
                0x08000f50                DisableMotors
                0x08000f68                InitMotors
                0x08000fa8                PWM_Config_and_En
 .text          0x080010b0        0x0 obj/pkg/mcu/st_stm32_stm32f4xx/src/startup_stm32f4xx_gnu.o
 .text.EE_cortex_mx_default_reset_ISR
                0x080010b0       0x40 obj/pkg/mcu/st_stm32_stm32f4xx/src/startup_stm32f4xx_gnu.o
                0x080010b0                EE_cortex_mx_default_reset_ISR
 .text.EE_cortex_mx_default_ISR
                0x080010f0        0x4 obj/pkg/mcu/st_stm32_stm32f4xx/src/startup_stm32f4xx_gnu.o
                0x080010f0                EE_CORTEX_MX_DMA1_STREAM4_ISR
                0x080010f0                EE_CORTEX_MX_USART6_ISR
                0x080010f0                EE_CORTEX_MX_DMA1_STREAM6_ISR
                0x080010f0                EE_CORTEX_MX_CRYP_ISR
                0x080010f0                EE_CORTEX_MX_DMA1_STREAM5_ISR
                0x080010f0                EE_CORTEX_MX_BUS_FAULT_ISR
                0x080010f0                EE_CORTEX_MX_PVD_ISR
                0x080010f0                EE_CORTEX_MX_SPI2_ISR
                0x080010f0                EE_CORTEX_MX_CAN1_RX1_ISR
                0x080010f0                EE_CORTEX_MX_DMA2_STREAM5_ISR
                0x080010f0                EE_CORTEX_MX_TIM6_DAC_ISR
                0x080010f0                EE_CORTEX_MX_I2C2_EV_ISR
                0x080010f0                EE_CORTEX_MX_TIM1_UP_TIM10_ISR
                0x080010f0                EE_CORTEX_MX_CAN1_RX0_ISR
                0x080010f0                EE_CORTEX_MX_USART1_ISR
                0x080010f0                EE_CORTEX_MX_TIM8_CC_ISR
                0x080010f0                EE_CORTEX_MX_RTC_Alarm_ISR
                0x080010f0                EE_CORTEX_MX_EXTI2_ISR
                0x080010f0                EE_CORTEX_MX_OTG_HS_ISR
                0x080010f0                EE_CORTEX_MX_DCMI_ISR
                0x080010f0                EE_CORTEX_MX_DMA2_STREAM0_ISR
                0x080010f0                EE_CORTEX_MX_SPI1_ISR
                0x080010f0                EE_cortex_mx_default_ISR
                0x080010f0                EE_CORTEX_MX_ETH_WKUP_ISR
                0x080010f0                EE_CORTEX_MX_TIM8_TRG_COM_TIM14_ISR
                0x080010f0                EE_CORTEX_MX_USAGE_FAULT_ISR
                0x080010f0                EE_CORTEX_MX_TIM7_ISR
                0x080010f0                EE_CORTEX_MX_TIM2_ISR
                0x080010f0                EE_CORTEX_MX_I2C1_EV_ISR
                0x080010f0                EE_CORTEX_MX_TIM1_TRG_COM_TIM11_ISR
                0x080010f0                EE_CORTEX_MX_UART5_ISR
                0x080010f0                EE_CORTEX_MX_UART4_ISR
                0x080010f0                EE_CORTEX_MX_NMI_ISR
                0x080010f0                EE_CORTEX_MX_TIM3_ISR
                0x080010f0                EE_CORTEX_MX_USART3_ISR
                0x080010f0                EE_CORTEX_MX_DMA2_STREAM4_ISR
                0x080010f0                EE_CORTEX_MX_ADC_ISR
                0x080010f0                EE_CORTEX_MX_OTG_HS_EP1_IN_ISR
                0x080010f0                EE_CORTEX_MX_DMA2_STREAM1_ISR
                0x080010f0                EE_CORTEX_MX_CAN1_TX_ISR
                0x080010f0                EE_CORTEX_MX_USART2_ISR
                0x080010f0                EE_CORTEX_MX_SDIO_ISR
                0x080010f0                EE_CORTEX_MX_I2C2_ER_ISR
                0x080010f0                EE_CORTEX_MX_I2C3_EV_ISR
                0x080010f0                EE_CORTEX_MX_HARD_FAULT_ISR
                0x080010f0                EE_CORTEX_MX_DMA1_STREAM3_ISR
                0x080010f0                EE_CORTEX_MX_OTG_HS_EP1_OUT_ISR
                0x080010f0                EE_CORTEX_MX_TIM8_BRK_TIM12_ISR
                0x080010f0                EE_CORTEX_MX_CAN1_SCE_ISR
                0x080010f0                EE_CORTEX_MX_DMA1_STREAM1_ISR
                0x080010f0                EE_CORTEX_MX_TIM4_ISR
                0x080010f0                EE_CORTEX_MX_DMA2_STREAM3_ISR
                0x080010f0                EE_CORTEX_MX_ETH_ISR
                0x080010f0                EE_CORTEX_MX_OTG_FS_ISR
                0x080010f0                EE_CORTEX_MX_CAN2_RX0_ISR
                0x080010f0                EE_CORTEX_MX_CAN2_SCE_ISR
                0x080010f0                EE_CORTEX_MX_FPU_ISR
                0x080010f0                EE_CORTEX_MX_RTC_WKUP_ISR
                0x080010f0                EE_CORTEX_MX_TIM8_UP_TIM13_ISR
                0x080010f0                EE_CORTEX_MX_OTG_FS_WKUP_ISR
                0x080010f0                EE_CORTEX_MX_DMA1_STREAM2_ISR
                0x080010f0                EE_CORTEX_MX_EXTI0_ISR
                0x080010f0                EE_CORTEX_MX_I2C1_ER_ISR
                0x080010f0                EE_CORTEX_MX_FLASH_ISR
                0x080010f0                EE_CORTEX_MX_OTG_HS_WKUP_ISR
                0x080010f0                EE_CORTEX_MX_TIM1_BRK_TIM9_ISR
                0x080010f0                EE_CORTEX_MX_I2C3_ER_ISR
                0x080010f0                EE_CORTEX_MX_TIM1_CC_ISR
                0x080010f0                EE_CORTEX_MX_SPI3_ISR
                0x080010f0                EE_CORTEX_MX_CAN2_TX_ISR
                0x080010f0                EE_CORTEX_MX_RCC_ISR
                0x080010f0                EE_CORTEX_MX_FSMC_ISR
                0x080010f0                EE_CORTEX_MX_DMA2_STREAM2_ISR
                0x080010f0                EE_CORTEX_MX_DMA2_STREAM7_ISR
                0x080010f0                EE_CORTEX_MX_DEBUG_MONITOR_ISR
                0x080010f0                EE_CORTEX_MX_WWDG_ISR
                0x080010f0                EE_CORTEX_MX_MPU_FAULT_ISR
                0x080010f0                EE_CORTEX_MX_HASH_RNG_ISR
                0x080010f0                EE_CORTEX_MX_DMA2_STREAM6_ISR
                0x080010f0                EE_CORTEX_MX_TIM5_ISR
                0x080010f0                EE_CORTEX_MX_DMA1_STREAM0_ISR
                0x080010f0                EE_CORTEX_MX_TAMP_STAMP_ISR
                0x080010f0                EE_CORTEX_MX_CAN2_RX1_ISR
                0x080010f0                EE_CORTEX_MX_DMA1_Stream7_ISR
 .text._exit    0x080010f4        0x6 obj/pkg/mcu/st_stm32_stm32f4xx/src/startup_stm32f4xx_gnu.o
                0x080010f4                _exit
 *fill*         0x080010fa        0x2 
 .text          0x080010fc      0x248 obj/pkg/mcu/st_stm32_stm32f4xx/src/system_stm32f4xx.o
                0x080010fc                SystemInit
                0x08001158                SystemCoreClockUpdate
 .text          0x08001344       0x34 libee.a(ee_hal_structs.o)
 .text          0x08001378      0x13c libee.a(ee_utils.o)
                0x080013ac                EE_system_init
 .text          0x080014b4       0x7c libee.a(ee_gnu_change_context_isr.o)
                0x080014b4                EE_set_switch_context_pri
                0x080014ce                EE_switch_context
                0x080014d8                EE_cortex_mx_pendsv_ISR
                0x08001514                EE_cortex_mx_svc_ISR
 .text          0x08001530       0x68 libee.a(ee_gnu_multi_context.o)
                0x08001530                EE_cortex_mx_change_context
 .text          0x08001598      0x2cc libee.a(ee_altick.o)
                0x080015cc                EE_alarm_insert
                0x08001710                EE_alarm_CounterTick
 .text          0x08001864       0x80 libee.a(ee_alsetrel.o)
                0x08001898                EE_alarm_SetRelAlarm
 .text          0x080018e4       0xd4 libee.a(ee_irqsc.o)
                0x08001918                EE_IRQ_end_instance
 .text          0x080019b8       0x78 libee.a(ee_rqexchg.o)
                0x080019ec                EE_rq2stk_exchange
 .text          0x08001a30       0xb4 libee.a(ee_rqinsert.o)
                0x08001a64                EE_rq_insert
 .text          0x08001ae4      0x174 libee.a(ee_swait.o)
                0x08001b18                EE_sem_WaitSem
 .text          0x08001c58      0x11c libee.a(ee_spost.o)
                0x08001c8c                EE_sem_PostSem
 .text          0x08001d74       0x70 libee.a(ee_context.o)
                0x08001da8                EE_std_run_task_code
 .text          0x08001de4       0x7c libee.a(ee_context.o)
                0x08001e18                EE_std_need_context_change
 .text          0x08001e60      0x140 libee.a(ee_thendin.o)
                0x08001e94                EE_thread_end_instance
 .text          0x08001fa0      0x218 libstm32f4discovery.a(stm32f4_discovery.o)
                0x08001fa0                STM_EVAL_LEDInit
                0x08001ffc                STM_EVAL_LEDOn
                0x0800202c                STM_EVAL_LEDOff
                0x0800205c                STM_EVAL_LEDToggle
                0x08002098                STM_EVAL_COMInit
 .text          0x080021b8      0x21c libstm32f4xxspd.a(stm32f4xx_exti.o)
                0x080021b8                EXTI_DeInit
                0x080021ec                EXTI_Init
                0x080022d0                EXTI_StructInit
                0x080022fc                EXTI_GenerateSWInterrupt
                0x08002320                EXTI_GetFlagStatus
                0x08002354                EXTI_ClearFlag
                0x08002370                EXTI_GetITStatus
                0x080023b8                EXTI_ClearITPendingBit
 .text          0x080023d4      0x484 libstm32f4xxspd.a(stm32f4xx_gpio.o)
                0x080023d4                GPIO_DeInit
                0x080024f4                GPIO_Init
                0x08002610                GPIO_StructInit
                0x08002644                GPIO_PinLockConfig
                0x08002688                GPIO_ReadInputDataBit
                0x080026bc                GPIO_ReadInputData
                0x080026d4                GPIO_ReadOutputDataBit
                0x08002708                GPIO_ReadOutputData
                0x08002720                GPIO_SetBits
                0x0800273c                GPIO_ResetBits
                0x08002758                GPIO_WriteBit
                0x08002788                GPIO_Write
                0x080027a4                GPIO_ToggleBits
                0x080027c8                GPIO_PinAFConfig
 .text          0x08002858      0xa78 libstm32f4xxspd.a(stm32f4xx_rcc.o)
                0x08002858                RCC_DeInit
                0x080028a8                RCC_HSEConfig
                0x080028cc                RCC_WaitForHSEStartUp
                0x0800291c                RCC_AdjustHSICalibrationValue
                0x08002958                RCC_HSICmd
                0x08002978                RCC_LSEConfig
                0x080029b8                RCC_LSICmd
                0x080029d8                RCC_PLLConfig
                0x08002a14                RCC_PLLCmd
                0x08002a34                RCC_PLLI2SConfig
                0x08002a5c                RCC_PLLI2SCmd
                0x08002a7c                RCC_ClockSecuritySystemCmd
                0x08002a9c                RCC_MCO1Config
                0x08002ad8                RCC_MCO2Config
                0x08002b14                RCC_SYSCLKConfig
                0x08002b4c                RCC_GetSYSCLKSource
                0x08002b68                RCC_HCLKConfig
                0x08002ba0                RCC_PCLK1Config
                0x08002bd8                RCC_PCLK2Config
                0x08002c10                RCC_GetClocksFreq
                0x08002d64                RCC_RTCCLKConfig
                0x08002dc0                RCC_RTCCLKCmd
                0x08002de0                RCC_BackupResetCmd
                0x08002e00                RCC_I2SCLKConfig
                0x08002e1c                RCC_AHB1PeriphClockCmd
                0x08002e58                RCC_AHB2PeriphClockCmd
                0x08002e94                RCC_AHB3PeriphClockCmd
                0x08002ed0                RCC_APB1PeriphClockCmd
                0x08002f0c                RCC_APB2PeriphClockCmd
                0x08002f48                RCC_AHB1PeriphResetCmd
                0x08002f84                RCC_AHB2PeriphResetCmd
                0x08002fc0                RCC_AHB3PeriphResetCmd
                0x08002ffc                RCC_APB1PeriphResetCmd
                0x08003038                RCC_APB2PeriphResetCmd
                0x08003074                RCC_AHB1PeriphClockLPModeCmd
                0x080030b0                RCC_AHB2PeriphClockLPModeCmd
                0x080030ec                RCC_AHB3PeriphClockLPModeCmd
                0x08003128                RCC_APB1PeriphClockLPModeCmd
                0x08003164                RCC_APB2PeriphClockLPModeCmd
                0x080031a0                RCC_ITConfig
                0x080031ec                RCC_GetFlagStatus
                0x08003260                RCC_ClearFlag
                0x0800327c                RCC_GetITStatus
                0x080032b0                RCC_ClearITPendingBit
 .text          0x080032d0      0x12c libstm32f4xxspd.a(stm32f4xx_syscfg.o)
                0x080032d0                SYSCFG_DeInit
                0x080032ec                SYSCFG_MemoryRemapConfig
                0x0800330c                SYSCFG_EXTILineConfig
                0x08003390                SYSCFG_ETH_MediaInterfaceConfig
                0x080033ac                SYSCFG_CompensationCellCmd
                0x080033cc                SYSCFG_GetCompensationCellStatus
 .text          0x080033fc     0x1bf8 libstm32f4xxspd.a(stm32f4xx_tim.o)
                0x080033fc                TIM_DeInit
                0x080035bc                TIM_TimeBaseInit
                0x08003690                TIM_TimeBaseStructInit
                0x080036c4                TIM_PrescalerConfig
                0x080036ec                TIM_CounterModeConfig
                0x08003724                TIM_SetCounter
                0x08003740                TIM_SetAutoreload
                0x0800375c                TIM_GetCounter
                0x08003774                TIM_GetPrescaler
                0x0800378c                TIM_UpdateDisableConfig
                0x080037cc                TIM_UpdateRequestConfig
                0x0800380c                TIM_ARRPreloadConfig
                0x0800384c                TIM_SelectOnePulseMode
                0x08003884                TIM_SetClockDivision
                0x080038bc                TIM_Cmd
                0x080038fc                TIM_OC1Init
                0x080039f0                TIM_OC2Init
                0x08003b00                TIM_OC3Init
                0x08003c0c                TIM_OC4Init
                0x08003cd8                TIM_OCStructInit
                0x08003d1c                TIM_SelectOCxM
                0x08003dcc                TIM_SetCompare1
                0x08003de8                TIM_SetCompare2
                0x08003e04                TIM_SetCompare3
                0x08003e20                TIM_SetCompare4
                0x08003e3c                TIM_ForcedOC1Config
                0x08003e74                TIM_ForcedOC2Config
                0x08003eb0                TIM_ForcedOC3Config
                0x08003ee8                TIM_ForcedOC4Config
                0x08003f24                TIM_OC1PreloadConfig
                0x08003f5c                TIM_OC2PreloadConfig
                0x08003f98                TIM_OC3PreloadConfig
                0x08003fd0                TIM_OC4PreloadConfig
                0x0800400c                TIM_OC1FastConfig
                0x08004044                TIM_OC2FastConfig
                0x08004080                TIM_OC3FastConfig
                0x080040b8                TIM_OC4FastConfig
                0x080040f4                TIM_ClearOC1Ref
                0x0800412c                TIM_ClearOC2Ref
                0x08004168                TIM_ClearOC3Ref
                0x080041a0                TIM_ClearOC4Ref
                0x080041dc                TIM_OC1PolarityConfig
                0x08004214                TIM_OC1NPolarityConfig
                0x0800424c                TIM_OC2PolarityConfig
                0x08004288                TIM_OC2NPolarityConfig
                0x080042c4                TIM_OC3PolarityConfig
                0x08004300                TIM_OC3NPolarityConfig
                0x0800433c                TIM_OC4PolarityConfig
                0x08004378                TIM_CCxCmd
                0x080043cc                TIM_CCxNCmd
                0x08004420                TIM_ICInit
                0x080044c8                TIM_ICStructInit
                0x080044f8                TIM_PWMIConfig
                0x080045b0                TIM_GetCapture1
                0x080045c8                TIM_GetCapture2
                0x080045e0                TIM_GetCapture3
                0x080045f8                TIM_GetCapture4
                0x08004610                TIM_SetIC1Prescaler
                0x08004648                TIM_SetIC2Prescaler
                0x08004684                TIM_SetIC3Prescaler
                0x080046bc                TIM_SetIC4Prescaler
                0x080046f8                TIM_BDTRConfig
                0x08004748                TIM_BDTRStructInit
                0x08004784                TIM_CtrlPWMOutputs
                0x080047d0                TIM_SelectCOM
                0x08004810                TIM_CCPreloadControl
                0x08004850                TIM_ITConfig
                0x08004898                TIM_GenerateEvent
                0x080048b4                TIM_GetFlagStatus
                0x080048ec                TIM_ClearFlag
                0x0800490c                TIM_GetITStatus
                0x08004960                TIM_ClearITPendingBit
                0x08004980                TIM_DMAConfig
                0x080049a8                TIM_DMACmd
                0x080049f0                TIM_SelectCCDMA
                0x08004a30                TIM_InternalClockConfig
                0x08004a54                TIM_ITRxExternalClockConfig
                0x08004a84                TIM_TIxExternalClockConfig
                0x08004ae0                TIM_ETRClockMode1Config
                0x08004b40                TIM_ETRClockMode2Config
                0x08004b80                TIM_SelectInputTrigger
                0x08004bb8                TIM_SelectOutputTrigger
                0x08004bf0                TIM_SelectSlaveMode
                0x08004c28                TIM_SelectMasterSlaveMode
                0x08004c60                TIM_ETRConfig
                0x08004cb4                TIM_EncoderInterfaceConfig
                0x08004d4c                TIM_SelectHallSensor
                0x08004d8c                TIM_RemapConfig
 .text          0x08004ff4      0x91c libstm32f4xxspd.a(stm32f4xx_usart.o)
                0x08004ff4                USART_DeInit
                0x080050c8                USART_Init
                0x0800523c                USART_StructInit
                0x08005274                USART_ClockInit
                0x080052c8                USART_ClockStructInit
                0x080052f4                USART_Cmd
                0x08005334                USART_SetPrescaler
                0x0800536c                USART_OverSampling8Cmd
                0x080053b0                USART_OneBitMethodCmd
                0x080053f0                USART_SendData
                0x08005414                USART_ReceiveData
                0x08005434                USART_SetAddress
                0x0800546c                USART_ReceiverWakeUpCmd
                0x080054ac                USART_WakeUpConfig
                0x080054e4                USART_LINBreakDetectLengthConfig
                0x0800551c                USART_LINCmd
                0x0800555c                USART_SendBreak
                0x08005580                USART_HalfDuplexCmd
                0x080055c0                USART_SetGuardTime
                0x080055fc                USART_SmartCardCmd
                0x0800563c                USART_SmartCardNACKCmd
                0x0800567c                USART_IrDAConfig
                0x080056b4                USART_IrDACmd
                0x080056f4                USART_DMACmd
                0x0800573c                USART_ITConfig
                0x080057cc                USART_GetFlagStatus
                0x08005804                USART_ClearFlag
                0x08005824                USART_GetITStatus
                0x080058d8                USART_ClearITPendingBit
 .text          0x08005910      0x188 libstm32f4xxspd.a(misc.o)
                0x08005910                NVIC_PriorityGroupConfig
                0x08005934                NVIC_Init
                0x080059f4                NVIC_SetVectorTable
                0x08005a20                NVIC_SystemLPConfig
                0x08005a60                SysTick_CLKSourceConfig
 .text          0x08005a98      0x370 c:/progra~2/gnutoo~1/50a5a~1.420/bin/../lib/gcc/arm-none-eabi/5.4.1/armv7e-m\libgcc.a(_arm_addsubdf3.o)
                0x08005a98                __aeabi_drsub
                0x08005aa0                __aeabi_dsub
                0x08005aa0                __subdf3
                0x08005aa4                __aeabi_dadd
                0x08005aa4                __adddf3
                0x08005d1c                __floatunsidf
                0x08005d1c                __aeabi_ui2d
                0x08005d3c                __floatsidf
                0x08005d3c                __aeabi_i2d
                0x08005d60                __aeabi_f2d
                0x08005d60                __extendsfdf2
                0x08005d9c                __floatundidf
                0x08005d9c                __aeabi_ul2d
                0x08005dac                __floatdidf
                0x08005dac                __aeabi_l2d
 .text          0x08005e08      0x110 c:/progra~2/gnutoo~1/50a5a~1.420/bin/../lib/gcc/arm-none-eabi/5.4.1/armv7e-m\libgcc.a(_arm_cmpdf2.o)
                0x08005e08                __gtdf2
                0x08005e08                __gedf2
                0x08005e10                __ltdf2
                0x08005e10                __ledf2
                0x08005e18                __nedf2
                0x08005e18                __eqdf2
                0x08005e18                __cmpdf2
                0x08005e94                __aeabi_cdrcmple
                0x08005ea4                __aeabi_cdcmpeq
                0x08005ea4                __aeabi_cdcmple
                0x08005eb4                __aeabi_dcmpeq
                0x08005ec8                __aeabi_dcmplt
                0x08005edc                __aeabi_dcmple
                0x08005ef0                __aeabi_dcmpge
                0x08005f04                __aeabi_dcmpgt
 .text          0x08005f18        0x0 C:\PROGRA~2\GNUTOO~1\50A5A~1.420\arm-none-eabi\lib\thumb\libc.a(lib_a-exit.o)
 .text.exit     0x08005f18       0x28 C:\PROGRA~2\GNUTOO~1\50A5A~1.420\arm-none-eabi\lib\thumb\libc.a(lib_a-exit.o)
                0x08005f18                exit
 .text          0x08005f40        0x0 C:\PROGRA~2\GNUTOO~1\50A5A~1.420\arm-none-eabi\lib\thumb\libc.a(lib_a-impure.o)
 .text          0x08005f40        0x0 C:\PROGRA~2\GNUTOO~1\50A5A~1.420\arm-none-eabi\lib\thumb\libc.a(lib_a-init.o)
 .text.__libc_init_array
                0x08005f40       0x58 C:\PROGRA~2\GNUTOO~1\50A5A~1.420\arm-none-eabi\lib\thumb\libc.a(lib_a-init.o)
                0x08005f40                __libc_init_array
 .text          0x08005f98        0x0 C:\PROGRA~2\GNUTOO~1\50A5A~1.420\arm-none-eabi\lib\thumb\libc.a(lib_a-memset.o)
 .text.memset   0x08005f98       0x94 C:\PROGRA~2\GNUTOO~1\50A5A~1.420\arm-none-eabi\lib\thumb\libc.a(lib_a-memset.o)
                0x08005f98                memset
 .text          0x0800602c        0x0 C:\PROGRA~2\GNUTOO~1\50A5A~1.420\arm-none-eabi\lib\thumb\libc.a(lib_a-sprintf.o)
 .text._sprintf_r
                0x0800602c       0x40 C:\PROGRA~2\GNUTOO~1\50A5A~1.420\arm-none-eabi\lib\thumb\libc.a(lib_a-sprintf.o)
                0x0800602c                _sprintf_r
 .text.sprintf  0x0800606c       0x44 C:\PROGRA~2\GNUTOO~1\50A5A~1.420\arm-none-eabi\lib\thumb\libc.a(lib_a-sprintf.o)
                0x0800606c                sprintf
 .text          0x080060b0        0x0 C:\PROGRA~2\GNUTOO~1\50A5A~1.420\arm-none-eabi\lib\thumb\libc.a(lib_a-svfprintf.o)
 .text._svfprintf_r
                0x080060b0     0x17ec C:\PROGRA~2\GNUTOO~1\50A5A~1.420\arm-none-eabi\lib\thumb\libc.a(lib_a-svfprintf.o)
                0x080060b0                _svfprintf_r
 .text          0x0800789c        0x0 C:\PROGRA~2\GNUTOO~1\50A5A~1.420\arm-none-eabi\lib\thumb\libc.a(lib_a-__call_atexit.o)
 .text.startup.register_fini
                0x0800789c       0x1c C:\PROGRA~2\GNUTOO~1\50A5A~1.420\arm-none-eabi\lib\thumb\libc.a(lib_a-__call_atexit.o)
 .text.__call_exitprocs
                0x080078b8      0x10c C:\PROGRA~2\GNUTOO~1\50A5A~1.420\arm-none-eabi\lib\thumb\libc.a(lib_a-__call_atexit.o)
                0x080078b8                __call_exitprocs
 .text          0x080079c4        0x0 C:\PROGRA~2\GNUTOO~1\50A5A~1.420\arm-none-eabi\lib\thumb\libc.a(lib_a-atexit.o)
 .text.atexit   0x080079c4       0x14 C:\PROGRA~2\GNUTOO~1\50A5A~1.420\arm-none-eabi\lib\thumb\libc.a(lib_a-atexit.o)
                0x080079c4                atexit
 .text          0x080079d8        0x0 C:\PROGRA~2\GNUTOO~1\50A5A~1.420\arm-none-eabi\lib\thumb\libc.a(lib_a-dtoa.o)
 .text.quorem   0x080079d8      0x158 C:\PROGRA~2\GNUTOO~1\50A5A~1.420\arm-none-eabi\lib\thumb\libc.a(lib_a-dtoa.o)
 .text._dtoa_r  0x08007b30      0xfd8 C:\PROGRA~2\GNUTOO~1\50A5A~1.420\arm-none-eabi\lib\thumb\libc.a(lib_a-dtoa.o)
                0x08007b30                _dtoa_r
 .text          0x08008b08        0x0 C:\PROGRA~2\GNUTOO~1\50A5A~1.420\arm-none-eabi\lib\thumb\libc.a(lib_a-fini.o)
 .text.__libc_fini_array
                0x08008b08       0x3c C:\PROGRA~2\GNUTOO~1\50A5A~1.420\arm-none-eabi\lib\thumb\libc.a(lib_a-fini.o)
                0x08008b08                __libc_fini_array
 .text          0x08008b44        0x0 C:\PROGRA~2\GNUTOO~1\50A5A~1.420\arm-none-eabi\lib\thumb\libc.a(lib_a-localeconv.o)
 .text.__localeconv_l
                0x08008b44        0x4 C:\PROGRA~2\GNUTOO~1\50A5A~1.420\arm-none-eabi\lib\thumb\libc.a(lib_a-localeconv.o)
                0x08008b44                __localeconv_l
 .text._localeconv_r
                0x08008b48       0x1c C:\PROGRA~2\GNUTOO~1\50A5A~1.420\arm-none-eabi\lib\thumb\libc.a(lib_a-localeconv.o)
                0x08008b48                _localeconv_r
 .text.localeconv
                0x08008b64       0x1c C:\PROGRA~2\GNUTOO~1\50A5A~1.420\arm-none-eabi\lib\thumb\libc.a(lib_a-localeconv.o)
                0x08008b64                localeconv
 .text          0x08008b80        0x0 C:\PROGRA~2\GNUTOO~1\50A5A~1.420\arm-none-eabi\lib\thumb\libc.a(lib_a-mallocr.o)
 .text._malloc_r
                0x08008b80      0x564 C:\PROGRA~2\GNUTOO~1\50A5A~1.420\arm-none-eabi\lib\thumb\libc.a(lib_a-mallocr.o)
                0x08008b80                _malloc_r
 .text          0x080090e4        0x0 C:\PROGRA~2\GNUTOO~1\50A5A~1.420\arm-none-eabi\lib\thumb\libc.a(lib_a-memchr-stub.o)
 .text.memchr   0x080090e4       0x94 C:\PROGRA~2\GNUTOO~1\50A5A~1.420\arm-none-eabi\lib\thumb\libc.a(lib_a-memchr-stub.o)
                0x080090e4                memchr
 .text          0x08009178        0x0 C:\PROGRA~2\GNUTOO~1\50A5A~1.420\arm-none-eabi\lib\thumb\libc.a(lib_a-memcpy-stub.o)
 .text.memcpy   0x08009178       0x80 C:\PROGRA~2\GNUTOO~1\50A5A~1.420\arm-none-eabi\lib\thumb\libc.a(lib_a-memcpy-stub.o)
                0x08009178                memcpy
 .text          0x080091f8        0x0 C:\PROGRA~2\GNUTOO~1\50A5A~1.420\arm-none-eabi\lib\thumb\libc.a(lib_a-mlock.o)
 .text.__malloc_lock
                0x080091f8        0x4 C:\PROGRA~2\GNUTOO~1\50A5A~1.420\arm-none-eabi\lib\thumb\libc.a(lib_a-mlock.o)
                0x080091f8                __malloc_lock
 .text.__malloc_unlock
                0x080091fc        0x4 C:\PROGRA~2\GNUTOO~1\50A5A~1.420\arm-none-eabi\lib\thumb\libc.a(lib_a-mlock.o)
                0x080091fc                __malloc_unlock
 .text          0x08009200        0x0 C:\PROGRA~2\GNUTOO~1\50A5A~1.420\arm-none-eabi\lib\thumb\libc.a(lib_a-mprec.o)
 .text._Balloc  0x08009200       0x54 C:\PROGRA~2\GNUTOO~1\50A5A~1.420\arm-none-eabi\lib\thumb\libc.a(lib_a-mprec.o)
                0x08009200                _Balloc
 .text._Bfree   0x08009254       0x14 C:\PROGRA~2\GNUTOO~1\50A5A~1.420\arm-none-eabi\lib\thumb\libc.a(lib_a-mprec.o)
                0x08009254                _Bfree
 .text.__multadd
                0x08009268       0x94 C:\PROGRA~2\GNUTOO~1\50A5A~1.420\arm-none-eabi\lib\thumb\libc.a(lib_a-mprec.o)
                0x08009268                __multadd
 .text.__s2b    0x080092fc       0x94 C:\PROGRA~2\GNUTOO~1\50A5A~1.420\arm-none-eabi\lib\thumb\libc.a(lib_a-mprec.o)
                0x080092fc                __s2b
 .text.__hi0bits
                0x08009390       0x3c C:\PROGRA~2\GNUTOO~1\50A5A~1.420\arm-none-eabi\lib\thumb\libc.a(lib_a-mprec.o)
                0x08009390                __hi0bits
 .text.__lo0bits
                0x080093cc       0x5c C:\PROGRA~2\GNUTOO~1\50A5A~1.420\arm-none-eabi\lib\thumb\libc.a(lib_a-mprec.o)
                0x080093cc                __lo0bits
 .text.__i2b    0x08009428       0x18 C:\PROGRA~2\GNUTOO~1\50A5A~1.420\arm-none-eabi\lib\thumb\libc.a(lib_a-mprec.o)
                0x08009428                __i2b
 .text.__multiply
                0x08009440      0x16c C:\PROGRA~2\GNUTOO~1\50A5A~1.420\arm-none-eabi\lib\thumb\libc.a(lib_a-mprec.o)
                0x08009440                __multiply
 .text.__pow5mult
                0x080095ac       0xc0 C:\PROGRA~2\GNUTOO~1\50A5A~1.420\arm-none-eabi\lib\thumb\libc.a(lib_a-mprec.o)
                0x080095ac                __pow5mult
 .text.__lshift
                0x0800966c       0xc4 C:\PROGRA~2\GNUTOO~1\50A5A~1.420\arm-none-eabi\lib\thumb\libc.a(lib_a-mprec.o)
                0x0800966c                __lshift
 .text.__mcmp   0x08009730       0x40 C:\PROGRA~2\GNUTOO~1\50A5A~1.420\arm-none-eabi\lib\thumb\libc.a(lib_a-mprec.o)
                0x08009730                __mcmp
 .text.__mdiff  0x08009770      0x120 C:\PROGRA~2\GNUTOO~1\50A5A~1.420\arm-none-eabi\lib\thumb\libc.a(lib_a-mprec.o)
                0x08009770                __mdiff
 .text.__ulp    0x08009890       0x50 C:\PROGRA~2\GNUTOO~1\50A5A~1.420\arm-none-eabi\lib\thumb\libc.a(lib_a-mprec.o)
                0x08009890                __ulp
 .text.__b2d    0x080098e0       0xdc C:\PROGRA~2\GNUTOO~1\50A5A~1.420\arm-none-eabi\lib\thumb\libc.a(lib_a-mprec.o)
                0x080098e0                __b2d
 .text.__d2b    0x080099bc       0xc0 C:\PROGRA~2\GNUTOO~1\50A5A~1.420\arm-none-eabi\lib\thumb\libc.a(lib_a-mprec.o)
                0x080099bc                __d2b
 .text.__ratio  0x08009a7c       0x78 C:\PROGRA~2\GNUTOO~1\50A5A~1.420\arm-none-eabi\lib\thumb\libc.a(lib_a-mprec.o)
                0x08009a7c                __ratio
 .text._mprec_log10
                0x08009af4       0x38 C:\PROGRA~2\GNUTOO~1\50A5A~1.420\arm-none-eabi\lib\thumb\libc.a(lib_a-mprec.o)
                0x08009af4                _mprec_log10
 .text.__copybits
                0x08009b2c       0x44 C:\PROGRA~2\GNUTOO~1\50A5A~1.420\arm-none-eabi\lib\thumb\libc.a(lib_a-mprec.o)
                0x08009b2c                __copybits
 .text.__any_on
                0x08009b70       0x64 C:\PROGRA~2\GNUTOO~1\50A5A~1.420\arm-none-eabi\lib\thumb\libc.a(lib_a-mprec.o)
                0x08009b70                __any_on
 .text          0x08009bd4        0x0 C:\PROGRA~2\GNUTOO~1\50A5A~1.420\arm-none-eabi\lib\thumb\libc.a(lib_a-sbrkr.o)
 .text._sbrk_r  0x08009bd4       0x28 C:\PROGRA~2\GNUTOO~1\50A5A~1.420\arm-none-eabi\lib\thumb\libc.a(lib_a-sbrkr.o)
                0x08009bd4                _sbrk_r
 .text          0x08009bfc        0x0 C:\PROGRA~2\GNUTOO~1\50A5A~1.420\arm-none-eabi\lib\thumb\libc.a(lib_a-strlen-stub.o)
 .text.strlen   0x08009bfc       0x6c C:\PROGRA~2\GNUTOO~1\50A5A~1.420\arm-none-eabi\lib\thumb\libc.a(lib_a-strlen-stub.o)
                0x08009bfc                strlen
 .text          0x08009c68        0x0 C:\PROGRA~2\GNUTOO~1\50A5A~1.420\arm-none-eabi\lib\thumb\libc.a(lib_a-svfiprintf.o)
 .text.__ssprint_r
                0x08009c68      0x134 C:\PROGRA~2\GNUTOO~1\50A5A~1.420\arm-none-eabi\lib\thumb\libc.a(lib_a-svfiprintf.o)
                0x08009c68                __ssprint_r
 .text._svfiprintf_r
                0x08009d9c      0xc60 C:\PROGRA~2\GNUTOO~1\50A5A~1.420\arm-none-eabi\lib\thumb\libc.a(lib_a-svfiprintf.o)
                0x08009d9c                _svfiprintf_r
 .text          0x0800a9fc        0x0 C:\PROGRA~2\GNUTOO~1\50A5A~1.420\arm-none-eabi\lib\thumb\libc.a(lib_a-__atexit.o)
 .text.__register_exitproc
                0x0800a9fc       0xd8 C:\PROGRA~2\GNUTOO~1\50A5A~1.420\arm-none-eabi\lib\thumb\libc.a(lib_a-__atexit.o)
                0x0800a9fc                __register_exitproc
 .text          0x0800aad4        0x0 C:\PROGRA~2\GNUTOO~1\50A5A~1.420\arm-none-eabi\lib\thumb\libc.a(lib_a-callocr.o)
 .text._calloc_r
                0x0800aad4       0x64 C:\PROGRA~2\GNUTOO~1\50A5A~1.420\arm-none-eabi\lib\thumb\libc.a(lib_a-callocr.o)
                0x0800aad4                _calloc_r
 .text          0x0800ab38        0x0 C:\PROGRA~2\GNUTOO~1\50A5A~1.420\arm-none-eabi\lib\thumb\libc.a(lib_a-freer.o)
 .text._malloc_trim_r
                0x0800ab38       0xa4 C:\PROGRA~2\GNUTOO~1\50A5A~1.420\arm-none-eabi\lib\thumb\libc.a(lib_a-freer.o)
                0x0800ab38                _malloc_trim_r
 .text._free_r  0x0800abdc      0x1c8 C:\PROGRA~2\GNUTOO~1\50A5A~1.420\arm-none-eabi\lib\thumb\libc.a(lib_a-freer.o)
                0x0800abdc                _free_r
 .text          0x0800ada4        0x0 C:\PROGRA~2\GNUTOO~1\50A5A~1.420\arm-none-eabi\lib\thumb\libc.a(lib_a-locale.o)
 .text.__get_current_locale
                0x0800ada4       0x18 C:\PROGRA~2\GNUTOO~1\50A5A~1.420\arm-none-eabi\lib\thumb\libc.a(lib_a-locale.o)
 .text._setlocale_r
                0x0800adbc       0x48 C:\PROGRA~2\GNUTOO~1\50A5A~1.420\arm-none-eabi\lib\thumb\libc.a(lib_a-locale.o)
                0x0800adbc                _setlocale_r
 .text.__locale_mb_cur_max
                0x0800ae04       0x20 C:\PROGRA~2\GNUTOO~1\50A5A~1.420\arm-none-eabi\lib\thumb\libc.a(lib_a-locale.o)
                0x0800ae04                __locale_mb_cur_max
 .text.__locale_ctype_ptr_l
                0x0800ae24        0x8 C:\PROGRA~2\GNUTOO~1\50A5A~1.420\arm-none-eabi\lib\thumb\libc.a(lib_a-locale.o)
                0x0800ae24                __locale_ctype_ptr_l
 .text.__locale_ctype_ptr
                0x0800ae2c       0x18 C:\PROGRA~2\GNUTOO~1\50A5A~1.420\arm-none-eabi\lib\thumb\libc.a(lib_a-locale.o)
                0x0800ae2c                __locale_ctype_ptr
 .text.setlocale
                0x0800ae44       0x1c C:\PROGRA~2\GNUTOO~1\50A5A~1.420\arm-none-eabi\lib\thumb\libc.a(lib_a-locale.o)
                0x0800ae44                setlocale
 .text          0x0800ae60        0x0 C:\PROGRA~2\GNUTOO~1\50A5A~1.420\arm-none-eabi\lib\thumb\libc.a(lib_a-mbtowc_r.o)
 .text._mbtowc_r
                0x0800ae60       0x34 C:\PROGRA~2\GNUTOO~1\50A5A~1.420\arm-none-eabi\lib\thumb\libc.a(lib_a-mbtowc_r.o)
                0x0800ae60                _mbtowc_r
 .text.__ascii_mbtowc
                0x0800ae94       0x2c C:\PROGRA~2\GNUTOO~1\50A5A~1.420\arm-none-eabi\lib\thumb\libc.a(lib_a-mbtowc_r.o)
                0x0800ae94                __ascii_mbtowc
 .text          0x0800aec0        0x0 C:\PROGRA~2\GNUTOO~1\50A5A~1.420\arm-none-eabi\lib\thumb\libc.a(lib_a-memmove.o)
 .text.memmove  0x0800aec0       0x9c C:\PROGRA~2\GNUTOO~1\50A5A~1.420\arm-none-eabi\lib\thumb\libc.a(lib_a-memmove.o)
                0x0800aec0                memmove
 .text          0x0800af5c        0x0 C:\PROGRA~2\GNUTOO~1\50A5A~1.420\arm-none-eabi\lib\thumb\libc.a(lib_a-reallocr.o)
 .text._realloc_r
                0x0800af5c      0x3ec C:\PROGRA~2\GNUTOO~1\50A5A~1.420\arm-none-eabi\lib\thumb\libc.a(lib_a-reallocr.o)
                0x0800af5c                _realloc_r
 .text          0x0800b348        0x0 C:\PROGRA~2\GNUTOO~1\50A5A~1.420\arm-none-eabi\lib\thumb\libc.a(lib_a-reent.o)
 .text.cleanup_glue
                0x0800b348       0x20 C:\PROGRA~2\GNUTOO~1\50A5A~1.420\arm-none-eabi\lib\thumb\libc.a(lib_a-reent.o)
                0x0800b348                cleanup_glue
 .text._reclaim_reent
                0x0800b368       0xa0 C:\PROGRA~2\GNUTOO~1\50A5A~1.420\arm-none-eabi\lib\thumb\libc.a(lib_a-reent.o)
                0x0800b368                _reclaim_reent
 .text          0x0800b408      0x224 C:\PROGRA~2\GNUTOO~1\50A5A~1.420\arm-none-eabi\lib\thumb\libc.a(lib_a-strcmp.o)
                0x0800b408                strcmp
 .text          0x0800b62c        0x0 C:\PROGRA~2\GNUTOO~1\50A5A~1.420\arm-none-eabi\lib\thumb\libc.a(lib_a-wctomb_r.o)
 .text._wctomb_r
                0x0800b62c       0x2c C:\PROGRA~2\GNUTOO~1\50A5A~1.420\arm-none-eabi\lib\thumb\libc.a(lib_a-wctomb_r.o)
                0x0800b62c                _wctomb_r
 .text.__ascii_wctomb
                0x0800b658       0x1c C:\PROGRA~2\GNUTOO~1\50A5A~1.420\arm-none-eabi\lib\thumb\libc.a(lib_a-wctomb_r.o)
                0x0800b658                __ascii_wctomb
 .text          0x0800b674        0x0 C:\PROGRA~2\GNUTOO~1\50A5A~1.420\arm-none-eabi\lib\thumb\libc.a(lib_a-ctype_.o)
 .text          0x0800b674        0x0 C:\PROGRA~2\GNUTOO~1\50A5A~1.420\arm-none-eabi\lib\thumb\libnosys.a(sbrk.o)
 .text._sbrk    0x0800b674       0x1c C:\PROGRA~2\GNUTOO~1\50A5A~1.420\arm-none-eabi\lib\thumb\libnosys.a(sbrk.o)
                0x0800b674                _sbrk
 .text          0x0800b690       0x24 c:/progra~2/gnutoo~1/50a5a~1.420/bin/../lib/gcc/arm-none-eabi/5.4.1/armv7e-m\libgcc.a(_udivsi3.o)
                0x0800b690                __aeabi_uidiv
                0x0800b690                __udivsi3
                0x0800b6a4                __aeabi_uidivmod
 .text          0x0800b6b4       0x2c c:/progra~2/gnutoo~1/50a5a~1.420/bin/../lib/gcc/arm-none-eabi/5.4.1/armv7e-m\libgcc.a(_divsi3.o)
                0x0800b6b4                __divsi3
                0x0800b6b4                __aeabi_idiv
                0x0800b6d0                __aeabi_idivmod
 .text          0x0800b6e0        0x4 c:/progra~2/gnutoo~1/50a5a~1.420/bin/../lib/gcc/arm-none-eabi/5.4.1/armv7e-m\libgcc.a(_dvmd_tls.o)
                0x0800b6e0                __aeabi_idiv0
                0x0800b6e0                __aeabi_ldiv0
 .text          0x0800b6e4      0x424 c:/progra~2/gnutoo~1/50a5a~1.420/bin/../lib/gcc/arm-none-eabi/5.4.1/armv7e-m\libgcc.a(_arm_muldivdf3.o)
                0x0800b6e4                __aeabi_dmul
                0x0800b6e4                __muldf3
                0x0800b938                __divdf3
                0x0800b938                __aeabi_ddiv
 .text          0x0800bb08       0x2c c:/progra~2/gnutoo~1/50a5a~1.420/bin/../lib/gcc/arm-none-eabi/5.4.1/armv7e-m\libgcc.a(_arm_unorddf2.o)
                0x0800bb08                __unorddf2
                0x0800bb08                __aeabi_dcmpun
 .text          0x0800bb34       0x50 c:/progra~2/gnutoo~1/50a5a~1.420/bin/../lib/gcc/arm-none-eabi/5.4.1/armv7e-m\libgcc.a(_arm_fixdfsi.o)
                0x0800bb34                __aeabi_d2iz
                0x0800bb34                __fixdfsi
 .text          0x0800bb84       0x30 c:/progra~2/gnutoo~1/50a5a~1.420/bin/../lib/gcc/arm-none-eabi/5.4.1/armv7e-m\libgcc.a(_aeabi_uldivmod.o)
                0x0800bb84                __aeabi_uldivmod
 .text          0x0800bbb4      0x2e4 c:/progra~2/gnutoo~1/50a5a~1.420/bin/../lib/gcc/arm-none-eabi/5.4.1/armv7e-m\libgcc.a(_udivmoddi4.o)
                0x0800bbb4                __udivmoddi4
 .text          0x0800be98        0x0 c:/progra~2/gnutoo~1/50a5a~1.420/bin/../lib/gcc/arm-none-eabi/5.4.1/armv7e-m/crtend.o
 .text          0x0800be98        0x0 c:/progra~2/gnutoo~1/50a5a~1.420/bin/../lib/gcc/arm-none-eabi/5.4.1/armv7e-m/crtn.o
 *(.init)
 .init          0x0800be98        0x4 c:/progra~2/gnutoo~1/50a5a~1.420/bin/../lib/gcc/arm-none-eabi/5.4.1/armv7e-m/crti.o
                0x0800be98                _init
 .init          0x0800be9c        0x8 c:/progra~2/gnutoo~1/50a5a~1.420/bin/../lib/gcc/arm-none-eabi/5.4.1/armv7e-m/crtn.o
 *(.fini)
 .fini          0x0800bea4        0x4 c:/progra~2/gnutoo~1/50a5a~1.420/bin/../lib/gcc/arm-none-eabi/5.4.1/armv7e-m/crti.o
                0x0800bea4                _fini
 .fini          0x0800bea8        0x8 c:/progra~2/gnutoo~1/50a5a~1.420/bin/../lib/gcc/arm-none-eabi/5.4.1/armv7e-m/crtn.o
 *crtbegin.o(.ctors)
 *crtbegin.o(.ctors)
 *crtbegin?.o(.ctors)
 *(EXCLUDE_FILE(*crtend.o *crtend?.o) .ctors)
 *(SORT(.ctors.*))
 *(.ctors)
 *crtbegin.o(.dtors)
 *crtbegin?.o(.dtors)
 *(EXCLUDE_FILE(*crtend.o *crtend?.o) .dtors)
 *(SORT(.dtors.*))
 *(.dtors)
 *(.rodata*)
 .rodata        0x0800beb0       0x4c obj/code.o
 .rodata        0x0800befc       0x54 obj/eecfg.o
                0x0800befc                EE_std_thread_tos
                0x0800bf08                EE_hal_thread_body
                0x0800bf10                EE_th_ready_prio
                0x0800bf18                EE_th_dispatch_prio
                0x0800bf20                EE_alarm_ROM
 .rodata        0x0800bf50       0x48 libstm32f4discovery.a(stm32f4_discovery.o)
                0x0800bf50                GPIO_PIN
                0x0800bf58                GPIO_CLK
                0x0800bf68                COM_USART_CLK
                0x0800bf70                COM_TX_PORT_CLK
                0x0800bf78                COM_RX_PORT_CLK
                0x0800bf80                COM_TX_PIN
                0x0800bf84                COM_RX_PIN
                0x0800bf88                COM_TX_PIN_SOURCE
                0x0800bf8c                COM_RX_PIN_SOURCE
                0x0800bf90                COM_TX_AF
                0x0800bf94                COM_RX_AF
 .rodata._global_impure_ptr
                0x0800bf98        0x4 C:\PROGRA~2\GNUTOO~1\50A5A~1.420\arm-none-eabi\lib\thumb\libc.a(lib_a-impure.o)
                0x0800bf98                _global_impure_ptr
 .rodata._svfprintf_r
                0x0800bf9c      0x164 C:\PROGRA~2\GNUTOO~1\50A5A~1.420\arm-none-eabi\lib\thumb\libc.a(lib_a-svfprintf.o)
 .rodata.zeroes.7256
                0x0800c100       0x10 C:\PROGRA~2\GNUTOO~1\50A5A~1.420\arm-none-eabi\lib\thumb\libc.a(lib_a-svfprintf.o)
 .rodata.str1.4
                0x0800c110       0x42 C:\PROGRA~2\GNUTOO~1\50A5A~1.420\arm-none-eabi\lib\thumb\libc.a(lib_a-svfprintf.o)
 *fill*         0x0800c152        0x2 
 .rodata.blanks.7255
                0x0800c154       0x10 C:\PROGRA~2\GNUTOO~1\50A5A~1.420\arm-none-eabi\lib\thumb\libc.a(lib_a-svfprintf.o)
 .rodata.str1.4
                0x0800c164       0x10 C:\PROGRA~2\GNUTOO~1\50A5A~1.420\arm-none-eabi\lib\thumb\libc.a(lib_a-dtoa.o)
                                 0x12 (size before relaxing)
 *fill*         0x0800c174        0x4 
 .rodata.__mprec_tens
                0x0800c178       0xc8 C:\PROGRA~2\GNUTOO~1\50A5A~1.420\arm-none-eabi\lib\thumb\libc.a(lib_a-mprec.o)
                0x0800c178                __mprec_tens
 .rodata.p05.6085
                0x0800c240        0xc C:\PROGRA~2\GNUTOO~1\50A5A~1.420\arm-none-eabi\lib\thumb\libc.a(lib_a-mprec.o)
 *fill*         0x0800c24c        0x4 
 .rodata.__mprec_bigtens
                0x0800c250       0x28 C:\PROGRA~2\GNUTOO~1\50A5A~1.420\arm-none-eabi\lib\thumb\libc.a(lib_a-mprec.o)
                0x0800c250                __mprec_bigtens
 .rodata.__mprec_tinytens
                0x0800c278       0x28 C:\PROGRA~2\GNUTOO~1\50A5A~1.420\arm-none-eabi\lib\thumb\libc.a(lib_a-mprec.o)
                0x0800c278                __mprec_tinytens
 .rodata._svfiprintf_r
                0x0800c2a0      0x164 C:\PROGRA~2\GNUTOO~1\50A5A~1.420\arm-none-eabi\lib\thumb\libc.a(lib_a-svfiprintf.o)
 .rodata.blanks.7235
                0x0800c404       0x10 C:\PROGRA~2\GNUTOO~1\50A5A~1.420\arm-none-eabi\lib\thumb\libc.a(lib_a-svfiprintf.o)
 .rodata.str1.4
                0x0800c414       0x2f C:\PROGRA~2\GNUTOO~1\50A5A~1.420\arm-none-eabi\lib\thumb\libc.a(lib_a-svfiprintf.o)
 .rodata.zeroes.7236
                0x0800c414       0x10 C:\PROGRA~2\GNUTOO~1\50A5A~1.420\arm-none-eabi\lib\thumb\libc.a(lib_a-svfiprintf.o)
 .rodata.str1.4
                0x0800c424       0x10 C:\PROGRA~2\GNUTOO~1\50A5A~1.420\arm-none-eabi\lib\thumb\libc.a(lib_a-locale.o)
                                 0x12 (size before relaxing)
 .rodata._ctype_
                0x0800c434      0x101 C:\PROGRA~2\GNUTOO~1\50A5A~1.420\arm-none-eabi\lib\thumb\libc.a(lib_a-ctype_.o)
                0x0800c434                _ctype_
 *(.eh_frame*)
 *fill*         0x0800c535        0x3 
 .eh_frame      0x0800c538        0x0 c:/progra~2/gnutoo~1/50a5a~1.420/bin/../lib/gcc/arm-none-eabi/5.4.1/armv7e-m/crtbegin.o
 .eh_frame      0x0800c538        0x4 c:/progra~2/gnutoo~1/50a5a~1.420/bin/../lib/gcc/arm-none-eabi/5.4.1/armv7e-m/crtend.o

.glue_7         0x0800c53c        0x0
 .glue_7        0x0800c53c        0x0 linker stubs

.glue_7t        0x0800c53c        0x0
 .glue_7t       0x0800c53c        0x0 linker stubs

.vfp11_veneer   0x0800c53c        0x0
 .vfp11_veneer  0x0800c53c        0x0 linker stubs

.v4_bx          0x0800c53c        0x0
 .v4_bx         0x0800c53c        0x0 linker stubs

.iplt           0x0800c53c        0x0
 .iplt          0x0800c53c        0x0 c:/progra~2/gnutoo~1/50a5a~1.420/bin/../lib/gcc/arm-none-eabi/5.4.1/armv7e-m/crtbegin.o

.ARM.extab      0x0800c53c        0x0
 *(.ARM.extab* .gnu.linkonce.armextab.*)
 .ARM.extab     0x0800c53c        0x0 c:/progra~2/gnutoo~1/50a5a~1.420/bin/../lib/gcc/arm-none-eabi/5.4.1/../../../../arm-none-eabi/lib/armv7e-m/crt0.o
 .ARM.extab     0x0800c53c        0x0 c:/progra~2/gnutoo~1/50a5a~1.420/bin/../lib/gcc/arm-none-eabi/5.4.1/armv7e-m\libgcc.a(_udivmoddi4.o)
                0x0800c53c                __exidx_start = .

.ARM.exidx      0x0800c53c        0x8
 *(.ARM.exidx* .gnu.linkonce.armexidx.*)
 .ARM.exidx     0x0800c53c        0x8 c:/progra~2/gnutoo~1/50a5a~1.420/bin/../lib/gcc/arm-none-eabi/5.4.1/../../../../arm-none-eabi/lib/armv7e-m/crt0.o
 .ARM.exidx     0x0800c544        0x0 c:/progra~2/gnutoo~1/50a5a~1.420/bin/../lib/gcc/arm-none-eabi/5.4.1/armv7e-m\libgcc.a(_udivmoddi4.o)
                                  0x8 (size before relaxing)
                0x0800c544                __exidx_end = .
                0x0800c544                __etext = .

.rel.dyn        0x0800c544        0x0
 .rel.iplt      0x0800c544        0x0 c:/progra~2/gnutoo~1/50a5a~1.420/bin/../lib/gcc/arm-none-eabi/5.4.1/armv7e-m/crtbegin.o

.data           0x20000000      0xa40 load address 0x0800c544
                0x20000000                __data_start__ = .
 *(vtable)
 *(.data*)
 .data          0x20000000        0x0 c:/progra~2/gnutoo~1/50a5a~1.420/bin/../lib/gcc/arm-none-eabi/5.4.1/armv7e-m/crti.o
 .data          0x20000000        0x4 c:/progra~2/gnutoo~1/50a5a~1.420/bin/../lib/gcc/arm-none-eabi/5.4.1/armv7e-m/crtbegin.o
                0x20000000                __dso_handle
 .data          0x20000004        0x0 c:/progra~2/gnutoo~1/50a5a~1.420/bin/../lib/gcc/arm-none-eabi/5.4.1/../../../../arm-none-eabi/lib/armv7e-m/crt0.o
 .data          0x20000004        0xc obj/code.o
                0x20000004                delta_sensor_sem
 .data          0x20000010       0x20 obj/eecfg.o
                0x20000010                EE_th_status
                0x20000018                EE_th_next
                0x20000020                EE_stkfirst
                0x20000024                EE_rqfirst
                0x20000028                EE_counter_RAM
 .data          0x20000030        0x8 obj/motor_functions.o
                0x20000030                CCR1_Val
                0x20000032                CCR2_Val
                0x20000034                CCR3_Val
                0x20000036                CCR4_Val
 .data          0x20000038        0x0 obj/pkg/mcu/st_stm32_stm32f4xx/src/startup_stm32f4xx_gnu.o
 .data          0x20000038       0x14 obj/pkg/mcu/st_stm32_stm32f4xx/src/system_stm32f4xx.o
                0x20000038                SystemCoreClock
                0x2000003c                AHBPrescTable
 .data          0x2000004c        0x0 libee.a(ee_hal_structs.o)
 .data          0x2000004c        0x0 libee.a(ee_utils.o)
 .data          0x2000004c        0x0 libee.a(ee_gnu_change_context_isr.o)
 .data          0x2000004c        0x0 libee.a(ee_gnu_multi_context.o)
 .data          0x2000004c        0x0 libee.a(ee_altick.o)
 .data          0x2000004c        0x0 libee.a(ee_alsetrel.o)
 .data          0x2000004c        0x0 libee.a(ee_irqsc.o)
 .data          0x2000004c        0x0 libee.a(ee_rqexchg.o)
 .data          0x2000004c        0x0 libee.a(ee_rqinsert.o)
 .data          0x2000004c        0x0 libee.a(ee_swait.o)
 .data          0x2000004c        0x0 libee.a(ee_spost.o)
 .data          0x2000004c        0x0 libee.a(ee_context.o)
 .data          0x2000004c        0x0 libee.a(ee_context.o)
 .data          0x2000004c        0x0 libee.a(ee_thendin.o)
 .data          0x2000004c       0x28 libstm32f4discovery.a(stm32f4_discovery.o)
                0x2000004c                GPIO_PORT
                0x2000005c                COM_USART
                0x20000064                COM_TX_PORT
                0x2000006c                COM_RX_PORT
 .data          0x20000074        0x0 libstm32f4xxspd.a(stm32f4xx_exti.o)
 .data          0x20000074        0x0 libstm32f4xxspd.a(stm32f4xx_gpio.o)
 .data          0x20000074       0x10 libstm32f4xxspd.a(stm32f4xx_rcc.o)
 .data          0x20000084        0x0 libstm32f4xxspd.a(stm32f4xx_syscfg.o)
 .data          0x20000084        0x0 libstm32f4xxspd.a(stm32f4xx_tim.o)
 .data          0x20000084        0x0 libstm32f4xxspd.a(stm32f4xx_usart.o)
 .data          0x20000084        0x0 libstm32f4xxspd.a(misc.o)
 .data          0x20000084        0x0 c:/progra~2/gnutoo~1/50a5a~1.420/bin/../lib/gcc/arm-none-eabi/5.4.1/armv7e-m\libgcc.a(_arm_addsubdf3.o)
 .data          0x20000084        0x0 c:/progra~2/gnutoo~1/50a5a~1.420/bin/../lib/gcc/arm-none-eabi/5.4.1/armv7e-m\libgcc.a(_arm_cmpdf2.o)
 .data          0x20000084        0x0 C:\PROGRA~2\GNUTOO~1\50A5A~1.420\arm-none-eabi\lib\thumb\libc.a(lib_a-exit.o)
 .data          0x20000084        0x0 C:\PROGRA~2\GNUTOO~1\50A5A~1.420\arm-none-eabi\lib\thumb\libc.a(lib_a-impure.o)
 *fill*         0x20000084        0x4 
 .data.impure_data
                0x20000088      0x428 C:\PROGRA~2\GNUTOO~1\50A5A~1.420\arm-none-eabi\lib\thumb\libc.a(lib_a-impure.o)
 .data._impure_ptr
                0x200004b0        0x4 C:\PROGRA~2\GNUTOO~1\50A5A~1.420\arm-none-eabi\lib\thumb\libc.a(lib_a-impure.o)
                0x200004b0                _impure_ptr
 .data          0x200004b4        0x0 C:\PROGRA~2\GNUTOO~1\50A5A~1.420\arm-none-eabi\lib\thumb\libc.a(lib_a-init.o)
 .data          0x200004b4        0x0 C:\PROGRA~2\GNUTOO~1\50A5A~1.420\arm-none-eabi\lib\thumb\libc.a(lib_a-memset.o)
 .data          0x200004b4        0x0 C:\PROGRA~2\GNUTOO~1\50A5A~1.420\arm-none-eabi\lib\thumb\libc.a(lib_a-sprintf.o)
 .data          0x200004b4        0x0 C:\PROGRA~2\GNUTOO~1\50A5A~1.420\arm-none-eabi\lib\thumb\libc.a(lib_a-svfprintf.o)
 .data          0x200004b4        0x0 C:\PROGRA~2\GNUTOO~1\50A5A~1.420\arm-none-eabi\lib\thumb\libc.a(lib_a-__call_atexit.o)
 .data          0x200004b4        0x0 C:\PROGRA~2\GNUTOO~1\50A5A~1.420\arm-none-eabi\lib\thumb\libc.a(lib_a-atexit.o)
 .data          0x200004b4        0x0 C:\PROGRA~2\GNUTOO~1\50A5A~1.420\arm-none-eabi\lib\thumb\libc.a(lib_a-dtoa.o)
 .data          0x200004b4        0x0 C:\PROGRA~2\GNUTOO~1\50A5A~1.420\arm-none-eabi\lib\thumb\libc.a(lib_a-fini.o)
 .data          0x200004b4        0x0 C:\PROGRA~2\GNUTOO~1\50A5A~1.420\arm-none-eabi\lib\thumb\libc.a(lib_a-localeconv.o)
 .data          0x200004b4        0x0 C:\PROGRA~2\GNUTOO~1\50A5A~1.420\arm-none-eabi\lib\thumb\libc.a(lib_a-mallocr.o)
 .data.__malloc_av_
                0x200004b4      0x408 C:\PROGRA~2\GNUTOO~1\50A5A~1.420\arm-none-eabi\lib\thumb\libc.a(lib_a-mallocr.o)
                0x200004b4                __malloc_av_
 .data.__malloc_trim_threshold
                0x200008bc        0x4 C:\PROGRA~2\GNUTOO~1\50A5A~1.420\arm-none-eabi\lib\thumb\libc.a(lib_a-mallocr.o)
                0x200008bc                __malloc_trim_threshold
 .data.__malloc_sbrk_base
                0x200008c0        0x4 C:\PROGRA~2\GNUTOO~1\50A5A~1.420\arm-none-eabi\lib\thumb\libc.a(lib_a-mallocr.o)
                0x200008c0                __malloc_sbrk_base
 .data          0x200008c4        0x0 C:\PROGRA~2\GNUTOO~1\50A5A~1.420\arm-none-eabi\lib\thumb\libc.a(lib_a-memchr-stub.o)
 .data          0x200008c4        0x0 C:\PROGRA~2\GNUTOO~1\50A5A~1.420\arm-none-eabi\lib\thumb\libc.a(lib_a-memcpy-stub.o)
 .data          0x200008c4        0x0 C:\PROGRA~2\GNUTOO~1\50A5A~1.420\arm-none-eabi\lib\thumb\libc.a(lib_a-mlock.o)
 .data          0x200008c4        0x0 C:\PROGRA~2\GNUTOO~1\50A5A~1.420\arm-none-eabi\lib\thumb\libc.a(lib_a-mprec.o)
 .data          0x200008c4        0x0 C:\PROGRA~2\GNUTOO~1\50A5A~1.420\arm-none-eabi\lib\thumb\libc.a(lib_a-sbrkr.o)
 .data          0x200008c4        0x0 C:\PROGRA~2\GNUTOO~1\50A5A~1.420\arm-none-eabi\lib\thumb\libc.a(lib_a-strlen-stub.o)
 .data          0x200008c4        0x0 C:\PROGRA~2\GNUTOO~1\50A5A~1.420\arm-none-eabi\lib\thumb\libc.a(lib_a-svfiprintf.o)
 .data          0x200008c4        0x0 C:\PROGRA~2\GNUTOO~1\50A5A~1.420\arm-none-eabi\lib\thumb\libc.a(lib_a-__atexit.o)
 .data          0x200008c4        0x0 C:\PROGRA~2\GNUTOO~1\50A5A~1.420\arm-none-eabi\lib\thumb\libc.a(lib_a-callocr.o)
 .data          0x200008c4        0x0 C:\PROGRA~2\GNUTOO~1\50A5A~1.420\arm-none-eabi\lib\thumb\libc.a(lib_a-freer.o)
 .data          0x200008c4        0x0 C:\PROGRA~2\GNUTOO~1\50A5A~1.420\arm-none-eabi\lib\thumb\libc.a(lib_a-locale.o)
 .data.__global_locale
                0x200008c4      0x16c C:\PROGRA~2\GNUTOO~1\50A5A~1.420\arm-none-eabi\lib\thumb\libc.a(lib_a-locale.o)
                0x200008c4                __global_locale
 .data          0x20000a30        0x0 C:\PROGRA~2\GNUTOO~1\50A5A~1.420\arm-none-eabi\lib\thumb\libc.a(lib_a-mbtowc_r.o)
 .data          0x20000a30        0x0 C:\PROGRA~2\GNUTOO~1\50A5A~1.420\arm-none-eabi\lib\thumb\libc.a(lib_a-memmove.o)
 .data          0x20000a30        0x0 C:\PROGRA~2\GNUTOO~1\50A5A~1.420\arm-none-eabi\lib\thumb\libc.a(lib_a-reallocr.o)
 .data          0x20000a30        0x0 C:\PROGRA~2\GNUTOO~1\50A5A~1.420\arm-none-eabi\lib\thumb\libc.a(lib_a-reent.o)
 .data          0x20000a30        0x0 C:\PROGRA~2\GNUTOO~1\50A5A~1.420\arm-none-eabi\lib\thumb\libc.a(lib_a-strcmp.o)
 .data          0x20000a30        0x0 C:\PROGRA~2\GNUTOO~1\50A5A~1.420\arm-none-eabi\lib\thumb\libc.a(lib_a-wctomb_r.o)
 .data          0x20000a30        0x0 C:\PROGRA~2\GNUTOO~1\50A5A~1.420\arm-none-eabi\lib\thumb\libc.a(lib_a-ctype_.o)
 .data          0x20000a30        0x0 C:\PROGRA~2\GNUTOO~1\50A5A~1.420\arm-none-eabi\lib\thumb\libnosys.a(sbrk.o)
 .data          0x20000a30        0x0 c:/progra~2/gnutoo~1/50a5a~1.420/bin/../lib/gcc/arm-none-eabi/5.4.1/armv7e-m\libgcc.a(_udivsi3.o)
 .data          0x20000a30        0x0 c:/progra~2/gnutoo~1/50a5a~1.420/bin/../lib/gcc/arm-none-eabi/5.4.1/armv7e-m\libgcc.a(_divsi3.o)
 .data          0x20000a30        0x0 c:/progra~2/gnutoo~1/50a5a~1.420/bin/../lib/gcc/arm-none-eabi/5.4.1/armv7e-m\libgcc.a(_dvmd_tls.o)
 .data          0x20000a30        0x0 c:/progra~2/gnutoo~1/50a5a~1.420/bin/../lib/gcc/arm-none-eabi/5.4.1/armv7e-m\libgcc.a(_arm_muldivdf3.o)
 .data          0x20000a30        0x0 c:/progra~2/gnutoo~1/50a5a~1.420/bin/../lib/gcc/arm-none-eabi/5.4.1/armv7e-m\libgcc.a(_arm_unorddf2.o)
 .data          0x20000a30        0x0 c:/progra~2/gnutoo~1/50a5a~1.420/bin/../lib/gcc/arm-none-eabi/5.4.1/armv7e-m\libgcc.a(_arm_fixdfsi.o)
 .data          0x20000a30        0x0 c:/progra~2/gnutoo~1/50a5a~1.420/bin/../lib/gcc/arm-none-eabi/5.4.1/armv7e-m\libgcc.a(_aeabi_uldivmod.o)
 .data          0x20000a30        0x0 c:/progra~2/gnutoo~1/50a5a~1.420/bin/../lib/gcc/arm-none-eabi/5.4.1/armv7e-m\libgcc.a(_udivmoddi4.o)
 .data          0x20000a30        0x0 c:/progra~2/gnutoo~1/50a5a~1.420/bin/../lib/gcc/arm-none-eabi/5.4.1/armv7e-m/crtend.o
 .data          0x20000a30        0x0 c:/progra~2/gnutoo~1/50a5a~1.420/bin/../lib/gcc/arm-none-eabi/5.4.1/armv7e-m/crtn.o
                0x20000a30                . = ALIGN (0x4)
                0x20000a30                PROVIDE (__preinit_array_start, .)
 *(.preinit_array)
                0x20000a30                PROVIDE (__preinit_array_end, .)
                0x20000a30                . = ALIGN (0x4)
                0x20000a30                PROVIDE (__init_array_start, .)
 *(SORT(.init_array.*))
 .init_array.00000
                0x20000a30        0x4 C:\PROGRA~2\GNUTOO~1\50A5A~1.420\arm-none-eabi\lib\thumb\libc.a(lib_a-__call_atexit.o)
 *(.init_array)
 .init_array    0x20000a34        0x4 c:/progra~2/gnutoo~1/50a5a~1.420/bin/../lib/gcc/arm-none-eabi/5.4.1/armv7e-m/crtbegin.o
                0x20000a38                PROVIDE (__init_array_end, .)
                0x20000a38                . = ALIGN (0x4)
                0x20000a38                PROVIDE (__fini_array_start, .)
 *(SORT(.fini_array.*))
 *(.fini_array)
 .fini_array    0x20000a38        0x4 c:/progra~2/gnutoo~1/50a5a~1.420/bin/../lib/gcc/arm-none-eabi/5.4.1/armv7e-m/crtbegin.o
                0x20000a3c                PROVIDE (__fini_array_end, .)
 *(.jcr*)
 .jcr           0x20000a3c        0x0 c:/progra~2/gnutoo~1/50a5a~1.420/bin/../lib/gcc/arm-none-eabi/5.4.1/armv7e-m/crtbegin.o
 .jcr           0x20000a3c        0x4 c:/progra~2/gnutoo~1/50a5a~1.420/bin/../lib/gcc/arm-none-eabi/5.4.1/armv7e-m/crtend.o
                0x20000a40                . = ALIGN (0x4)
                0x20000a40                __data_end__ = .

.igot.plt       0x20000a40        0x0 load address 0x0800cf84
 .igot.plt      0x20000a40        0x0 c:/progra~2/gnutoo~1/50a5a~1.420/bin/../lib/gcc/arm-none-eabi/5.4.1/armv7e-m/crtbegin.o

.bss            0x20000a40      0x1c0 load address 0x0800cf88
                0x20000a40                . = ALIGN (0x4)
                0x20000a40                __bss_start__ = .
 *(.bss*)
 .bss           0x20000a40        0x0 c:/progra~2/gnutoo~1/50a5a~1.420/bin/../lib/gcc/arm-none-eabi/5.4.1/armv7e-m/crti.o
 .bss           0x20000a40       0x1c c:/progra~2/gnutoo~1/50a5a~1.420/bin/../lib/gcc/arm-none-eabi/5.4.1/armv7e-m/crtbegin.o
 .bss           0x20000a5c        0x0 c:/progra~2/gnutoo~1/50a5a~1.420/bin/../lib/gcc/arm-none-eabi/5.4.1/../../../../arm-none-eabi/lib/armv7e-m/crt0.o
 *fill*         0x20000a5c        0x4 
 .bss           0x20000a60       0x54 obj/code.o
                0x20000a60                led_ms
                0x20000aa0                led_flags
                0x20000aa8                sensor_mode
                0x20000aac                time_reset_callback
                0x20000ab0                timeout_read
 .bss           0x20000ab4        0xc obj/eecfg.o
                0x20000ab4                EE_cortex_mx_system_tos
                0x20000ab8                EE_cortex_mx_active_tos
                0x20000abc                EE_sys_ceiling
 .bss           0x20000ac0        0x2 obj/motor_functions.o
                0x20000ac0                PrescalerValue
 .bss           0x20000ac2        0x0 obj/pkg/mcu/st_stm32_stm32f4xx/src/startup_stm32f4xx_gnu.o
 .bss           0x20000ac2        0x0 obj/pkg/mcu/st_stm32_stm32f4xx/src/system_stm32f4xx.o
 .bss           0x20000ac2        0x0 libee.a(ee_hal_structs.o)
 .bss           0x20000ac2        0x0 libee.a(ee_utils.o)
 .bss           0x20000ac2        0x0 libee.a(ee_gnu_change_context_isr.o)
 .bss           0x20000ac2        0x0 libee.a(ee_gnu_multi_context.o)
 .bss           0x20000ac2        0x0 libee.a(ee_altick.o)
 .bss           0x20000ac2        0x0 libee.a(ee_alsetrel.o)
 .bss           0x20000ac2        0x0 libee.a(ee_irqsc.o)
 .bss           0x20000ac2        0x0 libee.a(ee_rqexchg.o)
 .bss           0x20000ac2        0x0 libee.a(ee_rqinsert.o)
 .bss           0x20000ac2        0x0 libee.a(ee_swait.o)
 .bss           0x20000ac2        0x0 libee.a(ee_spost.o)
 .bss           0x20000ac2        0x0 libee.a(ee_context.o)
 .bss           0x20000ac2        0x0 libee.a(ee_context.o)
 .bss           0x20000ac2        0x0 libee.a(ee_thendin.o)
 .bss           0x20000ac2        0x0 libstm32f4discovery.a(stm32f4_discovery.o)
 .bss           0x20000ac2        0x0 libstm32f4xxspd.a(stm32f4xx_exti.o)
 .bss           0x20000ac2        0x0 libstm32f4xxspd.a(stm32f4xx_gpio.o)
 .bss           0x20000ac2        0x0 libstm32f4xxspd.a(stm32f4xx_rcc.o)
 .bss           0x20000ac2        0x0 libstm32f4xxspd.a(stm32f4xx_syscfg.o)
 .bss           0x20000ac2        0x0 libstm32f4xxspd.a(stm32f4xx_tim.o)
 .bss           0x20000ac2        0x0 libstm32f4xxspd.a(stm32f4xx_usart.o)
 .bss           0x20000ac2        0x0 libstm32f4xxspd.a(misc.o)
 .bss           0x20000ac2        0x0 c:/progra~2/gnutoo~1/50a5a~1.420/bin/../lib/gcc/arm-none-eabi/5.4.1/armv7e-m\libgcc.a(_arm_addsubdf3.o)
 .bss           0x20000ac2        0x0 c:/progra~2/gnutoo~1/50a5a~1.420/bin/../lib/gcc/arm-none-eabi/5.4.1/armv7e-m\libgcc.a(_arm_cmpdf2.o)
 .bss           0x20000ac2        0x0 C:\PROGRA~2\GNUTOO~1\50A5A~1.420\arm-none-eabi\lib\thumb\libc.a(lib_a-exit.o)
 .bss           0x20000ac2        0x0 C:\PROGRA~2\GNUTOO~1\50A5A~1.420\arm-none-eabi\lib\thumb\libc.a(lib_a-impure.o)
 .bss           0x20000ac2        0x0 C:\PROGRA~2\GNUTOO~1\50A5A~1.420\arm-none-eabi\lib\thumb\libc.a(lib_a-init.o)
 .bss           0x20000ac2        0x0 C:\PROGRA~2\GNUTOO~1\50A5A~1.420\arm-none-eabi\lib\thumb\libc.a(lib_a-memset.o)
 .bss           0x20000ac2        0x0 C:\PROGRA~2\GNUTOO~1\50A5A~1.420\arm-none-eabi\lib\thumb\libc.a(lib_a-sprintf.o)
 .bss           0x20000ac2        0x0 C:\PROGRA~2\GNUTOO~1\50A5A~1.420\arm-none-eabi\lib\thumb\libc.a(lib_a-svfprintf.o)
 .bss           0x20000ac2        0x0 C:\PROGRA~2\GNUTOO~1\50A5A~1.420\arm-none-eabi\lib\thumb\libc.a(lib_a-__call_atexit.o)
 .bss           0x20000ac2        0x0 C:\PROGRA~2\GNUTOO~1\50A5A~1.420\arm-none-eabi\lib\thumb\libc.a(lib_a-atexit.o)
 .bss           0x20000ac2        0x0 C:\PROGRA~2\GNUTOO~1\50A5A~1.420\arm-none-eabi\lib\thumb\libc.a(lib_a-dtoa.o)
 .bss           0x20000ac2        0x0 C:\PROGRA~2\GNUTOO~1\50A5A~1.420\arm-none-eabi\lib\thumb\libc.a(lib_a-fini.o)
 .bss           0x20000ac2        0x0 C:\PROGRA~2\GNUTOO~1\50A5A~1.420\arm-none-eabi\lib\thumb\libc.a(lib_a-localeconv.o)
 .bss           0x20000ac2        0x0 C:\PROGRA~2\GNUTOO~1\50A5A~1.420\arm-none-eabi\lib\thumb\libc.a(lib_a-mallocr.o)
 *fill*         0x20000ac2        0x2 
 .bss.__malloc_max_total_mem
                0x20000ac4        0x4 C:\PROGRA~2\GNUTOO~1\50A5A~1.420\arm-none-eabi\lib\thumb\libc.a(lib_a-mallocr.o)
                0x20000ac4                __malloc_max_total_mem
 .bss.__malloc_max_sbrked_mem
                0x20000ac8        0x4 C:\PROGRA~2\GNUTOO~1\50A5A~1.420\arm-none-eabi\lib\thumb\libc.a(lib_a-mallocr.o)
                0x20000ac8                __malloc_max_sbrked_mem
 .bss.__malloc_top_pad
                0x20000acc        0x4 C:\PROGRA~2\GNUTOO~1\50A5A~1.420\arm-none-eabi\lib\thumb\libc.a(lib_a-mallocr.o)
                0x20000acc                __malloc_top_pad
 .bss.__malloc_current_mallinfo
                0x20000ad0       0x28 C:\PROGRA~2\GNUTOO~1\50A5A~1.420\arm-none-eabi\lib\thumb\libc.a(lib_a-mallocr.o)
                0x20000ad0                __malloc_current_mallinfo
 .bss           0x20000af8        0x0 C:\PROGRA~2\GNUTOO~1\50A5A~1.420\arm-none-eabi\lib\thumb\libc.a(lib_a-memchr-stub.o)
 .bss           0x20000af8        0x0 C:\PROGRA~2\GNUTOO~1\50A5A~1.420\arm-none-eabi\lib\thumb\libc.a(lib_a-memcpy-stub.o)
 .bss           0x20000af8        0x0 C:\PROGRA~2\GNUTOO~1\50A5A~1.420\arm-none-eabi\lib\thumb\libc.a(lib_a-mlock.o)
 .bss           0x20000af8        0x0 C:\PROGRA~2\GNUTOO~1\50A5A~1.420\arm-none-eabi\lib\thumb\libc.a(lib_a-mprec.o)
 .bss           0x20000af8        0x0 C:\PROGRA~2\GNUTOO~1\50A5A~1.420\arm-none-eabi\lib\thumb\libc.a(lib_a-sbrkr.o)
 .bss           0x20000af8        0x0 C:\PROGRA~2\GNUTOO~1\50A5A~1.420\arm-none-eabi\lib\thumb\libc.a(lib_a-strlen-stub.o)
 .bss           0x20000af8        0x0 C:\PROGRA~2\GNUTOO~1\50A5A~1.420\arm-none-eabi\lib\thumb\libc.a(lib_a-svfiprintf.o)
 .bss           0x20000af8        0x0 C:\PROGRA~2\GNUTOO~1\50A5A~1.420\arm-none-eabi\lib\thumb\libc.a(lib_a-__atexit.o)
 .bss           0x20000af8        0x0 C:\PROGRA~2\GNUTOO~1\50A5A~1.420\arm-none-eabi\lib\thumb\libc.a(lib_a-callocr.o)
 .bss           0x20000af8        0x0 C:\PROGRA~2\GNUTOO~1\50A5A~1.420\arm-none-eabi\lib\thumb\libc.a(lib_a-freer.o)
 .bss           0x20000af8        0x0 C:\PROGRA~2\GNUTOO~1\50A5A~1.420\arm-none-eabi\lib\thumb\libc.a(lib_a-locale.o)
 .bss._PathLocale
                0x20000af8        0x4 C:\PROGRA~2\GNUTOO~1\50A5A~1.420\arm-none-eabi\lib\thumb\libc.a(lib_a-locale.o)
                0x20000af8                _PathLocale
 .bss           0x20000afc        0x0 C:\PROGRA~2\GNUTOO~1\50A5A~1.420\arm-none-eabi\lib\thumb\libc.a(lib_a-mbtowc_r.o)
 .bss           0x20000afc        0x0 C:\PROGRA~2\GNUTOO~1\50A5A~1.420\arm-none-eabi\lib\thumb\libc.a(lib_a-memmove.o)
 .bss           0x20000afc        0x0 C:\PROGRA~2\GNUTOO~1\50A5A~1.420\arm-none-eabi\lib\thumb\libc.a(lib_a-reallocr.o)
 .bss           0x20000afc        0x0 C:\PROGRA~2\GNUTOO~1\50A5A~1.420\arm-none-eabi\lib\thumb\libc.a(lib_a-reent.o)
 .bss           0x20000afc        0x0 C:\PROGRA~2\GNUTOO~1\50A5A~1.420\arm-none-eabi\lib\thumb\libc.a(lib_a-strcmp.o)
 .bss           0x20000afc        0x0 C:\PROGRA~2\GNUTOO~1\50A5A~1.420\arm-none-eabi\lib\thumb\libc.a(lib_a-wctomb_r.o)
 .bss           0x20000afc        0x0 C:\PROGRA~2\GNUTOO~1\50A5A~1.420\arm-none-eabi\lib\thumb\libc.a(lib_a-ctype_.o)
 .bss           0x20000afc        0x0 C:\PROGRA~2\GNUTOO~1\50A5A~1.420\arm-none-eabi\lib\thumb\libnosys.a(sbrk.o)
 .bss.heap_end.4167
                0x20000afc        0x4 C:\PROGRA~2\GNUTOO~1\50A5A~1.420\arm-none-eabi\lib\thumb\libnosys.a(sbrk.o)
 .bss           0x20000b00        0x0 c:/progra~2/gnutoo~1/50a5a~1.420/bin/../lib/gcc/arm-none-eabi/5.4.1/armv7e-m\libgcc.a(_udivsi3.o)
 .bss           0x20000b00        0x0 c:/progra~2/gnutoo~1/50a5a~1.420/bin/../lib/gcc/arm-none-eabi/5.4.1/armv7e-m\libgcc.a(_divsi3.o)
 .bss           0x20000b00        0x0 c:/progra~2/gnutoo~1/50a5a~1.420/bin/../lib/gcc/arm-none-eabi/5.4.1/armv7e-m\libgcc.a(_dvmd_tls.o)
 .bss           0x20000b00        0x0 c:/progra~2/gnutoo~1/50a5a~1.420/bin/../lib/gcc/arm-none-eabi/5.4.1/armv7e-m\libgcc.a(_arm_muldivdf3.o)
 .bss           0x20000b00        0x0 c:/progra~2/gnutoo~1/50a5a~1.420/bin/../lib/gcc/arm-none-eabi/5.4.1/armv7e-m\libgcc.a(_arm_unorddf2.o)
 .bss           0x20000b00        0x0 c:/progra~2/gnutoo~1/50a5a~1.420/bin/../lib/gcc/arm-none-eabi/5.4.1/armv7e-m\libgcc.a(_arm_fixdfsi.o)
 .bss           0x20000b00        0x0 c:/progra~2/gnutoo~1/50a5a~1.420/bin/../lib/gcc/arm-none-eabi/5.4.1/armv7e-m\libgcc.a(_aeabi_uldivmod.o)
 .bss           0x20000b00        0x0 c:/progra~2/gnutoo~1/50a5a~1.420/bin/../lib/gcc/arm-none-eabi/5.4.1/armv7e-m\libgcc.a(_udivmoddi4.o)
 .bss           0x20000b00        0x0 c:/progra~2/gnutoo~1/50a5a~1.420/bin/../lib/gcc/arm-none-eabi/5.4.1/armv7e-m/crtend.o
 .bss           0x20000b00        0x0 c:/progra~2/gnutoo~1/50a5a~1.420/bin/../lib/gcc/arm-none-eabi/5.4.1/armv7e-m/crtn.o
 *(COMMON)
 COMMON         0x20000b00       0xa8 obj/code.o
                0x20000b00                reference_time
                0x20000b08                GPIO_InitStructure_LightSensors
                0x20000b48                sensor_up_time
                0x20000b50                system_time
                0x20000b58                USART_InitStructure
                0x20000b68                delta_sensor
 COMMON         0x20000ba8       0x2c obj/eecfg.o
                0x20000ba8                EE_alarm_RAM
                0x20000bcc                EE_th_nact
 COMMON         0x20000bd4       0x20 obj/motor_functions.o
                0x20000bd4                TIM_TimeBaseStructure
                0x20000be0                TIM_OCInitStructure
 COMMON         0x20000bf4        0x8 libee.a(ee_hal_structs.o)
                0x20000bf4                EE_IRQ_nesting_level
                0x20000bf8                EE_std_endcycle_next_tid
 COMMON         0x20000bfc        0x4 C:\PROGRA~2\GNUTOO~1\50A5A~1.420\arm-none-eabi\lib\thumb\libc.a(lib_a-reent.o)
                0x20000bfc                errno
                0x20000c00                . = ALIGN (0x4)
                0x20000c00                __bss_end__ = .

.heap           0x20000c00      0x100
                0x20000c00                __end__ = .
                0x20000c00                end = __end__
 *(.heap*)
 .heap          0x20000c00      0x100 obj/pkg/mcu/st_stm32_stm32f4xx/src/startup_stm32f4xx_gnu.o
                0x20000c00                __HeapBase
                0x20000d00                __HeapLimit = .

.stack_dummy    0x20000c00      0xc00
 *(.stack*)
 .stack         0x20000c00      0xc00 obj/pkg/mcu/st_stm32_stm32f4xx/src/startup_stm32f4xx_gnu.o
                0x20020000                __StackTop = (ORIGIN (RAM) + LENGTH (RAM))
                0x2001f400                __StackLimit = (__StackTop - SIZEOF (.stack_dummy))
                0x20020000                PROVIDE (__stack, __StackTop)
                0x00000001                ASSERT ((__StackLimit >= __HeapLimit), region RAM overflowed with stack)
                0x10000000                __CcmOrigin = ORIGIN (CCM)
                0x00010000                __CcmLen = LENGTH (CCM)
START GROUP
LOAD c:/progra~2/gnutoo~1/50a5a~1.420/bin/../lib/gcc/arm-none-eabi/5.4.1/armv7e-m\libgcc.a
LOAD C:\PROGRA~2\GNUTOO~1\50A5A~1.420\arm-none-eabi\lib\thumb\libg.a
LOAD C:\PROGRA~2\GNUTOO~1\50A5A~1.420\arm-none-eabi\lib\thumb\libc.a
END GROUP
LOAD c:/progra~2/gnutoo~1/50a5a~1.420/bin/../lib/gcc/arm-none-eabi/5.4.1/armv7e-m/crtend.o
LOAD c:/progra~2/gnutoo~1/50a5a~1.420/bin/../lib/gcc/arm-none-eabi/5.4.1/armv7e-m/crtn.o
OUTPUT(c_mX.elf elf32-littlearm)

.ARM.attributes
                0x00000000       0x2c
 .ARM.attributes
                0x00000000       0x1e c:/progra~2/gnutoo~1/50a5a~1.420/bin/../lib/gcc/arm-none-eabi/5.4.1/armv7e-m/crti.o
 .ARM.attributes
                0x0000001e       0x2e c:/progra~2/gnutoo~1/50a5a~1.420/bin/../lib/gcc/arm-none-eabi/5.4.1/armv7e-m/crtbegin.o
 .ARM.attributes
                0x0000004c       0x1c c:/progra~2/gnutoo~1/50a5a~1.420/bin/../lib/gcc/arm-none-eabi/5.4.1/../../../../arm-none-eabi/lib/armv7e-m/crt0.o
 .ARM.attributes
                0x00000068       0x33 obj/code.o
 .ARM.attributes
                0x0000009b       0x33 obj/eecfg.o
 .ARM.attributes
                0x000000ce       0x33 obj/motor_functions.o
 .ARM.attributes
                0x00000101       0x1c obj/pkg/mcu/st_stm32_stm32f4xx/src/startup_stm32f4xx_gnu.o
 .ARM.attributes
                0x0000011d       0x33 obj/pkg/mcu/st_stm32_stm32f4xx/src/system_stm32f4xx.o
 .ARM.attributes
                0x00000150       0x33 libee.a(ee_hal_structs.o)
 .ARM.attributes
                0x00000183       0x33 libee.a(ee_utils.o)
 .ARM.attributes
                0x000001b6       0x21 libee.a(ee_gnu_change_context_isr.o)
 .ARM.attributes
                0x000001d7       0x21 libee.a(ee_gnu_multi_context.o)
 .ARM.attributes
                0x000001f8       0x33 libee.a(ee_altick.o)
 .ARM.attributes
                0x0000022b       0x33 libee.a(ee_alsetrel.o)
 .ARM.attributes
                0x0000025e       0x33 libee.a(ee_irqsc.o)
 .ARM.attributes
                0x00000291       0x33 libee.a(ee_rqexchg.o)
 .ARM.attributes
                0x000002c4       0x33 libee.a(ee_rqinsert.o)
 .ARM.attributes
                0x000002f7       0x33 libee.a(ee_swait.o)
 .ARM.attributes
                0x0000032a       0x33 libee.a(ee_spost.o)
 .ARM.attributes
                0x0000035d       0x33 libee.a(ee_context.o)
 .ARM.attributes
                0x00000390       0x33 libee.a(ee_context.o)
 .ARM.attributes
                0x000003c3       0x33 libee.a(ee_thendin.o)
 .ARM.attributes
                0x000003f6       0x33 libstm32f4discovery.a(stm32f4_discovery.o)
 .ARM.attributes
                0x00000429       0x33 libstm32f4xxspd.a(stm32f4xx_exti.o)
 .ARM.attributes
                0x0000045c       0x33 libstm32f4xxspd.a(stm32f4xx_gpio.o)
 .ARM.attributes
                0x0000048f       0x33 libstm32f4xxspd.a(stm32f4xx_rcc.o)
 .ARM.attributes
                0x000004c2       0x33 libstm32f4xxspd.a(stm32f4xx_syscfg.o)
 .ARM.attributes
                0x000004f5       0x33 libstm32f4xxspd.a(stm32f4xx_tim.o)
 .ARM.attributes
                0x00000528       0x33 libstm32f4xxspd.a(stm32f4xx_usart.o)
 .ARM.attributes
                0x0000055b       0x33 libstm32f4xxspd.a(misc.o)
 .ARM.attributes
                0x0000058e       0x1e c:/progra~2/gnutoo~1/50a5a~1.420/bin/../lib/gcc/arm-none-eabi/5.4.1/armv7e-m\libgcc.a(_arm_addsubdf3.o)
 .ARM.attributes
                0x000005ac       0x1e c:/progra~2/gnutoo~1/50a5a~1.420/bin/../lib/gcc/arm-none-eabi/5.4.1/armv7e-m\libgcc.a(_arm_cmpdf2.o)
 .ARM.attributes
                0x000005ca       0x30 C:\PROGRA~2\GNUTOO~1\50A5A~1.420\arm-none-eabi\lib\thumb\libc.a(lib_a-exit.o)
 .ARM.attributes
                0x000005fa       0x30 C:\PROGRA~2\GNUTOO~1\50A5A~1.420\arm-none-eabi\lib\thumb\libc.a(lib_a-impure.o)
 .ARM.attributes
                0x0000062a       0x30 C:\PROGRA~2\GNUTOO~1\50A5A~1.420\arm-none-eabi\lib\thumb\libc.a(lib_a-init.o)
 .ARM.attributes
                0x0000065a       0x30 C:\PROGRA~2\GNUTOO~1\50A5A~1.420\arm-none-eabi\lib\thumb\libc.a(lib_a-memset.o)
 .ARM.attributes
                0x0000068a       0x30 C:\PROGRA~2\GNUTOO~1\50A5A~1.420\arm-none-eabi\lib\thumb\libc.a(lib_a-sprintf.o)
 .ARM.attributes
                0x000006ba       0x30 C:\PROGRA~2\GNUTOO~1\50A5A~1.420\arm-none-eabi\lib\thumb\libc.a(lib_a-svfprintf.o)
 .ARM.attributes
                0x000006ea       0x30 C:\PROGRA~2\GNUTOO~1\50A5A~1.420\arm-none-eabi\lib\thumb\libc.a(lib_a-__call_atexit.o)
 .ARM.attributes
                0x0000071a       0x30 C:\PROGRA~2\GNUTOO~1\50A5A~1.420\arm-none-eabi\lib\thumb\libc.a(lib_a-atexit.o)
 .ARM.attributes
                0x0000074a       0x30 C:\PROGRA~2\GNUTOO~1\50A5A~1.420\arm-none-eabi\lib\thumb\libc.a(lib_a-dtoa.o)
 .ARM.attributes
                0x0000077a       0x30 C:\PROGRA~2\GNUTOO~1\50A5A~1.420\arm-none-eabi\lib\thumb\libc.a(lib_a-fini.o)
 .ARM.attributes
                0x000007aa       0x30 C:\PROGRA~2\GNUTOO~1\50A5A~1.420\arm-none-eabi\lib\thumb\libc.a(lib_a-localeconv.o)
 .ARM.attributes
                0x000007da       0x30 C:\PROGRA~2\GNUTOO~1\50A5A~1.420\arm-none-eabi\lib\thumb\libc.a(lib_a-mallocr.o)
 .ARM.attributes
                0x0000080a       0x30 C:\PROGRA~2\GNUTOO~1\50A5A~1.420\arm-none-eabi\lib\thumb\libc.a(lib_a-memchr-stub.o)
 .ARM.attributes
                0x0000083a       0x30 C:\PROGRA~2\GNUTOO~1\50A5A~1.420\arm-none-eabi\lib\thumb\libc.a(lib_a-memcpy-stub.o)
 .ARM.attributes
                0x0000086a       0x30 C:\PROGRA~2\GNUTOO~1\50A5A~1.420\arm-none-eabi\lib\thumb\libc.a(lib_a-mlock.o)
 .ARM.attributes
                0x0000089a       0x30 C:\PROGRA~2\GNUTOO~1\50A5A~1.420\arm-none-eabi\lib\thumb\libc.a(lib_a-mprec.o)
 .ARM.attributes
                0x000008ca       0x30 C:\PROGRA~2\GNUTOO~1\50A5A~1.420\arm-none-eabi\lib\thumb\libc.a(lib_a-sbrkr.o)
 .ARM.attributes
                0x000008fa       0x30 C:\PROGRA~2\GNUTOO~1\50A5A~1.420\arm-none-eabi\lib\thumb\libc.a(lib_a-strlen-stub.o)
 .ARM.attributes
                0x0000092a       0x30 C:\PROGRA~2\GNUTOO~1\50A5A~1.420\arm-none-eabi\lib\thumb\libc.a(lib_a-svfiprintf.o)
 .ARM.attributes
                0x0000095a       0x30 C:\PROGRA~2\GNUTOO~1\50A5A~1.420\arm-none-eabi\lib\thumb\libc.a(lib_a-__atexit.o)
 .ARM.attributes
                0x0000098a       0x30 C:\PROGRA~2\GNUTOO~1\50A5A~1.420\arm-none-eabi\lib\thumb\libc.a(lib_a-callocr.o)
 .ARM.attributes
                0x000009ba       0x30 C:\PROGRA~2\GNUTOO~1\50A5A~1.420\arm-none-eabi\lib\thumb\libc.a(lib_a-freer.o)
 .ARM.attributes
                0x000009ea       0x30 C:\PROGRA~2\GNUTOO~1\50A5A~1.420\arm-none-eabi\lib\thumb\libc.a(lib_a-locale.o)
 .ARM.attributes
                0x00000a1a       0x30 C:\PROGRA~2\GNUTOO~1\50A5A~1.420\arm-none-eabi\lib\thumb\libc.a(lib_a-mbtowc_r.o)
 .ARM.attributes
                0x00000a4a       0x30 C:\PROGRA~2\GNUTOO~1\50A5A~1.420\arm-none-eabi\lib\thumb\libc.a(lib_a-memmove.o)
 .ARM.attributes
                0x00000a7a       0x30 C:\PROGRA~2\GNUTOO~1\50A5A~1.420\arm-none-eabi\lib\thumb\libc.a(lib_a-reallocr.o)
 .ARM.attributes
                0x00000aaa       0x30 C:\PROGRA~2\GNUTOO~1\50A5A~1.420\arm-none-eabi\lib\thumb\libc.a(lib_a-reent.o)
 .ARM.attributes
                0x00000ada       0x16 C:\PROGRA~2\GNUTOO~1\50A5A~1.420\arm-none-eabi\lib\thumb\libc.a(lib_a-strcmp.o)
 .ARM.attributes
                0x00000af0       0x30 C:\PROGRA~2\GNUTOO~1\50A5A~1.420\arm-none-eabi\lib\thumb\libc.a(lib_a-wctomb_r.o)
 .ARM.attributes
                0x00000b20       0x30 C:\PROGRA~2\GNUTOO~1\50A5A~1.420\arm-none-eabi\lib\thumb\libc.a(lib_a-ctype_.o)
 .ARM.attributes
                0x00000b50       0x30 C:\PROGRA~2\GNUTOO~1\50A5A~1.420\arm-none-eabi\lib\thumb\libnosys.a(sbrk.o)
 .ARM.attributes
                0x00000b80       0x1e c:/progra~2/gnutoo~1/50a5a~1.420/bin/../lib/gcc/arm-none-eabi/5.4.1/armv7e-m\libgcc.a(_udivsi3.o)
 .ARM.attributes
                0x00000b9e       0x1e c:/progra~2/gnutoo~1/50a5a~1.420/bin/../lib/gcc/arm-none-eabi/5.4.1/armv7e-m\libgcc.a(_divsi3.o)
 .ARM.attributes
                0x00000bbc       0x1e c:/progra~2/gnutoo~1/50a5a~1.420/bin/../lib/gcc/arm-none-eabi/5.4.1/armv7e-m\libgcc.a(_dvmd_tls.o)
 .ARM.attributes
                0x00000bda       0x1e c:/progra~2/gnutoo~1/50a5a~1.420/bin/../lib/gcc/arm-none-eabi/5.4.1/armv7e-m\libgcc.a(_arm_muldivdf3.o)
 .ARM.attributes
                0x00000bf8       0x1e c:/progra~2/gnutoo~1/50a5a~1.420/bin/../lib/gcc/arm-none-eabi/5.4.1/armv7e-m\libgcc.a(_arm_unorddf2.o)
 .ARM.attributes
                0x00000c16       0x1e c:/progra~2/gnutoo~1/50a5a~1.420/bin/../lib/gcc/arm-none-eabi/5.4.1/armv7e-m\libgcc.a(_arm_fixdfsi.o)
 .ARM.attributes
                0x00000c34       0x1e c:/progra~2/gnutoo~1/50a5a~1.420/bin/../lib/gcc/arm-none-eabi/5.4.1/armv7e-m\libgcc.a(_aeabi_uldivmod.o)
 .ARM.attributes
                0x00000c52       0x2e c:/progra~2/gnutoo~1/50a5a~1.420/bin/../lib/gcc/arm-none-eabi/5.4.1/armv7e-m\libgcc.a(_udivmoddi4.o)
 .ARM.attributes
                0x00000c80       0x2e c:/progra~2/gnutoo~1/50a5a~1.420/bin/../lib/gcc/arm-none-eabi/5.4.1/armv7e-m/crtend.o
 .ARM.attributes
                0x00000cae       0x1e c:/progra~2/gnutoo~1/50a5a~1.420/bin/../lib/gcc/arm-none-eabi/5.4.1/armv7e-m/crtn.o

.comment        0x00000000       0x6e
 .comment       0x00000000       0x6e obj/code.o
                                 0x6f (size before relaxing)
 .comment       0x0000006e       0x6f obj/eecfg.o
 .comment       0x0000006e       0x6f obj/motor_functions.o
 .comment       0x0000006e       0x6f obj/pkg/mcu/st_stm32_stm32f4xx/src/system_stm32f4xx.o
 .comment       0x0000006e       0x6f libee.a(ee_hal_structs.o)
 .comment       0x0000006e       0x6f libee.a(ee_utils.o)
 .comment       0x0000006e       0x6f libee.a(ee_altick.o)
 .comment       0x0000006e       0x6f libee.a(ee_alsetrel.o)
 .comment       0x0000006e       0x6f libee.a(ee_irqsc.o)
 .comment       0x0000006e       0x6f libee.a(ee_rqexchg.o)
 .comment       0x0000006e       0x6f libee.a(ee_rqinsert.o)
 .comment       0x0000006e       0x6f libee.a(ee_swait.o)
 .comment       0x0000006e       0x6f libee.a(ee_spost.o)
 .comment       0x0000006e       0x6f libee.a(ee_context.o)
 .comment       0x0000006e       0x6f libee.a(ee_context.o)
 .comment       0x0000006e       0x6f libee.a(ee_thendin.o)
 .comment       0x0000006e       0x6f libstm32f4discovery.a(stm32f4_discovery.o)
 .comment       0x0000006e       0x6f libstm32f4xxspd.a(stm32f4xx_exti.o)
 .comment       0x0000006e       0x6f libstm32f4xxspd.a(stm32f4xx_gpio.o)
 .comment       0x0000006e       0x6f libstm32f4xxspd.a(stm32f4xx_rcc.o)
 .comment       0x0000006e       0x6f libstm32f4xxspd.a(stm32f4xx_syscfg.o)
 .comment       0x0000006e       0x6f libstm32f4xxspd.a(stm32f4xx_tim.o)
 .comment       0x0000006e       0x6f libstm32f4xxspd.a(stm32f4xx_usart.o)
 .comment       0x0000006e       0x6f libstm32f4xxspd.a(misc.o)

.debug_info     0x00000000     0x8957
 .debug_info    0x00000000      0xc89 obj/code.o
 .debug_info    0x00000c89      0x3d8 obj/eecfg.o
 .debug_info    0x00001061      0x783 obj/motor_functions.o
 .debug_info    0x000017e4       0xd7 obj/pkg/mcu/st_stm32_stm32f4xx/src/startup_stm32f4xx_gnu.o
 .debug_info    0x000018bb      0x5c5 obj/pkg/mcu/st_stm32_stm32f4xx/src/system_stm32f4xx.o
 .debug_info    0x00001e80      0x15c libee.a(ee_hal_structs.o)
 .debug_info    0x00001fdc      0x23e libee.a(ee_utils.o)
 .debug_info    0x0000221a       0xd6 libee.a(ee_gnu_change_context_isr.o)
 .debug_info    0x000022f0       0xd1 libee.a(ee_gnu_multi_context.o)
 .debug_info    0x000023c1      0x3f7 libee.a(ee_altick.o)
 .debug_info    0x000027b8      0x2d1 libee.a(ee_alsetrel.o)
 .debug_info    0x00002a89      0x28b libee.a(ee_irqsc.o)
 .debug_info    0x00002d14      0x178 libee.a(ee_rqexchg.o)
 .debug_info    0x00002e8c      0x1b8 libee.a(ee_rqinsert.o)
 .debug_info    0x00003044      0x41f libee.a(ee_swait.o)
 .debug_info    0x00003463      0x356 libee.a(ee_spost.o)
 .debug_info    0x000037b9      0x21c libee.a(ee_context.o)
 .debug_info    0x000039d5      0x1d6 libee.a(ee_context.o)
 .debug_info    0x00003bab      0x2fb libee.a(ee_thendin.o)
 .debug_info    0x00003ea6      0x6dd libstm32f4discovery.a(stm32f4_discovery.o)
 .debug_info    0x00004583      0x357 libstm32f4xxspd.a(stm32f4xx_exti.o)
 .debug_info    0x000048da      0x61d libstm32f4xxspd.a(stm32f4xx_gpio.o)
 .debug_info    0x00004ef7      0xc63 libstm32f4xxspd.a(stm32f4xx_rcc.o)
 .debug_info    0x00005b5a      0x274 libstm32f4xxspd.a(stm32f4xx_syscfg.o)
 .debug_info    0x00005dce     0x1c69 libstm32f4xxspd.a(stm32f4xx_tim.o)
 .debug_info    0x00007a37      0x9ca libstm32f4xxspd.a(stm32f4xx_usart.o)
 .debug_info    0x00008401      0x556 libstm32f4xxspd.a(misc.o)

.debug_abbrev   0x00000000     0x2161
 .debug_abbrev  0x00000000      0x321 obj/code.o
 .debug_abbrev  0x00000321       0xf9 obj/eecfg.o
 .debug_abbrev  0x0000041a      0x173 obj/motor_functions.o
 .debug_abbrev  0x0000058d       0x12 obj/pkg/mcu/st_stm32_stm32f4xx/src/startup_stm32f4xx_gnu.o
 .debug_abbrev  0x0000059f      0x138 obj/pkg/mcu/st_stm32_stm32f4xx/src/system_stm32f4xx.o
 .debug_abbrev  0x000006d7       0x9b libee.a(ee_hal_structs.o)
 .debug_abbrev  0x00000772      0x15b libee.a(ee_utils.o)
 .debug_abbrev  0x000008cd       0x14 libee.a(ee_gnu_change_context_isr.o)
 .debug_abbrev  0x000008e1       0x14 libee.a(ee_gnu_multi_context.o)
 .debug_abbrev  0x000008f5      0x1c6 libee.a(ee_altick.o)
 .debug_abbrev  0x00000abb      0x168 libee.a(ee_alsetrel.o)
 .debug_abbrev  0x00000c23      0x139 libee.a(ee_irqsc.o)
 .debug_abbrev  0x00000d5c       0xb5 libee.a(ee_rqexchg.o)
 .debug_abbrev  0x00000e11       0xd8 libee.a(ee_rqinsert.o)
 .debug_abbrev  0x00000ee9      0x1a1 libee.a(ee_swait.o)
 .debug_abbrev  0x0000108a      0x187 libee.a(ee_spost.o)
 .debug_abbrev  0x00001211      0x122 libee.a(ee_context.o)
 .debug_abbrev  0x00001333       0xd4 libee.a(ee_context.o)
 .debug_abbrev  0x00001407      0x137 libee.a(ee_thendin.o)
 .debug_abbrev  0x0000153e      0x194 libstm32f4discovery.a(stm32f4_discovery.o)
 .debug_abbrev  0x000016d2      0x1a9 libstm32f4xxspd.a(stm32f4xx_exti.o)
 .debug_abbrev  0x0000187b      0x1a7 libstm32f4xxspd.a(stm32f4xx_gpio.o)
 .debug_abbrev  0x00001a22      0x1e5 libstm32f4xxspd.a(stm32f4xx_rcc.o)
 .debug_abbrev  0x00001c07      0x133 libstm32f4xxspd.a(stm32f4xx_syscfg.o)
 .debug_abbrev  0x00001d3a      0x189 libstm32f4xxspd.a(stm32f4xx_tim.o)
 .debug_abbrev  0x00001ec3      0x157 libstm32f4xxspd.a(stm32f4xx_usart.o)
 .debug_abbrev  0x0000201a      0x147 libstm32f4xxspd.a(misc.o)

.debug_aranges  0x00000000      0x370
 .debug_aranges
                0x00000000       0x20 obj/code.o
 .debug_aranges
                0x00000020       0x20 obj/eecfg.o
 .debug_aranges
                0x00000040       0x20 obj/motor_functions.o
 .debug_aranges
                0x00000060       0x30 obj/pkg/mcu/st_stm32_stm32f4xx/src/startup_stm32f4xx_gnu.o
 .debug_aranges
                0x00000090       0x20 obj/pkg/mcu/st_stm32_stm32f4xx/src/system_stm32f4xx.o
 .debug_aranges
                0x000000b0       0x20 libee.a(ee_hal_structs.o)
 .debug_aranges
                0x000000d0       0x20 libee.a(ee_utils.o)
 .debug_aranges
                0x000000f0       0x20 libee.a(ee_gnu_change_context_isr.o)
 .debug_aranges
                0x00000110       0x20 libee.a(ee_gnu_multi_context.o)
 .debug_aranges
                0x00000130       0x20 libee.a(ee_altick.o)
 .debug_aranges
                0x00000150       0x20 libee.a(ee_alsetrel.o)
 .debug_aranges
                0x00000170       0x20 libee.a(ee_irqsc.o)
 .debug_aranges
                0x00000190       0x20 libee.a(ee_rqexchg.o)
 .debug_aranges
                0x000001b0       0x20 libee.a(ee_rqinsert.o)
 .debug_aranges
                0x000001d0       0x20 libee.a(ee_swait.o)
 .debug_aranges
                0x000001f0       0x20 libee.a(ee_spost.o)
 .debug_aranges
                0x00000210       0x20 libee.a(ee_context.o)
 .debug_aranges
                0x00000230       0x20 libee.a(ee_context.o)
 .debug_aranges
                0x00000250       0x20 libee.a(ee_thendin.o)
 .debug_aranges
                0x00000270       0x20 libstm32f4discovery.a(stm32f4_discovery.o)
 .debug_aranges
                0x00000290       0x20 libstm32f4xxspd.a(stm32f4xx_exti.o)
 .debug_aranges
                0x000002b0       0x20 libstm32f4xxspd.a(stm32f4xx_gpio.o)
 .debug_aranges
                0x000002d0       0x20 libstm32f4xxspd.a(stm32f4xx_rcc.o)
 .debug_aranges
                0x000002f0       0x20 libstm32f4xxspd.a(stm32f4xx_syscfg.o)
 .debug_aranges
                0x00000310       0x20 libstm32f4xxspd.a(stm32f4xx_tim.o)
 .debug_aranges
                0x00000330       0x20 libstm32f4xxspd.a(stm32f4xx_usart.o)
 .debug_aranges
                0x00000350       0x20 libstm32f4xxspd.a(misc.o)

.debug_ranges   0x00000000       0x70
 .debug_ranges  0x00000000       0x18 obj/code.o
 .debug_ranges  0x00000018       0x28 obj/pkg/mcu/st_stm32_stm32f4xx/src/startup_stm32f4xx_gnu.o
 .debug_ranges  0x00000040       0x18 libee.a(ee_irqsc.o)
 .debug_ranges  0x00000058       0x18 libee.a(ee_thendin.o)

.debug_line     0x00000000     0x4ac3
 .debug_line    0x00000000      0x6e9 obj/code.o
 .debug_line    0x000006e9      0x19d obj/eecfg.o
 .debug_line    0x00000886      0x3dd obj/motor_functions.o
 .debug_line    0x00000c63       0xe6 obj/pkg/mcu/st_stm32_stm32f4xx/src/startup_stm32f4xx_gnu.o
 .debug_line    0x00000d49      0x27f obj/pkg/mcu/st_stm32_stm32f4xx/src/system_stm32f4xx.o
 .debug_line    0x00000fc8      0x1bf libee.a(ee_hal_structs.o)
 .debug_line    0x00001187      0x215 libee.a(ee_utils.o)
 .debug_line    0x0000139c       0xe4 libee.a(ee_gnu_change_context_isr.o)
 .debug_line    0x00001480       0xd3 libee.a(ee_gnu_multi_context.o)
 .debug_line    0x00001553      0x2c5 libee.a(ee_altick.o)
 .debug_line    0x00001818      0x27b libee.a(ee_alsetrel.o)
 .debug_line    0x00001a93      0x235 libee.a(ee_irqsc.o)
 .debug_line    0x00001cc8      0x1e9 libee.a(ee_rqexchg.o)
 .debug_line    0x00001eb1      0x1f7 libee.a(ee_rqinsert.o)
 .debug_line    0x000020a8      0x2f5 libee.a(ee_swait.o)
 .debug_line    0x0000239d      0x2b3 libee.a(ee_spost.o)
 .debug_line    0x00002650      0x213 libee.a(ee_context.o)
 .debug_line    0x00002863      0x201 libee.a(ee_context.o)
 .debug_line    0x00002a64      0x26d libee.a(ee_thendin.o)
 .debug_line    0x00002cd1      0x35e libstm32f4discovery.a(stm32f4_discovery.o)
 .debug_line    0x0000302f      0x300 libstm32f4xxspd.a(stm32f4xx_exti.o)
 .debug_line    0x0000332f      0x36d libstm32f4xxspd.a(stm32f4xx_gpio.o)
 .debug_line    0x0000369c      0x431 libstm32f4xxspd.a(stm32f4xx_rcc.o)
 .debug_line    0x00003acd      0x251 libstm32f4xxspd.a(stm32f4xx_syscfg.o)
 .debug_line    0x00003d1e      0x6d6 libstm32f4xxspd.a(stm32f4xx_tim.o)
 .debug_line    0x000043f4      0x40b libstm32f4xxspd.a(stm32f4xx_usart.o)
 .debug_line    0x000047ff      0x2c4 libstm32f4xxspd.a(misc.o)

.debug_str      0x00000000     0x3765
 .debug_str     0x00000000      0xdee obj/code.o
                                0xe8e (size before relaxing)
 .debug_str     0x00000dee      0x184 obj/eecfg.o
                                0x373 (size before relaxing)
 .debug_str     0x00000f72      0x30b obj/motor_functions.o
                                0x6be (size before relaxing)
 .debug_str     0x0000127d      0x201 obj/pkg/mcu/st_stm32_stm32f4xx/src/system_stm32f4xx.o
                                0x3d8 (size before relaxing)
 .debug_str     0x0000147e       0x65 libee.a(ee_hal_structs.o)
                                0x221 (size before relaxing)
 .debug_str     0x000014e3       0xd1 libee.a(ee_utils.o)
                                0x293 (size before relaxing)
 .debug_str     0x000015b4      0x109 libee.a(ee_altick.o)
                                0x3bf (size before relaxing)
 .debug_str     0x000016bd       0x7a libee.a(ee_alsetrel.o)
                                0x30f (size before relaxing)
 .debug_str     0x00001737       0xc3 libee.a(ee_irqsc.o)
                                0x2c5 (size before relaxing)
 .debug_str     0x000017fa       0x78 libee.a(ee_rqexchg.o)
                                0x234 (size before relaxing)
 .debug_str     0x00001872       0x6e libee.a(ee_rqinsert.o)
                                0x240 (size before relaxing)
 .debug_str     0x000018e0       0xb8 libee.a(ee_swait.o)
                                0x375 (size before relaxing)
 .debug_str     0x00001998       0x95 libee.a(ee_spost.o)
                                0x355 (size before relaxing)
 .debug_str     0x00001a2d       0x99 libee.a(ee_context.o)
                                0x2ae (size before relaxing)
 .debug_str     0x00001ac6       0x8c libee.a(ee_context.o)
                                0x28f (size before relaxing)
 .debug_str     0x00001b52       0x77 libee.a(ee_thendin.o)
                                0x2ed (size before relaxing)