Archive member included to satisfy reference by file (symbol)

libee.a(ee_hal_structs.o)     obj/code.o (EE_IRQ_nesting_level)
libee.a(ee_utils.o)           obj/code.o (EE_system_init)
libee.a(ee_gnu_change_context_isr.o)
                              obj/code.o (EE_switch_context)
libee.a(ee_gnu_multi_context.o)
                              libee.a(ee_gnu_change_context_isr.o) (EE_cortex_mx_change_context)
libee.a(ee_altick.o)          obj/code.o (EE_alarm_CounterTick)
libee.a(ee_alsetrel.o)        obj/code.o (EE_alarm_SetRelAlarm)
libee.a(ee_irqsc.o)           libee.a(ee_gnu_change_context_isr.o) (EE_IRQ_end_instance)
libee.a(ee_rqexchg.o)         libee.a(ee_irqsc.o) (EE_rq2stk_exchange)
libee.a(ee_rqinsert.o)        libee.a(ee_altick.o) (EE_rq_insert)
libee.a(ee_swait.o)           obj/code.o (EE_sem_WaitSem)
libee.a(ee_spost.o)           obj/code.o (EE_sem_PostSem)
libee.a(ee_context.o)         libee.a(ee_gnu_multi_context.o) (EE_std_run_task_code)
libee.a(ee_context.o)         libee.a(ee_gnu_change_context_isr.o) (EE_std_need_context_change)
libee.a(ee_thendin.o)         libee.a(ee_context.o) (EE_thread_end_instance)
libstm32f4discovery.a(stm32f4_discovery.o)
                              obj/code.o (STM_EVAL_COMInit)
libstm32f4xxspd.a(stm32f4xx_exti.o)
                              obj/code.o (EXTI_Init)
libstm32f4xxspd.a(stm32f4xx_gpio.o)
                              obj/code.o (GPIO_Init)
libstm32f4xxspd.a(stm32f4xx_rcc.o)
                              obj/motor_functions.o (RCC_AHB1PeriphClockCmd)
libstm32f4xxspd.a(stm32f4xx_syscfg.o)
                              obj/code.o (SYSCFG_EXTILineConfig)
libstm32f4xxspd.a(stm32f4xx_tim.o)
                              obj/motor_functions.o (TIM_TimeBaseInit)
libstm32f4xxspd.a(stm32f4xx_usart.o)
                              libstm32f4discovery.a(stm32f4_discovery.o) (USART_Init)
libstm32f4xxspd.a(misc.o)     obj/code.o (NVIC_Init)
c:/progra~2/gnutoo~1/50a5a~1.420/bin/../lib/gcc/arm-none-eabi/5.4.1/armv7e-m\libgcc.a(_arm_addsubdf3.o)
                              obj/code.o (__aeabi_dsub)
c:/progra~2/gnutoo~1/50a5a~1.420/bin/../lib/gcc/arm-none-eabi/5.4.1/armv7e-m\libgcc.a(_arm_cmpdf2.o)
                              obj/code.o (__aeabi_dcmpeq)
C:\PROGRA~2\GNUTOO~1\50A5A~1.420\arm-none-eabi\lib\thumb\libc.a(lib_a-exit.o)
                              c:/progra~2/gnutoo~1/50a5a~1.420/bin/../lib/gcc/arm-none-eabi/5.4.1/../../../../arm-none-eabi/lib/armv7e-m/crt0.o (exit)
C:\PROGRA~2\GNUTOO~1\50A5A~1.420\arm-none-eabi\lib\thumb\libc.a(lib_a-impure.o)
                              C:\PROGRA~2\GNUTOO~1\50A5A~1.420\arm-none-eabi\lib\thumb\libc.a(lib_a-exit.o) (_global_impure_ptr)
C:\PROGRA~2\GNUTOO~1\50A5A~1.420\arm-none-eabi\lib\thumb\libc.a(lib_a-init.o)
                              c:/progra~2/gnutoo~1/50a5a~1.420/bin/../lib/gcc/arm-none-eabi/5.4.1/../../../../arm-none-eabi/lib/armv7e-m/crt0.o (__libc_init_array)
C:\PROGRA~2\GNUTOO~1\50A5A~1.420\arm-none-eabi\lib\thumb\libc.a(lib_a-memset.o)
                              c:/progra~2/gnutoo~1/50a5a~1.420/bin/../lib/gcc/arm-none-eabi/5.4.1/../../../../arm-none-eabi/lib/armv7e-m/crt0.o (memset)
C:\PROGRA~2\GNUTOO~1\50A5A~1.420\arm-none-eabi\lib\thumb\libc.a(lib_a-sprintf.o)
                              obj/code.o (sprintf)
C:\PROGRA~2\GNUTOO~1\50A5A~1.420\arm-none-eabi\lib\thumb\libc.a(lib_a-svfprintf.o)
                              C:\PROGRA~2\GNUTOO~1\50A5A~1.420\arm-none-eabi\lib\thumb\libc.a(lib_a-sprintf.o) (_svfprintf_r)
C:\PROGRA~2\GNUTOO~1\50A5A~1.420\arm-none-eabi\lib\thumb\libc.a(lib_a-__call_atexit.o)
                              C:\PROGRA~2\GNUTOO~1\50A5A~1.420\arm-none-eabi\lib\thumb\libc.a(lib_a-exit.o) (__call_exitprocs)
C:\PROGRA~2\GNUTOO~1\50A5A~1.420\arm-none-eabi\lib\thumb\libc.a(lib_a-atexit.o)
                              C:\PROGRA~2\GNUTOO~1\50A5A~1.420\arm-none-eabi\lib\thumb\libc.a(lib_a-__call_atexit.o) (atexit)
C:\PROGRA~2\GNUTOO~1\50A5A~1.420\arm-none-eabi\lib\thumb\libc.a(lib_a-dtoa.o)
                              C:\PROGRA~2\GNUTOO~1\50A5A~1.420\arm-none-eabi\lib\thumb\libc.a(lib_a-svfprintf.o) (_dtoa_r)
C:\PROGRA~2\GNUTOO~1\50A5A~1.420\arm-none-eabi\lib\thumb\libc.a(lib_a-fini.o)
                              C:\PROGRA~2\GNUTOO~1\50A5A~1.420\arm-none-eabi\lib\thumb\libc.a(lib_a-__call_atexit.o) (__libc_fini_array)
C:\PROGRA~2\GNUTOO~1\50A5A~1.420\arm-none-eabi\lib\thumb\libc.a(lib_a-localeconv.o)
                              C:\PROGRA~2\GNUTOO~1\50A5A~1.420\arm-none-eabi\lib\thumb\libc.a(lib_a-svfprintf.o) (_localeconv_r)
C:\PROGRA~2\GNUTOO~1\50A5A~1.420\arm-none-eabi\lib\thumb\libc.a(lib_a-mallocr.o)
                              C:\PROGRA~2\GNUTOO~1\50A5A~1.420\arm-none-eabi\lib\thumb\libc.a(lib_a-svfprintf.o) (_malloc_r)
C:\PROGRA~2\GNUTOO~1\50A5A~1.420\arm-none-eabi\lib\thumb\libc.a(lib_a-memchr-stub.o)
                              C:\PROGRA~2\GNUTOO~1\50A5A~1.420\arm-none-eabi\lib\thumb\libc.a(lib_a-svfprintf.o) (memchr)
[...]
Memory Configuration

Name             Origin             Length             Attributes
FLASH            0x08000000         0x00100000         xr
RAM              0x20000000         0x00020000         xrw
CCM              0x10000000         0x00010000         xrw
MEMORY_B1        0x60000000         0x00000000         xr
*default*        0x00000000         0xffffffff

Linker script and memory map

LOAD c:/progra~2/gnutoo~1/50a5a~1.420/bin/../lib/gcc/arm-none-eabi/5.4.1/armv7e-m/crti.o
LOAD c:/progra~2/gnutoo~1/50a5a~1.420/bin/../lib/gcc/arm-none-eabi/5.4.1/armv7e-m/crtbegin.o
LOAD c:/progra~2/gnutoo~1/50a5a~1.420/bin/../lib/gcc/arm-none-eabi/5.4.1/../../../../arm-none-eabi/lib/armv7e-m/crt0.o
LOAD obj/code.o
LOAD obj/eecfg.o
LOAD obj/motor_functions.o
LOAD obj/pkg/mcu/st_stm32_stm32f4xx/src/startup_stm32f4xx_gnu.o
LOAD obj/pkg/mcu/st_stm32_stm32f4xx/src/system_stm32f4xx.o
LOAD libee.a
LOAD libstm32f4discovery.a
LOAD libstm32f4xxspd.a
START GROUP
LOAD c:/progra~2/gnutoo~1/50a5a~1.420/bin/../lib/gcc/arm-none-eabi/5.4.1/armv7e-m\libgcc.a
LOAD C:\PROGRA~2\GNUTOO~1\50A5A~1.420\arm-none-eabi\lib\thumb\libc.a
LOAD C:\PROGRA~2\GNUTOO~1\50A5A~1.420\arm-none-eabi\lib\thumb\libm.a
LOAD C:\PROGRA~2\GNUTOO~1\50A5A~1.420\arm-none-eabi\lib\thumb\libnosys.a
END GROUP

.text           0x08000000     0xc6d4
 *(.isr_vector)
 .isr_vector    0x08000000      0x188 obj/pkg/mcu/st_stm32_stm32f4xx/src/startup_stm32f4xx_gnu.o
                0x08000000                __isr_vector
 *(.text*)
 .text          0x08000188        0x0 c:/progra~2/gnutoo~1/50a5a~1.420/bin/../lib/gcc/arm-none-eabi/5.4.1/armv7e-m/crti.o
 .text          0x08000188       0x5c c:/progra~2/gnutoo~1/50a5a~1.420/bin/../lib/gcc/arm-none-eabi/5.4.1/armv7e-m/crtbegin.o
 .text          0x080001e4       0x74 c:/progra~2/gnutoo~1/50a5a~1.420/bin/../lib/gcc/arm-none-eabi/5.4.1/../../../../arm-none-eabi/lib/armv7e-m/crt0.o
                0x080001e4                _start
                0x080001e4                _mainCRTStartup
 .text          0x08000258      0xc78 obj/code.o
                0x0800028c                console_out
                0x080002dc                InitLineSensor
                0x0800046c                my_get_systime
                0x08000484                InitDataStruct
                0x080004c0                read_task_init
                0x080005e0                EXTI1_IRQHandler
                0x08000620                EXTI3_IRQHandler
                0x08000660                EXTI4_IRQHandler
                0x080006a0                EXTI9_5_IRQHandler
                0x0800073c                EXTI15_10_IRQHandler
                0x080007b0                systick_handler
                0x0800086c                ISR2_systick_handler
                0x0800087c                my_system_time
                0x080008dc                FuncCheckRead
                0x08000c8c                FuncTaskMotorControl
                0x08000d8c                main
 .text          0x08000ed0       0x34 obj/eecfg.o
 .text          0x08000f04      0x28c obj/motor_functions.o
                0x08000f38                breakleft
                0x08000f50                folleleft
                0x08000f68                forwardleft
                0x08000f88                backwardleft
                0x08000fa8                breakright
                0x08000fc0                folleright
                0x08000fd8                forwardright
                0x08000ff8                backwardright
                0x08001018                EnableMotors
                0x08001030                DisableMotors
                0x08001048                InitMotors
                0x08001088                PWM_Config_and_En
 .text          0x08001190        0x0 obj/pkg/mcu/st_stm32_stm32f4xx/src/startup_stm32f4xx_gnu.o
 .text.EE_cortex_mx_default_reset_ISR
                0x08001190       0x40 obj/pkg/mcu/st_stm32_stm32f4xx/src/startup_stm32f4xx_gnu.o
                0x08001190                EE_cortex_mx_default_reset_ISR
 .text.EE_cortex_mx_default_ISR
                0x080011d0        0x4 obj/pkg/mcu/st_stm32_stm32f4xx/src/startup_stm32f4xx_gnu.o
                0x080011d0                EE_CORTEX_MX_DMA1_STREAM4_ISR
                0x080011d0                EE_CORTEX_MX_USART6_ISR
                0x080011d0                EE_CORTEX_MX_DMA1_STREAM6_ISR
                0x080011d0                EE_CORTEX_MX_CRYP_ISR
                0x080011d0                EE_CORTEX_MX_DMA1_STREAM5_ISR
                0x080011d0                EE_CORTEX_MX_BUS_FAULT_ISR
                0x080011d0                EE_CORTEX_MX_PVD_ISR
                0x080011d0                EE_CORTEX_MX_SPI2_ISR
                0x080011d0                EE_CORTEX_MX_CAN1_RX1_ISR
                0x080011d0                EE_CORTEX_MX_DMA2_STREAM5_ISR
                0x080011d0                EE_CORTEX_MX_TIM6_DAC_ISR
                0x080011d0                EE_CORTEX_MX_I2C2_EV_ISR
                0x080011d0                EE_CORTEX_MX_TIM1_UP_TIM10_ISR
                0x080011d0                EE_CORTEX_MX_CAN1_RX0_ISR
                0x080011d0                EE_CORTEX_MX_USART1_ISR
                0x080011d0                EE_CORTEX_MX_TIM8_CC_ISR
                0x080011d0                EE_CORTEX_MX_RTC_Alarm_ISR
                0x080011d0                EE_CORTEX_MX_EXTI2_ISR
                0x080011d0                EE_CORTEX_MX_OTG_HS_ISR
                0x080011d0                EE_CORTEX_MX_DCMI_ISR
                0x080011d0                EE_CORTEX_MX_DMA2_STREAM0_ISR
                0x080011d0                EE_CORTEX_MX_SPI1_ISR
                0x080011d0                EE_cortex_mx_default_ISR
                0x080011d0                EE_CORTEX_MX_ETH_WKUP_ISR
                0x080011d0                EE_CORTEX_MX_TIM8_TRG_COM_TIM14_ISR
                0x080011d0                EE_CORTEX_MX_USAGE_FAULT_ISR
                0x080011d0                EE_CORTEX_MX_TIM7_ISR
                0x080011d0                EE_CORTEX_MX_TIM2_ISR
                0x080011d0                EE_CORTEX_MX_I2C1_EV_ISR
                0x080011d0                EE_CORTEX_MX_TIM1_TRG_COM_TIM11_ISR
                0x080011d0                EE_CORTEX_MX_UART5_ISR
                0x080011d0                EE_CORTEX_MX_UART4_ISR
                0x080011d0                EE_CORTEX_MX_NMI_ISR
                0x080011d0                EE_CORTEX_MX_TIM3_ISR
                0x080011d0                EE_CORTEX_MX_USART3_ISR
                0x080011d0                EE_CORTEX_MX_DMA2_STREAM4_ISR
                0x080011d0                EE_CORTEX_MX_ADC_ISR
                0x080011d0                EE_CORTEX_MX_OTG_HS_EP1_IN_ISR
                0x080011d0                EE_CORTEX_MX_DMA2_STREAM1_ISR
                0x080011d0                EE_CORTEX_MX_CAN1_TX_ISR
                0x080011d0                EE_CORTEX_MX_USART2_ISR
                0x080011d0                EE_CORTEX_MX_SDIO_ISR
                0x080011d0                EE_CORTEX_MX_I2C2_ER_ISR
                0x080011d0                EE_CORTEX_MX_I2C3_EV_ISR
                0x080011d0                EE_CORTEX_MX_HARD_FAULT_ISR
                0x080011d0                EE_CORTEX_MX_DMA1_STREAM3_ISR
                0x080011d0                EE_CORTEX_MX_OTG_HS_EP1_OUT_ISR
                0x080011d0                EE_CORTEX_MX_TIM8_BRK_TIM12_ISR
                0x080011d0                EE_CORTEX_MX_CAN1_SCE_ISR
                0x080011d0                EE_CORTEX_MX_DMA1_STREAM1_ISR
                0x080011d0                EE_CORTEX_MX_TIM4_ISR
                0x080011d0                EE_CORTEX_MX_DMA2_STREAM3_ISR
                0x080011d0                EE_CORTEX_MX_ETH_ISR
                0x080011d0                EE_CORTEX_MX_OTG_FS_ISR
                0x080011d0                EE_CORTEX_MX_CAN2_RX0_ISR
                0x080011d0                EE_CORTEX_MX_CAN2_SCE_ISR
                0x080011d0                EE_CORTEX_MX_FPU_ISR
                0x080011d0                EE_CORTEX_MX_RTC_WKUP_ISR
                0x080011d0                EE_CORTEX_MX_TIM8_UP_TIM13_ISR
                0x080011d0                EE_CORTEX_MX_OTG_FS_WKUP_ISR
                0x080011d0                EE_CORTEX_MX_DMA1_STREAM2_ISR
                0x080011d0                EE_CORTEX_MX_EXTI0_ISR
                0x080011d0                EE_CORTEX_MX_I2C1_ER_ISR
                0x080011d0                EE_CORTEX_MX_FLASH_ISR
                0x080011d0                EE_CORTEX_MX_OTG_HS_WKUP_ISR
                0x080011d0                EE_CORTEX_MX_TIM1_BRK_TIM9_ISR
                0x080011d0                EE_CORTEX_MX_I2C3_ER_ISR
                0x080011d0                EE_CORTEX_MX_TIM1_CC_ISR
                0x080011d0                EE_CORTEX_MX_SPI3_ISR
                0x080011d0                EE_CORTEX_MX_CAN2_TX_ISR
                0x080011d0                EE_CORTEX_MX_RCC_ISR
                0x080011d0                EE_CORTEX_MX_FSMC_ISR
                0x080011d0                EE_CORTEX_MX_DMA2_STREAM2_ISR
                0x080011d0                EE_CORTEX_MX_DMA2_STREAM7_ISR
                0x080011d0                EE_CORTEX_MX_DEBUG_MONITOR_ISR
                0x080011d0                EE_CORTEX_MX_WWDG_ISR
                0x080011d0                EE_CORTEX_MX_MPU_FAULT_ISR
                0x080011d0                EE_CORTEX_MX_HASH_RNG_ISR
                0x080011d0                EE_CORTEX_MX_DMA2_STREAM6_ISR
                0x080011d0                EE_CORTEX_MX_TIM5_ISR
                0x080011d0                EE_CORTEX_MX_DMA1_STREAM0_ISR
                0x080011d0                EE_CORTEX_MX_TAMP_STAMP_ISR
                0x080011d0                EE_CORTEX_MX_CAN2_RX1_ISR
                0x080011d0                EE_CORTEX_MX_DMA1_Stream7_ISR
 .text._exit    0x080011d4        0x6 obj/pkg/mcu/st_stm32_stm32f4xx/src/startup_stm32f4xx_gnu.o
                0x080011d4                _exit
 *fill*         0x080011da        0x2 
 .text          0x080011dc      0x248 obj/pkg/mcu/st_stm32_stm32f4xx/src/system_stm32f4xx.o
                0x080011dc                SystemInit
                0x08001238                SystemCoreClockUpdate
 .text          0x08001424       0x34 libee.a(ee_hal_structs.o)
 .text          0x08001458      0x13c libee.a(ee_utils.o)
                0x0800148c                EE_system_init
 .text          0x08001594       0x7c libee.a(ee_gnu_change_context_isr.o)
                0x08001594                EE_set_switch_context_pri
                0x080015ae                EE_switch_context
                0x080015b8                EE_cortex_mx_pendsv_ISR
                0x080015f4                EE_cortex_mx_svc_ISR
 .text          0x08001610       0x68 libee.a(ee_gnu_multi_context.o)
                0x08001610                EE_cortex_mx_change_context
 .text          0x08001678      0x2cc libee.a(ee_altick.o)
                0x080016ac                EE_alarm_insert
                0x080017f0                EE_alarm_CounterTick
 .text          0x08001944       0x80 libee.a(ee_alsetrel.o)
                0x08001978                EE_alarm_SetRelAlarm
 .text          0x080019c4       0xd4 libee.a(ee_irqsc.o)
                0x080019f8                EE_IRQ_end_instance
 .text          0x08001a98       0x78 libee.a(ee_rqexchg.o)
                0x08001acc                EE_rq2stk_exchange
 .text          0x08001b10       0xb4 libee.a(ee_rqinsert.o)
                0x08001b44                EE_rq_insert
 .text          0x08001bc4      0x174 libee.a(ee_swait.o)
                0x08001bf8                EE_sem_WaitSem
 .text          0x08001d38      0x11c libee.a(ee_spost.o)
                0x08001d6c                EE_sem_PostSem
 .text          0x08001e54       0x70 libee.a(ee_context.o)
                0x08001e88                EE_std_run_task_code
 .text          0x08001ec4       0x7c libee.a(ee_context.o)
                0x08001ef8                EE_std_need_context_change
 .text          0x08001f40      0x140 libee.a(ee_thendin.o)
                0x08001f74                EE_thread_end_instance
 .text          0x08002080      0x218 libstm32f4discovery.a(stm32f4_discovery.o)
                0x08002080                STM_EVAL_LEDInit
                0x080020dc                STM_EVAL_LEDOn
                0x0800210c                STM_EVAL_LEDOff
                0x0800213c                STM_EVAL_LEDToggle
                0x08002178                STM_EVAL_COMInit
 .text          0x08002298      0x21c libstm32f4xxspd.a(stm32f4xx_exti.o)
                0x08002298                EXTI_DeInit
                0x080022cc                EXTI_Init
                0x080023b0                EXTI_StructInit
                0x080023dc                EXTI_GenerateSWInterrupt
                0x08002400                EXTI_GetFlagStatus
                0x08002434                EXTI_ClearFlag
                0x08002450                EXTI_GetITStatus
                0x08002498                EXTI_ClearITPendingBit
 .text          0x080024b4      0x484 libstm32f4xxspd.a(stm32f4xx_gpio.o)
                0x080024b4                GPIO_DeInit
                0x080025d4                GPIO_Init
                0x080026f0                GPIO_StructInit
                0x08002724                GPIO_PinLockConfig
                0x08002768                GPIO_ReadInputDataBit
                0x0800279c                GPIO_ReadInputData
                0x080027b4                GPIO_ReadOutputDataBit
                0x080027e8                GPIO_ReadOutputData
                0x08002800                GPIO_SetBits
                0x0800281c                GPIO_ResetBits
                0x08002838                GPIO_WriteBit
                0x08002868                GPIO_Write
                0x08002884                GPIO_ToggleBits
                0x080028a8                GPIO_PinAFConfig
 .text          0x08002938      0xa78 libstm32f4xxspd.a(stm32f4xx_rcc.o)
                0x08002938                RCC_DeInit
                0x08002988                RCC_HSEConfig
                0x080029ac                RCC_WaitForHSEStartUp
                0x080029fc                RCC_AdjustHSICalibrationValue
                0x08002a38                RCC_HSICmd
                0x08002a58                RCC_LSEConfig
                0x08002a98                RCC_LSICmd
                0x08002ab8                RCC_PLLConfig
                0x08002af4                RCC_PLLCmd
                0x08002b14                RCC_PLLI2SConfig
                0x08002b3c                RCC_PLLI2SCmd
                0x08002b5c                RCC_ClockSecuritySystemCmd
                0x08002b7c                RCC_MCO1Config
                0x08002bb8                RCC_MCO2Config
                0x08002bf4                RCC_SYSCLKConfig
                0x08002c2c                RCC_GetSYSCLKSource
                0x08002c48                RCC_HCLKConfig
                0x08002c80                RCC_PCLK1Config
                0x08002cb8                RCC_PCLK2Config
                0x08002cf0                RCC_GetClocksFreq
                0x08002e44                RCC_RTCCLKConfig
                0x08002ea0                RCC_RTCCLKCmd
                0x08002ec0                RCC_BackupResetCmd
                0x08002ee0                RCC_I2SCLKConfig
                0x08002efc                RCC_AHB1PeriphClockCmd
                0x08002f38                RCC_AHB2PeriphClockCmd
                0x08002f74                RCC_AHB3PeriphClockCmd
                0x08002fb0                RCC_APB1PeriphClockCmd
                0x08002fec                RCC_APB2PeriphClockCmd
                0x08003028                RCC_AHB1PeriphResetCmd
                0x08003064                RCC_AHB2PeriphResetCmd
                0x080030a0                RCC_AHB3PeriphResetCmd
                0x080030dc                RCC_APB1PeriphResetCmd
                0x08003118                RCC_APB2PeriphResetCmd
                0x08003154                RCC_AHB1PeriphClockLPModeCmd
                0x08003190                RCC_AHB2PeriphClockLPModeCmd
                0x080031cc                RCC_AHB3PeriphClockLPModeCmd
                0x08003208                RCC_APB1PeriphClockLPModeCmd
                0x08003244                RCC_APB2PeriphClockLPModeCmd
                0x08003280                RCC_ITConfig
                0x080032cc                RCC_GetFlagStatus
                0x08003340                RCC_ClearFlag
                0x0800335c                RCC_GetITStatus
                0x08003390                RCC_ClearITPendingBit
 .text          0x080033b0      0x12c libstm32f4xxspd.a(stm32f4xx_syscfg.o)
                0x080033b0                SYSCFG_DeInit
                0x080033cc                SYSCFG_MemoryRemapConfig
                0x080033ec                SYSCFG_EXTILineConfig
                0x08003470                SYSCFG_ETH_MediaInterfaceConfig
                0x0800348c                SYSCFG_CompensationCellCmd
                0x080034ac                SYSCFG_GetCompensationCellStatus
 .text          0x080034dc     0x1bf8 libstm32f4xxspd.a(stm32f4xx_tim.o)
                0x080034dc                TIM_DeInit
                0x0800369c                TIM_TimeBaseInit
                0x08003770                TIM_TimeBaseStructInit
                0x080037a4                TIM_PrescalerConfig
                0x080037cc                TIM_CounterModeConfig
                0x08003804                TIM_SetCounter
                0x08003820                TIM_SetAutoreload
                0x0800383c                TIM_GetCounter
                0x08003854                TIM_GetPrescaler
                0x0800386c                TIM_UpdateDisableConfig
                0x080038ac                TIM_UpdateRequestConfig
                0x080038ec                TIM_ARRPreloadConfig
                0x0800392c                TIM_SelectOnePulseMode
                0x08003964                TIM_SetClockDivision
                0x0800399c                TIM_Cmd
                0x080039dc                TIM_OC1Init
                0x08003ad0                TIM_OC2Init
                0x08003be0                TIM_OC3Init
                0x08003cec                TIM_OC4Init
                0x08003db8                TIM_OCStructInit
                0x08003dfc                TIM_SelectOCxM
                0x08003eac                TIM_SetCompare1
                0x08003ec8                TIM_SetCompare2
                0x08003ee4                TIM_SetCompare3
                0x08003f00                TIM_SetCompare4
                0x08003f1c                TIM_ForcedOC1Config
                0x08003f54                TIM_ForcedOC2Config
                0x08003f90                TIM_ForcedOC3Config
                0x08003fc8                TIM_ForcedOC4Config
                0x08004004                TIM_OC1PreloadConfig
                0x0800403c                TIM_OC2PreloadConfig
                0x08004078                TIM_OC3PreloadConfig
                0x080040b0                TIM_OC4PreloadConfig
                0x080040ec                TIM_OC1FastConfig
                0x08004124                TIM_OC2FastConfig
                0x08004160                TIM_OC3FastConfig
                0x08004198                TIM_OC4FastConfig
                0x080041d4                TIM_ClearOC1Ref
                0x0800420c                TIM_ClearOC2Ref
                0x08004248                TIM_ClearOC3Ref
                0x08004280                TIM_ClearOC4Ref
                0x080042bc                TIM_OC1PolarityConfig
                0x080042f4                TIM_OC1NPolarityConfig
                0x0800432c                TIM_OC2PolarityConfig
                0x08004368                TIM_OC2NPolarityConfig
                0x080043a4                TIM_OC3PolarityConfig
                0x080043e0                TIM_OC3NPolarityConfig
                0x0800441c                TIM_OC4PolarityConfig
                0x08004458                TIM_CCxCmd
                0x080044ac                TIM_CCxNCmd
                0x08004500                TIM_ICInit
                0x080045a8                TIM_ICStructInit
                0x080045d8                TIM_PWMIConfig
                0x08004690                TIM_GetCapture1
                0x080046a8                TIM_GetCapture2
                0x080046c0                TIM_GetCapture3
                0x080046d8                TIM_GetCapture4
                0x080046f0                TIM_SetIC1Prescaler
                0x08004728                TIM_SetIC2Prescaler
                0x08004764                TIM_SetIC3Prescaler
                0x0800479c                TIM_SetIC4Prescaler
                0x080047d8                TIM_BDTRConfig
                0x08004828                TIM_BDTRStructInit
                0x08004864                TIM_CtrlPWMOutputs
                0x080048b0                TIM_SelectCOM
                0x080048f0                TIM_CCPreloadControl
                0x08004930                TIM_ITConfig
                0x08004978                TIM_GenerateEvent
                0x08004994                TIM_GetFlagStatus
                0x080049cc                TIM_ClearFlag
                0x080049ec                TIM_GetITStatus
                0x08004a40                TIM_ClearITPendingBit
                0x08004a60                TIM_DMAConfig
                0x08004a88                TIM_DMACmd
                0x08004ad0                TIM_SelectCCDMA
                0x08004b10                TIM_InternalClockConfig
                0x08004b34                TIM_ITRxExternalClockConfig
                0x08004b64                TIM_TIxExternalClockConfig
                0x08004bc0                TIM_ETRClockMode1Config
                0x08004c20                TIM_ETRClockMode2Config
                0x08004c60                TIM_SelectInputTrigger
                0x08004c98                TIM_SelectOutputTrigger
                0x08004cd0                TIM_SelectSlaveMode
                0x08004d08                TIM_SelectMasterSlaveMode
                0x08004d40                TIM_ETRConfig
                0x08004d94                TIM_EncoderInterfaceConfig
                0x08004e2c                TIM_SelectHallSensor
                0x08004e6c                TIM_RemapConfig
 .text          0x080050d4      0x91c libstm32f4xxspd.a(stm32f4xx_usart.o)
                0x080050d4                USART_DeInit
                0x080051a8                USART_Init
                0x0800531c                USART_StructInit
                0x08005354                USART_ClockInit
                0x080053a8                USART_ClockStructInit
                0x080053d4                USART_Cmd
                0x08005414                USART_SetPrescaler
                0x0800544c                USART_OverSampling8Cmd
                0x08005490                USART_OneBitMethodCmd
                0x080054d0                USART_SendData
                0x080054f4                USART_ReceiveData
                0x08005514                USART_SetAddress
                0x0800554c                USART_ReceiverWakeUpCmd
                0x0800558c                USART_WakeUpConfig
                0x080055c4                USART_LINBreakDetectLengthConfig
                0x080055fc                USART_LINCmd
                0x0800563c                USART_SendBreak
                0x08005660                USART_HalfDuplexCmd
                0x080056a0                USART_SetGuardTime
                0x080056dc                USART_SmartCardCmd
                0x0800571c                USART_SmartCardNACKCmd
                0x0800575c                USART_IrDAConfig
                0x08005794                USART_IrDACmd
                0x080057d4                USART_DMACmd
                0x0800581c                USART_ITConfig
                0x080058ac                USART_GetFlagStatus
                0x080058e4                USART_ClearFlag
                0x08005904                USART_GetITStatus
                0x080059b8                USART_ClearITPendingBit
 .text          0x080059f0      0x188 libstm32f4xxspd.a(misc.o)
                0x080059f0                NVIC_PriorityGroupConfig
                0x08005a14                NVIC_Init
                0x08005ad4                NVIC_SetVectorTable
                0x08005b00                NVIC_SystemLPConfig
                0x08005b40                SysTick_CLKSourceConfig
 .text          0x08005b78      0x370 c:/progra~2/gnutoo~1/50a5a~1.420/bin/../lib/gcc/arm-none-eabi/5.4.1/armv7e-m\libgcc.a(_arm_addsubdf3.o)
                0x08005b78                __aeabi_drsub
                0x08005b80                __aeabi_dsub
                0x08005b80                __subdf3
                0x08005b84                __aeabi_dadd
                0x08005b84                __adddf3
                0x08005dfc                __floatunsidf
                0x08005dfc                __aeabi_ui2d
                0x08005e1c                __floatsidf
                0x08005e1c                __aeabi_i2d
                0x08005e40                __aeabi_f2d
                0x08005e40                __extendsfdf2
                0x08005e7c                __floatundidf
                0x08005e7c                __aeabi_ul2d
                0x08005e8c                __floatdidf
                0x08005e8c                __aeabi_l2d
 .text          0x08005ee8      0x110 c:/progra~2/gnutoo~1/50a5a~1.420/bin/../lib/gcc/arm-none-eabi/5.4.1/armv7e-m\libgcc.a(_arm_cmpdf2.o)
                0x08005ee8                __gtdf2
                0x08005ee8                __gedf2
                0x08005ef0                __ltdf2
                0x08005ef0                __ledf2
                0x08005ef8                __nedf2
                0x08005ef8                __eqdf2
                0x08005ef8                __cmpdf2
                0x08005f74                __aeabi_cdrcmple
                0x08005f84                __aeabi_cdcmpeq
                0x08005f84                __aeabi_cdcmple
                0x08005f94                __aeabi_dcmpeq
                0x08005fa8                __aeabi_dcmplt
                0x08005fbc                __aeabi_dcmple
                0x08005fd0                __aeabi_dcmpge
                0x08005fe4                __aeabi_dcmpgt
 .text          0x08005ff8        0x0 C:\PROGRA~2\GNUTOO~1\50A5A~1.420\arm-none-eabi\lib\thumb\libc.a(lib_a-exit.o)
 .text.exit     0x08005ff8       0x28 C:\PROGRA~2\GNUTOO~1\50A5A~1.420\arm-none-eabi\lib\thumb\libc.a(lib_a-exit.o)
                0x08005ff8                exit
 .text          0x08006020        0x0 C:\PROGRA~2\GNUTOO~1\50A5A~1.420\arm-none-eabi\lib\thumb\libc.a(lib_a-impure.o)
 .text          0x08006020        0x0 C:\PROGRA~2\GNUTOO~1\50A5A~1.420\arm-none-eabi\lib\thumb\libc.a(lib_a-init.o)
 .text.__libc_init_array
                0x08006020       0x58 C:\PROGRA~2\GNUTOO~1\50A5A~1.420\arm-none-eabi\lib\thumb\libc.a(lib_a-init.o)
                0x08006020                __libc_init_array
 .text          0x08006078        0x0 C:\PROGRA~2\GNUTOO~1\50A5A~1.420\arm-none-eabi\lib\thumb\libc.a(lib_a-memset.o)
 .text.memset   0x08006078       0x94 C:\PROGRA~2\GNUTOO~1\50A5A~1.420\arm-none-eabi\lib\thumb\libc.a(lib_a-memset.o)
                0x08006078                memset
 .text          0x0800610c        0x0 C:\PROGRA~2\GNUTOO~1\50A5A~1.420\arm-none-eabi\lib\thumb\libc.a(lib_a-sprintf.o)
 .text._sprintf_r
                0x0800610c       0x40 C:\PROGRA~2\GNUTOO~1\50A5A~1.420\arm-none-eabi\lib\thumb\libc.a(lib_a-sprintf.o)
                0x0800610c                _sprintf_r
 .text.sprintf  0x0800614c       0x44 C:\PROGRA~2\GNUTOO~1\50A5A~1.420\arm-none-eabi\lib\thumb\libc.a(lib_a-sprintf.o)
                0x0800614c                sprintf
 .text          0x08006190        0x0 C:\PROGRA~2\GNUTOO~1\50A5A~1.420\arm-none-eabi\lib\thumb\libc.a(lib_a-svfprintf.o)
 .text._svfprintf_r
                0x08006190     0x17ec C:\PROGRA~2\GNUTOO~1\50A5A~1.420\arm-none-eabi\lib\thumb\libc.a(lib_a-svfprintf.o)
                0x08006190                _svfprintf_r
 .text          0x0800797c        0x0 C:\PROGRA~2\GNUTOO~1\50A5A~1.420\arm-none-eabi\lib\thumb\libc.a(lib_a-__call_atexit.o)
 .text.startup.register_fini
                0x0800797c       0x1c C:\PROGRA~2\GNUTOO~1\50A5A~1.420\arm-none-eabi\lib\thumb\libc.a(lib_a-__call_atexit.o)
 .text.__call_exitprocs
                0x08007998      0x10c C:\PROGRA~2\GNUTOO~1\50A5A~1.420\arm-none-eabi\lib\thumb\libc.a(lib_a-__call_atexit.o)
                0x08007998                __call_exitprocs
 .text          0x08007aa4        0x0 C:\PROGRA~2\GNUTOO~1\50A5A~1.420\arm-none-eabi\lib\thumb\libc.a(lib_a-atexit.o)
 .text.atexit   0x08007aa4       0x14 C:\PROGRA~2\GNUTOO~1\50A5A~1.420\arm-none-eabi\lib\thumb\libc.a(lib_a-atexit.o)
                0x08007aa4                atexit
 .text          0x08007ab8        0x0 C:\PROGRA~2\GNUTOO~1\50A5A~1.420\arm-none-eabi\lib\thumb\libc.a(lib_a-dtoa.o)
 .text.quorem   0x08007ab8      0x158 C:\PROGRA~2\GNUTOO~1\50A5A~1.420\arm-none-eabi\lib\thumb\libc.a(lib_a-dtoa.o)
 .text._dtoa_r  0x08007c10      0xfd8 C:\PROGRA~2\GNUTOO~1\50A5A~1.420\arm-none-eabi\lib\thumb\libc.a(lib_a-dtoa.o)
                0x08007c10                _dtoa_r
 .text          0x08008be8        0x0 C:\PROGRA~2\GNUTOO~1\50A5A~1.420\arm-none-eabi\lib\thumb\libc.a(lib_a-fini.o)
 .text.__libc_fini_array
                0x08008be8       0x3c C:\PROGRA~2\GNUTOO~1\50A5A~1.420\arm-none-eabi\lib\thumb\libc.a(lib_a-fini.o)
                0x08008be8                __libc_fini_array
 .text          0x08008c24        0x0 C:\PROGRA~2\GNUTOO~1\50A5A~1.420\arm-none-eabi\lib\thumb\libc.a(lib_a-localeconv.o)
 .text.__localeconv_l
                0x08008c24        0x4 C:\PROGRA~2\GNUTOO~1\50A5A~1.420\arm-none-eabi\lib\thumb\libc.a(lib_a-localeconv.o)
                0x08008c24                __localeconv_l
 .text._localeconv_r
                0x08008c28       0x1c C:\PROGRA~2\GNUTOO~1\50A5A~1.420\arm-none-eabi\lib\thumb\libc.a(lib_a-localeconv.o)
                0x08008c28                _localeconv_r
 .text.localeconv
                0x08008c44       0x1c C:\PROGRA~2\GNUTOO~1\50A5A~1.420\arm-none-eabi\lib\thumb\libc.a(lib_a-localeconv.o)
                0x08008c44                localeconv
 .text          0x08008c60        0x0 C:\PROGRA~2\GNUTOO~1\50A5A~1.420\arm-none-eabi\lib\thumb\libc.a(lib_a-mallocr.o)
 .text._malloc_r
                0x08008c60      0x564 C:\PROGRA~2\GNUTOO~1\50A5A~1.420\arm-none-eabi\lib\thumb\libc.a(lib_a-mallocr.o)
                0x08008c60                _malloc_r
 .text          0x080091c4        0x0 C:\PROGRA~2\GNUTOO~1\50A5A~1.420\arm-none-eabi\lib\thumb\libc.a(lib_a-memchr-stub.o)
 .text.memchr   0x080091c4       0x94 C:\PROGRA~2\GNUTOO~1\50A5A~1.420\arm-none-eabi\lib\thumb\libc.a(lib_a-memchr-stub.o)
                0x080091c4                memchr
 .text          0x08009258        0x0 C:\PROGRA~2\GNUTOO~1\50A5A~1.420\arm-none-eabi\lib\thumb\libc.a(lib_a-memcpy-stub.o)
 .text.memcpy   0x08009258       0x80 C:\PROGRA~2\GNUTOO~1\50A5A~1.420\arm-none-eabi\lib\thumb\libc.a(lib_a-memcpy-stub.o)
                0x08009258                memcpy
 .text          0x080092d8        0x0 C:\PROGRA~2\GNUTOO~1\50A5A~1.420\arm-none-eabi\lib\thumb\libc.a(lib_a-mlock.o)
 .text.__malloc_lock
                0x080092d8        0x4 C:\PROGRA~2\GNUTOO~1\50A5A~1.420\arm-none-eabi\lib\thumb\libc.a(lib_a-mlock.o)
                0x080092d8                __malloc_lock
 .text.__malloc_unlock
                0x080092dc        0x4 C:\PROGRA~2\GNUTOO~1\50A5A~1.420\arm-none-eabi\lib\thumb\libc.a(lib_a-mlock.o)
                0x080092dc                __malloc_unlock
 .text          0x080092e0        0x0 C:\PROGRA~2\GNUTOO~1\50A5A~1.420\arm-none-eabi\lib\thumb\libc.a(lib_a-mprec.o)
 .text._Balloc  0x080092e0       0x54 C:\PROGRA~2\GNUTOO~1\50A5A~1.420\arm-none-eabi\lib\thumb\libc.a(lib_a-mprec.o)
                0x080092e0                _Balloc
 .text._Bfree   0x08009334       0x14 C:\PROGRA~2\GNUTOO~1\50A5A~1.420\arm-none-eabi\lib\thumb\libc.a(lib_a-mprec.o)
                0x08009334                _Bfree
 .text.__multadd
                0x08009348       0x94 C:\PROGRA~2\GNUTOO~1\50A5A~1.420\arm-none-eabi\lib\thumb\libc.a(lib_a-mprec.o)
                0x08009348                __multadd
 .text.__s2b    0x080093dc       0x94 C:\PROGRA~2\GNUTOO~1\50A5A~1.420\arm-none-eabi\lib\thumb\libc.a(lib_a-mprec.o)
                0x080093dc                __s2b
 .text.__hi0bits
                0x08009470       0x3c C:\PROGRA~2\GNUTOO~1\50A5A~1.420\arm-none-eabi\lib\thumb\libc.a(lib_a-mprec.o)
                0x08009470                __hi0bits
 .text.__lo0bits
                0x080094ac       0x5c C:\PROGRA~2\GNUTOO~1\50A5A~1.420\arm-none-eabi\lib\thumb\libc.a(lib_a-mprec.o)
                0x080094ac                __lo0bits
 .text.__i2b    0x08009508       0x18 C:\PROGRA~2\GNUTOO~1\50A5A~1.420\arm-none-eabi\lib\thumb\libc.a(lib_a-mprec.o)
                0x08009508                __i2b
 .text.__multiply
                0x08009520      0x16c C:\PROGRA~2\GNUTOO~1\50A5A~1.420\arm-none-eabi\lib\thumb\libc.a(lib_a-mprec.o)
                0x08009520                __multiply
 .text.__pow5mult
                0x0800968c       0xc0 C:\PROGRA~2\GNUTOO~1\50A5A~1.420\arm-none-eabi\lib\thumb\libc.a(lib_a-mprec.o)
                0x0800968c                __pow5mult
 .text.__lshift
                0x0800974c       0xc4 C:\PROGRA~2\GNUTOO~1\50A5A~1.420\arm-none-eabi\lib\thumb\libc.a(lib_a-mprec.o)
                0x0800974c                __lshift
 .text.__mcmp   0x08009810       0x40 C:\PROGRA~2\GNUTOO~1\50A5A~1.420\arm-none-eabi\lib\thumb\libc.a(lib_a-mprec.o)
                0x08009810                __mcmp
 .text.__mdiff  0x08009850      0x120 C:\PROGRA~2\GNUTOO~1\50A5A~1.420\arm-none-eabi\lib\thumb\libc.a(lib_a-mprec.o)
                0x08009850                __mdiff
 .text.__ulp    0x08009970       0x50 C:\PROGRA~2\GNUTOO~1\50A5A~1.420\arm-none-eabi\lib\thumb\libc.a(lib_a-mprec.o)
                0x08009970                __ulp
 .text.__b2d    0x080099c0       0xdc C:\PROGRA~2\GNUTOO~1\50A5A~1.420\arm-none-eabi\lib\thumb\libc.a(lib_a-mprec.o)
                0x080099c0                __b2d
 .text.__d2b    0x08009a9c       0xc0 C:\PROGRA~2\GNUTOO~1\50A5A~1.420\arm-none-eabi\lib\thumb\libc.a(lib_a-mprec.o)
                0x08009a9c                __d2b
 .text.__ratio  0x08009b5c       0x78 C:\PROGRA~2\GNUTOO~1\50A5A~1.420\arm-none-eabi\lib\thumb\libc.a(lib_a-mprec.o)
                0x08009b5c                __ratio
 .text._mprec_log10
                0x08009bd4       0x38 C:\PROGRA~2\GNUTOO~1\50A5A~1.420\arm-none-eabi\lib\thumb\libc.a(lib_a-mprec.o)
                0x08009bd4                _mprec_log10
 .text.__copybits
                0x08009c0c       0x44 C:\PROGRA~2\GNUTOO~1\50A5A~1.420\arm-none-eabi\lib\thumb\libc.a(lib_a-mprec.o)
                0x08009c0c                __copybits
 .text.__any_on
                0x08009c50       0x64 C:\PROGRA~2\GNUTOO~1\50A5A~1.420\arm-none-eabi\lib\thumb\libc.a(lib_a-mprec.o)
                0x08009c50                __any_on
 .text          0x08009cb4        0x0 C:\PROGRA~2\GNUTOO~1\50A5A~1.420\arm-none-eabi\lib\thumb\libc.a(lib_a-sbrkr.o)
 .text._sbrk_r  0x08009cb4       0x28 C:\PROGRA~2\GNUTOO~1\50A5A~1.420\arm-none-eabi\lib\thumb\libc.a(lib_a-sbrkr.o)
                0x08009cb4                _sbrk_r
 .text          0x08009cdc        0x0 C:\PROGRA~2\GNUTOO~1\50A5A~1.420\arm-none-eabi\lib\thumb\libc.a(lib_a-strlen-stub.o)
 .text.strlen   0x08009cdc       0x6c C:\PROGRA~2\GNUTOO~1\50A5A~1.420\arm-none-eabi\lib\thumb\libc.a(lib_a-strlen-stub.o)
                0x08009cdc                strlen
 .text          0x08009d48        0x0 C:\PROGRA~2\GNUTOO~1\50A5A~1.420\arm-none-eabi\lib\thumb\libc.a(lib_a-svfiprintf.o)
 .text.__ssprint_r
                0x08009d48      0x134 C:\PROGRA~2\GNUTOO~1\50A5A~1.420\arm-none-eabi\lib\thumb\libc.a(lib_a-svfiprintf.o)
                0x08009d48                __ssprint_r
 .text._svfiprintf_r
                0x08009e7c      0xc60 C:\PROGRA~2\GNUTOO~1\50A5A~1.420\arm-none-eabi\lib\thumb\libc.a(lib_a-svfiprintf.o)
                0x08009e7c                _svfiprintf_r
 .text          0x0800aadc        0x0 C:\PROGRA~2\GNUTOO~1\50A5A~1.420\arm-none-eabi\lib\thumb\libc.a(lib_a-__atexit.o)
 .text.__register_exitproc
                0x0800aadc       0xd8 C:\PROGRA~2\GNUTOO~1\50A5A~1.420\arm-none-eabi\lib\thumb\libc.a(lib_a-__atexit.o)
                0x0800aadc                __register_exitproc
 .text          0x0800abb4        0x0 C:\PROGRA~2\GNUTOO~1\50A5A~1.420\arm-none-eabi\lib\thumb\libc.a(lib_a-callocr.o)
 .text._calloc_r
                0x0800abb4       0x64 C:\PROGRA~2\GNUTOO~1\50A5A~1.420\arm-none-eabi\lib\thumb\libc.a(lib_a-callocr.o)
                0x0800abb4                _calloc_r
 .text          0x0800ac18        0x0 C:\PROGRA~2\GNUTOO~1\50A5A~1.420\arm-none-eabi\lib\thumb\libc.a(lib_a-freer.o)
 .text._malloc_trim_r
                0x0800ac18       0xa4 C:\PROGRA~2\GNUTOO~1\50A5A~1.420\arm-none-eabi\lib\thumb\libc.a(lib_a-freer.o)
                0x0800ac18                _malloc_trim_r
 .text._free_r  0x0800acbc      0x1c8 C:\PROGRA~2\GNUTOO~1\50A5A~1.420\arm-none-eabi\lib\thumb\libc.a(lib_a-freer.o)
                0x0800acbc                _free_r
 .text          0x0800ae84        0x0 C:\PROGRA~2\GNUTOO~1\50A5A~1.420\arm-none-eabi\lib\thumb\libc.a(lib_a-locale.o)
 .text.__get_current_locale
                0x0800ae84       0x18 C:\PROGRA~2\GNUTOO~1\50A5A~1.420\arm-none-eabi\lib\thumb\libc.a(lib_a-locale.o)
 .text._setlocale_r
                0x0800ae9c       0x48 C:\PROGRA~2\GNUTOO~1\50A5A~1.420\arm-none-eabi\lib\thumb\libc.a(lib_a-locale.o)
                0x0800ae9c                _setlocale_r
 .text.__locale_mb_cur_max
                0x0800aee4       0x20 C:\PROGRA~2\GNUTOO~1\50A5A~1.420\arm-none-eabi\lib\thumb\libc.a(lib_a-locale.o)
                0x0800aee4                __locale_mb_cur_max
 .text.__locale_ctype_ptr_l
                0x0800af04        0x8 C:\PROGRA~2\GNUTOO~1\50A5A~1.420\arm-none-eabi\lib\thumb\libc.a(lib_a-locale.o)
                0x0800af04                __locale_ctype_ptr_l
 .text.__locale_ctype_ptr
                0x0800af0c       0x18 C:\PROGRA~2\GNUTOO~1\50A5A~1.420\arm-none-eabi\lib\thumb\libc.a(lib_a-locale.o)
                0x0800af0c                __locale_ctype_ptr
 .text.setlocale
                0x0800af24       0x1c C:\PROGRA~2\GNUTOO~1\50A5A~1.420\arm-none-eabi\lib\thumb\libc.a(lib_a-locale.o)
                0x0800af24                setlocale
 .text          0x0800af40        0x0 C:\PROGRA~2\GNUTOO~1\50A5A~1.420\arm-none-eabi\lib\thumb\libc.a(lib_a-mbtowc_r.o)
 .text._mbtowc_r
                0x0800af40       0x34 C:\PROGRA~2\GNUTOO~1\50A5A~1.420\arm-none-eabi\lib\thumb\libc.a(lib_a-mbtowc_r.o)
                0x0800af40                _mbtowc_r
 .text.__ascii_mbtowc
                0x0800af74       0x2c C:\PROGRA~2\GNUTOO~1\50A5A~1.420\arm-none-eabi\lib\thumb\libc.a(lib_a-mbtowc_r.o)
                0x0800af74                __ascii_mbtowc
 .text          0x0800afa0        0x0 C:\PROGRA~2\GNUTOO~1\50A5A~1.420\arm-none-eabi\lib\thumb\libc.a(lib_a-memmove.o)
 .text.memmove  0x0800afa0       0x9c C:\PROGRA~2\GNUTOO~1\50A5A~1.420\arm-none-eabi\lib\thumb\libc.a(lib_a-memmove.o)
                0x0800afa0                memmove
 .text          0x0800b03c        0x0 C:\PROGRA~2\GNUTOO~1\50A5A~1.420\arm-none-eabi\lib\thumb\libc.a(lib_a-reallocr.o)
 .text._realloc_r
                0x0800b03c      0x3ec C:\PROGRA~2\GNUTOO~1\50A5A~1.420\arm-none-eabi\lib\thumb\libc.a(lib_a-reallocr.o)
                0x0800b03c                _realloc_r
 .text          0x0800b428        0x0 C:\PROGRA~2\GNUTOO~1\50A5A~1.420\arm-none-eabi\lib\thumb\libc.a(lib_a-reent.o)
 .text.cleanup_glue
                0x0800b428       0x20 C:\PROGRA~2\GNUTOO~1\50A5A~1.420\arm-none-eabi\lib\thumb\libc.a(lib_a-reent.o)
                0x0800b428                cleanup_glue
 .text._reclaim_reent
                0x0800b448       0xa0 C:\PROGRA~2\GNUTOO~1\50A5A~1.420\arm-none-eabi\lib\thumb\libc.a(lib_a-reent.o)
                0x0800b448                _reclaim_reent
 .text          0x0800b4e8      0x224 C:\PROGRA~2\GNUTOO~1\50A5A~1.420\arm-none-eabi\lib\thumb\libc.a(lib_a-strcmp.o)
                0x0800b4e8                strcmp
 .text          0x0800b70c        0x0 C:\PROGRA~2\GNUTOO~1\50A5A~1.420\arm-none-eabi\lib\thumb\libc.a(lib_a-wctomb_r.o)
 .text._wctomb_r
                0x0800b70c       0x2c C:\PROGRA~2\GNUTOO~1\50A5A~1.420\arm-none-eabi\lib\thumb\libc.a(lib_a-wctomb_r.o)
                0x0800b70c                _wctomb_r
 .text.__ascii_wctomb
                0x0800b738       0x1c C:\PROGRA~2\GNUTOO~1\50A5A~1.420\arm-none-eabi\lib\thumb\libc.a(lib_a-wctomb_r.o)
                0x0800b738                __ascii_wctomb
 .text          0x0800b754        0x0 C:\PROGRA~2\GNUTOO~1\50A5A~1.420\arm-none-eabi\lib\thumb\libc.a(lib_a-ctype_.o)
 .text          0x0800b754        0x0 C:\PROGRA~2\GNUTOO~1\50A5A~1.420\arm-none-eabi\lib\thumb\libnosys.a(sbrk.o)
 .text._sbrk    0x0800b754       0x1c C:\PROGRA~2\GNUTOO~1\50A5A~1.420\arm-none-eabi\lib\thumb\libnosys.a(sbrk.o)
                0x0800b754                _sbrk
 .text          0x0800b770       0x24 c:/progra~2/gnutoo~1/50a5a~1.420/bin/../lib/gcc/arm-none-eabi/5.4.1/armv7e-m\libgcc.a(_udivsi3.o)
                0x0800b770                __aeabi_uidiv
                0x0800b770                __udivsi3
                0x0800b784                __aeabi_uidivmod
 .text          0x0800b794       0x2c c:/progra~2/gnutoo~1/50a5a~1.420/bin/../lib/gcc/arm-none-eabi/5.4.1/armv7e-m\libgcc.a(_divsi3.o)
                0x0800b794                __divsi3
                0x0800b794                __aeabi_idiv
                0x0800b7b0                __aeabi_idivmod
 .text          0x0800b7c0        0x4 c:/progra~2/gnutoo~1/50a5a~1.420/bin/../lib/gcc/arm-none-eabi/5.4.1/armv7e-m\libgcc.a(_dvmd_tls.o)
                0x0800b7c0                __aeabi_idiv0
                0x0800b7c0                __aeabi_ldiv0
 .text          0x0800b7c4      0x424 c:/progra~2/gnutoo~1/50a5a~1.420/bin/../lib/gcc/arm-none-eabi/5.4.1/armv7e-m\libgcc.a(_arm_muldivdf3.o)
                0x0800b7c4                __aeabi_dmul
                0x0800b7c4                __muldf3
                0x0800ba18                __divdf3
                0x0800ba18                __aeabi_ddiv
 .text          0x0800bbe8       0x2c c:/progra~2/gnutoo~1/50a5a~1.420/bin/../lib/gcc/arm-none-eabi/5.4.1/armv7e-m\libgcc.a(_arm_unorddf2.o)
                0x0800bbe8                __unorddf2
                0x0800bbe8                __aeabi_dcmpun
 .text          0x0800bc14       0x50 c:/progra~2/gnutoo~1/50a5a~1.420/bin/../lib/gcc/arm-none-eabi/5.4.1/armv7e-m\libgcc.a(_arm_fixdfsi.o)
                0x0800bc14                __aeabi_d2iz
                0x0800bc14                __fixdfsi
 .text          0x0800bc64       0x30 c:/progra~2/gnutoo~1/50a5a~1.420/bin/../lib/gcc/arm-none-eabi/5.4.1/armv7e-m\libgcc.a(_aeabi_uldivmod.o)
                0x0800bc64                __aeabi_uldivmod
 .text          0x0800bc94      0x2e4 c:/progra~2/gnutoo~1/50a5a~1.420/bin/../lib/gcc/arm-none-eabi/5.4.1/armv7e-m\libgcc.a(_udivmoddi4.o)
                0x0800bc94                __udivmoddi4
 .text          0x0800bf78        0x0 c:/progra~2/gnutoo~1/50a5a~1.420/bin/../lib/gcc/arm-none-eabi/5.4.1/armv7e-m/crtend.o
 .text          0x0800bf78        0x0 c:/progra~2/gnutoo~1/50a5a~1.420/bin/../lib/gcc/arm-none-eabi/5.4.1/armv7e-m/crtn.o
 *(.init)
 .init          0x0800bf78        0x4 c:/progra~2/gnutoo~1/50a5a~1.420/bin/../lib/gcc/arm-none-eabi/5.4.1/armv7e-m/crti.o
                0x0800bf78                _init
 .init          0x0800bf7c        0x8 c:/progra~2/gnutoo~1/50a5a~1.420/bin/../lib/gcc/arm-none-eabi/5.4.1/armv7e-m/crtn.o
 *(.fini)
 .fini          0x0800bf84        0x4 c:/progra~2/gnutoo~1/50a5a~1.420/bin/../lib/gcc/arm-none-eabi/5.4.1/armv7e-m/crti.o
                0x0800bf84                _fini
 .fini          0x0800bf88        0x8 c:/progra~2/gnutoo~1/50a5a~1.420/bin/../lib/gcc/arm-none-eabi/5.4.1/armv7e-m/crtn.o
 *crtbegin.o(.ctors)
 *crtbegin.o(.ctors)
 *crtbegin?.o(.ctors)
 *(EXCLUDE_FILE(*crtend.o *crtend?.o) .ctors)
 *(SORT(.ctors.*))
 *(.ctors)
 *crtbegin.o(.dtors)
 *crtbegin?.o(.dtors)
 *(EXCLUDE_FILE(*crtend.o *crtend?.o) .dtors)
 *(SORT(.dtors.*))
 *(.dtors)
 *(.rodata*)
 .rodata        0x0800bf90      0x101 obj/code.o
 *fill*         0x0800c091        0x3 
 .rodata        0x0800c094       0x54 obj/eecfg.o
                0x0800c094                EE_std_thread_tos
                0x0800c0a0                EE_hal_thread_body
                0x0800c0a8                EE_th_ready_prio
                0x0800c0b0                EE_th_dispatch_prio
                0x0800c0b8                EE_alarm_ROM
 .rodata        0x0800c0e8       0x48 libstm32f4discovery.a(stm32f4_discovery.o)
                0x0800c0e8                GPIO_PIN
                0x0800c0f0                GPIO_CLK
                0x0800c100                COM_USART_CLK
                0x0800c108                COM_TX_PORT_CLK
                0x0800c110                COM_RX_PORT_CLK
                0x0800c118                COM_TX_PIN
                0x0800c11c                COM_RX_PIN
                0x0800c120                COM_TX_PIN_SOURCE
                0x0800c124                COM_RX_PIN_SOURCE
                0x0800c128                COM_TX_AF
                0x0800c12c                COM_RX_AF
 .rodata._global_impure_ptr
                0x0800c130        0x4 C:\PROGRA~2\GNUTOO~1\50A5A~1.420\arm-none-eabi\lib\thumb\libc.a(lib_a-impure.o)
                0x0800c130                _global_impure_ptr
 .rodata._svfprintf_r
                0x0800c134      0x164 C:\PROGRA~2\GNUTOO~1\50A5A~1.420\arm-none-eabi\lib\thumb\libc.a(lib_a-svfprintf.o)
 .rodata.zeroes.7256
                0x0800c298       0x10 C:\PROGRA~2\GNUTOO~1\50A5A~1.420\arm-none-eabi\lib\thumb\libc.a(lib_a-svfprintf.o)
 .rodata.str1.4
                0x0800c2a8       0x42 C:\PROGRA~2\GNUTOO~1\50A5A~1.420\arm-none-eabi\lib\thumb\libc.a(lib_a-svfprintf.o)
 *fill*         0x0800c2ea        0x2 
 .rodata.blanks.7255
                0x0800c2ec       0x10 C:\PROGRA~2\GNUTOO~1\50A5A~1.420\arm-none-eabi\lib\thumb\libc.a(lib_a-svfprintf.o)
 .rodata.str1.4
                0x0800c2fc       0x10 C:\PROGRA~2\GNUTOO~1\50A5A~1.420\arm-none-eabi\lib\thumb\libc.a(lib_a-dtoa.o)
                                 0x12 (size before relaxing)
 *fill*         0x0800c30c        0x4 
 .rodata.__mprec_tens
                0x0800c310       0xc8 C:\PROGRA~2\GNUTOO~1\50A5A~1.420\arm-none-eabi\lib\thumb\libc.a(lib_a-mprec.o)
                0x0800c310                __mprec_tens
 .rodata.p05.6085
                0x0800c3d8        0xc C:\PROGRA~2\GNUTOO~1\50A5A~1.420\arm-none-eabi\lib\thumb\libc.a(lib_a-mprec.o)
 *fill*         0x0800c3e4        0x4 
 .rodata.__mprec_bigtens
                0x0800c3e8       0x28 C:\PROGRA~2\GNUTOO~1\50A5A~1.420\arm-none-eabi\lib\thumb\libc.a(lib_a-mprec.o)
                0x0800c3e8                __mprec_bigtens
 .rodata.__mprec_tinytens
                0x0800c410       0x28 C:\PROGRA~2\GNUTOO~1\50A5A~1.420\arm-none-eabi\lib\thumb\libc.a(lib_a-mprec.o)
                0x0800c410                __mprec_tinytens
 .rodata._svfiprintf_r
                0x0800c438      0x164 C:\PROGRA~2\GNUTOO~1\50A5A~1.420\arm-none-eabi\lib\thumb\libc.a(lib_a-svfiprintf.o)
 .rodata.blanks.7235
                0x0800c59c       0x10 C:\PROGRA~2\GNUTOO~1\50A5A~1.420\arm-none-eabi\lib\thumb\libc.a(lib_a-svfiprintf.o)
 .rodata.str1.4
                0x0800c5ac       0x2f C:\PROGRA~2\GNUTOO~1\50A5A~1.420\arm-none-eabi\lib\thumb\libc.a(lib_a-svfiprintf.o)
 .rodata.zeroes.7236
                0x0800c5ac       0x10 C:\PROGRA~2\GNUTOO~1\50A5A~1.420\arm-none-eabi\lib\thumb\libc.a(lib_a-svfiprintf.o)
 .rodata.str1.4
                0x0800c5bc       0x10 C:\PROGRA~2\GNUTOO~1\50A5A~1.420\arm-none-eabi\lib\thumb\libc.a(lib_a-locale.o)
                                 0x12 (size before relaxing)
 .rodata._ctype_
                0x0800c5cc      0x101 C:\PROGRA~2\GNUTOO~1\50A5A~1.420\arm-none-eabi\lib\thumb\libc.a(lib_a-ctype_.o)
                0x0800c5cc                _ctype_
 *(.eh_frame*)
 *fill*         0x0800c6cd        0x3 
 .eh_frame      0x0800c6d0        0x0 c:/progra~2/gnutoo~1/50a5a~1.420/bin/../lib/gcc/arm-none-eabi/5.4.1/armv7e-m/crtbegin.o
 .eh_frame      0x0800c6d0        0x4 c:/progra~2/gnutoo~1/50a5a~1.420/bin/../lib/gcc/arm-none-eabi/5.4.1/armv7e-m/crtend.o

.glue_7         0x0800c6d4        0x0
 .glue_7        0x0800c6d4        0x0 linker stubs

.glue_7t        0x0800c6d4        0x0
 .glue_7t       0x0800c6d4        0x0 linker stubs

.vfp11_veneer   0x0800c6d4        0x0
 .vfp11_veneer  0x0800c6d4        0x0 linker stubs

.v4_bx          0x0800c6d4        0x0
 .v4_bx         0x0800c6d4        0x0 linker stubs

.iplt           0x0800c6d4        0x0
 .iplt          0x0800c6d4        0x0 c:/progra~2/gnutoo~1/50a5a~1.420/bin/../lib/gcc/arm-none-eabi/5.4.1/armv7e-m/crtbegin.o

.ARM.extab      0x0800c6d4        0x0
 *(.ARM.extab* .gnu.linkonce.armextab.*)
 .ARM.extab     0x0800c6d4        0x0 c:/progra~2/gnutoo~1/50a5a~1.420/bin/../lib/gcc/arm-none-eabi/5.4.1/../../../../arm-none-eabi/lib/armv7e-m/crt0.o
 .ARM.extab     0x0800c6d4        0x0 c:/progra~2/gnutoo~1/50a5a~1.420/bin/../lib/gcc/arm-none-eabi/5.4.1/armv7e-m\libgcc.a(_udivmoddi4.o)
                0x0800c6d4                __exidx_start = .

.ARM.exidx      0x0800c6d4        0x8
 *(.ARM.exidx* .gnu.linkonce.armexidx.*)
 .ARM.exidx     0x0800c6d4        0x8 c:/progra~2/gnutoo~1/50a5a~1.420/bin/../lib/gcc/arm-none-eabi/5.4.1/../../../../arm-none-eabi/lib/armv7e-m/crt0.o
 .ARM.exidx     0x0800c6dc        0x0 c:/progra~2/gnutoo~1/50a5a~1.420/bin/../lib/gcc/arm-none-eabi/5.4.1/armv7e-m\libgcc.a(_udivmoddi4.o)
                                  0x8 (size before relaxing)
                0x0800c6dc                __exidx_end = .
                0x0800c6dc                __etext = .

.rel.dyn        0x0800c6dc        0x0
 .rel.iplt      0x0800c6dc        0x0 c:/progra~2/gnutoo~1/50a5a~1.420/bin/../lib/gcc/arm-none-eabi/5.4.1/armv7e-m/crtbegin.o

.data           0x20000000      0xa40 load address 0x0800c6dc
                0x20000000                __data_start__ = .
 *(vtable)
 *(.data*)
 .data          0x20000000        0x0 c:/progra~2/gnutoo~1/50a5a~1.420/bin/../lib/gcc/arm-none-eabi/5.4.1/armv7e-m/crti.o
 .data          0x20000000        0x4 c:/progra~2/gnutoo~1/50a5a~1.420/bin/../lib/gcc/arm-none-eabi/5.4.1/armv7e-m/crtbegin.o
                0x20000000                __dso_handle
 .data          0x20000004        0x0 c:/progra~2/gnutoo~1/50a5a~1.420/bin/../lib/gcc/arm-none-eabi/5.4.1/../../../../arm-none-eabi/lib/armv7e-m/crt0.o
 .data          0x20000004        0xc obj/code.o
                0x20000004                delta_sensor_sem
 .data          0x20000010       0x20 obj/eecfg.o
                0x20000010                EE_th_status
                0x20000018                EE_th_next
                0x20000020                EE_stkfirst
                0x20000024                EE_rqfirst
                0x20000028                EE_counter_RAM
 .data          0x20000030        0x8 obj/motor_functions.o
                0x20000030                CCR1_Val
                0x20000032                CCR2_Val
                0x20000034                CCR3_Val
                0x20000036                CCR4_Val
 .data          0x20000038        0x0 obj/pkg/mcu/st_stm32_stm32f4xx/src/startup_stm32f4xx_gnu.o
 .data          0x20000038       0x14 obj/pkg/mcu/st_stm32_stm32f4xx/src/system_stm32f4xx.o
                0x20000038                SystemCoreClock
                0x2000003c                AHBPrescTable
 .data          0x2000004c        0x0 libee.a(ee_hal_structs.o)
 .data          0x2000004c        0x0 libee.a(ee_utils.o)
 .data          0x2000004c        0x0 libee.a(ee_gnu_change_context_isr.o)
 .data          0x2000004c        0x0 libee.a(ee_gnu_multi_context.o)
 .data          0x2000004c        0x0 libee.a(ee_altick.o)
 .data          0x2000004c        0x0 libee.a(ee_alsetrel.o)
 .data          0x2000004c        0x0 libee.a(ee_irqsc.o)
 .data          0x2000004c        0x0 libee.a(ee_rqexchg.o)
 .data          0x2000004c        0x0 libee.a(ee_rqinsert.o)
 .data          0x2000004c        0x0 libee.a(ee_swait.o)
 .data          0x2000004c        0x0 libee.a(ee_spost.o)
 .data          0x2000004c        0x0 libee.a(ee_context.o)
 .data          0x2000004c        0x0 libee.a(ee_context.o)
 .data          0x2000004c        0x0 libee.a(ee_thendin.o)
 .data          0x2000004c       0x28 libstm32f4discovery.a(stm32f4_discovery.o)
                0x2000004c                GPIO_PORT
                0x2000005c                COM_USART
                0x20000064                COM_TX_PORT
                0x2000006c                COM_RX_PORT
 .data          0x20000074        0x0 libstm32f4xxspd.a(stm32f4xx_exti.o)
 .data          0x20000074        0x0 libstm32f4xxspd.a(stm32f4xx_gpio.o)
 .data          0x20000074       0x10 libstm32f4xxspd.a(stm32f4xx_rcc.o)
 .data          0x20000084        0x0 libstm32f4xxspd.a(stm32f4xx_syscfg.o)
 .data          0x20000084        0x0 libstm32f4xxspd.a(stm32f4xx_tim.o)
 .data          0x20000084        0x0 libstm32f4xxspd.a(stm32f4xx_usart.o)
 .data          0x20000084        0x0 libstm32f4xxspd.a(misc.o)
 .data          0x20000084        0x0 c:/progra~2/gnutoo~1/50a5a~1.420/bin/../lib/gcc/arm-none-eabi/5.4.1/armv7e-m\libgcc.a(_arm_addsubdf3.o)
 .data          0x20000084        0x0 c:/progra~2/gnutoo~1/50a5a~1.420/bin/../lib/gcc/arm-none-eabi/5.4.1/armv7e-m\libgcc.a(_arm_cmpdf2.o)
 .data          0x20000084        0x0 C:\PROGRA~2\GNUTOO~1\50A5A~1.420\arm-none-eabi\lib\thumb\libc.a(lib_a-exit.o)
 .data          0x20000084        0x0 C:\PROGRA~2\GNUTOO~1\50A5A~1.420\arm-none-eabi\lib\thumb\libc.a(lib_a-impure.o)
 *fill*         0x20000084        0x4 
 .data.impure_data
                0x20000088      0x428 C:\PROGRA~2\GNUTOO~1\50A5A~1.420\arm-none-eabi\lib\thumb\libc.a(lib_a-impure.o)
 .data._impure_ptr
                0x200004b0        0x4 C:\PROGRA~2\GNUTOO~1\50A5A~1.420\arm-none-eabi\lib\thumb\libc.a(lib_a-impure.o)
                0x200004b0                _impure_ptr
 .data          0x200004b4        0x0 C:\PROGRA~2\GNUTOO~1\50A5A~1.420\arm-none-eabi\lib\thumb\libc.a(lib_a-init.o)
 .data          0x200004b4        0x0 C:\PROGRA~2\GNUTOO~1\50A5A~1.420\arm-none-eabi\lib\thumb\libc.a(lib_a-memset.o)
 .data          0x200004b4        0x0 C:\PROGRA~2\GNUTOO~1\50A5A~1.420\arm-none-eabi\lib\thumb\libc.a(lib_a-sprintf.o)
 .data          0x200004b4        0x0 C:\PROGRA~2\GNUTOO~1\50A5A~1.420\arm-none-eabi\lib\thumb\libc.a(lib_a-svfprintf.o)
 .data          0x200004b4        0x0 C:\PROGRA~2\GNUTOO~1\50A5A~1.420\arm-none-eabi\lib\thumb\libc.a(lib_a-__call_atexit.o)
 .data          0x200004b4        0x0 C:\PROGRA~2\GNUTOO~1\50A5A~1.420\arm-none-eabi\lib\thumb\libc.a(lib_a-atexit.o)
 .data          0x200004b4        0x0 C:\PROGRA~2\GNUTOO~1\50A5A~1.420\arm-none-eabi\lib\thumb\libc.a(lib_a-dtoa.o)
 .data          0x200004b4        0x0 C:\PROGRA~2\GNUTOO~1\50A5A~1.420\arm-none-eabi\lib\thumb\libc.a(lib_a-fini.o)
 .data          0x200004b4        0x0 C:\PROGRA~2\GNUTOO~1\50A5A~1.420\arm-none-eabi\lib\thumb\libc.a(lib_a-localeconv.o)
 .data          0x200004b4        0x0 C:\PROGRA~2\GNUTOO~1\50A5A~1.420\arm-none-eabi\lib\thumb\libc.a(lib_a-mallocr.o)
 .data.__malloc_av_
                0x200004b4      0x408 C:\PROGRA~2\GNUTOO~1\50A5A~1.420\arm-none-eabi\lib\thumb\libc.a(lib_a-mallocr.o)
                0x200004b4                __malloc_av_
 .data.__malloc_trim_threshold
                0x200008bc        0x4 C:\PROGRA~2\GNUTOO~1\50A5A~1.420\arm-none-eabi\lib\thumb\libc.a(lib_a-mallocr.o)
                0x200008bc                __malloc_trim_threshold
 .data.__malloc_sbrk_base
                0x200008c0        0x4 C:\PROGRA~2\GNUTOO~1\50A5A~1.420\arm-none-eabi\lib\thumb\libc.a(lib_a-mallocr.o)
                0x200008c0                __malloc_sbrk_base
 .data          0x200008c4        0x0 C:\PROGRA~2\GNUTOO~1\50A5A~1.420\arm-none-eabi\lib\thumb\libc.a(lib_a-memchr-stub.o)
 .data          0x200008c4        0x0 C:\PROGRA~2\GNUTOO~1\50A5A~1.420\arm-none-eabi\lib\thumb\libc.a(lib_a-memcpy-stub.o)
 .data          0x200008c4        0x0 C:\PROGRA~2\GNUTOO~1\50A5A~1.420\arm-none-eabi\lib\thumb\libc.a(lib_a-mlock.o)
 .data          0x200008c4        0x0 C:\PROGRA~2\GNUTOO~1\50A5A~1.420\arm-none-eabi\lib\thumb\libc.a(lib_a-mprec.o)
 .data          0x200008c4        0x0 C:\PROGRA~2\GNUTOO~1\50A5A~1.420\arm-none-eabi\lib\thumb\libc.a(lib_a-sbrkr.o)
 .data          0x200008c4        0x0 C:\PROGRA~2\GNUTOO~1\50A5A~1.420\arm-none-eabi\lib\thumb\libc.a(lib_a-strlen-stub.o)
 .data          0x200008c4        0x0 C:\PROGRA~2\GNUTOO~1\50A5A~1.420\arm-none-eabi\lib\thumb\libc.a(lib_a-svfiprintf.o)
 .data          0x200008c4        0x0 C:\PROGRA~2\GNUTOO~1\50A5A~1.420\arm-none-eabi\lib\thumb\libc.a(lib_a-__atexit.o)
 .data          0x200008c4        0x0 C:\PROGRA~2\GNUTOO~1\50A5A~1.420\arm-none-eabi\lib\thumb\libc.a(lib_a-callocr.o)
 .data          0x200008c4        0x0 C:\PROGRA~2\GNUTOO~1\50A5A~1.420\arm-none-eabi\lib\thumb\libc.a(lib_a-freer.o)
 .data          0x200008c4        0x0 C:\PROGRA~2\GNUTOO~1\50A5A~1.420\arm-none-eabi\lib\thumb\libc.a(lib_a-locale.o)
 .data.__global_locale
                0x200008c4      0x16c C:\PROGRA~2\GNUTOO~1\50A5A~1.420\arm-none-eabi\lib\thumb\libc.a(lib_a-locale.o)
                0x200008c4                __global_locale
 .data          0x20000a30        0x0 C:\PROGRA~2\GNUTOO~1\50A5A~1.420\arm-none-eabi\lib\thumb\libc.a(lib_a-mbtowc_r.o)
 .data          0x20000a30        0x0 C:\PROGRA~2\GNUTOO~1\50A5A~1.420\arm-none-eabi\lib\thumb\libc.a(lib_a-memmove.o)
 .data          0x20000a30        0x0 C:\PROGRA~2\GNUTOO~1\50A5A~1.420\arm-none-eabi\lib\thumb\libc.a(lib_a-reallocr.o)
 .data          0x20000a30        0x0 C:\PROGRA~2\GNUTOO~1\50A5A~1.420\arm-none-eabi\lib\thumb\libc.a(lib_a-reent.o)
 .data          0x20000a30        0x0 C:\PROGRA~2\GNUTOO~1\50A5A~1.420\arm-none-eabi\lib\thumb\libc.a(lib_a-strcmp.o)
 .data          0x20000a30        0x0 C:\PROGRA~2\GNUTOO~1\50A5A~1.420\arm-none-eabi\lib\thumb\libc.a(lib_a-wctomb_r.o)
 .data          0x20000a30        0x0 C:\PROGRA~2\GNUTOO~1\50A5A~1.420\arm-none-eabi\lib\thumb\libc.a(lib_a-ctype_.o)
 .data          0x20000a30        0x0 C:\PROGRA~2\GNUTOO~1\50A5A~1.420\arm-none-eabi\lib\thumb\libnosys.a(sbrk.o)
 .data          0x20000a30        0x0 c:/progra~2/gnutoo~1/50a5a~1.420/bin/../lib/gcc/arm-none-eabi/5.4.1/armv7e-m\libgcc.a(_udivsi3.o)
 .data          0x20000a30        0x0 c:/progra~2/gnutoo~1/50a5a~1.420/bin/../lib/gcc/arm-none-eabi/5.4.1/armv7e-m\libgcc.a(_divsi3.o)
 .data          0x20000a30        0x0 c:/progra~2/gnutoo~1/50a5a~1.420/bin/../lib/gcc/arm-none-eabi/5.4.1/armv7e-m\libgcc.a(_dvmd_tls.o)
 .data          0x20000a30        0x0 c:/progra~2/gnutoo~1/50a5a~1.420/bin/../lib/gcc/arm-none-eabi/5.4.1/armv7e-m\libgcc.a(_arm_muldivdf3.o)
 .data          0x20000a30        0x0 c:/progra~2/gnutoo~1/50a5a~1.420/bin/../lib/gcc/arm-none-eabi/5.4.1/armv7e-m\libgcc.a(_arm_unorddf2.o)
 .data          0x20000a30        0x0 c:/progra~2/gnutoo~1/50a5a~1.420/bin/../lib/gcc/arm-none-eabi/5.4.1/armv7e-m\libgcc.a(_arm_fixdfsi.o)
 .data          0x20000a30        0x0 c:/progra~2/gnutoo~1/50a5a~1.420/bin/../lib/gcc/arm-none-eabi/5.4.1/armv7e-m\libgcc.a(_aeabi_uldivmod.o)
 .data          0x20000a30        0x0 c:/progra~2/gnutoo~1/50a5a~1.420/bin/../lib/gcc/arm-none-eabi/5.4.1/armv7e-m\libgcc.a(_udivmoddi4.o)
 .data          0x20000a30        0x0 c:/progra~2/gnutoo~1/50a5a~1.420/bin/../lib/gcc/arm-none-eabi/5.4.1/armv7e-m/crtend.o
 .data          0x20000a30        0x0 c:/progra~2/gnutoo~1/50a5a~1.420/bin/../lib/gcc/arm-none-eabi/5.4.1/armv7e-m/crtn.o
                0x20000a30                . = ALIGN (0x4)
                0x20000a30                PROVIDE (__preinit_array_start, .)
 *(.preinit_array)
                0x20000a30                PROVIDE (__preinit_array_end, .)
                0x20000a30                . = ALIGN (0x4)
                0x20000a30                PROVIDE (__init_array_start, .)
 *(SORT(.init_array.*))
 .init_array.00000
                0x20000a30        0x4 C:\PROGRA~2\GNUTOO~1\50A5A~1.420\arm-none-eabi\lib\thumb\libc.a(lib_a-__call_atexit.o)
 *(.init_array)
 .init_array    0x20000a34        0x4 c:/progra~2/gnutoo~1/50a5a~1.420/bin/../lib/gcc/arm-none-eabi/5.4.1/armv7e-m/crtbegin.o
                0x20000a38                PROVIDE (__init_array_end, .)
                0x20000a38                . = ALIGN (0x4)
                0x20000a38                PROVIDE (__fini_array_start, .)
 *(SORT(.fini_array.*))
 *(.fini_array)
 .fini_array    0x20000a38        0x4 c:/progra~2/gnutoo~1/50a5a~1.420/bin/../lib/gcc/arm-none-eabi/5.4.1/armv7e-m/crtbegin.o
                0x20000a3c                PROVIDE (__fini_array_end, .)
 *(.jcr*)
 .jcr           0x20000a3c        0x0 c:/progra~2/gnutoo~1/50a5a~1.420/bin/../lib/gcc/arm-none-eabi/5.4.1/armv7e-m/crtbegin.o
 .jcr           0x20000a3c        0x4 c:/progra~2/gnutoo~1/50a5a~1.420/bin/../lib/gcc/arm-none-eabi/5.4.1/armv7e-m/crtend.o
                0x20000a40                . = ALIGN (0x4)
                0x20000a40                __data_end__ = .

.igot.plt       0x20000a40        0x0 load address 0x0800d11c
 .igot.plt      0x20000a40        0x0 c:/progra~2/gnutoo~1/50a5a~1.420/bin/../lib/gcc/arm-none-eabi/5.4.1/armv7e-m/crtbegin.o

.bss            0x20000a40      0x1c0 load address 0x0800d120
                0x20000a40                . = ALIGN (0x4)
                0x20000a40                __bss_start__ = .
 *(.bss*)
 .bss           0x20000a40        0x0 c:/progra~2/gnutoo~1/50a5a~1.420/bin/../lib/gcc/arm-none-eabi/5.4.1/armv7e-m/crti.o
 .bss           0x20000a40       0x1c c:/progra~2/gnutoo~1/50a5a~1.420/bin/../lib/gcc/arm-none-eabi/5.4.1/armv7e-m/crtbegin.o
 .bss           0x20000a5c        0x0 c:/progra~2/gnutoo~1/50a5a~1.420/bin/../lib/gcc/arm-none-eabi/5.4.1/../../../../arm-none-eabi/lib/armv7e-m/crt0.o
 *fill*         0x20000a5c        0x4 
 .bss           0x20000a60       0x54 obj/code.o
                0x20000a60                led_ms
                0x20000aa0                led_flags
                0x20000aa8                sensor_mode
                0x20000aac                time_reset_callback
                0x20000ab0                timeout_read
 .bss           0x20000ab4        0xc obj/eecfg.o
                0x20000ab4                EE_cortex_mx_system_tos
                0x20000ab8                EE_cortex_mx_active_tos
                0x20000abc                EE_sys_ceiling
 .bss           0x20000ac0        0x2 obj/motor_functions.o
                0x20000ac0                PrescalerValue
 .bss           0x20000ac2        0x0 obj/pkg/mcu/st_stm32_stm32f4xx/src/startup_stm32f4xx_gnu.o
 .bss           0x20000ac2        0x0 obj/pkg/mcu/st_stm32_stm32f4xx/src/system_stm32f4xx.o
 .bss           0x20000ac2        0x0 libee.a(ee_hal_structs.o)
 .bss           0x20000ac2        0x0 libee.a(ee_utils.o)
 .bss           0x20000ac2        0x0 libee.a(ee_gnu_change_context_isr.o)
 .bss           0x20000ac2        0x0 libee.a(ee_gnu_multi_context.o)
 .bss           0x20000ac2        0x0 libee.a(ee_altick.o)
 .bss           0x20000ac2        0x0 libee.a(ee_alsetrel.o)
 .bss           0x20000ac2        0x0 libee.a(ee_irqsc.o)
 .bss           0x20000ac2        0x0 libee.a(ee_rqexchg.o)
 .bss           0x20000ac2        0x0 libee.a(ee_rqinsert.o)
 .bss           0x20000ac2        0x0 libee.a(ee_swait.o)
 .bss           0x20000ac2        0x0 libee.a(ee_spost.o)
 .bss           0x20000ac2        0x0 libee.a(ee_context.o)
 .bss           0x20000ac2        0x0 libee.a(ee_context.o)
 .bss           0x20000ac2        0x0 libee.a(ee_thendin.o)
 .bss           0x20000ac2        0x0 libstm32f4discovery.a(stm32f4_discovery.o)
 .bss           0x20000ac2        0x0 libstm32f4xxspd.a(stm32f4xx_exti.o)
 .bss           0x20000ac2        0x0 libstm32f4xxspd.a(stm32f4xx_gpio.o)
 .bss           0x20000ac2        0x0 libstm32f4xxspd.a(stm32f4xx_rcc.o)
 .bss           0x20000ac2        0x0 libstm32f4xxspd.a(stm32f4xx_syscfg.o)
 .bss           0x20000ac2        0x0 libstm32f4xxspd.a(stm32f4xx_tim.o)
 .bss           0x20000ac2        0x0 libstm32f4xxspd.a(stm32f4xx_usart.o)
 .bss           0x20000ac2        0x0 libstm32f4xxspd.a(misc.o)
 .bss           0x20000ac2        0x0 c:/progra~2/gnutoo~1/50a5a~1.420/bin/../lib/gcc/arm-none-eabi/5.4.1/armv7e-m\libgcc.a(_arm_addsubdf3.o)
 .bss           0x20000ac2        0x0 c:/progra~2/gnutoo~1/50a5a~1.420/bin/../lib/gcc/arm-none-eabi/5.4.1/armv7e-m\libgcc.a(_arm_cmpdf2.o)
 .bss           0x20000ac2        0x0 C:\PROGRA~2\GNUTOO~1\50A5A~1.420\arm-none-eabi\lib\thumb\libc.a(lib_a-exit.o)
 .bss           0x20000ac2        0x0 C:\PROGRA~2\GNUTOO~1\50A5A~1.420\arm-none-eabi\lib\thumb\libc.a(lib_a-impure.o)
 .bss           0x20000ac2        0x0 C:\PROGRA~2\GNUTOO~1\50A5A~1.420\arm-none-eabi\lib\thumb\libc.a(lib_a-init.o)
 .bss           0x20000ac2        0x0 C:\PROGRA~2\GNUTOO~1\50A5A~1.420\arm-none-eabi\lib\thumb\libc.a(lib_a-memset.o)
 .bss           0x20000ac2        0x0 C:\PROGRA~2\GNUTOO~1\50A5A~1.420\arm-none-eabi\lib\thumb\libc.a(lib_a-sprintf.o)
 .bss           0x20000ac2        0x0 C:\PROGRA~2\GNUTOO~1\50A5A~1.420\arm-none-eabi\lib\thumb\libc.a(lib_a-svfprintf.o)
 .bss           0x20000ac2        0x0 C:\PROGRA~2\GNUTOO~1\50A5A~1.420\arm-none-eabi\lib\thumb\libc.a(lib_a-__call_atexit.o)
 .bss           0x20000ac2        0x0 C:\PROGRA~2\GNUTOO~1\50A5A~1.420\arm-none-eabi\lib\thumb\libc.a(lib_a-atexit.o)
 .bss           0x20000ac2        0x0 C:\PROGRA~2\GNUTOO~1\50A5A~1.420\arm-none-eabi\lib\thumb\libc.a(lib_a-dtoa.o)
 .bss           0x20000ac2        0x0 C:\PROGRA~2\GNUTOO~1\50A5A~1.420\arm-none-eabi\lib\thumb\libc.a(lib_a-fini.o)
 .bss           0x20000ac2        0x0 C:\PROGRA~2\GNUTOO~1\50A5A~1.420\arm-none-eabi\lib\thumb\libc.a(lib_a-localeconv.o)
 .bss           0x20000ac2        0x0 C:\PROGRA~2\GNUTOO~1\50A5A~1.420\arm-none-eabi\lib\thumb\libc.a(lib_a-mallocr.o)
 *fill*         0x20000ac2        0x2 
 .bss.__malloc_max_total_mem
                0x20000ac4        0x4 C:\PROGRA~2\GNUTOO~1\50A5A~1.420\arm-none-eabi\lib\thumb\libc.a(lib_a-mallocr.o)
                0x20000ac4                __malloc_max_total_mem
 .bss.__malloc_max_sbrked_mem
                0x20000ac8        0x4 C:\PROGRA~2\GNUTOO~1\50A5A~1.420\arm-none-eabi\lib\thumb\libc.a(lib_a-mallocr.o)
                0x20000ac8                __malloc_max_sbrked_mem
 .bss.__malloc_top_pad
                0x20000acc        0x4 C:\PROGRA~2\GNUTOO~1\50A5A~1.420\arm-none-eabi\lib\thumb\libc.a(lib_a-mallocr.o)
                0x20000acc                __malloc_top_pad
 .bss.__malloc_current_mallinfo
                0x20000ad0       0x28 C:\PROGRA~2\GNUTOO~1\50A5A~1.420\arm-none-eabi\lib\thumb\libc.a(lib_a-mallocr.o)
                0x20000ad0                __malloc_current_mallinfo
 .bss           0x20000af8        0x0 C:\PROGRA~2\GNUTOO~1\50A5A~1.420\arm-none-eabi\lib\thumb\libc.a(lib_a-memchr-stub.o)
 .bss           0x20000af8        0x0 C:\PROGRA~2\GNUTOO~1\50A5A~1.420\arm-none-eabi\lib\thumb\libc.a(lib_a-memcpy-stub.o)
 .bss           0x20000af8        0x0 C:\PROGRA~2\GNUTOO~1\50A5A~1.420\arm-none-eabi\lib\thumb\libc.a(lib_a-mlock.o)
 .bss           0x20000af8        0x0 C:\PROGRA~2\GNUTOO~1\50A5A~1.420\arm-none-eabi\lib\thumb\libc.a(lib_a-mprec.o)
 .bss           0x20000af8        0x0 C:\PROGRA~2\GNUTOO~1\50A5A~1.420\arm-none-eabi\lib\thumb\libc.a(lib_a-sbrkr.o)
 .bss           0x20000af8        0x0 C:\PROGRA~2\GNUTOO~1\50A5A~1.420\arm-none-eabi\lib\thumb\libc.a(lib_a-strlen-stub.o)
 .bss           0x20000af8        0x0 C:\PROGRA~2\GNUTOO~1\50A5A~1.420\arm-none-eabi\lib\thumb\libc.a(lib_a-svfiprintf.o)
 .bss           0x20000af8        0x0 C:\PROGRA~2\GNUTOO~1\50A5A~1.420\arm-none-eabi\lib\thumb\libc.a(lib_a-__atexit.o)
 .bss           0x20000af8        0x0 C:\PROGRA~2\GNUTOO~1\50A5A~1.420\arm-none-eabi\lib\thumb\libc.a(lib_a-callocr.o)
 .bss           0x20000af8        0x0 C:\PROGRA~2\GNUTOO~1\50A5A~1.420\arm-none-eabi\lib\thumb\libc.a(lib_a-freer.o)
 .bss           0x20000af8        0x0 C:\PROGRA~2\GNUTOO~1\50A5A~1.420\arm-none-eabi\lib\thumb\libc.a(lib_a-locale.o)
 .bss._PathLocale
                0x20000af8        0x4 C:\PROGRA~2\GNUTOO~1\50A5A~1.420\arm-none-eabi\lib\thumb\libc.a(lib_a-locale.o)
                0x20000af8                _PathLocale
 .bss           0x20000afc        0x0 C:\PROGRA~2\GNUTOO~1\50A5A~1.420\arm-none-eabi\lib\thumb\libc.a(lib_a-mbtowc_r.o)
 .bss           0x20000afc        0x0 C:\PROGRA~2\GNUTOO~1\50A5A~1.420\arm-none-eabi\lib\thumb\libc.a(lib_a-memmove.o)
 .bss           0x20000afc        0x0 C:\PROGRA~2\GNUTOO~1\50A5A~1.420\arm-none-eabi\lib\thumb\libc.a(lib_a-reallocr.o)
 .bss           0x20000afc        0x0 C:\PROGRA~2\GNUTOO~1\50A5A~1.420\arm-none-eabi\lib\thumb\libc.a(lib_a-reent.o)
 .bss           0x20000afc        0x0 C:\PROGRA~2\GNUTOO~1\50A5A~1.420\arm-none-eabi\lib\thumb\libc.a(lib_a-strcmp.o)
 .bss           0x20000afc        0x0 C:\PROGRA~2\GNUTOO~1\50A5A~1.420\arm-none-eabi\lib\thumb\libc.a(lib_a-wctomb_r.o)
 .bss           0x20000afc        0x0 C:\PROGRA~2\GNUTOO~1\50A5A~1.420\arm-none-eabi\lib\thumb\libc.a(lib_a-ctype_.o)
 .bss           0x20000afc        0x0 C:\PROGRA~2\GNUTOO~1\50A5A~1.420\arm-none-eabi\lib\thumb\libnosys.a(sbrk.o)
 .bss.heap_end.4167
                0x20000afc        0x4 C:\PROGRA~2\GNUTOO~1\50A5A~1.420\arm-none-eabi\lib\thumb\libnosys.a(sbrk.o)
 .bss           0x20000b00        0x0 c:/progra~2/gnutoo~1/50a5a~1.420/bin/../lib/gcc/arm-none-eabi/5.4.1/armv7e-m\libgcc.a(_udivsi3.o)
 .bss           0x20000b00        0x0 c:/progra~2/gnutoo~1/50a5a~1.420/bin/../lib/gcc/arm-none-eabi/5.4.1/armv7e-m\libgcc.a(_divsi3.o)
 .bss           0x20000b00        0x0 c:/progra~2/gnutoo~1/50a5a~1.420/bin/../lib/gcc/arm-none-eabi/5.4.1/armv7e-m\libgcc.a(_dvmd_tls.o)
 .bss           0x20000b00        0x0 c:/progra~2/gnutoo~1/50a5a~1.420/bin/../lib/gcc/arm-none-eabi/5.4.1/armv7e-m\libgcc.a(_arm_muldivdf3.o)
 .bss           0x20000b00        0x0 c:/progra~2/gnutoo~1/50a5a~1.420/bin/../lib/gcc/arm-none-eabi/5.4.1/armv7e-m\libgcc.a(_arm_unorddf2.o)
 .bss           0x20000b00        0x0 c:/progra~2/gnutoo~1/50a5a~1.420/bin/../lib/gcc/arm-none-eabi/5.4.1/armv7e-m\libgcc.a(_arm_fixdfsi.o)
 .bss           0x20000b00        0x0 c:/progra~2/gnutoo~1/50a5a~1.420/bin/../lib/gcc/arm-none-eabi/5.4.1/armv7e-m\libgcc.a(_aeabi_uldivmod.o)
 .bss           0x20000b00        0x0 c:/progra~2/gnutoo~1/50a5a~1.420/bin/../lib/gcc/arm-none-eabi/5.4.1/armv7e-m\libgcc.a(_udivmoddi4.o)
 .bss           0x20000b00        0x0 c:/progra~2/gnutoo~1/50a5a~1.420/bin/../lib/gcc/arm-none-eabi/5.4.1/armv7e-m/crtend.o
 .bss           0x20000b00        0x0 c:/progra~2/gnutoo~1/50a5a~1.420/bin/../lib/gcc/arm-none-eabi/5.4.1/armv7e-m/crtn.o
 *(COMMON)
 COMMON         0x20000b00       0xa8 obj/code.o
                0x20000b00                reference_time
                0x20000b08                GPIO_InitStructure_LightSensors
                0x20000b48                sensor_up_time
                0x20000b50                system_time
                0x20000b58                USART_InitStructure
                0x20000b68                delta_sensor
 COMMON         0x20000ba8       0x2c obj/eecfg.o
                0x20000ba8                EE_alarm_RAM
                0x20000bcc                EE_th_nact
 COMMON         0x20000bd4       0x20 obj/motor_functions.o
                0x20000bd4                TIM_TimeBaseStructure
                0x20000be0                TIM_OCInitStructure
 COMMON         0x20000bf4        0x8 libee.a(ee_hal_structs.o)
                0x20000bf4                EE_IRQ_nesting_level
                0x20000bf8                EE_std_endcycle_next_tid
 COMMON         0x20000bfc        0x4 C:\PROGRA~2\GNUTOO~1\50A5A~1.420\arm-none-eabi\lib\thumb\libc.a(lib_a-reent.o)
                0x20000bfc                errno
                0x20000c00                . = ALIGN (0x4)
                0x20000c00                __bss_end__ = .

.heap           0x20000c00      0x100
                0x20000c00                __end__ = .
                0x20000c00                end = __end__
 *(.heap*)
 .heap          0x20000c00      0x100 obj/pkg/mcu/st_stm32_stm32f4xx/src/startup_stm32f4xx_gnu.o
                0x20000c00                __HeapBase
                0x20000d00                __HeapLimit = .

.stack_dummy    0x20000c00      0xc00
 *(.stack*)
 .stack         0x20000c00      0xc00 obj/pkg/mcu/st_stm32_stm32f4xx/src/startup_stm32f4xx_gnu.o
                0x20020000                __StackTop = (ORIGIN (RAM) + LENGTH (RAM))
                0x2001f400                __StackLimit = (__StackTop - SIZEOF (.stack_dummy))
                0x20020000                PROVIDE (__stack, __StackTop)
                0x00000001                ASSERT ((__StackLimit >= __HeapLimit), region RAM overflowed with stack)
                0x10000000                __CcmOrigin = ORIGIN (CCM)
                0x00010000                __CcmLen = LENGTH (CCM)
START GROUP
LOAD c:/progra~2/gnutoo~1/50a5a~1.420/bin/../lib/gcc/arm-none-eabi/5.4.1/armv7e-m\libgcc.a
LOAD C:\PROGRA~2\GNUTOO~1\50A5A~1.420\arm-none-eabi\lib\thumb\libg.a
LOAD C:\PROGRA~2\GNUTOO~1\50A5A~1.420\arm-none-eabi\lib\thumb\libc.a
END GROUP
LOAD c:/progra~2/gnutoo~1/50a5a~1.420/bin/../lib/gcc/arm-none-eabi/5.4.1/armv7e-m/crtend.o
LOAD c:/progra~2/gnutoo~1/50a5a~1.420/bin/../lib/gcc/arm-none-eabi/5.4.1/armv7e-m/crtn.o
OUTPUT(c_mX.elf elf32-littlearm)

.ARM.attributes
                0x00000000       0x2c
 .ARM.attributes
                0x00000000       0x1e c:/progra~2/gnutoo~1/50a5a~1.420/bin/../lib/gcc/arm-none-eabi/5.4.1/armv7e-m/crti.o
 .ARM.attributes
                0x0000001e       0x2e c:/progra~2/gnutoo~1/50a5a~1.420/bin/../lib/gcc/arm-none-eabi/5.4.1/armv7e-m/crtbegin.o
 .ARM.attributes
                0x0000004c       0x1c c:/progra~2/gnutoo~1/50a5a~1.420/bin/../lib/gcc/arm-none-eabi/5.4.1/../../../../arm-none-eabi/lib/armv7e-m/crt0.o
 .ARM.attributes
                0x00000068       0x33 obj/code.o
 .ARM.attributes
                0x0000009b       0x33 obj/eecfg.o
 .ARM.attributes
                0x000000ce       0x33 obj/motor_functions.o
 .ARM.attributes
                0x00000101       0x1c obj/pkg/mcu/st_stm32_stm32f4xx/src/startup_stm32f4xx_gnu.o
 .ARM.attributes
                0x0000011d       0x33 obj/pkg/mcu/st_stm32_stm32f4xx/src/system_stm32f4xx.o
 .ARM.attributes
                0x00000150       0x33 libee.a(ee_hal_structs.o)
 .ARM.attributes
                0x00000183       0x33 libee.a(ee_utils.o)
 .ARM.attributes
                0x000001b6       0x21 libee.a(ee_gnu_change_context_isr.o)
 .ARM.attributes
                0x000001d7       0x21 libee.a(ee_gnu_multi_context.o)
 .ARM.attributes
                0x000001f8       0x33 libee.a(ee_altick.o)
 .ARM.attributes
                0x0000022b       0x33 libee.a(ee_alsetrel.o)
 .ARM.attributes
                0x0000025e       0x33 libee.a(ee_irqsc.o)
 .ARM.attributes
                0x00000291       0x33 libee.a(ee_rqexchg.o)
 .ARM.attributes
                0x000002c4       0x33 libee.a(ee_rqinsert.o)
 .ARM.attributes
                0x000002f7       0x33 libee.a(ee_swait.o)
 .ARM.attributes
                0x0000032a       0x33 libee.a(ee_spost.o)
 .ARM.attributes
                0x0000035d       0x33 libee.a(ee_context.o)
 .ARM.attributes
                0x00000390       0x33 libee.a(ee_context.o)
 .ARM.attributes
                0x000003c3       0x33 libee.a(ee_thendin.o)
 .ARM.attributes
                0x000003f6       0x33 libstm32f4discovery.a(stm32f4_discovery.o)
 .ARM.attributes
                0x00000429       0x33 libstm32f4xxspd.a(stm32f4xx_exti.o)
 .ARM.attributes
                0x0000045c       0x33 libstm32f4xxspd.a(stm32f4xx_gpio.o)
 .ARM.attributes
                0x0000048f       0x33 libstm32f4xxspd.a(stm32f4xx_rcc.o)
 .ARM.attributes
                0x000004c2       0x33 libstm32f4xxspd.a(stm32f4xx_syscfg.o)
 .ARM.attributes
                0x000004f5       0x33 libstm32f4xxspd.a(stm32f4xx_tim.o)
 .ARM.attributes
                0x00000528       0x33 libstm32f4xxspd.a(stm32f4xx_usart.o)
 .ARM.attributes
                0x0000055b       0x33 libstm32f4xxspd.a(misc.o)
 .ARM.attributes
                0x0000058e       0x1e c:/progra~2/gnutoo~1/50a5a~1.420/bin/../lib/gcc/arm-none-eabi/5.4.1/armv7e-m\libgcc.a(_arm_addsubdf3.o)
 .ARM.attributes
                0x000005ac       0x1e c:/progra~2/gnutoo~1/50a5a~1.420/bin/../lib/gcc/arm-none-eabi/5.4.1/armv7e-m\libgcc.a(_arm_cmpdf2.o)
 .ARM.attributes
                0x000005ca       0x30 C:\PROGRA~2\GNUTOO~1\50A5A~1.420\arm-none-eabi\lib\thumb\libc.a(lib_a-exit.o)
 .ARM.attributes
                0x000005fa       0x30 C:\PROGRA~2\GNUTOO~1\50A5A~1.420\arm-none-eabi\lib\thumb\libc.a(lib_a-impure.o)
 .ARM.attributes
                0x0000062a       0x30 C:\PROGRA~2\GNUTOO~1\50A5A~1.420\arm-none-eabi\lib\thumb\libc.a(lib_a-init.o)
 .ARM.attributes
                0x0000065a       0x30 C:\PROGRA~2\GNUTOO~1\50A5A~1.420\arm-none-eabi\lib\thumb\libc.a(lib_a-memset.o)
 .ARM.attributes
                0x0000068a       0x30 C:\PROGRA~2\GNUTOO~1\50A5A~1.420\arm-none-eabi\lib\thumb\libc.a(lib_a-sprintf.o)
 .ARM.attributes
                0x000006ba       0x30 C:\PROGRA~2\GNUTOO~1\50A5A~1.420\arm-none-eabi\lib\thumb\libc.a(lib_a-svfprintf.o)
 .ARM.attributes
                0x000006ea       0x30 C:\PROGRA~2\GNUTOO~1\50A5A~1.420\arm-none-eabi\lib\thumb\libc.a(lib_a-__call_atexit.o)
 .ARM.attributes
                0x0000071a       0x30 C:\PROGRA~2\GNUTOO~1\50A5A~1.420\arm-none-eabi\lib\thumb\libc.a(lib_a-atexit.o)
 .ARM.attributes
                0x0000074a       0x30 C:\PROGRA~2\GNUTOO~1\50A5A~1.420\arm-none-eabi\lib\thumb\libc.a(lib_a-dtoa.o)
 .ARM.attributes
                0x0000077a       0x30 C:\PROGRA~2\GNUTOO~1\50A5A~1.420\arm-none-eabi\lib\thumb\libc.a(lib_a-fini.o)
 .ARM.attributes
                0x000007aa       0x30 C:\PROGRA~2\GNUTOO~1\50A5A~1.420\arm-none-eabi\lib\thumb\libc.a(lib_a-localeconv.o)
 .ARM.attributes
                0x000007da       0x30 C:\PROGRA~2\GNUTOO~1\50A5A~1.420\arm-none-eabi\lib\thumb\libc.a(lib_a-mallocr.o)
 .ARM.attributes
                0x0000080a       0x30 C:\PROGRA~2\GNUTOO~1\50A5A~1.420\arm-none-eabi\lib\thumb\libc.a(lib_a-memchr-stub.o)
 .ARM.attributes
                0x0000083a       0x30 C:\PROGRA~2\GNUTOO~1\50A5A~1.420\arm-none-eabi\lib\thumb\libc.a(lib_a-memcpy-stub.o)
 .ARM.attributes
                0x0000086a       0x30 C:\PROGRA~2\GNUTOO~1\50A5A~1.420\arm-none-eabi\lib\thumb\libc.a(lib_a-mlock.o)
 .ARM.attributes
                0x0000089a       0x30 C:\PROGRA~2\GNUTOO~1\50A5A~1.420\arm-none-eabi\lib\thumb\libc.a(lib_a-mprec.o)
 .ARM.attributes
                0x000008ca       0x30 C:\PROGRA~2\GNUTOO~1\50A5A~1.420\arm-none-eabi\lib\thumb\libc.a(lib_a-sbrkr.o)
 .ARM.attributes
                0x000008fa       0x30 C:\PROGRA~2\GNUTOO~1\50A5A~1.420\arm-none-eabi\lib\thumb\libc.a(lib_a-strlen-stub.o)
 .ARM.attributes
                0x0000092a       0x30 C:\PROGRA~2\GNUTOO~1\50A5A~1.420\arm-none-eabi\lib\thumb\libc.a(lib_a-svfiprintf.o)
 .ARM.attributes
                0x0000095a       0x30 C:\PROGRA~2\GNUTOO~1\50A5A~1.420\arm-none-eabi\lib\thumb\libc.a(lib_a-__atexit.o)
 .ARM.attributes
                0x0000098a       0x30 C:\PROGRA~2\GNUTOO~1\50A5A~1.420\arm-none-eabi\lib\thumb\libc.a(lib_a-callocr.o)
 .ARM.attributes
                0x000009ba       0x30 C:\PROGRA~2\GNUTOO~1\50A5A~1.420\arm-none-eabi\lib\thumb\libc.a(lib_a-freer.o)
 .ARM.attributes
                0x000009ea       0x30 C:\PROGRA~2\GNUTOO~1\50A5A~1.420\arm-none-eabi\lib\thumb\libc.a(lib_a-locale.o)
 .ARM.attributes
                0x00000a1a       0x30 C:\PROGRA~2\GNUTOO~1\50A5A~1.420\arm-none-eabi\lib\thumb\libc.a(lib_a-mbtowc_r.o)
 .ARM.attributes
                0x00000a4a       0x30 C:\PROGRA~2\GNUTOO~1\50A5A~1.420\arm-none-eabi\lib\thumb\libc.a(lib_a-memmove.o)
 .ARM.attributes
                0x00000a7a       0x30 C:\PROGRA~2\GNUTOO~1\50A5A~1.420\arm-none-eabi\lib\thumb\libc.a(lib_a-reallocr.o)
 .ARM.attributes
                0x00000aaa       0x30 C:\PROGRA~2\GNUTOO~1\50A5A~1.420\arm-none-eabi\lib\thumb\libc.a(lib_a-reent.o)
 .ARM.attributes
                0x00000ada       0x16 C:\PROGRA~2\GNUTOO~1\50A5A~1.420\arm-none-eabi\lib\thumb\libc.a(lib_a-strcmp.o)
 .ARM.attributes
                0x00000af0       0x30 C:\PROGRA~2\GNUTOO~1\50A5A~1.420\arm-none-eabi\lib\thumb\libc.a(lib_a-wctomb_r.o)
 .ARM.attributes
                0x00000b20       0x30 C:\PROGRA~2\GNUTOO~1\50A5A~1.420\arm-none-eabi\lib\thumb\libc.a(lib_a-ctype_.o)
 .ARM.attributes
                0x00000b50       0x30 C:\PROGRA~2\GNUTOO~1\50A5A~1.420\arm-none-eabi\lib\thumb\libnosys.a(sbrk.o)
 .ARM.attributes
                0x00000b80       0x1e c:/progra~2/gnutoo~1/50a5a~1.420/bin/../lib/gcc/arm-none-eabi/5.4.1/armv7e-m\libgcc.a(_udivsi3.o)
 .ARM.attributes
                0x00000b9e       0x1e c:/progra~2/gnutoo~1/50a5a~1.420/bin/../lib/gcc/arm-none-eabi/5.4.1/armv7e-m\libgcc.a(_divsi3.o)
 .ARM.attributes
                0x00000bbc       0x1e c:/progra~2/gnutoo~1/50a5a~1.420/bin/../lib/gcc/arm-none-eabi/5.4.1/armv7e-m\libgcc.a(_dvmd_tls.o)
 .ARM.attributes
                0x00000bda       0x1e c:/progra~2/gnutoo~1/50a5a~1.420/bin/../lib/gcc/arm-none-eabi/5.4.1/armv7e-m\libgcc.a(_arm_muldivdf3.o)
 .ARM.attributes
                0x00000bf8       0x1e c:/progra~2/gnutoo~1/50a5a~1.420/bin/../lib/gcc/arm-none-eabi/5.4.1/armv7e-m\libgcc.a(_arm_unorddf2.o)
 .ARM.attributes
                0x00000c16       0x1e c:/progra~2/gnutoo~1/50a5a~1.420/bin/../lib/gcc/arm-none-eabi/5.4.1/armv7e-m\libgcc.a(_arm_fixdfsi.o)
 .ARM.attributes
                0x00000c34       0x1e c:/progra~2/gnutoo~1/50a5a~1.420/bin/../lib/gcc/arm-none-eabi/5.4.1/armv7e-m\libgcc.a(_aeabi_uldivmod.o)
 .ARM.attributes
                0x00000c52       0x2e c:/progra~2/gnutoo~1/50a5a~1.420/bin/../lib/gcc/arm-none-eabi/5.4.1/armv7e-m\libgcc.a(_udivmoddi4.o)
 .ARM.attributes
                0x00000c80       0x2e c:/progra~2/gnutoo~1/50a5a~1.420/bin/../lib/gcc/arm-none-eabi/5.4.1/armv7e-m/crtend.o
 .ARM.attributes
                0x00000cae       0x1e c:/progra~2/gnutoo~1/50a5a~1.420/bin/../lib/gcc/arm-none-eabi/5.4.1/armv7e-m/crtn.o

.comment        0x00000000       0x6e
 .comment       0x00000000       0x6e obj/code.o
                                 0x6f (size before relaxing)
 .comment       0x0000006e       0x6f obj/eecfg.o
 .comment       0x0000006e       0x6f obj/motor_functions.o
 .comment       0x0000006e       0x6f obj/pkg/mcu/st_stm32_stm32f4xx/src/system_stm32f4xx.o
 .comment       0x0000006e       0x6f libee.a(ee_hal_structs.o)
 .comment       0x0000006e       0x6f libee.a(ee_utils.o)
 .comment       0x0000006e       0x6f libee.a(ee_altick.o)
 .comment       0x0000006e       0x6f libee.a(ee_alsetrel.o)
 .comment       0x0000006e       0x6f libee.a(ee_irqsc.o)
 .comment       0x0000006e       0x6f libee.a(ee_rqexchg.o)
 .comment       0x0000006e       0x6f libee.a(ee_rqinsert.o)
 .comment       0x0000006e       0x6f libee.a(ee_swait.o)
 .comment       0x0000006e       0x6f libee.a(ee_spost.o)
 .comment       0x0000006e       0x6f libee.a(ee_context.o)
 .comment       0x0000006e       0x6f libee.a(ee_context.o)
 .comment       0x0000006e       0x6f libee.a(ee_thendin.o)
 .comment       0x0000006e       0x6f libstm32f4discovery.a(stm32f4_discovery.o)
 .comment       0x0000006e       0x6f libstm32f4xxspd.a(stm32f4xx_exti.o)
 .comment       0x0000006e       0x6f libstm32f4xxspd.a(stm32f4xx_gpio.o)
 .comment       0x0000006e       0x6f libstm32f4xxspd.a(stm32f4xx_rcc.o)
 .comment       0x0000006e       0x6f libstm32f4xxspd.a(stm32f4xx_syscfg.o)
 .comment       0x0000006e       0x6f libstm32f4xxspd.a(stm32f4xx_tim.o)
 .comment       0x0000006e       0x6f libstm32f4xxspd.a(stm32f4xx_usart.o)
 .comment       0x0000006e       0x6f libstm32f4xxspd.a(misc.o)

.debug_info     0x00000000     0x8a75
 .debug_info    0x00000000      0xda7 obj/code.o
 .debug_info    0x00000da7      0x3d8 obj/eecfg.o
 .debug_info    0x0000117f      0x783 obj/motor_functions.o
 .debug_info    0x00001902       0xd7 obj/pkg/mcu/st_stm32_stm32f4xx/src/startup_stm32f4xx_gnu.o
 .debug_info    0x000019d9      0x5c5 obj/pkg/mcu/st_stm32_stm32f4xx/src/system_stm32f4xx.o
 .debug_info    0x00001f9e      0x15c libee.a(ee_hal_structs.o)
 .debug_info    0x000020fa      0x23e libee.a(ee_utils.o)
 .debug_info    0x00002338       0xd6 libee.a(ee_gnu_change_context_isr.o)
 .debug_info    0x0000240e       0xd1 libee.a(ee_gnu_multi_context.o)
 .debug_info    0x000024df      0x3f7 libee.a(ee_altick.o)
 .debug_info    0x000028d6      0x2d1 libee.a(ee_alsetrel.o)
 .debug_info    0x00002ba7      0x28b libee.a(ee_irqsc.o)
 .debug_info    0x00002e32      0x178 libee.a(ee_rqexchg.o)
 .debug_info    0x00002faa      0x1b8 libee.a(ee_rqinsert.o)
 .debug_info    0x00003162      0x41f libee.a(ee_swait.o)
 .debug_info    0x00003581      0x356 libee.a(ee_spost.o)
 .debug_info    0x000038d7      0x21c libee.a(ee_context.o)
 .debug_info    0x00003af3      0x1d6 libee.a(ee_context.o)
 .debug_info    0x00003cc9      0x2fb libee.a(ee_thendin.o)
 .debug_info    0x00003fc4      0x6dd libstm32f4discovery.a(stm32f4_discovery.o)
 .debug_info    0x000046a1      0x357 libstm32f4xxspd.a(stm32f4xx_exti.o)
 .debug_info    0x000049f8      0x61d libstm32f4xxspd.a(stm32f4xx_gpio.o)
 .debug_info    0x00005015      0xc63 libstm32f4xxspd.a(stm32f4xx_rcc.o)
 .debug_info    0x00005c78      0x274 libstm32f4xxspd.a(stm32f4xx_syscfg.o)
 .debug_info    0x00005eec     0x1c69 libstm32f4xxspd.a(stm32f4xx_tim.o)
 .debug_info    0x00007b55      0x9ca libstm32f4xxspd.a(stm32f4xx_usart.o)
 .debug_info    0x0000851f      0x556 libstm32f4xxspd.a(misc.o)

.debug_abbrev   0x00000000     0x219e
 .debug_abbrev  0x00000000      0x35e obj/code.o
 .debug_abbrev  0x0000035e       0xf9 obj/eecfg.o
 .debug_abbrev  0x00000457      0x173 obj/motor_functions.o
 .debug_abbrev  0x000005ca       0x12 obj/pkg/mcu/st_stm32_stm32f4xx/src/startup_stm32f4xx_gnu.o
 .debug_abbrev  0x000005dc      0x138 obj/pkg/mcu/st_stm32_stm32f4xx/src/system_stm32f4xx.o
 .debug_abbrev  0x00000714       0x9b libee.a(ee_hal_structs.o)
 .debug_abbrev  0x000007af      0x15b libee.a(ee_utils.o)
 .debug_abbrev  0x0000090a       0x14 libee.a(ee_gnu_change_context_isr.o)
 .debug_abbrev  0x0000091e       0x14 libee.a(ee_gnu_multi_context.o)
 .debug_abbrev  0x00000932      0x1c6 libee.a(ee_altick.o)
 .debug_abbrev  0x00000af8      0x168 libee.a(ee_alsetrel.o)
 .debug_abbrev  0x00000c60      0x139 libee.a(ee_irqsc.o)
 .debug_abbrev  0x00000d99       0xb5 libee.a(ee_rqexchg.o)
 .debug_abbrev  0x00000e4e       0xd8 libee.a(ee_rqinsert.o)
 .debug_abbrev  0x00000f26      0x1a1 libee.a(ee_swait.o)
 .debug_abbrev  0x000010c7      0x187 libee.a(ee_spost.o)
 .debug_abbrev  0x0000124e      0x122 libee.a(ee_context.o)
 .debug_abbrev  0x00001370       0xd4 libee.a(ee_context.o)
 .debug_abbrev  0x00001444      0x137 libee.a(ee_thendin.o)
 .debug_abbrev  0x0000157b      0x194 libstm32f4discovery.a(stm32f4_discovery.o)
 .debug_abbrev  0x0000170f      0x1a9 libstm32f4xxspd.a(stm32f4xx_exti.o)
 .debug_abbrev  0x000018b8      0x1a7 libstm32f4xxspd.a(stm32f4xx_gpio.o)
 .debug_abbrev  0x00001a5f      0x1e5 libstm32f4xxspd.a(stm32f4xx_rcc.o)
 .debug_abbrev  0x00001c44      0x133 libstm32f4xxspd.a(stm32f4xx_syscfg.o)
 .debug_abbrev  0x00001d77      0x189 libstm32f4xxspd.a(stm32f4xx_tim.o)
 .debug_abbrev  0x00001f00      0x157 libstm32f4xxspd.a(stm32f4xx_usart.o)
 .debug_abbrev  0x00002057      0x147 libstm32f4xxspd.a(misc.o)

.debug_aranges  0x00000000      0x370
 .debug_aranges
                0x00000000       0x20 obj/code.o
 .debug_aranges
                0x00000020       0x20 obj/eecfg.o
 .debug_aranges
                0x00000040       0x20 obj/motor_functions.o
 .debug_aranges
                0x00000060       0x30 obj/pkg/mcu/st_stm32_stm32f4xx/src/startup_stm32f4xx_gnu.o
 .debug_aranges
                0x00000090       0x20 obj/pkg/mcu/st_stm32_stm32f4xx/src/system_stm32f4xx.o
 .debug_aranges
                0x000000b0       0x20 libee.a(ee_hal_structs.o)
 .debug_aranges
                0x000000d0       0x20 libee.a(ee_utils.o)
 .debug_aranges
                0x000000f0       0x20 libee.a(ee_gnu_change_context_isr.o)
 .debug_aranges
                0x00000110       0x20 libee.a(ee_gnu_multi_context.o)
 .debug_aranges
                0x00000130       0x20 libee.a(ee_altick.o)
 .debug_aranges
                0x00000150       0x20 libee.a(ee_alsetrel.o)
 .debug_aranges
                0x00000170       0x20 libee.a(ee_irqsc.o)
 .debug_aranges
                0x00000190       0x20 libee.a(ee_rqexchg.o)
 .debug_aranges
                0x000001b0       0x20 libee.a(ee_rqinsert.o)
 .debug_aranges
                0x000001d0       0x20 libee.a(ee_swait.o)
 .debug_aranges
                0x000001f0       0x20 libee.a(ee_spost.o)
 .debug_aranges
                0x00000210       0x20 libee.a(ee_context.o)
 .debug_aranges
                0x00000230       0x20 libee.a(ee_context.o)
 .debug_aranges
                0x00000250       0x20 libee.a(ee_thendin.o)
 .debug_aranges
                0x00000270       0x20 libstm32f4discovery.a(stm32f4_discovery.o)
 .debug_aranges
                0x00000290       0x20 libstm32f4xxspd.a(stm32f4xx_exti.o)
 .debug_aranges
                0x000002b0       0x20 libstm32f4xxspd.a(stm32f4xx_gpio.o)
 .debug_aranges
                0x000002d0       0x20 libstm32f4xxspd.a(stm32f4xx_rcc.o)
 .debug_aranges
                0x000002f0       0x20 libstm32f4xxspd.a(stm32f4xx_syscfg.o)
 .debug_aranges
                0x00000310       0x20 libstm32f4xxspd.a(stm32f4xx_tim.o)
 .debug_aranges
                0x00000330       0x20 libstm32f4xxspd.a(stm32f4xx_usart.o)
 .debug_aranges
                0x00000350       0x20 libstm32f4xxspd.a(misc.o)

.debug_ranges   0x00000000       0x70
 .debug_ranges  0x00000000       0x18 obj/code.o
 .debug_ranges  0x00000018       0x28 obj/pkg/mcu/st_stm32_stm32f4xx/src/startup_stm32f4xx_gnu.o
 .debug_ranges  0x00000040       0x18 libee.a(ee_irqsc.o)
 .debug_ranges  0x00000058       0x18 libee.a(ee_thendin.o)

.debug_line     0x00000000     0x4ad6
 .debug_line    0x00000000      0x6fc obj/code.o
 .debug_line    0x000006fc      0x19d obj/eecfg.o
 .debug_line    0x00000899      0x3dd obj/motor_functions.o
 .debug_line    0x00000c76       0xe6 obj/pkg/mcu/st_stm32_stm32f4xx/src/startup_stm32f4xx_gnu.o
 .debug_line    0x00000d5c      0x27f obj/pkg/mcu/st_stm32_stm32f4xx/src/system_stm32f4xx.o
 .debug_line    0x00000fdb      0x1bf libee.a(ee_hal_structs.o)
 .debug_line    0x0000119a      0x215 libee.a(ee_utils.o)
 .debug_line    0x000013af       0xe4 libee.a(ee_gnu_change_context_isr.o)
 .debug_line    0x00001493       0xd3 libee.a(ee_gnu_multi_context.o)
 .debug_line    0x00001566      0x2c5 libee.a(ee_altick.o)
 .debug_line    0x0000182b      0x27b libee.a(ee_alsetrel.o)
 .debug_line    0x00001aa6      0x235 libee.a(ee_irqsc.o)
 .debug_line    0x00001cdb      0x1e9 libee.a(ee_rqexchg.o)
 .debug_line    0x00001ec4      0x1f7 libee.a(ee_rqinsert.o)
 .debug_line    0x000020bb      0x2f5 libee.a(ee_swait.o)
 .debug_line    0x000023b0      0x2b3 libee.a(ee_spost.o)
 .debug_line    0x00002663      0x213 libee.a(ee_context.o)
 .debug_line    0x00002876      0x201 libee.a(ee_context.o)
 .debug_line    0x00002a77      0x26d libee.a(ee_thendin.o)
 .debug_line    0x00002ce4      0x35e libstm32f4discovery.a(stm32f4_discovery.o)
 .debug_line    0x00003042      0x300 libstm32f4xxspd.a(stm32f4xx_exti.o)
 .debug_line    0x00003342      0x36d libstm32f4xxspd.a(stm32f4xx_gpio.o)
 .debug_line    0x000036af      0x431 libstm32f4xxspd.a(stm32f4xx_rcc.o)
 .debug_line    0x00003ae0      0x251 libstm32f4xxspd.a(stm32f4xx_syscfg.o)
 .debug_line    0x00003d31      0x6d6 libstm32f4xxspd.a(stm32f4xx_tim.o)
 .debug_line    0x00004407      0x40b libstm32f4xxspd.a(stm32f4xx_usart.o)
 .debug_line    0x00004812      0x2c4 libstm32f4xxspd.a(misc.o)

.debug_str      0x00000000     0x3771
 .debug_str     0x00000000      0xe53 obj/code.o
                                0xef9 (size before relaxing)
 .debug_str     0x00000e53      0x184 obj/eecfg.o
                                0x373 (size before relaxing)
 .debug_str     0x00000fd7      0x2c5 obj/motor_functions.o
                                0x6be (size before relaxing)
 .debug_str     0x0000129c      0x201 obj/pkg/mcu/st_stm32_stm32f4xx/src/system_stm32f4xx.o
                                0x3d8 (size before relaxing)
 .debug_str     0x0000149d       0x65 libee.a(ee_hal_structs.o)
                                0x221 (size before relaxing)
 .debug_str     0x00001502       0xd1 libee.a(ee_utils.o)
                                0x293 (size before relaxing)
 .debug_str     0x000015d3      0x109 libee.a(ee_altick.o)
                                0x3bf (size before relaxing)
 .debug_str     0x000016dc       0x7a libee.a(ee_alsetrel.o)
                                0x30f (size before relaxing)
 .debug_str     0x00001756       0xc3 libee.a(ee_irqsc.o)
                                0x2c5 (size before relaxing)
 .debug_str     0x00001819       0x78 libee.a(ee_rqexchg.o)
                                0x234 (size before relaxing)
 .debug_str     0x00001891       0x6e libee.a(ee_rqinsert.o)
                                0x240 (size before relaxing)
 .debug_str     0x000018ff       0xb8 libee.a(ee_swait.o)
                                0x375 (size before relaxing)
 .debug_str     0x000019b7       0x95 libee.a(ee_spost.o)
                                0x355 (size before relaxing)
 .debug_str     0x00001a4c       0x99 libee.a(ee_context.o)
                                0x2ae (size before relaxing)
 .debug_str     0x00001ae5       0x8c libee.a(ee_context.o)
                                0x28f (size before relaxing)
 .debug_str     0x00001b71       0x77 libee.a(ee_thendin.o)