Archive member included to satisfy reference by file (symbol)

libee.a(ee_hal_structs.o)     obj/code.o (EE_IRQ_nesting_level)
libee.a(ee_utils.o)           obj/code.o (EE_system_init)
libee.a(ee_gnu_change_context_isr.o)
                              obj/code.o (EE_switch_context)
libee.a(ee_irqsc.o)           libee.a(ee_gnu_change_context_isr.o) (EE_IRQ_end_instance)
libee.a(ee_rqexchg.o)         libee.a(ee_irqsc.o) (EE_rq2stk_exchange)
libee.a(ee_context.o)         libee.a(ee_gnu_change_context_isr.o) (EE_cortex_mx_change_context)
libee.a(ee_context.o)         libee.a(ee_context.o) (EE_std_run_task_code)
libee.a(ee_thendin.o)         libee.a(ee_context.o) (EE_thread_end_instance)
libee.a(ee_rqinsert.o)        libee.a(ee_thendin.o) (EE_rq_insert)
libstm32f4xxspd.a(stm32f4xx_gpio.o)
                              obj/code.o (GPIO_Init)
libstm32f4xxspd.a(stm32f4xx_rcc.o)
                              obj/code.o (RCC_AHB1PeriphClockCmd)
libstm32f4xxspd.a(stm32f4xx_tim.o)
                              obj/code.o (TIM_TimeBaseInit)
C:\PROGRA~2\GNUTOO~1\50A5A~1.420\arm-none-eabi\lib\thumb\libc.a(lib_a-exit.o)
                              c:/progra~2/gnutoo~1/50a5a~1.420/bin/../lib/gcc/arm-none-eabi/5.4.1/../../../../arm-none-eabi/lib/armv7e-m/crt0.o (exit)
C:\PROGRA~2\GNUTOO~1\50A5A~1.420\arm-none-eabi\lib\thumb\libc.a(lib_a-impure.o)
                              C:\PROGRA~2\GNUTOO~1\50A5A~1.420\arm-none-eabi\lib\thumb\libc.a(lib_a-exit.o) (_global_impure_ptr)
C:\PROGRA~2\GNUTOO~1\50A5A~1.420\arm-none-eabi\lib\thumb\libc.a(lib_a-init.o)
                              c:/progra~2/gnutoo~1/50a5a~1.420/bin/../lib/gcc/arm-none-eabi/5.4.1/../../../../arm-none-eabi/lib/armv7e-m/crt0.o (__libc_init_array)
C:\PROGRA~2\GNUTOO~1\50A5A~1.420\arm-none-eabi\lib\thumb\libc.a(lib_a-memset.o)
                              c:/progra~2/gnutoo~1/50a5a~1.420/bin/../lib/gcc/arm-none-eabi/5.4.1/../../../../arm-none-eabi/lib/armv7e-m/crt0.o (memset)
C:\PROGRA~2\GNUTOO~1\50A5A~1.420\arm-none-eabi\lib\thumb\libc.a(lib_a-__call_atexit.o)
                              C:\PROGRA~2\GNUTOO~1\50A5A~1.420\arm-none-eabi\lib\thumb\libc.a(lib_a-exit.o) (__call_exitprocs)
C:\PROGRA~2\GNUTOO~1\50A5A~1.420\arm-none-eabi\lib\thumb\libc.a(lib_a-atexit.o)
                              C:\PROGRA~2\GNUTOO~1\50A5A~1.420\arm-none-eabi\lib\thumb\libc.a(lib_a-__call_atexit.o) (atexit)
C:\PROGRA~2\GNUTOO~1\50A5A~1.420\arm-none-eabi\lib\thumb\libc.a(lib_a-fini.o)
                              C:\PROGRA~2\GNUTOO~1\50A5A~1.420\arm-none-eabi\lib\thumb\libc.a(lib_a-__call_atexit.o) (__libc_fini_array)
C:\PROGRA~2\GNUTOO~1\50A5A~1.420\arm-none-eabi\lib\thumb\libc.a(lib_a-__atexit.o)
                              C:\PROGRA~2\GNUTOO~1\50A5A~1.420\arm-none-eabi\lib\thumb\libc.a(lib_a-atexit.o) (__register_exitproc)

Allocating common symbols
Common symbol       size              file

TIM_TimeBaseStructure
                    0xc               obj/code.o
GPIO_InitStructure_LightSensors
                    0x40              obj/code.o
EE_IRQ_nesting_level
                    0x4               libee.a(ee_hal_structs.o)
TIM_OCInitStructure
                    0x14              obj/code.o
EE_std_endcycle_next_tid
                    0x4               libee.a(ee_hal_structs.o)
EE_th_nact          0x0               obj/eecfg.o

Memory Configuration

Name             Origin             Length             Attributes
FLASH            0x08000000         0x00100000         xr
RAM              0x20000000         0x00020000         xrw
CCM              0x10000000         0x00010000         xrw
MEMORY_B1        0x60000000         0x00000000         xr
*default*        0x00000000         0xffffffff

Linker script and memory map

LOAD c:/progra~2/gnutoo~1/50a5a~1.420/bin/../lib/gcc/arm-none-eabi/5.4.1/armv7e-m/crti.o
LOAD c:/progra~2/gnutoo~1/50a5a~1.420/bin/../lib/gcc/arm-none-eabi/5.4.1/armv7e-m/crtbegin.o
LOAD c:/progra~2/gnutoo~1/50a5a~1.420/bin/../lib/gcc/arm-none-eabi/5.4.1/../../../../arm-none-eabi/lib/armv7e-m/crt0.o
LOAD obj/code.o
LOAD obj/eecfg.o
LOAD obj/pkg/mcu/st_stm32_stm32f4xx/src/startup_stm32f4xx_gnu.o
LOAD obj/pkg/mcu/st_stm32_stm32f4xx/src/system_stm32f4xx.o
LOAD libee.a
LOAD libstm32f4discovery.a
LOAD libstm32f4xxspd.a
START GROUP
LOAD c:/progra~2/gnutoo~1/50a5a~1.420/bin/../lib/gcc/arm-none-eabi/5.4.1/armv7e-m\libgcc.a
LOAD C:\PROGRA~2\GNUTOO~1\50A5A~1.420\arm-none-eabi\lib\thumb\libc.a
LOAD C:\PROGRA~2\GNUTOO~1\50A5A~1.420\arm-none-eabi\lib\thumb\libm.a
LOAD C:\PROGRA~2\GNUTOO~1\50A5A~1.420\arm-none-eabi\lib\thumb\libnosys.a
END GROUP

.text           0x08000000     0x3d24
 *(.isr_vector)
 .isr_vector    0x08000000      0x188 obj/pkg/mcu/st_stm32_stm32f4xx/src/startup_stm32f4xx_gnu.o
                0x08000000                __isr_vector
 *(.text*)
 .text          0x08000188        0x0 c:/progra~2/gnutoo~1/50a5a~1.420/bin/../lib/gcc/arm-none-eabi/5.4.1/armv7e-m/crti.o
 .text          0x08000188       0x5c c:/progra~2/gnutoo~1/50a5a~1.420/bin/../lib/gcc/arm-none-eabi/5.4.1/armv7e-m/crtbegin.o
 .text          0x080001e4       0x74 c:/progra~2/gnutoo~1/50a5a~1.420/bin/../lib/gcc/arm-none-eabi/5.4.1/../../../../arm-none-eabi/lib/armv7e-m/crt0.o
                0x080001e4                _start
                0x080001e4                _mainCRTStartup
 .text          0x08000258      0x4d8 obj/code.o
                0x0800028c                breakleft
                0x080002a4                folleleft
                0x080002bc                forwardleft
                0x080002dc                backwardleft
                0x080002fc                breakright
                0x08000314                folleright
                0x0800032c                forwardright
                0x0800034c                backwardright
                0x0800036c                EnableMotors
                0x08000384                DisableMotors
                0x0800039c                InitMotors
                0x080003e4                InitLineSensor
                0x08000450                LineSensors_ReadPin
                0x080004d8                systick_handler
                0x08000594                ISR2_systick_handler
                0x080005a0                PWM_Config_and_En
                0x080006a8                FuncTaskMotorControl
                0x080006b4                main
 .text          0x08000730       0x34 obj/eecfg.o
 .text          0x08000764        0x0 obj/pkg/mcu/st_stm32_stm32f4xx/src/startup_stm32f4xx_gnu.o
 .text.EE_cortex_mx_default_reset_ISR
                0x08000764       0x40 obj/pkg/mcu/st_stm32_stm32f4xx/src/startup_stm32f4xx_gnu.o
                0x08000764                EE_cortex_mx_default_reset_ISR
 .text.EE_cortex_mx_default_ISR
                0x080007a4        0x4 obj/pkg/mcu/st_stm32_stm32f4xx/src/startup_stm32f4xx_gnu.o
                0x080007a4                EE_CORTEX_MX_DMA1_STREAM4_ISR
                0x080007a4                EE_CORTEX_MX_USART6_ISR
                0x080007a4                EE_CORTEX_MX_DMA1_STREAM6_ISR
                0x080007a4                EE_CORTEX_MX_CRYP_ISR
                0x080007a4                EE_CORTEX_MX_DMA1_STREAM5_ISR
                0x080007a4                EE_CORTEX_MX_BUS_FAULT_ISR
                0x080007a4                EE_CORTEX_MX_PVD_ISR
                0x080007a4                EE_CORTEX_MX_SPI2_ISR
                0x080007a4                EE_CORTEX_MX_CAN1_RX1_ISR
                0x080007a4                EE_CORTEX_MX_DMA2_STREAM5_ISR
                0x080007a4                EE_CORTEX_MX_TIM6_DAC_ISR
                0x080007a4                EE_CORTEX_MX_I2C2_EV_ISR
                0x080007a4                EE_CORTEX_MX_TIM1_UP_TIM10_ISR
                0x080007a4                EE_CORTEX_MX_CAN1_RX0_ISR
                0x080007a4                EE_CORTEX_MX_USART1_ISR
                0x080007a4                EE_CORTEX_MX_TIM8_CC_ISR
                0x080007a4                EE_CORTEX_MX_RTC_Alarm_ISR
                0x080007a4                EE_CORTEX_MX_EXTI2_ISR
                0x080007a4                EE_CORTEX_MX_OTG_HS_ISR
                0x080007a4                EE_CORTEX_MX_DCMI_ISR
                0x080007a4                EE_CORTEX_MX_DMA2_STREAM0_ISR
                0x080007a4                EE_CORTEX_MX_SPI1_ISR
                0x080007a4                EE_cortex_mx_default_ISR
                0x080007a4                EE_CORTEX_MX_ETH_WKUP_ISR
                0x080007a4                EE_CORTEX_MX_TIM8_TRG_COM_TIM14_ISR
                0x080007a4                EE_CORTEX_MX_USAGE_FAULT_ISR
                0x080007a4                EE_CORTEX_MX_TIM7_ISR
                0x080007a4                EE_CORTEX_MX_TIM2_ISR
                0x080007a4                EE_CORTEX_MX_I2C1_EV_ISR
                0x080007a4                EE_CORTEX_MX_TIM1_TRG_COM_TIM11_ISR
                0x080007a4                EE_CORTEX_MX_UART5_ISR
                0x080007a4                EE_CORTEX_MX_UART4_ISR
                0x080007a4                EE_CORTEX_MX_NMI_ISR
                0x080007a4                EE_CORTEX_MX_TIM3_ISR
                0x080007a4                EE_CORTEX_MX_USART3_ISR
                0x080007a4                EE_CORTEX_MX_DMA2_STREAM4_ISR
                0x080007a4                EE_CORTEX_MX_EXTI4_ISR
                0x080007a4                EE_CORTEX_MX_ADC_ISR
                0x080007a4                EE_CORTEX_MX_OTG_HS_EP1_IN_ISR
                0x080007a4                EE_CORTEX_MX_DMA2_STREAM1_ISR
                0x080007a4                EE_CORTEX_MX_CAN1_TX_ISR
                0x080007a4                EE_CORTEX_MX_USART2_ISR
                0x080007a4                EE_CORTEX_MX_SDIO_ISR
                0x080007a4                EE_CORTEX_MX_I2C2_ER_ISR
                0x080007a4                EE_CORTEX_MX_I2C3_EV_ISR
                0x080007a4                EE_CORTEX_MX_HARD_FAULT_ISR
                0x080007a4                EE_CORTEX_MX_DMA1_STREAM3_ISR
                0x080007a4                EE_CORTEX_MX_OTG_HS_EP1_OUT_ISR
                0x080007a4                EE_CORTEX_MX_TIM8_BRK_TIM12_ISR
                0x080007a4                EE_CORTEX_MX_CAN1_SCE_ISR
                0x080007a4                EE_CORTEX_MX_DMA1_STREAM1_ISR
                0x080007a4                EE_CORTEX_MX_TIM4_ISR
                0x080007a4                EE_CORTEX_MX_DMA2_STREAM3_ISR
                0x080007a4                EE_CORTEX_MX_ETH_ISR
                0x080007a4                EE_CORTEX_MX_OTG_FS_ISR
                0x080007a4                EE_CORTEX_MX_CAN2_RX0_ISR
                0x080007a4                EE_CORTEX_MX_CAN2_SCE_ISR
                0x080007a4                EE_CORTEX_MX_FPU_ISR
                0x080007a4                EE_CORTEX_MX_RTC_WKUP_ISR
                0x080007a4                EE_CORTEX_MX_TIM8_UP_TIM13_ISR
                0x080007a4                EE_CORTEX_MX_OTG_FS_WKUP_ISR
                0x080007a4                EE_CORTEX_MX_DMA1_STREAM2_ISR
                0x080007a4                EE_CORTEX_MX_EXTI9_5_ISR
                0x080007a4                EE_CORTEX_MX_EXTI3_ISR
                0x080007a4                EE_CORTEX_MX_EXTI0_ISR
                0x080007a4                EE_CORTEX_MX_I2C1_ER_ISR
                0x080007a4                EE_CORTEX_MX_FLASH_ISR
                0x080007a4                EE_CORTEX_MX_OTG_HS_WKUP_ISR
                0x080007a4                EE_CORTEX_MX_TIM1_BRK_TIM9_ISR
                0x080007a4                EE_CORTEX_MX_I2C3_ER_ISR
                0x080007a4                EE_CORTEX_MX_TIM1_CC_ISR
                0x080007a4                EE_CORTEX_MX_SPI3_ISR
                0x080007a4                EE_CORTEX_MX_EXTI15_10_ISR
                0x080007a4                EE_CORTEX_MX_CAN2_TX_ISR
                0x080007a4                EE_CORTEX_MX_RCC_ISR
                0x080007a4                EE_CORTEX_MX_FSMC_ISR
                0x080007a4                EE_CORTEX_MX_DMA2_STREAM2_ISR
                0x080007a4                EE_CORTEX_MX_DMA2_STREAM7_ISR
                0x080007a4                EE_CORTEX_MX_EXTI1_ISR
                0x080007a4                EE_CORTEX_MX_DEBUG_MONITOR_ISR
                0x080007a4                EE_CORTEX_MX_WWDG_ISR
                0x080007a4                EE_CORTEX_MX_MPU_FAULT_ISR
                0x080007a4                EE_CORTEX_MX_HASH_RNG_ISR
                0x080007a4                EE_CORTEX_MX_DMA2_STREAM6_ISR
                0x080007a4                EE_CORTEX_MX_TIM5_ISR
                0x080007a4                EE_CORTEX_MX_DMA1_STREAM0_ISR
                0x080007a4                EE_CORTEX_MX_TAMP_STAMP_ISR
                0x080007a4                EE_CORTEX_MX_CAN2_RX1_ISR
                0x080007a4                EE_CORTEX_MX_DMA1_Stream7_ISR
 .text._exit    0x080007a8        0x6 obj/pkg/mcu/st_stm32_stm32f4xx/src/startup_stm32f4xx_gnu.o
                0x080007a8                _exit
 *fill*         0x080007ae        0x2 
 .text          0x080007b0      0x248 obj/pkg/mcu/st_stm32_stm32f4xx/src/system_stm32f4xx.o
                0x080007b0                SystemInit
                0x0800080c                SystemCoreClockUpdate
 .text          0x080009f8       0x34 libee.a(ee_hal_structs.o)
 .text          0x08000a2c       0x70 libee.a(ee_utils.o)
                0x08000a60                EE_system_init
 .text          0x08000a9c       0x80 libee.a(ee_gnu_change_context_isr.o)
                0x08000a9c                EE_set_switch_context_pri
                0x08000ab6                EE_switch_context
                0x08000ac0                EE_cortex_mx_pendsv_ISR
                0x08000afe                EE_cortex_mx_svc_ISR
 .text          0x08000b1c       0xa4 libee.a(ee_irqsc.o)
                0x08000b50                EE_IRQ_end_instance
 .text          0x08000bc0       0x78 libee.a(ee_rqexchg.o)
                0x08000bf4                EE_rq2stk_exchange
 .text          0x08000c38       0x54 libee.a(ee_context.o)
                0x08000c6c                EE_cortex_mx_change_context
 .text          0x08000c8c       0x70 libee.a(ee_context.o)
                0x08000cc0                EE_std_run_task_code
 .text          0x08000cfc       0xfc libee.a(ee_thendin.o)
                0x08000d30                EE_thread_end_instance
 .text          0x08000df8       0xb4 libee.a(ee_rqinsert.o)
                0x08000e2c                EE_rq_insert
 .text          0x08000eac      0x484 libstm32f4xxspd.a(stm32f4xx_gpio.o)
                0x08000eac                GPIO_DeInit
                0x08000fcc                GPIO_Init
                0x080010e8                GPIO_StructInit
                0x0800111c                GPIO_PinLockConfig
                0x08001160                GPIO_ReadInputDataBit
                0x08001194                GPIO_ReadInputData
                0x080011ac                GPIO_ReadOutputDataBit
                0x080011e0                GPIO_ReadOutputData
                0x080011f8                GPIO_SetBits
                0x08001214                GPIO_ResetBits
                0x08001230                GPIO_WriteBit
                0x08001260                GPIO_Write
                0x0800127c                GPIO_ToggleBits
                0x080012a0                GPIO_PinAFConfig
 .text          0x08001330      0xa78 libstm32f4xxspd.a(stm32f4xx_rcc.o)
                0x08001330                RCC_DeInit
                0x08001380                RCC_HSEConfig
                0x080013a4                RCC_WaitForHSEStartUp
                0x080013f4                RCC_AdjustHSICalibrationValue
                0x08001430                RCC_HSICmd
                0x08001450                RCC_LSEConfig
                0x08001490                RCC_LSICmd
                0x080014b0                RCC_PLLConfig
                0x080014ec                RCC_PLLCmd
                0x0800150c                RCC_PLLI2SConfig
                0x08001534                RCC_PLLI2SCmd
                0x08001554                RCC_ClockSecuritySystemCmd
                0x08001574                RCC_MCO1Config
                0x080015b0                RCC_MCO2Config
                0x080015ec                RCC_SYSCLKConfig
                0x08001624                RCC_GetSYSCLKSource
                0x08001640                RCC_HCLKConfig
                0x08001678                RCC_PCLK1Config
                0x080016b0                RCC_PCLK2Config
                0x080016e8                RCC_GetClocksFreq
                0x0800183c                RCC_RTCCLKConfig
                0x08001898                RCC_RTCCLKCmd
                0x080018b8                RCC_BackupResetCmd
                0x080018d8                RCC_I2SCLKConfig
                0x080018f4                RCC_AHB1PeriphClockCmd
                0x08001930                RCC_AHB2PeriphClockCmd
                0x0800196c                RCC_AHB3PeriphClockCmd
                0x080019a8                RCC_APB1PeriphClockCmd
                0x080019e4                RCC_APB2PeriphClockCmd
                0x08001a20                RCC_AHB1PeriphResetCmd
                0x08001a5c                RCC_AHB2PeriphResetCmd
                0x08001a98                RCC_AHB3PeriphResetCmd
                0x08001ad4                RCC_APB1PeriphResetCmd
                0x08001b10                RCC_APB2PeriphResetCmd
                0x08001b4c                RCC_AHB1PeriphClockLPModeCmd
                0x08001b88                RCC_AHB2PeriphClockLPModeCmd
                0x08001bc4                RCC_AHB3PeriphClockLPModeCmd
                0x08001c00                RCC_APB1PeriphClockLPModeCmd
                0x08001c3c                RCC_APB2PeriphClockLPModeCmd
                0x08001c78                RCC_ITConfig
                0x08001cc4                RCC_GetFlagStatus
                0x08001d38                RCC_ClearFlag
                0x08001d54                RCC_GetITStatus
                0x08001d88                RCC_ClearITPendingBit
 .text          0x08001da8     0x1bf8 libstm32f4xxspd.a(stm32f4xx_tim.o)
                0x08001da8                TIM_DeInit
                0x08001f68                TIM_TimeBaseInit
                0x0800203c                TIM_TimeBaseStructInit
                0x08002070                TIM_PrescalerConfig
                0x08002098                TIM_CounterModeConfig
                0x080020d0                TIM_SetCounter
                0x080020ec                TIM_SetAutoreload
                0x08002108                TIM_GetCounter
                0x08002120                TIM_GetPrescaler
                0x08002138                TIM_UpdateDisableConfig
                0x08002178                TIM_UpdateRequestConfig
                0x080021b8                TIM_ARRPreloadConfig
                0x080021f8                TIM_SelectOnePulseMode
                0x08002230                TIM_SetClockDivision
                0x08002268                TIM_Cmd
                0x080022a8                TIM_OC1Init
                0x0800239c                TIM_OC2Init
                0x080024ac                TIM_OC3Init
                0x080025b8                TIM_OC4Init
                0x08002684                TIM_OCStructInit
                0x080026c8                TIM_SelectOCxM
                0x08002778                TIM_SetCompare1
                0x08002794                TIM_SetCompare2
                0x080027b0                TIM_SetCompare3
                0x080027cc                TIM_SetCompare4
                0x080027e8                TIM_ForcedOC1Config
                0x08002820                TIM_ForcedOC2Config
                0x0800285c                TIM_ForcedOC3Config
                0x08002894                TIM_ForcedOC4Config
                0x080028d0                TIM_OC1PreloadConfig
                0x08002908                TIM_OC2PreloadConfig
                0x08002944                TIM_OC3PreloadConfig
                0x0800297c                TIM_OC4PreloadConfig
                0x080029b8                TIM_OC1FastConfig
                0x080029f0                TIM_OC2FastConfig
                0x08002a2c                TIM_OC3FastConfig
                0x08002a64                TIM_OC4FastConfig
                0x08002aa0                TIM_ClearOC1Ref
                0x08002ad8                TIM_ClearOC2Ref
                0x08002b14                TIM_ClearOC3Ref
                0x08002b4c                TIM_ClearOC4Ref
                0x08002b88                TIM_OC1PolarityConfig
                0x08002bc0                TIM_OC1NPolarityConfig
                0x08002bf8                TIM_OC2PolarityConfig
                0x08002c34                TIM_OC2NPolarityConfig
                0x08002c70                TIM_OC3PolarityConfig
                0x08002cac                TIM_OC3NPolarityConfig
                0x08002ce8                TIM_OC4PolarityConfig
                0x08002d24                TIM_CCxCmd
                0x08002d78                TIM_CCxNCmd
                0x08002dcc                TIM_ICInit
                0x08002e74                TIM_ICStructInit
                0x08002ea4                TIM_PWMIConfig
                0x08002f5c                TIM_GetCapture1
                0x08002f74                TIM_GetCapture2
                0x08002f8c                TIM_GetCapture3
                0x08002fa4                TIM_GetCapture4
                0x08002fbc                TIM_SetIC1Prescaler
                0x08002ff4                TIM_SetIC2Prescaler
                0x08003030                TIM_SetIC3Prescaler
                0x08003068                TIM_SetIC4Prescaler
                0x080030a4                TIM_BDTRConfig
                0x080030f4                TIM_BDTRStructInit
                0x08003130                TIM_CtrlPWMOutputs
                0x0800317c                TIM_SelectCOM
                0x080031bc                TIM_CCPreloadControl
                0x080031fc                TIM_ITConfig
                0x08003244                TIM_GenerateEvent
                0x08003260                TIM_GetFlagStatus
                0x08003298                TIM_ClearFlag
                0x080032b8                TIM_GetITStatus
                0x0800330c                TIM_ClearITPendingBit
                0x0800332c                TIM_DMAConfig
                0x08003354                TIM_DMACmd
                0x0800339c                TIM_SelectCCDMA
                0x080033dc                TIM_InternalClockConfig
                0x08003400                TIM_ITRxExternalClockConfig
                0x08003430                TIM_TIxExternalClockConfig
                0x0800348c                TIM_ETRClockMode1Config
                0x080034ec                TIM_ETRClockMode2Config
                0x0800352c                TIM_SelectInputTrigger
                0x08003564                TIM_SelectOutputTrigger
                0x0800359c                TIM_SelectSlaveMode
                0x080035d4                TIM_SelectMasterSlaveMode
                0x0800360c                TIM_ETRConfig
                0x08003660                TIM_EncoderInterfaceConfig
                0x080036f8                TIM_SelectHallSensor
                0x08003738                TIM_RemapConfig
 .text          0x080039a0        0x0 C:\PROGRA~2\GNUTOO~1\50A5A~1.420\arm-none-eabi\lib\thumb\libc.a(lib_a-exit.o)
 .text.exit     0x080039a0       0x28 C:\PROGRA~2\GNUTOO~1\50A5A~1.420\arm-none-eabi\lib\thumb\libc.a(lib_a-exit.o)
                0x080039a0                exit
 .text          0x080039c8        0x0 C:\PROGRA~2\GNUTOO~1\50A5A~1.420\arm-none-eabi\lib\thumb\libc.a(lib_a-impure.o)
 .text          0x080039c8        0x0 C:\PROGRA~2\GNUTOO~1\50A5A~1.420\arm-none-eabi\lib\thumb\libc.a(lib_a-init.o)
 .text.__libc_init_array
                0x080039c8       0x58 C:\PROGRA~2\GNUTOO~1\50A5A~1.420\arm-none-eabi\lib\thumb\libc.a(lib_a-init.o)
                0x080039c8                __libc_init_array
 .text          0x08003a20        0x0 C:\PROGRA~2\GNUTOO~1\50A5A~1.420\arm-none-eabi\lib\thumb\libc.a(lib_a-memset.o)
 .text.memset   0x08003a20       0x94 C:\PROGRA~2\GNUTOO~1\50A5A~1.420\arm-none-eabi\lib\thumb\libc.a(lib_a-memset.o)
                0x08003a20                memset
 .text          0x08003ab4        0x0 C:\PROGRA~2\GNUTOO~1\50A5A~1.420\arm-none-eabi\lib\thumb\libc.a(lib_a-__call_atexit.o)
 .text.startup.register_fini
                0x08003ab4       0x1c C:\PROGRA~2\GNUTOO~1\50A5A~1.420\arm-none-eabi\lib\thumb\libc.a(lib_a-__call_atexit.o)
 .text.__call_exitprocs
                0x08003ad0      0x10c C:\PROGRA~2\GNUTOO~1\50A5A~1.420\arm-none-eabi\lib\thumb\libc.a(lib_a-__call_atexit.o)
                0x08003ad0                __call_exitprocs
 .text          0x08003bdc        0x0 C:\PROGRA~2\GNUTOO~1\50A5A~1.420\arm-none-eabi\lib\thumb\libc.a(lib_a-atexit.o)
 .text.atexit   0x08003bdc       0x14 C:\PROGRA~2\GNUTOO~1\50A5A~1.420\arm-none-eabi\lib\thumb\libc.a(lib_a-atexit.o)
                0x08003bdc                atexit
 .text          0x08003bf0        0x0 C:\PROGRA~2\GNUTOO~1\50A5A~1.420\arm-none-eabi\lib\thumb\libc.a(lib_a-fini.o)
 .text.__libc_fini_array
                0x08003bf0       0x3c C:\PROGRA~2\GNUTOO~1\50A5A~1.420\arm-none-eabi\lib\thumb\libc.a(lib_a-fini.o)
                0x08003bf0                __libc_fini_array
 .text          0x08003c2c        0x0 C:\PROGRA~2\GNUTOO~1\50A5A~1.420\arm-none-eabi\lib\thumb\libc.a(lib_a-__atexit.o)
 .text.__register_exitproc
                0x08003c2c       0xd8 C:\PROGRA~2\GNUTOO~1\50A5A~1.420\arm-none-eabi\lib\thumb\libc.a(lib_a-__atexit.o)
                0x08003c2c                __register_exitproc
 .text          0x08003d04        0x0 c:/progra~2/gnutoo~1/50a5a~1.420/bin/../lib/gcc/arm-none-eabi/5.4.1/armv7e-m/crtend.o
 .text          0x08003d04        0x0 c:/progra~2/gnutoo~1/50a5a~1.420/bin/../lib/gcc/arm-none-eabi/5.4.1/armv7e-m/crtn.o
 *(.init)
 .init          0x08003d04        0x4 c:/progra~2/gnutoo~1/50a5a~1.420/bin/../lib/gcc/arm-none-eabi/5.4.1/armv7e-m/crti.o
                0x08003d04                _init
 .init          0x08003d08        0x8 c:/progra~2/gnutoo~1/50a5a~1.420/bin/../lib/gcc/arm-none-eabi/5.4.1/armv7e-m/crtn.o
 *(.fini)
 .fini          0x08003d10        0x4 c:/progra~2/gnutoo~1/50a5a~1.420/bin/../lib/gcc/arm-none-eabi/5.4.1/armv7e-m/crti.o
                0x08003d10                _fini
 .fini          0x08003d14        0x8 c:/progra~2/gnutoo~1/50a5a~1.420/bin/../lib/gcc/arm-none-eabi/5.4.1/armv7e-m/crtn.o
 *crtbegin.o(.ctors)
 *crtbegin.o(.ctors)
 *crtbegin?.o(.ctors)
 *(EXCLUDE_FILE(*crtend.o *crtend?.o) .ctors)
 *(SORT(.ctors.*))
 *(.ctors)
 *crtbegin.o(.dtors)
 *crtbegin?.o(.dtors)
 *(EXCLUDE_FILE(*crtend.o *crtend?.o) .dtors)
 *(SORT(.dtors.*))
 *(.dtors)
 *(.rodata*)
 .rodata        0x08003d1c        0x0 obj/eecfg.o
                0x08003d1c                EE_th_dispatch_prio
                0x08003d1c                EE_hal_thread_body
                0x08003d1c                EE_th_ready_prio
 .rodata._global_impure_ptr
                0x08003d1c        0x4 C:\PROGRA~2\GNUTOO~1\50A5A~1.420\arm-none-eabi\lib\thumb\libc.a(lib_a-impure.o)
                0x08003d1c                _global_impure_ptr
 *(.eh_frame*)
 .eh_frame      0x08003d20        0x0 c:/progra~2/gnutoo~1/50a5a~1.420/bin/../lib/gcc/arm-none-eabi/5.4.1/armv7e-m/crtbegin.o
 .eh_frame      0x08003d20        0x4 c:/progra~2/gnutoo~1/50a5a~1.420/bin/../lib/gcc/arm-none-eabi/5.4.1/armv7e-m/crtend.o

.glue_7         0x08003d24        0x0
 .glue_7        0x08003d24        0x0 linker stubs

.glue_7t        0x08003d24        0x0
 .glue_7t       0x08003d24        0x0 linker stubs

.vfp11_veneer   0x08003d24        0x0
 .vfp11_veneer  0x08003d24        0x0 linker stubs

.v4_bx          0x08003d24        0x0
 .v4_bx         0x08003d24        0x0 linker stubs

.iplt           0x08003d24        0x0
 .iplt          0x08003d24        0x0 c:/progra~2/gnutoo~1/50a5a~1.420/bin/../lib/gcc/arm-none-eabi/5.4.1/armv7e-m/crtbegin.o

.ARM.extab      0x08003d24        0x0
 *(.ARM.extab* .gnu.linkonce.armextab.*)
 .ARM.extab     0x08003d24        0x0 c:/progra~2/gnutoo~1/50a5a~1.420/bin/../lib/gcc/arm-none-eabi/5.4.1/../../../../arm-none-eabi/lib/armv7e-m/crt0.o
                0x08003d24                __exidx_start = .

.ARM.exidx      0x08003d24        0x8
 *(.ARM.exidx* .gnu.linkonce.armexidx.*)
 .ARM.exidx     0x08003d24        0x8 c:/progra~2/gnutoo~1/50a5a~1.420/bin/../lib/gcc/arm-none-eabi/5.4.1/../../../../arm-none-eabi/lib/armv7e-m/crt0.o
                0x08003d2c                __exidx_end = .
                0x08003d2c                __etext = .

.rel.dyn        0x08003d2c        0x0
 .rel.iplt      0x08003d2c        0x0 c:/progra~2/gnutoo~1/50a5a~1.420/bin/../lib/gcc/arm-none-eabi/5.4.1/armv7e-m/crtbegin.o

.data           0x20000000      0x474 load address 0x08003d2c
                0x20000000                __data_start__ = .
 *(vtable)
 *(.data*)
 .data          0x20000000        0x0 c:/progra~2/gnutoo~1/50a5a~1.420/bin/../lib/gcc/arm-none-eabi/5.4.1/armv7e-m/crti.o
 .data          0x20000000        0x4 c:/progra~2/gnutoo~1/50a5a~1.420/bin/../lib/gcc/arm-none-eabi/5.4.1/armv7e-m/crtbegin.o
                0x20000000                __dso_handle
 .data          0x20000004        0x0 c:/progra~2/gnutoo~1/50a5a~1.420/bin/../lib/gcc/arm-none-eabi/5.4.1/../../../../arm-none-eabi/lib/armv7e-m/crt0.o
 .data          0x20000004        0x8 obj/code.o
                0x20000004                CCR1_Val
                0x20000006                CCR2_Val
                0x20000008                CCR3_Val
                0x2000000a                CCR4_Val
 .data          0x2000000c        0x8 obj/eecfg.o
                0x2000000c                EE_stkfirst
                0x20000010                EE_rqfirst
 .data          0x20000014        0x0 obj/pkg/mcu/st_stm32_stm32f4xx/src/startup_stm32f4xx_gnu.o
 .data          0x20000014       0x14 obj/pkg/mcu/st_stm32_stm32f4xx/src/system_stm32f4xx.o
                0x20000014                SystemCoreClock
                0x20000018                AHBPrescTable
 .data          0x20000028        0x0 libee.a(ee_hal_structs.o)
 .data          0x20000028        0x0 libee.a(ee_utils.o)
 .data          0x20000028        0x0 libee.a(ee_gnu_change_context_isr.o)
 .data          0x20000028        0x0 libee.a(ee_irqsc.o)
 .data          0x20000028        0x0 libee.a(ee_rqexchg.o)
 .data          0x20000028        0x0 libee.a(ee_context.o)
 .data          0x20000028        0x0 libee.a(ee_context.o)
 .data          0x20000028        0x0 libee.a(ee_thendin.o)
 .data          0x20000028        0x0 libee.a(ee_rqinsert.o)
 .data          0x20000028        0x0 libstm32f4xxspd.a(stm32f4xx_gpio.o)
 .data          0x20000028       0x10 libstm32f4xxspd.a(stm32f4xx_rcc.o)
 .data          0x20000038        0x0 libstm32f4xxspd.a(stm32f4xx_tim.o)
 .data          0x20000038        0x0 C:\PROGRA~2\GNUTOO~1\50A5A~1.420\arm-none-eabi\lib\thumb\libc.a(lib_a-exit.o)
 .data          0x20000038        0x0 C:\PROGRA~2\GNUTOO~1\50A5A~1.420\arm-none-eabi\lib\thumb\libc.a(lib_a-impure.o)
 .data.impure_data
                0x20000038      0x428 C:\PROGRA~2\GNUTOO~1\50A5A~1.420\arm-none-eabi\lib\thumb\libc.a(lib_a-impure.o)
 .data._impure_ptr
                0x20000460        0x4 C:\PROGRA~2\GNUTOO~1\50A5A~1.420\arm-none-eabi\lib\thumb\libc.a(lib_a-impure.o)
                0x20000460                _impure_ptr
 .data          0x20000464        0x0 C:\PROGRA~2\GNUTOO~1\50A5A~1.420\arm-none-eabi\lib\thumb\libc.a(lib_a-init.o)
 .data          0x20000464        0x0 C:\PROGRA~2\GNUTOO~1\50A5A~1.420\arm-none-eabi\lib\thumb\libc.a(lib_a-memset.o)
 .data          0x20000464        0x0 C:\PROGRA~2\GNUTOO~1\50A5A~1.420\arm-none-eabi\lib\thumb\libc.a(lib_a-__call_atexit.o)
 .data          0x20000464        0x0 C:\PROGRA~2\GNUTOO~1\50A5A~1.420\arm-none-eabi\lib\thumb\libc.a(lib_a-atexit.o)
 .data          0x20000464        0x0 C:\PROGRA~2\GNUTOO~1\50A5A~1.420\arm-none-eabi\lib\thumb\libc.a(lib_a-fini.o)
 .data          0x20000464        0x0 C:\PROGRA~2\GNUTOO~1\50A5A~1.420\arm-none-eabi\lib\thumb\libc.a(lib_a-__atexit.o)
 .data          0x20000464        0x0 c:/progra~2/gnutoo~1/50a5a~1.420/bin/../lib/gcc/arm-none-eabi/5.4.1/armv7e-m/crtend.o
 .data          0x20000464        0x0 c:/progra~2/gnutoo~1/50a5a~1.420/bin/../lib/gcc/arm-none-eabi/5.4.1/armv7e-m/crtn.o
                0x20000464                . = ALIGN (0x4)
                0x20000464                PROVIDE (__preinit_array_start, .)
 *(.preinit_array)
                0x20000464                PROVIDE (__preinit_array_end, .)
                0x20000464                . = ALIGN (0x4)
                0x20000464                PROVIDE (__init_array_start, .)
 *(SORT(.init_array.*))
 .init_array.00000
                0x20000464        0x4 C:\PROGRA~2\GNUTOO~1\50A5A~1.420\arm-none-eabi\lib\thumb\libc.a(lib_a-__call_atexit.o)
 *(.init_array)
 .init_array    0x20000468        0x4 c:/progra~2/gnutoo~1/50a5a~1.420/bin/../lib/gcc/arm-none-eabi/5.4.1/armv7e-m/crtbegin.o
                0x2000046c                PROVIDE (__init_array_end, .)
                0x2000046c                . = ALIGN (0x4)
                0x2000046c                PROVIDE (__fini_array_start, .)
 *(SORT(.fini_array.*))
 *(.fini_array)
 .fini_array    0x2000046c        0x4 c:/progra~2/gnutoo~1/50a5a~1.420/bin/../lib/gcc/arm-none-eabi/5.4.1/armv7e-m/crtbegin.o
                0x20000470                PROVIDE (__fini_array_end, .)
 *(.jcr*)
 .jcr           0x20000470        0x0 c:/progra~2/gnutoo~1/50a5a~1.420/bin/../lib/gcc/arm-none-eabi/5.4.1/armv7e-m/crtbegin.o
 .jcr           0x20000470        0x4 c:/progra~2/gnutoo~1/50a5a~1.420/bin/../lib/gcc/arm-none-eabi/5.4.1/armv7e-m/crtend.o
                0x20000474                . = ALIGN (0x4)
                0x20000474                __data_end__ = .

.igot.plt       0x20000474        0x0 load address 0x080041a0
 .igot.plt      0x20000474        0x0 c:/progra~2/gnutoo~1/50a5a~1.420/bin/../lib/gcc/arm-none-eabi/5.4.1/armv7e-m/crtbegin.o

.bss            0x20000474       0x90 load address 0x080041a0
                0x20000474                . = ALIGN (0x4)
                0x20000474                __bss_start__ = .
 *(.bss*)
 .bss           0x20000474        0x0 c:/progra~2/gnutoo~1/50a5a~1.420/bin/../lib/gcc/arm-none-eabi/5.4.1/armv7e-m/crti.o
 .bss           0x20000474       0x1c c:/progra~2/gnutoo~1/50a5a~1.420/bin/../lib/gcc/arm-none-eabi/5.4.1/armv7e-m/crtbegin.o
 .bss           0x20000490        0x0 c:/progra~2/gnutoo~1/50a5a~1.420/bin/../lib/gcc/arm-none-eabi/5.4.1/../../../../arm-none-eabi/lib/armv7e-m/crt0.o
 .bss           0x20000490        0x2 obj/code.o
                0x20000490                PrescalerValue
 *fill*         0x20000492        0x2 
 .bss           0x20000494        0x8 obj/eecfg.o
                0x20000494                EE_th_next
                0x20000498                EE_sys_ceiling
 .bss           0x2000049c        0x0 obj/pkg/mcu/st_stm32_stm32f4xx/src/startup_stm32f4xx_gnu.o
 .bss           0x2000049c        0x0 obj/pkg/mcu/st_stm32_stm32f4xx/src/system_stm32f4xx.o
 .bss           0x2000049c        0x0 libee.a(ee_hal_structs.o)
 .bss           0x2000049c        0x0 libee.a(ee_utils.o)
 .bss           0x2000049c        0x0 libee.a(ee_gnu_change_context_isr.o)
 .bss           0x2000049c        0x0 libee.a(ee_irqsc.o)
 .bss           0x2000049c        0x0 libee.a(ee_rqexchg.o)
 .bss           0x2000049c        0x0 libee.a(ee_context.o)
 .bss           0x2000049c        0x0 libee.a(ee_context.o)
 .bss           0x2000049c        0x0 libee.a(ee_thendin.o)
 .bss           0x2000049c        0x0 libee.a(ee_rqinsert.o)
 .bss           0x2000049c        0x0 libstm32f4xxspd.a(stm32f4xx_gpio.o)
 .bss           0x2000049c        0x0 libstm32f4xxspd.a(stm32f4xx_rcc.o)
 .bss           0x2000049c        0x0 libstm32f4xxspd.a(stm32f4xx_tim.o)
 .bss           0x2000049c        0x0 C:\PROGRA~2\GNUTOO~1\50A5A~1.420\arm-none-eabi\lib\thumb\libc.a(lib_a-exit.o)
 .bss           0x2000049c        0x0 C:\PROGRA~2\GNUTOO~1\50A5A~1.420\arm-none-eabi\lib\thumb\libc.a(lib_a-impure.o)
 .bss           0x2000049c        0x0 C:\PROGRA~2\GNUTOO~1\50A5A~1.420\arm-none-eabi\lib\thumb\libc.a(lib_a-init.o)
 .bss           0x2000049c        0x0 C:\PROGRA~2\GNUTOO~1\50A5A~1.420\arm-none-eabi\lib\thumb\libc.a(lib_a-memset.o)
 .bss           0x2000049c        0x0 C:\PROGRA~2\GNUTOO~1\50A5A~1.420\arm-none-eabi\lib\thumb\libc.a(lib_a-__call_atexit.o)
 .bss           0x2000049c        0x0 C:\PROGRA~2\GNUTOO~1\50A5A~1.420\arm-none-eabi\lib\thumb\libc.a(lib_a-atexit.o)
 .bss           0x2000049c        0x0 C:\PROGRA~2\GNUTOO~1\50A5A~1.420\arm-none-eabi\lib\thumb\libc.a(lib_a-fini.o)
 .bss           0x2000049c        0x0 C:\PROGRA~2\GNUTOO~1\50A5A~1.420\arm-none-eabi\lib\thumb\libc.a(lib_a-__atexit.o)
 .bss           0x2000049c        0x0 c:/progra~2/gnutoo~1/50a5a~1.420/bin/../lib/gcc/arm-none-eabi/5.4.1/armv7e-m/crtend.o
 .bss           0x2000049c        0x0 c:/progra~2/gnutoo~1/50a5a~1.420/bin/../lib/gcc/arm-none-eabi/5.4.1/armv7e-m/crtn.o
 *(COMMON)
 COMMON         0x2000049c       0x60 obj/code.o
                0x2000049c                TIM_TimeBaseStructure
                0x200004a8                GPIO_InitStructure_LightSensors
                0x200004e8                TIM_OCInitStructure
 COMMON         0x200004fc        0x0 obj/eecfg.o
                0x200004fc                EE_th_nact
 COMMON         0x200004fc        0x8 libee.a(ee_hal_structs.o)
                0x200004fc                EE_IRQ_nesting_level
                0x20000500                EE_std_endcycle_next_tid
                0x20000504                . = ALIGN (0x4)
                0x20000504                __bss_end__ = .

.heap           0x20000508      0x100
                0x20000508                __end__ = .
                0x20000508                end = __end__
 *(.heap*)
 .heap          0x20000508      0x100 obj/pkg/mcu/st_stm32_stm32f4xx/src/startup_stm32f4xx_gnu.o
                0x20000508                __HeapBase
                0x20000608                __HeapLimit = .

.stack_dummy    0x20000508      0xc00
 *(.stack*)
 .stack         0x20000508      0xc00 obj/pkg/mcu/st_stm32_stm32f4xx/src/startup_stm32f4xx_gnu.o
                0x20020000                __StackTop = (ORIGIN (RAM) + LENGTH (RAM))
                0x2001f400                __StackLimit = (__StackTop - SIZEOF (.stack_dummy))
                0x20020000                PROVIDE (__stack, __StackTop)
                0x00000001                ASSERT ((__StackLimit >= __HeapLimit), region RAM overflowed with stack)
                0x10000000                __CcmOrigin = ORIGIN (CCM)
                0x00010000                __CcmLen = LENGTH (CCM)
START GROUP
LOAD c:/progra~2/gnutoo~1/50a5a~1.420/bin/../lib/gcc/arm-none-eabi/5.4.1/armv7e-m\libgcc.a
LOAD C:\PROGRA~2\GNUTOO~1\50A5A~1.420\arm-none-eabi\lib\thumb\libg.a
LOAD C:\PROGRA~2\GNUTOO~1\50A5A~1.420\arm-none-eabi\lib\thumb\libc.a
END GROUP
LOAD c:/progra~2/gnutoo~1/50a5a~1.420/bin/../lib/gcc/arm-none-eabi/5.4.1/armv7e-m/crtend.o
LOAD c:/progra~2/gnutoo~1/50a5a~1.420/bin/../lib/gcc/arm-none-eabi/5.4.1/armv7e-m/crtn.o
OUTPUT(c_mX.elf elf32-littlearm)

.ARM.attributes
                0x00000000       0x2c
 .ARM.attributes
                0x00000000       0x1e c:/progra~2/gnutoo~1/50a5a~1.420/bin/../lib/gcc/arm-none-eabi/5.4.1/armv7e-m/crti.o
 .ARM.attributes
                0x0000001e       0x2e c:/progra~2/gnutoo~1/50a5a~1.420/bin/../lib/gcc/arm-none-eabi/5.4.1/armv7e-m/crtbegin.o
 .ARM.attributes
                0x0000004c       0x1c c:/progra~2/gnutoo~1/50a5a~1.420/bin/../lib/gcc/arm-none-eabi/5.4.1/../../../../arm-none-eabi/lib/armv7e-m/crt0.o
 .ARM.attributes
                0x00000068       0x33 obj/code.o
 .ARM.attributes
                0x0000009b       0x33 obj/eecfg.o
 .ARM.attributes
                0x000000ce       0x1c obj/pkg/mcu/st_stm32_stm32f4xx/src/startup_stm32f4xx_gnu.o
 .ARM.attributes
                0x000000ea       0x33 obj/pkg/mcu/st_stm32_stm32f4xx/src/system_stm32f4xx.o
 .ARM.attributes
                0x0000011d       0x33 libee.a(ee_hal_structs.o)
 .ARM.attributes
                0x00000150       0x33 libee.a(ee_utils.o)
 .ARM.attributes
                0x00000183       0x21 libee.a(ee_gnu_change_context_isr.o)
 .ARM.attributes
                0x000001a4       0x33 libee.a(ee_irqsc.o)
 .ARM.attributes
                0x000001d7       0x33 libee.a(ee_rqexchg.o)
 .ARM.attributes
                0x0000020a       0x33 libee.a(ee_context.o)
 .ARM.attributes
                0x0000023d       0x33 libee.a(ee_context.o)
 .ARM.attributes
                0x00000270       0x33 libee.a(ee_thendin.o)
 .ARM.attributes
                0x000002a3       0x33 libee.a(ee_rqinsert.o)
 .ARM.attributes
                0x000002d6       0x33 libstm32f4xxspd.a(stm32f4xx_gpio.o)
 .ARM.attributes
                0x00000309       0x33 libstm32f4xxspd.a(stm32f4xx_rcc.o)
 .ARM.attributes
                0x0000033c       0x33 libstm32f4xxspd.a(stm32f4xx_tim.o)
 .ARM.attributes
                0x0000036f       0x30 C:\PROGRA~2\GNUTOO~1\50A5A~1.420\arm-none-eabi\lib\thumb\libc.a(lib_a-exit.o)
 .ARM.attributes
                0x0000039f       0x30 C:\PROGRA~2\GNUTOO~1\50A5A~1.420\arm-none-eabi\lib\thumb\libc.a(lib_a-impure.o)
 .ARM.attributes
                0x000003cf       0x30 C:\PROGRA~2\GNUTOO~1\50A5A~1.420\arm-none-eabi\lib\thumb\libc.a(lib_a-init.o)
 .ARM.attributes
                0x000003ff       0x30 C:\PROGRA~2\GNUTOO~1\50A5A~1.420\arm-none-eabi\lib\thumb\libc.a(lib_a-memset.o)
 .ARM.attributes
                0x0000042f       0x30 C:\PROGRA~2\GNUTOO~1\50A5A~1.420\arm-none-eabi\lib\thumb\libc.a(lib_a-__call_atexit.o)
 .ARM.attributes
                0x0000045f       0x30 C:\PROGRA~2\GNUTOO~1\50A5A~1.420\arm-none-eabi\lib\thumb\libc.a(lib_a-atexit.o)
 .ARM.attributes
                0x0000048f       0x30 C:\PROGRA~2\GNUTOO~1\50A5A~1.420\arm-none-eabi\lib\thumb\libc.a(lib_a-fini.o)
 .ARM.attributes
                0x000004bf       0x30 C:\PROGRA~2\GNUTOO~1\50A5A~1.420\arm-none-eabi\lib\thumb\libc.a(lib_a-__atexit.o)
 .ARM.attributes
                0x000004ef       0x2e c:/progra~2/gnutoo~1/50a5a~1.420/bin/../lib/gcc/arm-none-eabi/5.4.1/armv7e-m/crtend.o
 .ARM.attributes
                0x0000051d       0x1e c:/progra~2/gnutoo~1/50a5a~1.420/bin/../lib/gcc/arm-none-eabi/5.4.1/armv7e-m/crtn.o

.comment        0x00000000       0x6e
 .comment       0x00000000       0x6e obj/code.o
                                 0x6f (size before relaxing)
 .comment       0x0000006e       0x6f obj/eecfg.o
 .comment       0x0000006e       0x6f obj/pkg/mcu/st_stm32_stm32f4xx/src/system_stm32f4xx.o
 .comment       0x0000006e       0x6f libee.a(ee_hal_structs.o)
 .comment       0x0000006e       0x6f libee.a(ee_utils.o)
 .comment       0x0000006e       0x6f libee.a(ee_irqsc.o)
 .comment       0x0000006e       0x6f libee.a(ee_rqexchg.o)
 .comment       0x0000006e       0x6f libee.a(ee_context.o)
 .comment       0x0000006e       0x6f libee.a(ee_context.o)
 .comment       0x0000006e       0x6f libee.a(ee_thendin.o)
 .comment       0x0000006e       0x6f libee.a(ee_rqinsert.o)
 .comment       0x0000006e       0x6f libstm32f4xxspd.a(stm32f4xx_gpio.o)
 .comment       0x0000006e       0x6f libstm32f4xxspd.a(stm32f4xx_rcc.o)
 .comment       0x0000006e       0x6f libstm32f4xxspd.a(stm32f4xx_tim.o)

.debug_info     0x00000000     0x5279
 .debug_info    0x00000000      0xaaf obj/code.o
 .debug_info    0x00000aaf      0x22d obj/eecfg.o
 .debug_info    0x00000cdc       0xd7 obj/pkg/mcu/st_stm32_stm32f4xx/src/startup_stm32f4xx_gnu.o
 .debug_info    0x00000db3      0x5c5 obj/pkg/mcu/st_stm32_stm32f4xx/src/system_stm32f4xx.o
 .debug_info    0x00001378      0x15c libee.a(ee_hal_structs.o)
 .debug_info    0x000014d4      0x23e libee.a(ee_utils.o)
 .debug_info    0x00001712       0xd6 libee.a(ee_gnu_change_context_isr.o)
 .debug_info    0x000017e8      0x246 libee.a(ee_irqsc.o)
 .debug_info    0x00001a2e      0x178 libee.a(ee_rqexchg.o)
 .debug_info    0x00001ba6      0x174 libee.a(ee_context.o)
 .debug_info    0x00001d1a      0x21b libee.a(ee_context.o)
 .debug_info    0x00001f35      0x2a3 libee.a(ee_thendin.o)
 .debug_info    0x000021d8      0x1b8 libee.a(ee_rqinsert.o)
 .debug_info    0x00002390      0x61d libstm32f4xxspd.a(stm32f4xx_gpio.o)
 .debug_info    0x000029ad      0xc63 libstm32f4xxspd.a(stm32f4xx_rcc.o)
 .debug_info    0x00003610     0x1c69 libstm32f4xxspd.a(stm32f4xx_tim.o)

.debug_abbrev   0x00000000     0x11f3
 .debug_abbrev  0x00000000      0x323 obj/code.o
 .debug_abbrev  0x00000323       0xb6 obj/eecfg.o
 .debug_abbrev  0x000003d9       0x12 obj/pkg/mcu/st_stm32_stm32f4xx/src/startup_stm32f4xx_gnu.o
 .debug_abbrev  0x000003eb      0x138 obj/pkg/mcu/st_stm32_stm32f4xx/src/system_stm32f4xx.o
 .debug_abbrev  0x00000523       0x9b libee.a(ee_hal_structs.o)
 .debug_abbrev  0x000005be      0x15b libee.a(ee_utils.o)
 .debug_abbrev  0x00000719       0x14 libee.a(ee_gnu_change_context_isr.o)
 .debug_abbrev  0x0000072d      0x121 libee.a(ee_irqsc.o)
 .debug_abbrev  0x0000084e       0xb5 libee.a(ee_rqexchg.o)
 .debug_abbrev  0x00000903       0xb3 libee.a(ee_context.o)
 .debug_abbrev  0x000009b6      0x120 libee.a(ee_context.o)
 .debug_abbrev  0x00000ad6      0x130 libee.a(ee_thendin.o)
 .debug_abbrev  0x00000c06       0xd8 libee.a(ee_rqinsert.o)
 .debug_abbrev  0x00000cde      0x1a7 libstm32f4xxspd.a(stm32f4xx_gpio.o)
 .debug_abbrev  0x00000e85      0x1e5 libstm32f4xxspd.a(stm32f4xx_rcc.o)
 .debug_abbrev  0x0000106a      0x189 libstm32f4xxspd.a(stm32f4xx_tim.o)

.debug_aranges  0x00000000      0x210
 .debug_aranges
                0x00000000       0x20 obj/code.o
 .debug_aranges
                0x00000020       0x20 obj/eecfg.o
 .debug_aranges
                0x00000040       0x30 obj/pkg/mcu/st_stm32_stm32f4xx/src/startup_stm32f4xx_gnu.o
 .debug_aranges
                0x00000070       0x20 obj/pkg/mcu/st_stm32_stm32f4xx/src/system_stm32f4xx.o
 .debug_aranges
                0x00000090       0x20 libee.a(ee_hal_structs.o)
 .debug_aranges
                0x000000b0       0x20 libee.a(ee_utils.o)
 .debug_aranges
                0x000000d0       0x20 libee.a(ee_gnu_change_context_isr.o)
 .debug_aranges
                0x000000f0       0x20 libee.a(ee_irqsc.o)
 .debug_aranges
                0x00000110       0x20 libee.a(ee_rqexchg.o)
 .debug_aranges
                0x00000130       0x20 libee.a(ee_context.o)
 .debug_aranges
                0x00000150       0x20 libee.a(ee_context.o)
 .debug_aranges
                0x00000170       0x20 libee.a(ee_thendin.o)
 .debug_aranges
                0x00000190       0x20 libee.a(ee_rqinsert.o)
 .debug_aranges
                0x000001b0       0x20 libstm32f4xxspd.a(stm32f4xx_gpio.o)
 .debug_aranges
                0x000001d0       0x20 libstm32f4xxspd.a(stm32f4xx_rcc.o)
 .debug_aranges
                0x000001f0       0x20 libstm32f4xxspd.a(stm32f4xx_tim.o)

.debug_line     0x00000000     0x28b0
 .debug_line    0x00000000      0x4b4 obj/code.o
 .debug_line    0x000004b4      0x123 obj/eecfg.o
 .debug_line    0x000005d7       0xe6 obj/pkg/mcu/st_stm32_stm32f4xx/src/startup_stm32f4xx_gnu.o
 .debug_line    0x000006bd      0x27f obj/pkg/mcu/st_stm32_stm32f4xx/src/system_stm32f4xx.o
 .debug_line    0x0000093c      0x1bf libee.a(ee_hal_structs.o)
 .debug_line    0x00000afb      0x201 libee.a(ee_utils.o)
 .debug_line    0x00000cfc       0xe5 libee.a(ee_gnu_change_context_isr.o)
 .debug_line    0x00000de1      0x224 libee.a(ee_irqsc.o)
 .debug_line    0x00001005      0x1e9 libee.a(ee_rqexchg.o)
 .debug_line    0x000011ee      0x1f2 libee.a(ee_context.o)
 .debug_line    0x000013e0      0x213 libee.a(ee_context.o)
 .debug_line    0x000015f3      0x252 libee.a(ee_thendin.o)
 .debug_line    0x00001845      0x1f7 libee.a(ee_rqinsert.o)
 .debug_line    0x00001a3c      0x36d libstm32f4xxspd.a(stm32f4xx_gpio.o)
 .debug_line    0x00001da9      0x431 libstm32f4xxspd.a(stm32f4xx_rcc.o)
 .debug_line    0x000021da      0x6d6 libstm32f4xxspd.a(stm32f4xx_tim.o)

.debug_str      0x00000000     0x2155
 .debug_str     0x00000000      0x855 obj/code.o
                                0x8c7 (size before relaxing)
 .debug_str     0x00000855       0xc5 obj/eecfg.o
                                0x268 (size before relaxing)
 .debug_str     0x0000091a      0x201 obj/pkg/mcu/st_stm32_stm32f4xx/src/system_stm32f4xx.o
                                0x3d8 (size before relaxing)
 .debug_str     0x00000b1b       0x65 libee.a(ee_hal_structs.o)
                                0x221 (size before relaxing)
 .debug_str     0x00000b80       0xd7 libee.a(ee_utils.o)
                                0x293 (size before relaxing)
 .debug_str     0x00000c57       0xc3 libee.a(ee_irqsc.o)
                                0x2b3 (size before relaxing)
 .debug_str     0x00000d1a       0x78 libee.a(ee_rqexchg.o)
                                0x234 (size before relaxing)
 .debug_str     0x00000d92       0x80 libee.a(ee_context.o)
                                0x23c (size before relaxing)
 .debug_str     0x00000e12       0x99 libee.a(ee_context.o)
                                0x2ae (size before relaxing)
 .debug_str     0x00000eab       0x8f libee.a(ee_thendin.o)
                                0x2db (size before relaxing)
 .debug_str     0x00000f3a       0x6e libee.a(ee_rqinsert.o)
                                0x240 (size before relaxing)
 .debug_str     0x00000fa8      0x1c2 libstm32f4xxspd.a(stm32f4xx_gpio.o)
                                0x4d6 (size before relaxing)
 .debug_str     0x0000116a      0x5bb libstm32f4xxspd.a(stm32f4xx_rcc.o)
                                0x883 (size before relaxing)
 .debug_str     0x00001725      0xa30 libstm32f4xxspd.a(stm32f4xx_tim.o)
                                0xe03 (size before relaxing)

.debug_frame    0x00000000     0x2050
 .debug_frame   0x00000000      0x2a0 obj/code.o
 .debug_frame   0x000002a0       0x60 obj/eecfg.o
 .debug_frame   0x00000300       0x7c obj/pkg/mcu/st_stm32_stm32f4xx/src/system_stm32f4xx.o
 .debug_frame   0x0000037c       0x60 libee.a(ee_hal_structs.o)
 .debug_frame   0x000003dc       0x88 libee.a(ee_utils.o)
 .debug_frame   0x00000464       0x88 libee.a(ee_irqsc.o)
 .debug_frame   0x000004ec       0x88 libee.a(ee_rqexchg.o)
 .debug_frame   0x00000574       0x84 libee.a(ee_context.o)
 .debug_frame   0x000005f8       0x84 libee.a(ee_context.o)
 .debug_frame   0x0000067c       0x84 libee.a(ee_thendin.o)
 .debug_frame   0x00000700       0x88 libee.a(ee_rqinsert.o)
 .debug_frame   0x00000788      0x23c libstm32f4xxspd.a(stm32f4xx_gpio.o)
 .debug_frame   0x000009c4      0x6d4 libstm32f4xxspd.a(stm32f4xx_rcc.o)
 .debug_frame   0x00001098      0xe54 libstm32f4xxspd.a(stm32f4xx_tim.o)
 .debug_frame   0x00001eec       0x28 C:\PROGRA~2\GNUTOO~1\50A5A~1.420\arm-none-eabi\lib\thumb\libc.a(lib_a-exit.o)
 .debug_frame   0x00001f14       0x2c C:\PROGRA~2\GNUTOO~1\50A5A~1.420\arm-none-eabi\lib\thumb\libc.a(lib_a-init.o)
 .debug_frame   0x00001f40       0x2c C:\PROGRA~2\GNUTOO~1\50A5A~1.420\arm-none-eabi\lib\thumb\libc.a(lib_a-memset.o)
 .debug_frame   0x00001f6c       0x54 C:\PROGRA~2\GNUTOO~1\50A5A~1.420\arm-none-eabi\lib\thumb\libc.a(lib_a-__call_atexit.o)
 .debug_frame   0x00001fc0       0x28 C:\PROGRA~2\GNUTOO~1\50A5A~1.420\arm-none-eabi\lib\thumb\libc.a(lib_a-atexit.o)
 .debug_frame   0x00001fe8       0x2c C:\PROGRA~2\GNUTOO~1\50A5A~1.420\arm-none-eabi\lib\thumb\libc.a(lib_a-fini.o)
 .debug_frame   0x00002014       0x3c C:\PROGRA~2\GNUTOO~1\50A5A~1.420\arm-none-eabi\lib\thumb\libc.a(lib_a-__atexit.o)

.debug_ranges   0x00000000       0x28
 .debug_ranges  0x00000000       0x28 obj/pkg/mcu/st_stm32_stm32f4xx/src/startup_stm32f4xx_gnu.o
