Archive member included to satisfy reference by file (symbol)

libee.a(ee_hal_structs.o)     obj/code.o (EE_IRQ_nesting_level)
libee.a(ee_utils.o)           obj/code.o (EE_system_init)
libee.a(ee_gnu_change_context_isr.o)
                              obj/code.o (EE_switch_context)
libee.a(ee_gnu_multi_context.o)
                              libee.a(ee_gnu_change_context_isr.o) (EE_cortex_mx_change_context)
libee.a(ee_altick.o)          obj/code.o (EE_alarm_CounterTick)
libee.a(ee_alsetrel.o)        obj/code.o (EE_alarm_SetRelAlarm)
libee.a(ee_irqsc.o)           libee.a(ee_gnu_change_context_isr.o) (EE_IRQ_end_instance)
libee.a(ee_rqexchg.o)         libee.a(ee_irqsc.o) (EE_rq2stk_exchange)
libee.a(ee_rqinsert.o)        libee.a(ee_altick.o) (EE_rq_insert)
libee.a(ee_swait.o)           obj/code.o (EE_sem_WaitSem)
libee.a(ee_spost.o)           obj/code.o (EE_sem_PostSem)
libee.a(ee_context.o)         libee.a(ee_gnu_multi_context.o) (EE_std_run_task_code)
libee.a(ee_context.o)         libee.a(ee_gnu_change_context_isr.o) (EE_std_need_context_change)
libee.a(ee_thendin.o)         libee.a(ee_context.o) (EE_thread_end_instance)
libstm32f4discovery.a(stm32f4_discovery.o)
                              obj/code.o (STM_EVAL_COMInit)
libstm32f4xxspd.a(stm32f4xx_exti.o)
                              obj/code.o (EXTI_Init)
libstm32f4xxspd.a(stm32f4xx_gpio.o)
                              obj/code.o (GPIO_Init)
libstm32f4xxspd.a(stm32f4xx_rcc.o)
                              obj/code.o (RCC_AHB1PeriphClockCmd)
libstm32f4xxspd.a(stm32f4xx_syscfg.o)
                              obj/code.o (SYSCFG_EXTILineConfig)
libstm32f4xxspd.a(stm32f4xx_tim.o)
                              obj/code.o (TIM_TimeBaseInit)
libstm32f4xxspd.a(stm32f4xx_usart.o)
                              libstm32f4discovery.a(stm32f4_discovery.o) (USART_Init)
libstm32f4xxspd.a(misc.o)     obj/code.o (NVIC_Init)
c:/progra~2/gnutoo~1/50a5a~1.420/bin/../lib/gcc/arm-none-eabi/5.4.1/armv7e-m\libgcc.a(_arm_addsubdf3.o)
                              obj/code.o (__aeabi_dsub)
c:/progra~2/gnutoo~1/50a5a~1.420/bin/../lib/gcc/arm-none-eabi/5.4.1/armv7e-m\libgcc.a(_arm_cmpdf2.o)
                              obj/code.o (__aeabi_dcmpge)
C:\PROGRA~2\GNUTOO~1\50A5A~1.420\arm-none-eabi\lib\thumb\libc.a(lib_a-exit.o)
                              c:/progra~2/gnutoo~1/50a5a~1.420/bin/../lib/gcc/arm-none-eabi/5.4.1/../../../../arm-none-eabi/lib/armv7e-m/crt0.o (exit)
C:\PROGRA~2\GNUTOO~1\50A5A~1.420\arm-none-eabi\lib\thumb\libc.a(lib_a-impure.o)
                              C:\PROGRA~2\GNUTOO~1\50A5A~1.420\arm-none-eabi\lib\thumb\libc.a(lib_a-exit.o) (_global_impure_ptr)
C:\PROGRA~2\GNUTOO~1\50A5A~1.420\arm-none-eabi\lib\thumb\libc.a(lib_a-init.o)
                              c:/progra~2/gnutoo~1/50a5a~1.420/bin/../lib/gcc/arm-none-eabi/5.4.1/../../../../arm-none-eabi/lib/armv7e-m/crt0.o (__libc_init_array)
C:\PROGRA~2\GNUTOO~1\50A5A~1.420\arm-none-eabi\lib\thumb\libc.a(lib_a-memset.o)
                              c:/progra~2/gnutoo~1/50a5a~1.420/bin/../lib/gcc/arm-none-eabi/5.4.1/../../../../arm-none-eabi/lib/armv7e-m/crt0.o (memset)
C:\PROGRA~2\GNUTOO~1\50A5A~1.420\arm-none-eabi\lib\thumb\libc.a(lib_a-sprintf.o)
                              obj/code.o (sprintf)
C:\PROGRA~2\GNUTOO~1\50A5A~1.420\arm-none-eabi\lib\thumb\libc.a(lib_a-svfprintf.o)
                              C:\PROGRA~2\GNUTOO~1\50A5A~1.420\arm-none-eabi\lib\thumb\libc.a(lib_a-sprintf.o) (_svfprintf_r)
C:\PROGRA~2\GNUTOO~1\50A5A~1.420\arm-none-eabi\lib\thumb\libc.a(lib_a-__call_atexit.o)
                              C:\PROGRA~2\GNUTOO~1\50A5A~1.420\arm-none-eabi\lib\thumb\libc.a(lib_a-exit.o) (__call_exitprocs)
C:\PROGRA~2\GNUTOO~1\50A5A~1.420\arm-none-eabi\lib\thumb\libc.a(lib_a-atexit.o)
                              C:\PROGRA~2\GNUTOO~1\50A5A~1.420\arm-none-eabi\lib\thumb\libc.a(lib_a-__call_atexit.o) (atexit)
C:\PROGRA~2\GNUTOO~1\50A5A~1.420\arm-none-eabi\lib\thumb\libc.a(lib_a-dtoa.o)
                              C:\PROGRA~2\GNUTOO~1\50A5A~1.420\arm-none-eabi\lib\thumb\libc.a(lib_a-svfprintf.o) (_dtoa_r)
C:\PROGRA~2\GNUTOO~1\50A5A~1.420\arm-none-eabi\lib\thumb\libc.a(lib_a-fini.o)
                              C:\PROGRA~2\GNUTOO~1\50A5A~1.420\arm-none-eabi\lib\thumb\libc.a(lib_a-__call_atexit.o) (__libc_fini_array)
C:\PROGRA~2\GNUTOO~1\50A5A~1.420\arm-none-eabi\lib\thumb\libc.a(lib_a-localeconv.o)
                              C:\PROGRA~2\GNUTOO~1\50A5A~1.420\arm-none-eabi\lib\thumb\libc.a(lib_a-svfprintf.o) (_localeconv_r)
C:\PROGRA~2\GNUTOO~1\50A5A~1.420\arm-none-eabi\lib\thumb\libc.a(lib_a-mallocr.o)
                              C:\PROGRA~2\GNUTOO~1\50A5A~1.420\arm-none-eabi\lib\thumb\libc.a(lib_a-svfprintf.o) (_malloc_r)
C:\PROGRA~2\GNUTOO~1\50A5A~1.420\arm-none-eabi\lib\thumb\libc.a(lib_a-memchr-stub.o)
                              C:\PROGRA~2\GNUTOO~1\50A5A~1.420\arm-none-eabi\lib\thumb\libc.a(lib_a-svfprintf.o) (memchr)
[...]
Memory Configuration

Name             Origin             Length             Attributes
FLASH            0x08000000         0x00100000         xr
RAM              0x20000000         0x00020000         xrw
CCM              0x10000000         0x00010000         xrw
MEMORY_B1        0x60000000         0x00000000         xr
*default*        0x00000000         0xffffffff

Linker script and memory map

LOAD c:/progra~2/gnutoo~1/50a5a~1.420/bin/../lib/gcc/arm-none-eabi/5.4.1/armv7e-m/crti.o
LOAD c:/progra~2/gnutoo~1/50a5a~1.420/bin/../lib/gcc/arm-none-eabi/5.4.1/armv7e-m/crtbegin.o
LOAD c:/progra~2/gnutoo~1/50a5a~1.420/bin/../lib/gcc/arm-none-eabi/5.4.1/../../../../arm-none-eabi/lib/armv7e-m/crt0.o
LOAD obj/code.o
LOAD obj/eecfg.o
LOAD obj/pkg/mcu/st_stm32_stm32f4xx/src/startup_stm32f4xx_gnu.o
LOAD obj/pkg/mcu/st_stm32_stm32f4xx/src/system_stm32f4xx.o
LOAD libee.a
LOAD libstm32f4discovery.a
LOAD libstm32f4xxspd.a
START GROUP
LOAD c:/progra~2/gnutoo~1/50a5a~1.420/bin/../lib/gcc/arm-none-eabi/5.4.1/armv7e-m\libgcc.a
LOAD C:\PROGRA~2\GNUTOO~1\50A5A~1.420\arm-none-eabi\lib\thumb\libc.a
LOAD C:\PROGRA~2\GNUTOO~1\50A5A~1.420\arm-none-eabi\lib\thumb\libm.a
LOAD C:\PROGRA~2\GNUTOO~1\50A5A~1.420\arm-none-eabi\lib\thumb\libnosys.a
END GROUP

.text           0x08000000     0xc514
 *(.isr_vector)
 .isr_vector    0x08000000      0x188 obj/pkg/mcu/st_stm32_stm32f4xx/src/startup_stm32f4xx_gnu.o
                0x08000000                __isr_vector
 *(.text*)
 .text          0x08000188        0x0 c:/progra~2/gnutoo~1/50a5a~1.420/bin/../lib/gcc/arm-none-eabi/5.4.1/armv7e-m/crti.o
 .text          0x08000188       0x5c c:/progra~2/gnutoo~1/50a5a~1.420/bin/../lib/gcc/arm-none-eabi/5.4.1/armv7e-m/crtbegin.o
 .text          0x080001e4       0x74 c:/progra~2/gnutoo~1/50a5a~1.420/bin/../lib/gcc/arm-none-eabi/5.4.1/../../../../arm-none-eabi/lib/armv7e-m/crt0.o
                0x080001e4                _start
                0x080001e4                _mainCRTStartup
 .text          0x08000258      0xdd4 obj/code.o
                0x0800028c                console_out
                0x080002dc                breakleft
                0x080002f4                folleleft
                0x0800030c                forwardleft
                0x0800032c                backwardleft
                0x0800034c                breakright
                0x08000364                folleright
                0x0800037c                forwardright
                0x0800039c                backwardright
                0x080003bc                EnableMotors
                0x080003d4                DisableMotors
                0x080003ec                InitMotors
                0x08000434                InitLineSensor
                0x080005c0                read_task_init
                0x080006e0                EXTI1_IRQHandler
                0x0800072c                EXTI3_IRQHandler
                0x08000780                EXTI4_IRQHandler
                0x080007cc                EXTI9_5_IRQHandler
                0x08000888                EXTI15_10_IRQHandler
                0x08000910                systick_handler
                0x080009cc                ISR2_systick_handler
                0x080009dc                PWM_Config_and_En
                0x08000ae4                InitDataStruct
                0x08000b20                FuncCheckRead
                0x08000e24                FuncTaskMotorControl
                0x08000f24                main
 .text          0x0800102c       0x34 obj/eecfg.o
 .text          0x08001060        0x0 obj/pkg/mcu/st_stm32_stm32f4xx/src/startup_stm32f4xx_gnu.o
 .text.EE_cortex_mx_default_reset_ISR
                0x08001060       0x40 obj/pkg/mcu/st_stm32_stm32f4xx/src/startup_stm32f4xx_gnu.o
                0x08001060                EE_cortex_mx_default_reset_ISR
 .text.EE_cortex_mx_default_ISR
                0x080010a0        0x4 obj/pkg/mcu/st_stm32_stm32f4xx/src/startup_stm32f4xx_gnu.o
                0x080010a0                EE_CORTEX_MX_DMA1_STREAM4_ISR
                0x080010a0                EE_CORTEX_MX_USART6_ISR
                0x080010a0                EE_CORTEX_MX_DMA1_STREAM6_ISR
                0x080010a0                EE_CORTEX_MX_CRYP_ISR
                0x080010a0                EE_CORTEX_MX_DMA1_STREAM5_ISR
                0x080010a0                EE_CORTEX_MX_BUS_FAULT_ISR
                0x080010a0                EE_CORTEX_MX_PVD_ISR
                0x080010a0                EE_CORTEX_MX_SPI2_ISR
                0x080010a0                EE_CORTEX_MX_CAN1_RX1_ISR
                0x080010a0                EE_CORTEX_MX_DMA2_STREAM5_ISR
                0x080010a0                EE_CORTEX_MX_TIM6_DAC_ISR
                0x080010a0                EE_CORTEX_MX_I2C2_EV_ISR
                0x080010a0                EE_CORTEX_MX_TIM1_UP_TIM10_ISR
                0x080010a0                EE_CORTEX_MX_CAN1_RX0_ISR
                0x080010a0                EE_CORTEX_MX_USART1_ISR
                0x080010a0                EE_CORTEX_MX_TIM8_CC_ISR
                0x080010a0                EE_CORTEX_MX_RTC_Alarm_ISR
                0x080010a0                EE_CORTEX_MX_EXTI2_ISR
                0x080010a0                EE_CORTEX_MX_OTG_HS_ISR
                0x080010a0                EE_CORTEX_MX_DCMI_ISR
                0x080010a0                EE_CORTEX_MX_DMA2_STREAM0_ISR
                0x080010a0                EE_CORTEX_MX_SPI1_ISR
                0x080010a0                EE_cortex_mx_default_ISR
                0x080010a0                EE_CORTEX_MX_ETH_WKUP_ISR
                0x080010a0                EE_CORTEX_MX_TIM8_TRG_COM_TIM14_ISR
                0x080010a0                EE_CORTEX_MX_USAGE_FAULT_ISR
                0x080010a0                EE_CORTEX_MX_TIM7_ISR
                0x080010a0                EE_CORTEX_MX_TIM2_ISR
                0x080010a0                EE_CORTEX_MX_I2C1_EV_ISR
                0x080010a0                EE_CORTEX_MX_TIM1_TRG_COM_TIM11_ISR
                0x080010a0                EE_CORTEX_MX_UART5_ISR
                0x080010a0                EE_CORTEX_MX_UART4_ISR
                0x080010a0                EE_CORTEX_MX_NMI_ISR
                0x080010a0                EE_CORTEX_MX_TIM3_ISR
                0x080010a0                EE_CORTEX_MX_USART3_ISR
                0x080010a0                EE_CORTEX_MX_DMA2_STREAM4_ISR
                0x080010a0                EE_CORTEX_MX_EXTI4_ISR
                0x080010a0                EE_CORTEX_MX_ADC_ISR
                0x080010a0                EE_CORTEX_MX_OTG_HS_EP1_IN_ISR
                0x080010a0                EE_CORTEX_MX_DMA2_STREAM1_ISR
                0x080010a0                EE_CORTEX_MX_CAN1_TX_ISR
                0x080010a0                EE_CORTEX_MX_USART2_ISR
                0x080010a0                EE_CORTEX_MX_SDIO_ISR
                0x080010a0                EE_CORTEX_MX_I2C2_ER_ISR
                0x080010a0                EE_CORTEX_MX_I2C3_EV_ISR
                0x080010a0                EE_CORTEX_MX_HARD_FAULT_ISR
                0x080010a0                EE_CORTEX_MX_DMA1_STREAM3_ISR
                0x080010a0                EE_CORTEX_MX_OTG_HS_EP1_OUT_ISR
                0x080010a0                EE_CORTEX_MX_TIM8_BRK_TIM12_ISR
                0x080010a0                EE_CORTEX_MX_CAN1_SCE_ISR
                0x080010a0                EE_CORTEX_MX_DMA1_STREAM1_ISR
                0x080010a0                EE_CORTEX_MX_TIM4_ISR
                0x080010a0                EE_CORTEX_MX_DMA2_STREAM3_ISR
                0x080010a0                EE_CORTEX_MX_ETH_ISR
                0x080010a0                EE_CORTEX_MX_OTG_FS_ISR
                0x080010a0                EE_CORTEX_MX_CAN2_RX0_ISR
                0x080010a0                EE_CORTEX_MX_CAN2_SCE_ISR
                0x080010a0                EE_CORTEX_MX_FPU_ISR
                0x080010a0                EE_CORTEX_MX_RTC_WKUP_ISR
                0x080010a0                EE_CORTEX_MX_TIM8_UP_TIM13_ISR
                0x080010a0                EE_CORTEX_MX_OTG_FS_WKUP_ISR
                0x080010a0                EE_CORTEX_MX_DMA1_STREAM2_ISR
                0x080010a0                EE_CORTEX_MX_EXTI9_5_ISR
                0x080010a0                EE_CORTEX_MX_EXTI3_ISR
                0x080010a0                EE_CORTEX_MX_EXTI0_ISR
                0x080010a0                EE_CORTEX_MX_I2C1_ER_ISR
                0x080010a0                EE_CORTEX_MX_FLASH_ISR
                0x080010a0                EE_CORTEX_MX_OTG_HS_WKUP_ISR
                0x080010a0                EE_CORTEX_MX_TIM1_BRK_TIM9_ISR
                0x080010a0                EE_CORTEX_MX_I2C3_ER_ISR
                0x080010a0                EE_CORTEX_MX_TIM1_CC_ISR
                0x080010a0                EE_CORTEX_MX_SPI3_ISR
                0x080010a0                EE_CORTEX_MX_EXTI15_10_ISR
                0x080010a0                EE_CORTEX_MX_CAN2_TX_ISR
                0x080010a0                EE_CORTEX_MX_RCC_ISR
                0x080010a0                EE_CORTEX_MX_FSMC_ISR
                0x080010a0                EE_CORTEX_MX_DMA2_STREAM2_ISR
                0x080010a0                EE_CORTEX_MX_DMA2_STREAM7_ISR
                0x080010a0                EE_CORTEX_MX_EXTI1_ISR
                0x080010a0                EE_CORTEX_MX_DEBUG_MONITOR_ISR
                0x080010a0                EE_CORTEX_MX_WWDG_ISR
                0x080010a0                EE_CORTEX_MX_MPU_FAULT_ISR
                0x080010a0                EE_CORTEX_MX_HASH_RNG_ISR
                0x080010a0                EE_CORTEX_MX_DMA2_STREAM6_ISR
                0x080010a0                EE_CORTEX_MX_TIM5_ISR
                0x080010a0                EE_CORTEX_MX_DMA1_STREAM0_ISR
                0x080010a0                EE_CORTEX_MX_TAMP_STAMP_ISR
                0x080010a0                EE_CORTEX_MX_CAN2_RX1_ISR
                0x080010a0                EE_CORTEX_MX_DMA1_Stream7_ISR
 .text._exit    0x080010a4        0x6 obj/pkg/mcu/st_stm32_stm32f4xx/src/startup_stm32f4xx_gnu.o
                0x080010a4                _exit
 *fill*         0x080010aa        0x2 
 .text          0x080010ac      0x248 obj/pkg/mcu/st_stm32_stm32f4xx/src/system_stm32f4xx.o
                0x080010ac                SystemInit
                0x08001108                SystemCoreClockUpdate
 .text          0x080012f4       0x34 libee.a(ee_hal_structs.o)
 .text          0x08001328       0x70 libee.a(ee_utils.o)
                0x0800135c                EE_system_init
 .text          0x08001398       0x7c libee.a(ee_gnu_change_context_isr.o)
                0x08001398                EE_set_switch_context_pri
                0x080013b2                EE_switch_context
                0x080013bc                EE_cortex_mx_pendsv_ISR
                0x080013f8                EE_cortex_mx_svc_ISR
 .text          0x08001414       0x68 libee.a(ee_gnu_multi_context.o)
                0x08001414                EE_cortex_mx_change_context
 .text          0x0800147c      0x2cc libee.a(ee_altick.o)
                0x080014b0                EE_alarm_insert
                0x080015f4                EE_alarm_CounterTick
 .text          0x08001748       0x80 libee.a(ee_alsetrel.o)
                0x0800177c                EE_alarm_SetRelAlarm
 .text          0x080017c8       0xd4 libee.a(ee_irqsc.o)
                0x080017fc                EE_IRQ_end_instance
 .text          0x0800189c       0x78 libee.a(ee_rqexchg.o)
                0x080018d0                EE_rq2stk_exchange
 .text          0x08001914       0xb4 libee.a(ee_rqinsert.o)
                0x08001948                EE_rq_insert
 .text          0x080019c8      0x174 libee.a(ee_swait.o)
                0x080019fc                EE_sem_WaitSem
 .text          0x08001b3c      0x11c libee.a(ee_spost.o)
                0x08001b70                EE_sem_PostSem
 .text          0x08001c58       0x70 libee.a(ee_context.o)
                0x08001c8c                EE_std_run_task_code
 .text          0x08001cc8       0x7c libee.a(ee_context.o)
                0x08001cfc                EE_std_need_context_change
 .text          0x08001d44      0x140 libee.a(ee_thendin.o)
                0x08001d78                EE_thread_end_instance
 .text          0x08001e84      0x218 libstm32f4discovery.a(stm32f4_discovery.o)
                0x08001e84                STM_EVAL_LEDInit
                0x08001ee0                STM_EVAL_LEDOn
                0x08001f10                STM_EVAL_LEDOff
                0x08001f40                STM_EVAL_LEDToggle
                0x08001f7c                STM_EVAL_COMInit
 .text          0x0800209c      0x21c libstm32f4xxspd.a(stm32f4xx_exti.o)
                0x0800209c                EXTI_DeInit
                0x080020d0                EXTI_Init
                0x080021b4                EXTI_StructInit
                0x080021e0                EXTI_GenerateSWInterrupt
                0x08002204                EXTI_GetFlagStatus
                0x08002238                EXTI_ClearFlag
                0x08002254                EXTI_GetITStatus
                0x0800229c                EXTI_ClearITPendingBit
 .text          0x080022b8      0x484 libstm32f4xxspd.a(stm32f4xx_gpio.o)
                0x080022b8                GPIO_DeInit
                0x080023d8                GPIO_Init
                0x080024f4                GPIO_StructInit
                0x08002528                GPIO_PinLockConfig
                0x0800256c                GPIO_ReadInputDataBit
                0x080025a0                GPIO_ReadInputData
                0x080025b8                GPIO_ReadOutputDataBit
                0x080025ec                GPIO_ReadOutputData
                0x08002604                GPIO_SetBits
                0x08002620                GPIO_ResetBits
                0x0800263c                GPIO_WriteBit
                0x0800266c                GPIO_Write
                0x08002688                GPIO_ToggleBits
                0x080026ac                GPIO_PinAFConfig
 .text          0x0800273c      0xa78 libstm32f4xxspd.a(stm32f4xx_rcc.o)
                0x0800273c                RCC_DeInit
                0x0800278c                RCC_HSEConfig
                0x080027b0                RCC_WaitForHSEStartUp
                0x08002800                RCC_AdjustHSICalibrationValue
                0x0800283c                RCC_HSICmd
                0x0800285c                RCC_LSEConfig
                0x0800289c                RCC_LSICmd
                0x080028bc                RCC_PLLConfig
                0x080028f8                RCC_PLLCmd
                0x08002918                RCC_PLLI2SConfig
                0x08002940                RCC_PLLI2SCmd
                0x08002960                RCC_ClockSecuritySystemCmd
                0x08002980                RCC_MCO1Config
                0x080029bc                RCC_MCO2Config
                0x080029f8                RCC_SYSCLKConfig
                0x08002a30                RCC_GetSYSCLKSource
                0x08002a4c                RCC_HCLKConfig
                0x08002a84                RCC_PCLK1Config
                0x08002abc                RCC_PCLK2Config
                0x08002af4                RCC_GetClocksFreq
                0x08002c48                RCC_RTCCLKConfig
                0x08002ca4                RCC_RTCCLKCmd
                0x08002cc4                RCC_BackupResetCmd
                0x08002ce4                RCC_I2SCLKConfig
                0x08002d00                RCC_AHB1PeriphClockCmd
                0x08002d3c                RCC_AHB2PeriphClockCmd
                0x08002d78                RCC_AHB3PeriphClockCmd
                0x08002db4                RCC_APB1PeriphClockCmd
                0x08002df0                RCC_APB2PeriphClockCmd
                0x08002e2c                RCC_AHB1PeriphResetCmd
                0x08002e68                RCC_AHB2PeriphResetCmd
                0x08002ea4                RCC_AHB3PeriphResetCmd
                0x08002ee0                RCC_APB1PeriphResetCmd
                0x08002f1c                RCC_APB2PeriphResetCmd
                0x08002f58                RCC_AHB1PeriphClockLPModeCmd
                0x08002f94                RCC_AHB2PeriphClockLPModeCmd
                0x08002fd0                RCC_AHB3PeriphClockLPModeCmd
                0x0800300c                RCC_APB1PeriphClockLPModeCmd
                0x08003048                RCC_APB2PeriphClockLPModeCmd
                0x08003084                RCC_ITConfig
                0x080030d0                RCC_GetFlagStatus
                0x08003144                RCC_ClearFlag
                0x08003160                RCC_GetITStatus
                0x08003194                RCC_ClearITPendingBit
 .text          0x080031b4      0x12c libstm32f4xxspd.a(stm32f4xx_syscfg.o)
                0x080031b4                SYSCFG_DeInit
                0x080031d0                SYSCFG_MemoryRemapConfig
                0x080031f0                SYSCFG_EXTILineConfig
                0x08003274                SYSCFG_ETH_MediaInterfaceConfig
                0x08003290                SYSCFG_CompensationCellCmd
                0x080032b0                SYSCFG_GetCompensationCellStatus
 .text          0x080032e0     0x1bf8 libstm32f4xxspd.a(stm32f4xx_tim.o)
                0x080032e0                TIM_DeInit
                0x080034a0                TIM_TimeBaseInit
                0x08003574                TIM_TimeBaseStructInit
                0x080035a8                TIM_PrescalerConfig
                0x080035d0                TIM_CounterModeConfig
                0x08003608                TIM_SetCounter
                0x08003624                TIM_SetAutoreload
                0x08003640                TIM_GetCounter
                0x08003658                TIM_GetPrescaler
                0x08003670                TIM_UpdateDisableConfig
                0x080036b0                TIM_UpdateRequestConfig
                0x080036f0                TIM_ARRPreloadConfig
                0x08003730                TIM_SelectOnePulseMode
                0x08003768                TIM_SetClockDivision
                0x080037a0                TIM_Cmd
                0x080037e0                TIM_OC1Init
                0x080038d4                TIM_OC2Init
                0x080039e4                TIM_OC3Init
                0x08003af0                TIM_OC4Init
                0x08003bbc                TIM_OCStructInit
                0x08003c00                TIM_SelectOCxM
                0x08003cb0                TIM_SetCompare1
                0x08003ccc                TIM_SetCompare2
                0x08003ce8                TIM_SetCompare3
                0x08003d04                TIM_SetCompare4
                0x08003d20                TIM_ForcedOC1Config
                0x08003d58                TIM_ForcedOC2Config
                0x08003d94                TIM_ForcedOC3Config
                0x08003dcc                TIM_ForcedOC4Config
                0x08003e08                TIM_OC1PreloadConfig
                0x08003e40                TIM_OC2PreloadConfig
                0x08003e7c                TIM_OC3PreloadConfig
                0x08003eb4                TIM_OC4PreloadConfig
                0x08003ef0                TIM_OC1FastConfig
                0x08003f28                TIM_OC2FastConfig
                0x08003f64                TIM_OC3FastConfig
                0x08003f9c                TIM_OC4FastConfig
                0x08003fd8                TIM_ClearOC1Ref
                0x08004010                TIM_ClearOC2Ref
                0x0800404c                TIM_ClearOC3Ref
                0x08004084                TIM_ClearOC4Ref
                0x080040c0                TIM_OC1PolarityConfig
                0x080040f8                TIM_OC1NPolarityConfig
                0x08004130                TIM_OC2PolarityConfig
                0x0800416c                TIM_OC2NPolarityConfig
                0x080041a8                TIM_OC3PolarityConfig
                0x080041e4                TIM_OC3NPolarityConfig
                0x08004220                TIM_OC4PolarityConfig
                0x0800425c                TIM_CCxCmd
                0x080042b0                TIM_CCxNCmd
                0x08004304                TIM_ICInit
                0x080043ac                TIM_ICStructInit
                0x080043dc                TIM_PWMIConfig
                0x08004494                TIM_GetCapture1
                0x080044ac                TIM_GetCapture2
                0x080044c4                TIM_GetCapture3
                0x080044dc                TIM_GetCapture4
                0x080044f4                TIM_SetIC1Prescaler
                0x0800452c                TIM_SetIC2Prescaler
                0x08004568                TIM_SetIC3Prescaler
                0x080045a0                TIM_SetIC4Prescaler
                0x080045dc                TIM_BDTRConfig
                0x0800462c                TIM_BDTRStructInit
                0x08004668                TIM_CtrlPWMOutputs
                0x080046b4                TIM_SelectCOM
                0x080046f4                TIM_CCPreloadControl
                0x08004734                TIM_ITConfig
                0x0800477c                TIM_GenerateEvent
                0x08004798                TIM_GetFlagStatus
                0x080047d0                TIM_ClearFlag
                0x080047f0                TIM_GetITStatus
                0x08004844                TIM_ClearITPendingBit
                0x08004864                TIM_DMAConfig
                0x0800488c                TIM_DMACmd
                0x080048d4                TIM_SelectCCDMA
                0x08004914                TIM_InternalClockConfig
                0x08004938                TIM_ITRxExternalClockConfig
                0x08004968                TIM_TIxExternalClockConfig
                0x080049c4                TIM_ETRClockMode1Config
                0x08004a24                TIM_ETRClockMode2Config
                0x08004a64                TIM_SelectInputTrigger
                0x08004a9c                TIM_SelectOutputTrigger
                0x08004ad4                TIM_SelectSlaveMode
                0x08004b0c                TIM_SelectMasterSlaveMode
                0x08004b44                TIM_ETRConfig
                0x08004b98                TIM_EncoderInterfaceConfig
                0x08004c30                TIM_SelectHallSensor
                0x08004c70                TIM_RemapConfig
 .text          0x08004ed8      0x91c libstm32f4xxspd.a(stm32f4xx_usart.o)
                0x08004ed8                USART_DeInit
                0x08004fac                USART_Init
                0x08005120                USART_StructInit
                0x08005158                USART_ClockInit
                0x080051ac                USART_ClockStructInit
                0x080051d8                USART_Cmd
                0x08005218                USART_SetPrescaler
                0x08005250                USART_OverSampling8Cmd
                0x08005294                USART_OneBitMethodCmd
                0x080052d4                USART_SendData
                0x080052f8                USART_ReceiveData
                0x08005318                USART_SetAddress
                0x08005350                USART_ReceiverWakeUpCmd
                0x08005390                USART_WakeUpConfig
                0x080053c8                USART_LINBreakDetectLengthConfig
                0x08005400                USART_LINCmd
                0x08005440                USART_SendBreak
                0x08005464                USART_HalfDuplexCmd
                0x080054a4                USART_SetGuardTime
                0x080054e0                USART_SmartCardCmd
                0x08005520                USART_SmartCardNACKCmd
                0x08005560                USART_IrDAConfig
                0x08005598                USART_IrDACmd
                0x080055d8                USART_DMACmd
                0x08005620                USART_ITConfig
                0x080056b0                USART_GetFlagStatus
                0x080056e8                USART_ClearFlag
                0x08005708                USART_GetITStatus
                0x080057bc                USART_ClearITPendingBit
 .text          0x080057f4      0x188 libstm32f4xxspd.a(misc.o)
                0x080057f4                NVIC_PriorityGroupConfig
                0x08005818                NVIC_Init
                0x080058d8                NVIC_SetVectorTable
                0x08005904                NVIC_SystemLPConfig
                0x08005944                SysTick_CLKSourceConfig
 .text          0x0800597c      0x370 c:/progra~2/gnutoo~1/50a5a~1.420/bin/../lib/gcc/arm-none-eabi/5.4.1/armv7e-m\libgcc.a(_arm_addsubdf3.o)
                0x0800597c                __aeabi_drsub
                0x08005984                __aeabi_dsub
                0x08005984                __subdf3
                0x08005988                __aeabi_dadd
                0x08005988                __adddf3
                0x08005c00                __floatunsidf
                0x08005c00                __aeabi_ui2d
                0x08005c20                __floatsidf
                0x08005c20                __aeabi_i2d
                0x08005c44                __aeabi_f2d
                0x08005c44                __extendsfdf2
                0x08005c80                __floatundidf
                0x08005c80                __aeabi_ul2d
                0x08005c90                __floatdidf
                0x08005c90                __aeabi_l2d
 .text          0x08005cec      0x110 c:/progra~2/gnutoo~1/50a5a~1.420/bin/../lib/gcc/arm-none-eabi/5.4.1/armv7e-m\libgcc.a(_arm_cmpdf2.o)
                0x08005cec                __gtdf2
                0x08005cec                __gedf2
                0x08005cf4                __ltdf2
                0x08005cf4                __ledf2
                0x08005cfc                __nedf2
                0x08005cfc                __eqdf2
                0x08005cfc                __cmpdf2
                0x08005d78                __aeabi_cdrcmple
                0x08005d88                __aeabi_cdcmpeq
                0x08005d88                __aeabi_cdcmple
                0x08005d98                __aeabi_dcmpeq
                0x08005dac                __aeabi_dcmplt
                0x08005dc0                __aeabi_dcmple
                0x08005dd4                __aeabi_dcmpge
                0x08005de8                __aeabi_dcmpgt
 .text          0x08005dfc        0x0 C:\PROGRA~2\GNUTOO~1\50A5A~1.420\arm-none-eabi\lib\thumb\libc.a(lib_a-exit.o)
 .text.exit     0x08005dfc       0x28 C:\PROGRA~2\GNUTOO~1\50A5A~1.420\arm-none-eabi\lib\thumb\libc.a(lib_a-exit.o)
                0x08005dfc                exit
 .text          0x08005e24        0x0 C:\PROGRA~2\GNUTOO~1\50A5A~1.420\arm-none-eabi\lib\thumb\libc.a(lib_a-impure.o)
 .text          0x08005e24        0x0 C:\PROGRA~2\GNUTOO~1\50A5A~1.420\arm-none-eabi\lib\thumb\libc.a(lib_a-init.o)
 .text.__libc_init_array
                0x08005e24       0x58 C:\PROGRA~2\GNUTOO~1\50A5A~1.420\arm-none-eabi\lib\thumb\libc.a(lib_a-init.o)
                0x08005e24                __libc_init_array
 .text          0x08005e7c        0x0 C:\PROGRA~2\GNUTOO~1\50A5A~1.420\arm-none-eabi\lib\thumb\libc.a(lib_a-memset.o)
 .text.memset   0x08005e7c       0x94 C:\PROGRA~2\GNUTOO~1\50A5A~1.420\arm-none-eabi\lib\thumb\libc.a(lib_a-memset.o)
                0x08005e7c                memset
 .text          0x08005f10        0x0 C:\PROGRA~2\GNUTOO~1\50A5A~1.420\arm-none-eabi\lib\thumb\libc.a(lib_a-sprintf.o)
 .text._sprintf_r
                0x08005f10       0x40 C:\PROGRA~2\GNUTOO~1\50A5A~1.420\arm-none-eabi\lib\thumb\libc.a(lib_a-sprintf.o)
                0x08005f10                _sprintf_r
 .text.sprintf  0x08005f50       0x44 C:\PROGRA~2\GNUTOO~1\50A5A~1.420\arm-none-eabi\lib\thumb\libc.a(lib_a-sprintf.o)
                0x08005f50                sprintf
 .text          0x08005f94        0x0 C:\PROGRA~2\GNUTOO~1\50A5A~1.420\arm-none-eabi\lib\thumb\libc.a(lib_a-svfprintf.o)
 .text._svfprintf_r
                0x08005f94     0x17ec C:\PROGRA~2\GNUTOO~1\50A5A~1.420\arm-none-eabi\lib\thumb\libc.a(lib_a-svfprintf.o)
                0x08005f94                _svfprintf_r
 .text          0x08007780        0x0 C:\PROGRA~2\GNUTOO~1\50A5A~1.420\arm-none-eabi\lib\thumb\libc.a(lib_a-__call_atexit.o)
 .text.startup.register_fini
                0x08007780       0x1c C:\PROGRA~2\GNUTOO~1\50A5A~1.420\arm-none-eabi\lib\thumb\libc.a(lib_a-__call_atexit.o)
 .text.__call_exitprocs
                0x0800779c      0x10c C:\PROGRA~2\GNUTOO~1\50A5A~1.420\arm-none-eabi\lib\thumb\libc.a(lib_a-__call_atexit.o)
                0x0800779c                __call_exitprocs
 .text          0x080078a8        0x0 C:\PROGRA~2\GNUTOO~1\50A5A~1.420\arm-none-eabi\lib\thumb\libc.a(lib_a-atexit.o)
 .text.atexit   0x080078a8       0x14 C:\PROGRA~2\GNUTOO~1\50A5A~1.420\arm-none-eabi\lib\thumb\libc.a(lib_a-atexit.o)
                0x080078a8                atexit
 .text          0x080078bc        0x0 C:\PROGRA~2\GNUTOO~1\50A5A~1.420\arm-none-eabi\lib\thumb\libc.a(lib_a-dtoa.o)
 .text.quorem   0x080078bc      0x158 C:\PROGRA~2\GNUTOO~1\50A5A~1.420\arm-none-eabi\lib\thumb\libc.a(lib_a-dtoa.o)
 .text._dtoa_r  0x08007a14      0xfd8 C:\PROGRA~2\GNUTOO~1\50A5A~1.420\arm-none-eabi\lib\thumb\libc.a(lib_a-dtoa.o)
                0x08007a14                _dtoa_r
 .text          0x080089ec        0x0 C:\PROGRA~2\GNUTOO~1\50A5A~1.420\arm-none-eabi\lib\thumb\libc.a(lib_a-fini.o)
 .text.__libc_fini_array
                0x080089ec       0x3c C:\PROGRA~2\GNUTOO~1\50A5A~1.420\arm-none-eabi\lib\thumb\libc.a(lib_a-fini.o)
                0x080089ec                __libc_fini_array
 .text          0x08008a28        0x0 C:\PROGRA~2\GNUTOO~1\50A5A~1.420\arm-none-eabi\lib\thumb\libc.a(lib_a-localeconv.o)
 .text.__localeconv_l
                0x08008a28        0x4 C:\PROGRA~2\GNUTOO~1\50A5A~1.420\arm-none-eabi\lib\thumb\libc.a(lib_a-localeconv.o)
                0x08008a28                __localeconv_l
 .text._localeconv_r
                0x08008a2c       0x1c C:\PROGRA~2\GNUTOO~1\50A5A~1.420\arm-none-eabi\lib\thumb\libc.a(lib_a-localeconv.o)
                0x08008a2c                _localeconv_r
 .text.localeconv
                0x08008a48       0x1c C:\PROGRA~2\GNUTOO~1\50A5A~1.420\arm-none-eabi\lib\thumb\libc.a(lib_a-localeconv.o)
                0x08008a48                localeconv
 .text          0x08008a64        0x0 C:\PROGRA~2\GNUTOO~1\50A5A~1.420\arm-none-eabi\lib\thumb\libc.a(lib_a-mallocr.o)
 .text._malloc_r
                0x08008a64      0x564 C:\PROGRA~2\GNUTOO~1\50A5A~1.420\arm-none-eabi\lib\thumb\libc.a(lib_a-mallocr.o)
                0x08008a64                _malloc_r
 .text          0x08008fc8        0x0 C:\PROGRA~2\GNUTOO~1\50A5A~1.420\arm-none-eabi\lib\thumb\libc.a(lib_a-memchr-stub.o)
 .text.memchr   0x08008fc8       0x94 C:\PROGRA~2\GNUTOO~1\50A5A~1.420\arm-none-eabi\lib\thumb\libc.a(lib_a-memchr-stub.o)
                0x08008fc8                memchr
 .text          0x0800905c        0x0 C:\PROGRA~2\GNUTOO~1\50A5A~1.420\arm-none-eabi\lib\thumb\libc.a(lib_a-memcpy-stub.o)
 .text.memcpy   0x0800905c       0x80 C:\PROGRA~2\GNUTOO~1\50A5A~1.420\arm-none-eabi\lib\thumb\libc.a(lib_a-memcpy-stub.o)
                0x0800905c                memcpy
 .text          0x080090dc        0x0 C:\PROGRA~2\GNUTOO~1\50A5A~1.420\arm-none-eabi\lib\thumb\libc.a(lib_a-mlock.o)
 .text.__malloc_lock
                0x080090dc        0x4 C:\PROGRA~2\GNUTOO~1\50A5A~1.420\arm-none-eabi\lib\thumb\libc.a(lib_a-mlock.o)
                0x080090dc                __malloc_lock
 .text.__malloc_unlock
                0x080090e0        0x4 C:\PROGRA~2\GNUTOO~1\50A5A~1.420\arm-none-eabi\lib\thumb\libc.a(lib_a-mlock.o)
                0x080090e0                __malloc_unlock
 .text          0x080090e4        0x0 C:\PROGRA~2\GNUTOO~1\50A5A~1.420\arm-none-eabi\lib\thumb\libc.a(lib_a-mprec.o)
 .text._Balloc  0x080090e4       0x54 C:\PROGRA~2\GNUTOO~1\50A5A~1.420\arm-none-eabi\lib\thumb\libc.a(lib_a-mprec.o)
                0x080090e4                _Balloc
 .text._Bfree   0x08009138       0x14 C:\PROGRA~2\GNUTOO~1\50A5A~1.420\arm-none-eabi\lib\thumb\libc.a(lib_a-mprec.o)
                0x08009138                _Bfree
 .text.__multadd
                0x0800914c       0x94 C:\PROGRA~2\GNUTOO~1\50A5A~1.420\arm-none-eabi\lib\thumb\libc.a(lib_a-mprec.o)
                0x0800914c                __multadd
 .text.__s2b    0x080091e0       0x94 C:\PROGRA~2\GNUTOO~1\50A5A~1.420\arm-none-eabi\lib\thumb\libc.a(lib_a-mprec.o)
                0x080091e0                __s2b
 .text.__hi0bits
                0x08009274       0x3c C:\PROGRA~2\GNUTOO~1\50A5A~1.420\arm-none-eabi\lib\thumb\libc.a(lib_a-mprec.o)
                0x08009274                __hi0bits
 .text.__lo0bits
                0x080092b0       0x5c C:\PROGRA~2\GNUTOO~1\50A5A~1.420\arm-none-eabi\lib\thumb\libc.a(lib_a-mprec.o)
                0x080092b0                __lo0bits
 .text.__i2b    0x0800930c       0x18 C:\PROGRA~2\GNUTOO~1\50A5A~1.420\arm-none-eabi\lib\thumb\libc.a(lib_a-mprec.o)
                0x0800930c                __i2b
 .text.__multiply
                0x08009324      0x16c C:\PROGRA~2\GNUTOO~1\50A5A~1.420\arm-none-eabi\lib\thumb\libc.a(lib_a-mprec.o)
                0x08009324                __multiply
 .text.__pow5mult
                0x08009490       0xc0 C:\PROGRA~2\GNUTOO~1\50A5A~1.420\arm-none-eabi\lib\thumb\libc.a(lib_a-mprec.o)
                0x08009490                __pow5mult
 .text.__lshift
                0x08009550       0xc4 C:\PROGRA~2\GNUTOO~1\50A5A~1.420\arm-none-eabi\lib\thumb\libc.a(lib_a-mprec.o)
                0x08009550                __lshift
 .text.__mcmp   0x08009614       0x40 C:\PROGRA~2\GNUTOO~1\50A5A~1.420\arm-none-eabi\lib\thumb\libc.a(lib_a-mprec.o)
                0x08009614                __mcmp
 .text.__mdiff  0x08009654      0x120 C:\PROGRA~2\GNUTOO~1\50A5A~1.420\arm-none-eabi\lib\thumb\libc.a(lib_a-mprec.o)
                0x08009654                __mdiff
 .text.__ulp    0x08009774       0x50 C:\PROGRA~2\GNUTOO~1\50A5A~1.420\arm-none-eabi\lib\thumb\libc.a(lib_a-mprec.o)
                0x08009774                __ulp
 .text.__b2d    0x080097c4       0xdc C:\PROGRA~2\GNUTOO~1\50A5A~1.420\arm-none-eabi\lib\thumb\libc.a(lib_a-mprec.o)
                0x080097c4                __b2d
 .text.__d2b    0x080098a0       0xc0 C:\PROGRA~2\GNUTOO~1\50A5A~1.420\arm-none-eabi\lib\thumb\libc.a(lib_a-mprec.o)
                0x080098a0                __d2b
 .text.__ratio  0x08009960       0x78 C:\PROGRA~2\GNUTOO~1\50A5A~1.420\arm-none-eabi\lib\thumb\libc.a(lib_a-mprec.o)
                0x08009960                __ratio
 .text._mprec_log10
                0x080099d8       0x38 C:\PROGRA~2\GNUTOO~1\50A5A~1.420\arm-none-eabi\lib\thumb\libc.a(lib_a-mprec.o)
                0x080099d8                _mprec_log10
 .text.__copybits
                0x08009a10       0x44 C:\PROGRA~2\GNUTOO~1\50A5A~1.420\arm-none-eabi\lib\thumb\libc.a(lib_a-mprec.o)
                0x08009a10                __copybits
 .text.__any_on
                0x08009a54       0x64 C:\PROGRA~2\GNUTOO~1\50A5A~1.420\arm-none-eabi\lib\thumb\libc.a(lib_a-mprec.o)
                0x08009a54                __any_on
 .text          0x08009ab8        0x0 C:\PROGRA~2\GNUTOO~1\50A5A~1.420\arm-none-eabi\lib\thumb\libc.a(lib_a-sbrkr.o)
 .text._sbrk_r  0x08009ab8       0x28 C:\PROGRA~2\GNUTOO~1\50A5A~1.420\arm-none-eabi\lib\thumb\libc.a(lib_a-sbrkr.o)
                0x08009ab8                _sbrk_r
 .text          0x08009ae0        0x0 C:\PROGRA~2\GNUTOO~1\50A5A~1.420\arm-none-eabi\lib\thumb\libc.a(lib_a-strlen-stub.o)
 .text.strlen   0x08009ae0       0x6c C:\PROGRA~2\GNUTOO~1\50A5A~1.420\arm-none-eabi\lib\thumb\libc.a(lib_a-strlen-stub.o)
                0x08009ae0                strlen
 .text          0x08009b4c        0x0 C:\PROGRA~2\GNUTOO~1\50A5A~1.420\arm-none-eabi\lib\thumb\libc.a(lib_a-svfiprintf.o)
 .text.__ssprint_r
                0x08009b4c      0x134 C:\PROGRA~2\GNUTOO~1\50A5A~1.420\arm-none-eabi\lib\thumb\libc.a(lib_a-svfiprintf.o)
                0x08009b4c                __ssprint_r
 .text._svfiprintf_r
                0x08009c80      0xc60 C:\PROGRA~2\GNUTOO~1\50A5A~1.420\arm-none-eabi\lib\thumb\libc.a(lib_a-svfiprintf.o)
                0x08009c80                _svfiprintf_r
 .text          0x0800a8e0        0x0 C:\PROGRA~2\GNUTOO~1\50A5A~1.420\arm-none-eabi\lib\thumb\libc.a(lib_a-__atexit.o)
 .text.__register_exitproc
                0x0800a8e0       0xd8 C:\PROGRA~2\GNUTOO~1\50A5A~1.420\arm-none-eabi\lib\thumb\libc.a(lib_a-__atexit.o)
                0x0800a8e0                __register_exitproc
 .text          0x0800a9b8        0x0 C:\PROGRA~2\GNUTOO~1\50A5A~1.420\arm-none-eabi\lib\thumb\libc.a(lib_a-callocr.o)
 .text._calloc_r
                0x0800a9b8       0x64 C:\PROGRA~2\GNUTOO~1\50A5A~1.420\arm-none-eabi\lib\thumb\libc.a(lib_a-callocr.o)
                0x0800a9b8                _calloc_r
 .text          0x0800aa1c        0x0 C:\PROGRA~2\GNUTOO~1\50A5A~1.420\arm-none-eabi\lib\thumb\libc.a(lib_a-freer.o)
 .text._malloc_trim_r
                0x0800aa1c       0xa4 C:\PROGRA~2\GNUTOO~1\50A5A~1.420\arm-none-eabi\lib\thumb\libc.a(lib_a-freer.o)
                0x0800aa1c                _malloc_trim_r
 .text._free_r  0x0800aac0      0x1c8 C:\PROGRA~2\GNUTOO~1\50A5A~1.420\arm-none-eabi\lib\thumb\libc.a(lib_a-freer.o)
                0x0800aac0                _free_r
 .text          0x0800ac88        0x0 C:\PROGRA~2\GNUTOO~1\50A5A~1.420\arm-none-eabi\lib\thumb\libc.a(lib_a-locale.o)
 .text.__get_current_locale
                0x0800ac88       0x18 C:\PROGRA~2\GNUTOO~1\50A5A~1.420\arm-none-eabi\lib\thumb\libc.a(lib_a-locale.o)
 .text._setlocale_r
                0x0800aca0       0x48 C:\PROGRA~2\GNUTOO~1\50A5A~1.420\arm-none-eabi\lib\thumb\libc.a(lib_a-locale.o)
                0x0800aca0                _setlocale_r
 .text.__locale_mb_cur_max
                0x0800ace8       0x20 C:\PROGRA~2\GNUTOO~1\50A5A~1.420\arm-none-eabi\lib\thumb\libc.a(lib_a-locale.o)
                0x0800ace8                __locale_mb_cur_max
 .text.__locale_ctype_ptr_l
                0x0800ad08        0x8 C:\PROGRA~2\GNUTOO~1\50A5A~1.420\arm-none-eabi\lib\thumb\libc.a(lib_a-locale.o)
                0x0800ad08                __locale_ctype_ptr_l
 .text.__locale_ctype_ptr
                0x0800ad10       0x18 C:\PROGRA~2\GNUTOO~1\50A5A~1.420\arm-none-eabi\lib\thumb\libc.a(lib_a-locale.o)
                0x0800ad10                __locale_ctype_ptr
 .text.setlocale
                0x0800ad28       0x1c C:\PROGRA~2\GNUTOO~1\50A5A~1.420\arm-none-eabi\lib\thumb\libc.a(lib_a-locale.o)
                0x0800ad28                setlocale
 .text          0x0800ad44        0x0 C:\PROGRA~2\GNUTOO~1\50A5A~1.420\arm-none-eabi\lib\thumb\libc.a(lib_a-mbtowc_r.o)
 .text._mbtowc_r
                0x0800ad44       0x34 C:\PROGRA~2\GNUTOO~1\50A5A~1.420\arm-none-eabi\lib\thumb\libc.a(lib_a-mbtowc_r.o)
                0x0800ad44                _mbtowc_r
 .text.__ascii_mbtowc
                0x0800ad78       0x2c C:\PROGRA~2\GNUTOO~1\50A5A~1.420\arm-none-eabi\lib\thumb\libc.a(lib_a-mbtowc_r.o)
                0x0800ad78                __ascii_mbtowc
 .text          0x0800ada4        0x0 C:\PROGRA~2\GNUTOO~1\50A5A~1.420\arm-none-eabi\lib\thumb\libc.a(lib_a-memmove.o)
 .text.memmove  0x0800ada4       0x9c C:\PROGRA~2\GNUTOO~1\50A5A~1.420\arm-none-eabi\lib\thumb\libc.a(lib_a-memmove.o)
                0x0800ada4                memmove
 .text          0x0800ae40        0x0 C:\PROGRA~2\GNUTOO~1\50A5A~1.420\arm-none-eabi\lib\thumb\libc.a(lib_a-reallocr.o)
 .text._realloc_r
                0x0800ae40      0x3ec C:\PROGRA~2\GNUTOO~1\50A5A~1.420\arm-none-eabi\lib\thumb\libc.a(lib_a-reallocr.o)
                0x0800ae40                _realloc_r
 .text          0x0800b22c        0x0 C:\PROGRA~2\GNUTOO~1\50A5A~1.420\arm-none-eabi\lib\thumb\libc.a(lib_a-reent.o)
 .text.cleanup_glue
                0x0800b22c       0x20 C:\PROGRA~2\GNUTOO~1\50A5A~1.420\arm-none-eabi\lib\thumb\libc.a(lib_a-reent.o)
                0x0800b22c                cleanup_glue
 .text._reclaim_reent
                0x0800b24c       0xa0 C:\PROGRA~2\GNUTOO~1\50A5A~1.420\arm-none-eabi\lib\thumb\libc.a(lib_a-reent.o)
                0x0800b24c                _reclaim_reent
 .text          0x0800b2ec      0x224 C:\PROGRA~2\GNUTOO~1\50A5A~1.420\arm-none-eabi\lib\thumb\libc.a(lib_a-strcmp.o)
                0x0800b2ec                strcmp
 .text          0x0800b510        0x0 C:\PROGRA~2\GNUTOO~1\50A5A~1.420\arm-none-eabi\lib\thumb\libc.a(lib_a-wctomb_r.o)
 .text._wctomb_r
                0x0800b510       0x2c C:\PROGRA~2\GNUTOO~1\50A5A~1.420\arm-none-eabi\lib\thumb\libc.a(lib_a-wctomb_r.o)
                0x0800b510                _wctomb_r
 .text.__ascii_wctomb
                0x0800b53c       0x1c C:\PROGRA~2\GNUTOO~1\50A5A~1.420\arm-none-eabi\lib\thumb\libc.a(lib_a-wctomb_r.o)
                0x0800b53c                __ascii_wctomb
 .text          0x0800b558        0x0 C:\PROGRA~2\GNUTOO~1\50A5A~1.420\arm-none-eabi\lib\thumb\libc.a(lib_a-ctype_.o)
 .text          0x0800b558        0x0 C:\PROGRA~2\GNUTOO~1\50A5A~1.420\arm-none-eabi\lib\thumb\libnosys.a(sbrk.o)
 .text._sbrk    0x0800b558       0x1c C:\PROGRA~2\GNUTOO~1\50A5A~1.420\arm-none-eabi\lib\thumb\libnosys.a(sbrk.o)
                0x0800b558                _sbrk
 .text          0x0800b574       0x24 c:/progra~2/gnutoo~1/50a5a~1.420/bin/../lib/gcc/arm-none-eabi/5.4.1/armv7e-m\libgcc.a(_udivsi3.o)
                0x0800b574                __aeabi_uidiv
                0x0800b574                __udivsi3
                0x0800b588                __aeabi_uidivmod
 .text          0x0800b598       0x2c c:/progra~2/gnutoo~1/50a5a~1.420/bin/../lib/gcc/arm-none-eabi/5.4.1/armv7e-m\libgcc.a(_divsi3.o)
                0x0800b598                __divsi3
                0x0800b598                __aeabi_idiv
                0x0800b5b4                __aeabi_idivmod
 .text          0x0800b5c4        0x4 c:/progra~2/gnutoo~1/50a5a~1.420/bin/../lib/gcc/arm-none-eabi/5.4.1/armv7e-m\libgcc.a(_dvmd_tls.o)
                0x0800b5c4                __aeabi_idiv0
                0x0800b5c4                __aeabi_ldiv0
 .text          0x0800b5c8      0x424 c:/progra~2/gnutoo~1/50a5a~1.420/bin/../lib/gcc/arm-none-eabi/5.4.1/armv7e-m\libgcc.a(_arm_muldivdf3.o)
                0x0800b5c8                __aeabi_dmul
                0x0800b5c8                __muldf3
                0x0800b81c                __divdf3
                0x0800b81c                __aeabi_ddiv
 .text          0x0800b9ec       0x2c c:/progra~2/gnutoo~1/50a5a~1.420/bin/../lib/gcc/arm-none-eabi/5.4.1/armv7e-m\libgcc.a(_arm_unorddf2.o)
                0x0800b9ec                __unorddf2
                0x0800b9ec                __aeabi_dcmpun
 .text          0x0800ba18       0x50 c:/progra~2/gnutoo~1/50a5a~1.420/bin/../lib/gcc/arm-none-eabi/5.4.1/armv7e-m\libgcc.a(_arm_fixdfsi.o)
                0x0800ba18                __aeabi_d2iz
                0x0800ba18                __fixdfsi
 .text          0x0800ba68       0x30 c:/progra~2/gnutoo~1/50a5a~1.420/bin/../lib/gcc/arm-none-eabi/5.4.1/armv7e-m\libgcc.a(_aeabi_uldivmod.o)
                0x0800ba68                __aeabi_uldivmod
 .text          0x0800ba98      0x2e4 c:/progra~2/gnutoo~1/50a5a~1.420/bin/../lib/gcc/arm-none-eabi/5.4.1/armv7e-m\libgcc.a(_udivmoddi4.o)
                0x0800ba98                __udivmoddi4
 .text          0x0800bd7c        0x0 c:/progra~2/gnutoo~1/50a5a~1.420/bin/../lib/gcc/arm-none-eabi/5.4.1/armv7e-m/crtend.o
 .text          0x0800bd7c        0x0 c:/progra~2/gnutoo~1/50a5a~1.420/bin/../lib/gcc/arm-none-eabi/5.4.1/armv7e-m/crtn.o
 *(.init)
 .init          0x0800bd7c        0x4 c:/progra~2/gnutoo~1/50a5a~1.420/bin/../lib/gcc/arm-none-eabi/5.4.1/armv7e-m/crti.o
                0x0800bd7c                _init
 .init          0x0800bd80        0x8 c:/progra~2/gnutoo~1/50a5a~1.420/bin/../lib/gcc/arm-none-eabi/5.4.1/armv7e-m/crtn.o
 *(.fini)
 .fini          0x0800bd88        0x4 c:/progra~2/gnutoo~1/50a5a~1.420/bin/../lib/gcc/arm-none-eabi/5.4.1/armv7e-m/crti.o
                0x0800bd88                _fini
 .fini          0x0800bd8c        0x8 c:/progra~2/gnutoo~1/50a5a~1.420/bin/../lib/gcc/arm-none-eabi/5.4.1/armv7e-m/crtn.o
 *crtbegin.o(.ctors)
 *crtbegin.o(.ctors)
 *crtbegin?.o(.ctors)
 *(EXCLUDE_FILE(*crtend.o *crtend?.o) .ctors)
 *(SORT(.ctors.*))
 *(.ctors)
 *crtbegin.o(.dtors)
 *crtbegin?.o(.dtors)
 *(EXCLUDE_FILE(*crtend.o *crtend?.o) .dtors)
 *(SORT(.dtors.*))
 *(.dtors)
 *(.rodata*)
 .rodata        0x0800bd94      0x14d obj/code.o
 *fill*         0x0800bee1        0x3 
 .rodata        0x0800bee4       0x44 obj/eecfg.o
                0x0800bee4                EE_std_thread_tos
                0x0800bef0                EE_hal_thread_body
                0x0800bef8                EE_th_ready_prio
                0x0800bf00                EE_th_dispatch_prio
                0x0800bf08                EE_alarm_ROM
 .rodata        0x0800bf28       0x48 libstm32f4discovery.a(stm32f4_discovery.o)
                0x0800bf28                GPIO_PIN
                0x0800bf30                GPIO_CLK
                0x0800bf40                COM_USART_CLK
                0x0800bf48                COM_TX_PORT_CLK
                0x0800bf50                COM_RX_PORT_CLK
                0x0800bf58                COM_TX_PIN
                0x0800bf5c                COM_RX_PIN
                0x0800bf60                COM_TX_PIN_SOURCE
                0x0800bf64                COM_RX_PIN_SOURCE
                0x0800bf68                COM_TX_AF
                0x0800bf6c                COM_RX_AF
 .rodata._global_impure_ptr
                0x0800bf70        0x4 C:\PROGRA~2\GNUTOO~1\50A5A~1.420\arm-none-eabi\lib\thumb\libc.a(lib_a-impure.o)
                0x0800bf70                _global_impure_ptr
 .rodata._svfprintf_r
                0x0800bf74      0x164 C:\PROGRA~2\GNUTOO~1\50A5A~1.420\arm-none-eabi\lib\thumb\libc.a(lib_a-svfprintf.o)
 .rodata.zeroes.7256
                0x0800c0d8       0x10 C:\PROGRA~2\GNUTOO~1\50A5A~1.420\arm-none-eabi\lib\thumb\libc.a(lib_a-svfprintf.o)
 .rodata.str1.4
                0x0800c0e8       0x42 C:\PROGRA~2\GNUTOO~1\50A5A~1.420\arm-none-eabi\lib\thumb\libc.a(lib_a-svfprintf.o)
 *fill*         0x0800c12a        0x2 
 .rodata.blanks.7255
                0x0800c12c       0x10 C:\PROGRA~2\GNUTOO~1\50A5A~1.420\arm-none-eabi\lib\thumb\libc.a(lib_a-svfprintf.o)
 .rodata.str1.4
                0x0800c13c       0x10 C:\PROGRA~2\GNUTOO~1\50A5A~1.420\arm-none-eabi\lib\thumb\libc.a(lib_a-dtoa.o)
                                 0x12 (size before relaxing)
 *fill*         0x0800c14c        0x4 
 .rodata.__mprec_tens
                0x0800c150       0xc8 C:\PROGRA~2\GNUTOO~1\50A5A~1.420\arm-none-eabi\lib\thumb\libc.a(lib_a-mprec.o)
                0x0800c150                __mprec_tens
 .rodata.p05.6085
                0x0800c218        0xc C:\PROGRA~2\GNUTOO~1\50A5A~1.420\arm-none-eabi\lib\thumb\libc.a(lib_a-mprec.o)
 *fill*         0x0800c224        0x4 
 .rodata.__mprec_bigtens
                0x0800c228       0x28 C:\PROGRA~2\GNUTOO~1\50A5A~1.420\arm-none-eabi\lib\thumb\libc.a(lib_a-mprec.o)
                0x0800c228                __mprec_bigtens
 .rodata.__mprec_tinytens
                0x0800c250       0x28 C:\PROGRA~2\GNUTOO~1\50A5A~1.420\arm-none-eabi\lib\thumb\libc.a(lib_a-mprec.o)
                0x0800c250                __mprec_tinytens
 .rodata._svfiprintf_r
                0x0800c278      0x164 C:\PROGRA~2\GNUTOO~1\50A5A~1.420\arm-none-eabi\lib\thumb\libc.a(lib_a-svfiprintf.o)
 .rodata.blanks.7235
                0x0800c3dc       0x10 C:\PROGRA~2\GNUTOO~1\50A5A~1.420\arm-none-eabi\lib\thumb\libc.a(lib_a-svfiprintf.o)
 .rodata.str1.4
                0x0800c3ec       0x2f C:\PROGRA~2\GNUTOO~1\50A5A~1.420\arm-none-eabi\lib\thumb\libc.a(lib_a-svfiprintf.o)
 .rodata.zeroes.7236
                0x0800c3ec       0x10 C:\PROGRA~2\GNUTOO~1\50A5A~1.420\arm-none-eabi\lib\thumb\libc.a(lib_a-svfiprintf.o)
 .rodata.str1.4
                0x0800c3fc       0x10 C:\PROGRA~2\GNUTOO~1\50A5A~1.420\arm-none-eabi\lib\thumb\libc.a(lib_a-locale.o)
                                 0x12 (size before relaxing)
 .rodata._ctype_
                0x0800c40c      0x101 C:\PROGRA~2\GNUTOO~1\50A5A~1.420\arm-none-eabi\lib\thumb\libc.a(lib_a-ctype_.o)
                0x0800c40c                _ctype_
 *(.eh_frame*)
 *fill*         0x0800c50d        0x3 
 .eh_frame      0x0800c510        0x0 c:/progra~2/gnutoo~1/50a5a~1.420/bin/../lib/gcc/arm-none-eabi/5.4.1/armv7e-m/crtbegin.o
 .eh_frame      0x0800c510        0x4 c:/progra~2/gnutoo~1/50a5a~1.420/bin/../lib/gcc/arm-none-eabi/5.4.1/armv7e-m/crtend.o

.glue_7         0x0800c514        0x0
 .glue_7        0x0800c514        0x0 linker stubs

.glue_7t        0x0800c514        0x0
 .glue_7t       0x0800c514        0x0 linker stubs

.vfp11_veneer   0x0800c514        0x0
 .vfp11_veneer  0x0800c514        0x0 linker stubs

.v4_bx          0x0800c514        0x0
 .v4_bx         0x0800c514        0x0 linker stubs

.iplt           0x0800c514        0x0
 .iplt          0x0800c514        0x0 c:/progra~2/gnutoo~1/50a5a~1.420/bin/../lib/gcc/arm-none-eabi/5.4.1/armv7e-m/crtbegin.o

.ARM.extab      0x0800c514        0x0
 *(.ARM.extab* .gnu.linkonce.armextab.*)
 .ARM.extab     0x0800c514        0x0 c:/progra~2/gnutoo~1/50a5a~1.420/bin/../lib/gcc/arm-none-eabi/5.4.1/../../../../arm-none-eabi/lib/armv7e-m/crt0.o
 .ARM.extab     0x0800c514        0x0 c:/progra~2/gnutoo~1/50a5a~1.420/bin/../lib/gcc/arm-none-eabi/5.4.1/armv7e-m\libgcc.a(_udivmoddi4.o)
                0x0800c514                __exidx_start = .

.ARM.exidx      0x0800c514        0x8
 *(.ARM.exidx* .gnu.linkonce.armexidx.*)
 .ARM.exidx     0x0800c514        0x8 c:/progra~2/gnutoo~1/50a5a~1.420/bin/../lib/gcc/arm-none-eabi/5.4.1/../../../../arm-none-eabi/lib/armv7e-m/crt0.o
 .ARM.exidx     0x0800c51c        0x0 c:/progra~2/gnutoo~1/50a5a~1.420/bin/../lib/gcc/arm-none-eabi/5.4.1/armv7e-m\libgcc.a(_udivmoddi4.o)
                                  0x8 (size before relaxing)
                0x0800c51c                __exidx_end = .
                0x0800c51c                __etext = .

.rel.dyn        0x0800c51c        0x0
 .rel.iplt      0x0800c51c        0x0 c:/progra~2/gnutoo~1/50a5a~1.420/bin/../lib/gcc/arm-none-eabi/5.4.1/armv7e-m/crtbegin.o

.data           0x20000000      0xa40 load address 0x0800c51c
                0x20000000                __data_start__ = .
 *(vtable)
 *(.data*)
 .data          0x20000000        0x0 c:/progra~2/gnutoo~1/50a5a~1.420/bin/../lib/gcc/arm-none-eabi/5.4.1/armv7e-m/crti.o
 .data          0x20000000        0x4 c:/progra~2/gnutoo~1/50a5a~1.420/bin/../lib/gcc/arm-none-eabi/5.4.1/armv7e-m/crtbegin.o
                0x20000000                __dso_handle
 .data          0x20000004        0x0 c:/progra~2/gnutoo~1/50a5a~1.420/bin/../lib/gcc/arm-none-eabi/5.4.1/../../../../arm-none-eabi/lib/armv7e-m/crt0.o
 .data          0x20000004       0x14 obj/code.o
                0x20000004                CCR1_Val
                0x20000006                CCR2_Val
                0x20000008                CCR3_Val
                0x2000000a                CCR4_Val
                0x2000000c                delta_sensor_sem
 .data          0x20000018       0x20 obj/eecfg.o
                0x20000018                EE_th_status
                0x20000020                EE_th_next
                0x20000028                EE_stkfirst
                0x2000002c                EE_rqfirst
                0x20000030                EE_counter_RAM
 .data          0x20000038        0x0 obj/pkg/mcu/st_stm32_stm32f4xx/src/startup_stm32f4xx_gnu.o
 .data          0x20000038       0x14 obj/pkg/mcu/st_stm32_stm32f4xx/src/system_stm32f4xx.o
                0x20000038                SystemCoreClock
                0x2000003c                AHBPrescTable
 .data          0x2000004c        0x0 libee.a(ee_hal_structs.o)
 .data          0x2000004c        0x0 libee.a(ee_utils.o)
 .data          0x2000004c        0x0 libee.a(ee_gnu_change_context_isr.o)
 .data          0x2000004c        0x0 libee.a(ee_gnu_multi_context.o)
 .data          0x2000004c        0x0 libee.a(ee_altick.o)
 .data          0x2000004c        0x0 libee.a(ee_alsetrel.o)
 .data          0x2000004c        0x0 libee.a(ee_irqsc.o)
 .data          0x2000004c        0x0 libee.a(ee_rqexchg.o)
 .data          0x2000004c        0x0 libee.a(ee_rqinsert.o)
 .data          0x2000004c        0x0 libee.a(ee_swait.o)
 .data          0x2000004c        0x0 libee.a(ee_spost.o)
 .data          0x2000004c        0x0 libee.a(ee_context.o)
 .data          0x2000004c        0x0 libee.a(ee_context.o)
 .data          0x2000004c        0x0 libee.a(ee_thendin.o)
 .data          0x2000004c       0x28 libstm32f4discovery.a(stm32f4_discovery.o)
                0x2000004c                GPIO_PORT
                0x2000005c                COM_USART
                0x20000064                COM_TX_PORT
                0x2000006c                COM_RX_PORT
 .data          0x20000074        0x0 libstm32f4xxspd.a(stm32f4xx_exti.o)
 .data          0x20000074        0x0 libstm32f4xxspd.a(stm32f4xx_gpio.o)
 .data          0x20000074       0x10 libstm32f4xxspd.a(stm32f4xx_rcc.o)
 .data          0x20000084        0x0 libstm32f4xxspd.a(stm32f4xx_syscfg.o)
 .data          0x20000084        0x0 libstm32f4xxspd.a(stm32f4xx_tim.o)
 .data          0x20000084        0x0 libstm32f4xxspd.a(stm32f4xx_usart.o)
 .data          0x20000084        0x0 libstm32f4xxspd.a(misc.o)
 .data          0x20000084        0x0 c:/progra~2/gnutoo~1/50a5a~1.420/bin/../lib/gcc/arm-none-eabi/5.4.1/armv7e-m\libgcc.a(_arm_addsubdf3.o)
 .data          0x20000084        0x0 c:/progra~2/gnutoo~1/50a5a~1.420/bin/../lib/gcc/arm-none-eabi/5.4.1/armv7e-m\libgcc.a(_arm_cmpdf2.o)
 .data          0x20000084        0x0 C:\PROGRA~2\GNUTOO~1\50A5A~1.420\arm-none-eabi\lib\thumb\libc.a(lib_a-exit.o)
 .data          0x20000084        0x0 C:\PROGRA~2\GNUTOO~1\50A5A~1.420\arm-none-eabi\lib\thumb\libc.a(lib_a-impure.o)
 *fill*         0x20000084        0x4 
 .data.impure_data
                0x20000088      0x428 C:\PROGRA~2\GNUTOO~1\50A5A~1.420\arm-none-eabi\lib\thumb\libc.a(lib_a-impure.o)
 .data._impure_ptr
                0x200004b0        0x4 C:\PROGRA~2\GNUTOO~1\50A5A~1.420\arm-none-eabi\lib\thumb\libc.a(lib_a-impure.o)
                0x200004b0                _impure_ptr
 .data          0x200004b4        0x0 C:\PROGRA~2\GNUTOO~1\50A5A~1.420\arm-none-eabi\lib\thumb\libc.a(lib_a-init.o)
 .data          0x200004b4        0x0 C:\PROGRA~2\GNUTOO~1\50A5A~1.420\arm-none-eabi\lib\thumb\libc.a(lib_a-memset.o)
 .data          0x200004b4        0x0 C:\PROGRA~2\GNUTOO~1\50A5A~1.420\arm-none-eabi\lib\thumb\libc.a(lib_a-sprintf.o)
 .data          0x200004b4        0x0 C:\PROGRA~2\GNUTOO~1\50A5A~1.420\arm-none-eabi\lib\thumb\libc.a(lib_a-svfprintf.o)
 .data          0x200004b4        0x0 C:\PROGRA~2\GNUTOO~1\50A5A~1.420\arm-none-eabi\lib\thumb\libc.a(lib_a-__call_atexit.o)
 .data          0x200004b4        0x0 C:\PROGRA~2\GNUTOO~1\50A5A~1.420\arm-none-eabi\lib\thumb\libc.a(lib_a-atexit.o)
 .data          0x200004b4        0x0 C:\PROGRA~2\GNUTOO~1\50A5A~1.420\arm-none-eabi\lib\thumb\libc.a(lib_a-dtoa.o)
 .data          0x200004b4        0x0 C:\PROGRA~2\GNUTOO~1\50A5A~1.420\arm-none-eabi\lib\thumb\libc.a(lib_a-fini.o)
 .data          0x200004b4        0x0 C:\PROGRA~2\GNUTOO~1\50A5A~1.420\arm-none-eabi\lib\thumb\libc.a(lib_a-localeconv.o)
 .data          0x200004b4        0x0 C:\PROGRA~2\GNUTOO~1\50A5A~1.420\arm-none-eabi\lib\thumb\libc.a(lib_a-mallocr.o)
 .data.__malloc_av_
                0x200004b4      0x408 C:\PROGRA~2\GNUTOO~1\50A5A~1.420\arm-none-eabi\lib\thumb\libc.a(lib_a-mallocr.o)
                0x200004b4                __malloc_av_
 .data.__malloc_trim_threshold
                0x200008bc        0x4 C:\PROGRA~2\GNUTOO~1\50A5A~1.420\arm-none-eabi\lib\thumb\libc.a(lib_a-mallocr.o)
                0x200008bc                __malloc_trim_threshold
 .data.__malloc_sbrk_base
                0x200008c0        0x4 C:\PROGRA~2\GNUTOO~1\50A5A~1.420\arm-none-eabi\lib\thumb\libc.a(lib_a-mallocr.o)
                0x200008c0                __malloc_sbrk_base
 .data          0x200008c4        0x0 C:\PROGRA~2\GNUTOO~1\50A5A~1.420\arm-none-eabi\lib\thumb\libc.a(lib_a-memchr-stub.o)
 .data          0x200008c4        0x0 C:\PROGRA~2\GNUTOO~1\50A5A~1.420\arm-none-eabi\lib\thumb\libc.a(lib_a-memcpy-stub.o)
 .data          0x200008c4        0x0 C:\PROGRA~2\GNUTOO~1\50A5A~1.420\arm-none-eabi\lib\thumb\libc.a(lib_a-mlock.o)
 .data          0x200008c4        0x0 C:\PROGRA~2\GNUTOO~1\50A5A~1.420\arm-none-eabi\lib\thumb\libc.a(lib_a-mprec.o)
 .data          0x200008c4        0x0 C:\PROGRA~2\GNUTOO~1\50A5A~1.420\arm-none-eabi\lib\thumb\libc.a(lib_a-sbrkr.o)
 .data          0x200008c4        0x0 C:\PROGRA~2\GNUTOO~1\50A5A~1.420\arm-none-eabi\lib\thumb\libc.a(lib_a-strlen-stub.o)
 .data          0x200008c4        0x0 C:\PROGRA~2\GNUTOO~1\50A5A~1.420\arm-none-eabi\lib\thumb\libc.a(lib_a-svfiprintf.o)
 .data          0x200008c4        0x0 C:\PROGRA~2\GNUTOO~1\50A5A~1.420\arm-none-eabi\lib\thumb\libc.a(lib_a-__atexit.o)
 .data          0x200008c4        0x0 C:\PROGRA~2\GNUTOO~1\50A5A~1.420\arm-none-eabi\lib\thumb\libc.a(lib_a-callocr.o)
 .data          0x200008c4        0x0 C:\PROGRA~2\GNUTOO~1\50A5A~1.420\arm-none-eabi\lib\thumb\libc.a(lib_a-freer.o)
 .data          0x200008c4        0x0 C:\PROGRA~2\GNUTOO~1\50A5A~1.420\arm-none-eabi\lib\thumb\libc.a(lib_a-locale.o)
 .data.__global_locale
                0x200008c4      0x16c C:\PROGRA~2\GNUTOO~1\50A5A~1.420\arm-none-eabi\lib\thumb\libc.a(lib_a-locale.o)
                0x200008c4                __global_locale
 .data          0x20000a30        0x0 C:\PROGRA~2\GNUTOO~1\50A5A~1.420\arm-none-eabi\lib\thumb\libc.a(lib_a-mbtowc_r.o)
 .data          0x20000a30        0x0 C:\PROGRA~2\GNUTOO~1\50A5A~1.420\arm-none-eabi\lib\thumb\libc.a(lib_a-memmove.o)
 .data          0x20000a30        0x0 C:\PROGRA~2\GNUTOO~1\50A5A~1.420\arm-none-eabi\lib\thumb\libc.a(lib_a-reallocr.o)
 .data          0x20000a30        0x0 C:\PROGRA~2\GNUTOO~1\50A5A~1.420\arm-none-eabi\lib\thumb\libc.a(lib_a-reent.o)
 .data          0x20000a30        0x0 C:\PROGRA~2\GNUTOO~1\50A5A~1.420\arm-none-eabi\lib\thumb\libc.a(lib_a-strcmp.o)
 .data          0x20000a30        0x0 C:\PROGRA~2\GNUTOO~1\50A5A~1.420\arm-none-eabi\lib\thumb\libc.a(lib_a-wctomb_r.o)
 .data          0x20000a30        0x0 C:\PROGRA~2\GNUTOO~1\50A5A~1.420\arm-none-eabi\lib\thumb\libc.a(lib_a-ctype_.o)
 .data          0x20000a30        0x0 C:\PROGRA~2\GNUTOO~1\50A5A~1.420\arm-none-eabi\lib\thumb\libnosys.a(sbrk.o)
 .data          0x20000a30        0x0 c:/progra~2/gnutoo~1/50a5a~1.420/bin/../lib/gcc/arm-none-eabi/5.4.1/armv7e-m\libgcc.a(_udivsi3.o)
 .data          0x20000a30        0x0 c:/progra~2/gnutoo~1/50a5a~1.420/bin/../lib/gcc/arm-none-eabi/5.4.1/armv7e-m\libgcc.a(_divsi3.o)
 .data          0x20000a30        0x0 c:/progra~2/gnutoo~1/50a5a~1.420/bin/../lib/gcc/arm-none-eabi/5.4.1/armv7e-m\libgcc.a(_dvmd_tls.o)
 .data          0x20000a30        0x0 c:/progra~2/gnutoo~1/50a5a~1.420/bin/../lib/gcc/arm-none-eabi/5.4.1/armv7e-m\libgcc.a(_arm_muldivdf3.o)
 .data          0x20000a30        0x0 c:/progra~2/gnutoo~1/50a5a~1.420/bin/../lib/gcc/arm-none-eabi/5.4.1/armv7e-m\libgcc.a(_arm_unorddf2.o)
 .data          0x20000a30        0x0 c:/progra~2/gnutoo~1/50a5a~1.420/bin/../lib/gcc/arm-none-eabi/5.4.1/armv7e-m\libgcc.a(_arm_fixdfsi.o)
 .data          0x20000a30        0x0 c:/progra~2/gnutoo~1/50a5a~1.420/bin/../lib/gcc/arm-none-eabi/5.4.1/armv7e-m\libgcc.a(_aeabi_uldivmod.o)
 .data          0x20000a30        0x0 c:/progra~2/gnutoo~1/50a5a~1.420/bin/../lib/gcc/arm-none-eabi/5.4.1/armv7e-m\libgcc.a(_udivmoddi4.o)
 .data          0x20000a30        0x0 c:/progra~2/gnutoo~1/50a5a~1.420/bin/../lib/gcc/arm-none-eabi/5.4.1/armv7e-m/crtend.o
 .data          0x20000a30        0x0 c:/progra~2/gnutoo~1/50a5a~1.420/bin/../lib/gcc/arm-none-eabi/5.4.1/armv7e-m/crtn.o
                0x20000a30                . = ALIGN (0x4)
                0x20000a30                PROVIDE (__preinit_array_start, .)
 *(.preinit_array)
                0x20000a30                PROVIDE (__preinit_array_end, .)
                0x20000a30                . = ALIGN (0x4)
                0x20000a30                PROVIDE (__init_array_start, .)
 *(SORT(.init_array.*))
 .init_array.00000
                0x20000a30        0x4 C:\PROGRA~2\GNUTOO~1\50A5A~1.420\arm-none-eabi\lib\thumb\libc.a(lib_a-__call_atexit.o)
 *(.init_array)
 .init_array    0x20000a34        0x4 c:/progra~2/gnutoo~1/50a5a~1.420/bin/../lib/gcc/arm-none-eabi/5.4.1/armv7e-m/crtbegin.o
                0x20000a38                PROVIDE (__init_array_end, .)
                0x20000a38                . = ALIGN (0x4)
                0x20000a38                PROVIDE (__fini_array_start, .)
 *(SORT(.fini_array.*))
 *(.fini_array)
 .fini_array    0x20000a38        0x4 c:/progra~2/gnutoo~1/50a5a~1.420/bin/../lib/gcc/arm-none-eabi/5.4.1/armv7e-m/crtbegin.o
                0x20000a3c                PROVIDE (__fini_array_end, .)
 *(.jcr*)
 .jcr           0x20000a3c        0x0 c:/progra~2/gnutoo~1/50a5a~1.420/bin/../lib/gcc/arm-none-eabi/5.4.1/armv7e-m/crtbegin.o
 .jcr           0x20000a3c        0x4 c:/progra~2/gnutoo~1/50a5a~1.420/bin/../lib/gcc/arm-none-eabi/5.4.1/armv7e-m/crtend.o
                0x20000a40                . = ALIGN (0x4)
                0x20000a40                __data_end__ = .

.igot.plt       0x20000a40        0x0 load address 0x0800cf5c
 .igot.plt      0x20000a40        0x0 c:/progra~2/gnutoo~1/50a5a~1.420/bin/../lib/gcc/arm-none-eabi/5.4.1/armv7e-m/crtbegin.o

.bss            0x20000a40      0x1b4 load address 0x0800cf60
                0x20000a40                . = ALIGN (0x4)
                0x20000a40                __bss_start__ = .
 *(.bss*)
 .bss           0x20000a40        0x0 c:/progra~2/gnutoo~1/50a5a~1.420/bin/../lib/gcc/arm-none-eabi/5.4.1/armv7e-m/crti.o
 .bss           0x20000a40       0x1c c:/progra~2/gnutoo~1/50a5a~1.420/bin/../lib/gcc/arm-none-eabi/5.4.1/armv7e-m/crtbegin.o
 .bss           0x20000a5c        0x0 c:/progra~2/gnutoo~1/50a5a~1.420/bin/../lib/gcc/arm-none-eabi/5.4.1/../../../../arm-none-eabi/lib/armv7e-m/crt0.o
 *fill*         0x20000a5c        0x4 
 .bss           0x20000a60       0x51 obj/code.o
                0x20000a60                PrescalerValue
                0x20000a68                led_ms
                0x20000aa8                led_flags
                0x20000ab0                sensor_mode
 *fill*         0x20000ab1        0x3 
 .bss           0x20000ab4        0xc obj/eecfg.o
                0x20000ab4                EE_cortex_mx_system_tos
                0x20000ab8                EE_cortex_mx_active_tos
                0x20000abc                EE_sys_ceiling
 .bss           0x20000ac0        0x0 obj/pkg/mcu/st_stm32_stm32f4xx/src/startup_stm32f4xx_gnu.o
 .bss           0x20000ac0        0x0 obj/pkg/mcu/st_stm32_stm32f4xx/src/system_stm32f4xx.o
 .bss           0x20000ac0        0x0 libee.a(ee_hal_structs.o)
 .bss           0x20000ac0        0x0 libee.a(ee_utils.o)
 .bss           0x20000ac0        0x0 libee.a(ee_gnu_change_context_isr.o)
 .bss           0x20000ac0        0x0 libee.a(ee_gnu_multi_context.o)
 .bss           0x20000ac0        0x0 libee.a(ee_altick.o)
 .bss           0x20000ac0        0x0 libee.a(ee_alsetrel.o)
 .bss           0x20000ac0        0x0 libee.a(ee_irqsc.o)
 .bss           0x20000ac0        0x0 libee.a(ee_rqexchg.o)
 .bss           0x20000ac0        0x0 libee.a(ee_rqinsert.o)
 .bss           0x20000ac0        0x0 libee.a(ee_swait.o)
 .bss           0x20000ac0        0x0 libee.a(ee_spost.o)
 .bss           0x20000ac0        0x0 libee.a(ee_context.o)
 .bss           0x20000ac0        0x0 libee.a(ee_context.o)
 .bss           0x20000ac0        0x0 libee.a(ee_thendin.o)
 .bss           0x20000ac0        0x0 libstm32f4discovery.a(stm32f4_discovery.o)
 .bss           0x20000ac0        0x0 libstm32f4xxspd.a(stm32f4xx_exti.o)
 .bss           0x20000ac0        0x0 libstm32f4xxspd.a(stm32f4xx_gpio.o)
 .bss           0x20000ac0        0x0 libstm32f4xxspd.a(stm32f4xx_rcc.o)
 .bss           0x20000ac0        0x0 libstm32f4xxspd.a(stm32f4xx_syscfg.o)
 .bss           0x20000ac0        0x0 libstm32f4xxspd.a(stm32f4xx_tim.o)
 .bss           0x20000ac0        0x0 libstm32f4xxspd.a(stm32f4xx_usart.o)
 .bss           0x20000ac0        0x0 libstm32f4xxspd.a(misc.o)
 .bss           0x20000ac0        0x0 c:/progra~2/gnutoo~1/50a5a~1.420/bin/../lib/gcc/arm-none-eabi/5.4.1/armv7e-m\libgcc.a(_arm_addsubdf3.o)
 .bss           0x20000ac0        0x0 c:/progra~2/gnutoo~1/50a5a~1.420/bin/../lib/gcc/arm-none-eabi/5.4.1/armv7e-m\libgcc.a(_arm_cmpdf2.o)
 .bss           0x20000ac0        0x0 C:\PROGRA~2\GNUTOO~1\50A5A~1.420\arm-none-eabi\lib\thumb\libc.a(lib_a-exit.o)
 .bss           0x20000ac0        0x0 C:\PROGRA~2\GNUTOO~1\50A5A~1.420\arm-none-eabi\lib\thumb\libc.a(lib_a-impure.o)
 .bss           0x20000ac0        0x0 C:\PROGRA~2\GNUTOO~1\50A5A~1.420\arm-none-eabi\lib\thumb\libc.a(lib_a-init.o)
 .bss           0x20000ac0        0x0 C:\PROGRA~2\GNUTOO~1\50A5A~1.420\arm-none-eabi\lib\thumb\libc.a(lib_a-memset.o)
 .bss           0x20000ac0        0x0 C:\PROGRA~2\GNUTOO~1\50A5A~1.420\arm-none-eabi\lib\thumb\libc.a(lib_a-sprintf.o)
 .bss           0x20000ac0        0x0 C:\PROGRA~2\GNUTOO~1\50A5A~1.420\arm-none-eabi\lib\thumb\libc.a(lib_a-svfprintf.o)
 .bss           0x20000ac0        0x0 C:\PROGRA~2\GNUTOO~1\50A5A~1.420\arm-none-eabi\lib\thumb\libc.a(lib_a-__call_atexit.o)
 .bss           0x20000ac0        0x0 C:\PROGRA~2\GNUTOO~1\50A5A~1.420\arm-none-eabi\lib\thumb\libc.a(lib_a-atexit.o)
 .bss           0x20000ac0        0x0 C:\PROGRA~2\GNUTOO~1\50A5A~1.420\arm-none-eabi\lib\thumb\libc.a(lib_a-dtoa.o)
 .bss           0x20000ac0        0x0 C:\PROGRA~2\GNUTOO~1\50A5A~1.420\arm-none-eabi\lib\thumb\libc.a(lib_a-fini.o)
 .bss           0x20000ac0        0x0 C:\PROGRA~2\GNUTOO~1\50A5A~1.420\arm-none-eabi\lib\thumb\libc.a(lib_a-localeconv.o)
 .bss           0x20000ac0        0x0 C:\PROGRA~2\GNUTOO~1\50A5A~1.420\arm-none-eabi\lib\thumb\libc.a(lib_a-mallocr.o)
 .bss.__malloc_max_total_mem
                0x20000ac0        0x4 C:\PROGRA~2\GNUTOO~1\50A5A~1.420\arm-none-eabi\lib\thumb\libc.a(lib_a-mallocr.o)
                0x20000ac0                __malloc_max_total_mem
 .bss.__malloc_max_sbrked_mem
                0x20000ac4        0x4 C:\PROGRA~2\GNUTOO~1\50A5A~1.420\arm-none-eabi\lib\thumb\libc.a(lib_a-mallocr.o)
                0x20000ac4                __malloc_max_sbrked_mem
 .bss.__malloc_top_pad
                0x20000ac8        0x4 C:\PROGRA~2\GNUTOO~1\50A5A~1.420\arm-none-eabi\lib\thumb\libc.a(lib_a-mallocr.o)
                0x20000ac8                __malloc_top_pad
 .bss.__malloc_current_mallinfo
                0x20000acc       0x28 C:\PROGRA~2\GNUTOO~1\50A5A~1.420\arm-none-eabi\lib\thumb\libc.a(lib_a-mallocr.o)
                0x20000acc                __malloc_current_mallinfo
 .bss           0x20000af4        0x0 C:\PROGRA~2\GNUTOO~1\50A5A~1.420\arm-none-eabi\lib\thumb\libc.a(lib_a-memchr-stub.o)
 .bss           0x20000af4        0x0 C:\PROGRA~2\GNUTOO~1\50A5A~1.420\arm-none-eabi\lib\thumb\libc.a(lib_a-memcpy-stub.o)
 .bss           0x20000af4        0x0 C:\PROGRA~2\GNUTOO~1\50A5A~1.420\arm-none-eabi\lib\thumb\libc.a(lib_a-mlock.o)
 .bss           0x20000af4        0x0 C:\PROGRA~2\GNUTOO~1\50A5A~1.420\arm-none-eabi\lib\thumb\libc.a(lib_a-mprec.o)
 .bss           0x20000af4        0x0 C:\PROGRA~2\GNUTOO~1\50A5A~1.420\arm-none-eabi\lib\thumb\libc.a(lib_a-sbrkr.o)
 .bss           0x20000af4        0x0 C:\PROGRA~2\GNUTOO~1\50A5A~1.420\arm-none-eabi\lib\thumb\libc.a(lib_a-strlen-stub.o)
 .bss           0x20000af4        0x0 C:\PROGRA~2\GNUTOO~1\50A5A~1.420\arm-none-eabi\lib\thumb\libc.a(lib_a-svfiprintf.o)
 .bss           0x20000af4        0x0 C:\PROGRA~2\GNUTOO~1\50A5A~1.420\arm-none-eabi\lib\thumb\libc.a(lib_a-__atexit.o)
 .bss           0x20000af4        0x0 C:\PROGRA~2\GNUTOO~1\50A5A~1.420\arm-none-eabi\lib\thumb\libc.a(lib_a-callocr.o)
 .bss           0x20000af4        0x0 C:\PROGRA~2\GNUTOO~1\50A5A~1.420\arm-none-eabi\lib\thumb\libc.a(lib_a-freer.o)
 .bss           0x20000af4        0x0 C:\PROGRA~2\GNUTOO~1\50A5A~1.420\arm-none-eabi\lib\thumb\libc.a(lib_a-locale.o)
 .bss._PathLocale
                0x20000af4        0x4 C:\PROGRA~2\GNUTOO~1\50A5A~1.420\arm-none-eabi\lib\thumb\libc.a(lib_a-locale.o)
                0x20000af4                _PathLocale
 .bss           0x20000af8        0x0 C:\PROGRA~2\GNUTOO~1\50A5A~1.420\arm-none-eabi\lib\thumb\libc.a(lib_a-mbtowc_r.o)
 .bss           0x20000af8        0x0 C:\PROGRA~2\GNUTOO~1\50A5A~1.420\arm-none-eabi\lib\thumb\libc.a(lib_a-memmove.o)
 .bss           0x20000af8        0x0 C:\PROGRA~2\GNUTOO~1\50A5A~1.420\arm-none-eabi\lib\thumb\libc.a(lib_a-reallocr.o)
 .bss           0x20000af8        0x0 C:\PROGRA~2\GNUTOO~1\50A5A~1.420\arm-none-eabi\lib\thumb\libc.a(lib_a-reent.o)
 .bss           0x20000af8        0x0 C:\PROGRA~2\GNUTOO~1\50A5A~1.420\arm-none-eabi\lib\thumb\libc.a(lib_a-strcmp.o)
 .bss           0x20000af8        0x0 C:\PROGRA~2\GNUTOO~1\50A5A~1.420\arm-none-eabi\lib\thumb\libc.a(lib_a-wctomb_r.o)
 .bss           0x20000af8        0x0 C:\PROGRA~2\GNUTOO~1\50A5A~1.420\arm-none-eabi\lib\thumb\libc.a(lib_a-ctype_.o)
 .bss           0x20000af8        0x0 C:\PROGRA~2\GNUTOO~1\50A5A~1.420\arm-none-eabi\lib\thumb\libnosys.a(sbrk.o)
 .bss.heap_end.4167
                0x20000af8        0x4 C:\PROGRA~2\GNUTOO~1\50A5A~1.420\arm-none-eabi\lib\thumb\libnosys.a(sbrk.o)
 .bss           0x20000afc        0x0 c:/progra~2/gnutoo~1/50a5a~1.420/bin/../lib/gcc/arm-none-eabi/5.4.1/armv7e-m\libgcc.a(_udivsi3.o)
 .bss           0x20000afc        0x0 c:/progra~2/gnutoo~1/50a5a~1.420/bin/../lib/gcc/arm-none-eabi/5.4.1/armv7e-m\libgcc.a(_divsi3.o)
 .bss           0x20000afc        0x0 c:/progra~2/gnutoo~1/50a5a~1.420/bin/../lib/gcc/arm-none-eabi/5.4.1/armv7e-m\libgcc.a(_dvmd_tls.o)
 .bss           0x20000afc        0x0 c:/progra~2/gnutoo~1/50a5a~1.420/bin/../lib/gcc/arm-none-eabi/5.4.1/armv7e-m\libgcc.a(_arm_muldivdf3.o)
 .bss           0x20000afc        0x0 c:/progra~2/gnutoo~1/50a5a~1.420/bin/../lib/gcc/arm-none-eabi/5.4.1/armv7e-m\libgcc.a(_arm_unorddf2.o)
 .bss           0x20000afc        0x0 c:/progra~2/gnutoo~1/50a5a~1.420/bin/../lib/gcc/arm-none-eabi/5.4.1/armv7e-m\libgcc.a(_arm_fixdfsi.o)
 .bss           0x20000afc        0x0 c:/progra~2/gnutoo~1/50a5a~1.420/bin/../lib/gcc/arm-none-eabi/5.4.1/armv7e-m\libgcc.a(_aeabi_uldivmod.o)
 .bss           0x20000afc        0x0 c:/progra~2/gnutoo~1/50a5a~1.420/bin/../lib/gcc/arm-none-eabi/5.4.1/armv7e-m\libgcc.a(_udivmoddi4.o)
 .bss           0x20000afc        0x0 c:/progra~2/gnutoo~1/50a5a~1.420/bin/../lib/gcc/arm-none-eabi/5.4.1/armv7e-m/crtend.o
 .bss           0x20000afc        0x0 c:/progra~2/gnutoo~1/50a5a~1.420/bin/../lib/gcc/arm-none-eabi/5.4.1/armv7e-m/crtn.o
 *(COMMON)
 *fill*         0x20000afc        0x4 
 COMMON         0x20000b00       0xc8 obj/code.o
                0x20000b00                TIM_TimeBaseStructure
                0x20000b10                reference_time
                0x20000b18                GPIO_InitStructure_LightSensors
                0x20000b58                sensor_up_time
                0x20000b60                TIM_OCInitStructure
                0x20000b74                USART_InitStructure
                0x20000b88                delta_sensor
 COMMON         0x20000bc8       0x20 obj/eecfg.o
                0x20000bc8                EE_alarm_RAM
                0x20000be0                EE_th_nact
 COMMON         0x20000be8        0x8 libee.a(ee_hal_structs.o)
                0x20000be8                EE_IRQ_nesting_level
                0x20000bec                EE_std_endcycle_next_tid
 COMMON         0x20000bf0        0x4 C:\PROGRA~2\GNUTOO~1\50A5A~1.420\arm-none-eabi\lib\thumb\libc.a(lib_a-reent.o)
                0x20000bf0                errno
                0x20000bf4                . = ALIGN (0x4)
                0x20000bf4                __bss_end__ = .

.heap           0x20000bf8      0x100
                0x20000bf8                __end__ = .
                0x20000bf8                end = __end__
 *(.heap*)
 .heap          0x20000bf8      0x100 obj/pkg/mcu/st_stm32_stm32f4xx/src/startup_stm32f4xx_gnu.o
                0x20000bf8                __HeapBase
                0x20000cf8                __HeapLimit = .

.stack_dummy    0x20000bf8      0xc00
 *(.stack*)
 .stack         0x20000bf8      0xc00 obj/pkg/mcu/st_stm32_stm32f4xx/src/startup_stm32f4xx_gnu.o
                0x20020000                __StackTop = (ORIGIN (RAM) + LENGTH (RAM))
                0x2001f400                __StackLimit = (__StackTop - SIZEOF (.stack_dummy))
                0x20020000                PROVIDE (__stack, __StackTop)
                0x00000001                ASSERT ((__StackLimit >= __HeapLimit), region RAM overflowed with stack)
                0x10000000                __CcmOrigin = ORIGIN (CCM)
                0x00010000                __CcmLen = LENGTH (CCM)
START GROUP
LOAD c:/progra~2/gnutoo~1/50a5a~1.420/bin/../lib/gcc/arm-none-eabi/5.4.1/armv7e-m\libgcc.a
LOAD C:\PROGRA~2\GNUTOO~1\50A5A~1.420\arm-none-eabi\lib\thumb\libg.a
LOAD C:\PROGRA~2\GNUTOO~1\50A5A~1.420\arm-none-eabi\lib\thumb\libc.a
END GROUP
LOAD c:/progra~2/gnutoo~1/50a5a~1.420/bin/../lib/gcc/arm-none-eabi/5.4.1/armv7e-m/crtend.o
LOAD c:/progra~2/gnutoo~1/50a5a~1.420/bin/../lib/gcc/arm-none-eabi/5.4.1/armv7e-m/crtn.o
OUTPUT(c_mX.elf elf32-littlearm)

.ARM.attributes
                0x00000000       0x2c
 .ARM.attributes
                0x00000000       0x1e c:/progra~2/gnutoo~1/50a5a~1.420/bin/../lib/gcc/arm-none-eabi/5.4.1/armv7e-m/crti.o
 .ARM.attributes
                0x0000001e       0x2e c:/progra~2/gnutoo~1/50a5a~1.420/bin/../lib/gcc/arm-none-eabi/5.4.1/armv7e-m/crtbegin.o
 .ARM.attributes
                0x0000004c       0x1c c:/progra~2/gnutoo~1/50a5a~1.420/bin/../lib/gcc/arm-none-eabi/5.4.1/../../../../arm-none-eabi/lib/armv7e-m/crt0.o
 .ARM.attributes
                0x00000068       0x33 obj/code.o
 .ARM.attributes
                0x0000009b       0x33 obj/eecfg.o
 .ARM.attributes
                0x000000ce       0x1c obj/pkg/mcu/st_stm32_stm32f4xx/src/startup_stm32f4xx_gnu.o
 .ARM.attributes
                0x000000ea       0x33 obj/pkg/mcu/st_stm32_stm32f4xx/src/system_stm32f4xx.o
 .ARM.attributes
                0x0000011d       0x33 libee.a(ee_hal_structs.o)
 .ARM.attributes
                0x00000150       0x33 libee.a(ee_utils.o)
 .ARM.attributes
                0x00000183       0x21 libee.a(ee_gnu_change_context_isr.o)
 .ARM.attributes
                0x000001a4       0x21 libee.a(ee_gnu_multi_context.o)
 .ARM.attributes
                0x000001c5       0x33 libee.a(ee_altick.o)
 .ARM.attributes
                0x000001f8       0x33 libee.a(ee_alsetrel.o)
 .ARM.attributes
                0x0000022b       0x33 libee.a(ee_irqsc.o)
 .ARM.attributes
                0x0000025e       0x33 libee.a(ee_rqexchg.o)
 .ARM.attributes
                0x00000291       0x33 libee.a(ee_rqinsert.o)
 .ARM.attributes
                0x000002c4       0x33 libee.a(ee_swait.o)
 .ARM.attributes
                0x000002f7       0x33 libee.a(ee_spost.o)
 .ARM.attributes
                0x0000032a       0x33 libee.a(ee_context.o)
 .ARM.attributes
                0x0000035d       0x33 libee.a(ee_context.o)
 .ARM.attributes
                0x00000390       0x33 libee.a(ee_thendin.o)
 .ARM.attributes
                0x000003c3       0x33 libstm32f4discovery.a(stm32f4_discovery.o)
 .ARM.attributes
                0x000003f6       0x33 libstm32f4xxspd.a(stm32f4xx_exti.o)
 .ARM.attributes
                0x00000429       0x33 libstm32f4xxspd.a(stm32f4xx_gpio.o)
 .ARM.attributes
                0x0000045c       0x33 libstm32f4xxspd.a(stm32f4xx_rcc.o)
 .ARM.attributes
                0x0000048f       0x33 libstm32f4xxspd.a(stm32f4xx_syscfg.o)
 .ARM.attributes
                0x000004c2       0x33 libstm32f4xxspd.a(stm32f4xx_tim.o)
 .ARM.attributes
                0x000004f5       0x33 libstm32f4xxspd.a(stm32f4xx_usart.o)
 .ARM.attributes
                0x00000528       0x33 libstm32f4xxspd.a(misc.o)
 .ARM.attributes
                0x0000055b       0x1e c:/progra~2/gnutoo~1/50a5a~1.420/bin/../lib/gcc/arm-none-eabi/5.4.1/armv7e-m\libgcc.a(_arm_addsubdf3.o)
 .ARM.attributes
                0x00000579       0x1e c:/progra~2/gnutoo~1/50a5a~1.420/bin/../lib/gcc/arm-none-eabi/5.4.1/armv7e-m\libgcc.a(_arm_cmpdf2.o)
 .ARM.attributes
                0x00000597       0x30 C:\PROGRA~2\GNUTOO~1\50A5A~1.420\arm-none-eabi\lib\thumb\libc.a(lib_a-exit.o)
 .ARM.attributes
                0x000005c7       0x30 C:\PROGRA~2\GNUTOO~1\50A5A~1.420\arm-none-eabi\lib\thumb\libc.a(lib_a-impure.o)
 .ARM.attributes
                0x000005f7       0x30 C:\PROGRA~2\GNUTOO~1\50A5A~1.420\arm-none-eabi\lib\thumb\libc.a(lib_a-init.o)
 .ARM.attributes
                0x00000627       0x30 C:\PROGRA~2\GNUTOO~1\50A5A~1.420\arm-none-eabi\lib\thumb\libc.a(lib_a-memset.o)
 .ARM.attributes
                0x00000657       0x30 C:\PROGRA~2\GNUTOO~1\50A5A~1.420\arm-none-eabi\lib\thumb\libc.a(lib_a-sprintf.o)
 .ARM.attributes
                0x00000687       0x30 C:\PROGRA~2\GNUTOO~1\50A5A~1.420\arm-none-eabi\lib\thumb\libc.a(lib_a-svfprintf.o)
 .ARM.attributes
                0x000006b7       0x30 C:\PROGRA~2\GNUTOO~1\50A5A~1.420\arm-none-eabi\lib\thumb\libc.a(lib_a-__call_atexit.o)
 .ARM.attributes
                0x000006e7       0x30 C:\PROGRA~2\GNUTOO~1\50A5A~1.420\arm-none-eabi\lib\thumb\libc.a(lib_a-atexit.o)
 .ARM.attributes
                0x00000717       0x30 C:\PROGRA~2\GNUTOO~1\50A5A~1.420\arm-none-eabi\lib\thumb\libc.a(lib_a-dtoa.o)
 .ARM.attributes
                0x00000747       0x30 C:\PROGRA~2\GNUTOO~1\50A5A~1.420\arm-none-eabi\lib\thumb\libc.a(lib_a-fini.o)
 .ARM.attributes
                0x00000777       0x30 C:\PROGRA~2\GNUTOO~1\50A5A~1.420\arm-none-eabi\lib\thumb\libc.a(lib_a-localeconv.o)
 .ARM.attributes
                0x000007a7       0x30 C:\PROGRA~2\GNUTOO~1\50A5A~1.420\arm-none-eabi\lib\thumb\libc.a(lib_a-mallocr.o)
 .ARM.attributes
                0x000007d7       0x30 C:\PROGRA~2\GNUTOO~1\50A5A~1.420\arm-none-eabi\lib\thumb\libc.a(lib_a-memchr-stub.o)
 .ARM.attributes
                0x00000807       0x30 C:\PROGRA~2\GNUTOO~1\50A5A~1.420\arm-none-eabi\lib\thumb\libc.a(lib_a-memcpy-stub.o)
 .ARM.attributes
                0x00000837       0x30 C:\PROGRA~2\GNUTOO~1\50A5A~1.420\arm-none-eabi\lib\thumb\libc.a(lib_a-mlock.o)
 .ARM.attributes
                0x00000867       0x30 C:\PROGRA~2\GNUTOO~1\50A5A~1.420\arm-none-eabi\lib\thumb\libc.a(lib_a-mprec.o)
 .ARM.attributes
                0x00000897       0x30 C:\PROGRA~2\GNUTOO~1\50A5A~1.420\arm-none-eabi\lib\thumb\libc.a(lib_a-sbrkr.o)
 .ARM.attributes
                0x000008c7       0x30 C:\PROGRA~2\GNUTOO~1\50A5A~1.420\arm-none-eabi\lib\thumb\libc.a(lib_a-strlen-stub.o)
 .ARM.attributes
                0x000008f7       0x30 C:\PROGRA~2\GNUTOO~1\50A5A~1.420\arm-none-eabi\lib\thumb\libc.a(lib_a-svfiprintf.o)
 .ARM.attributes
                0x00000927       0x30 C:\PROGRA~2\GNUTOO~1\50A5A~1.420\arm-none-eabi\lib\thumb\libc.a(lib_a-__atexit.o)
 .ARM.attributes
                0x00000957       0x30 C:\PROGRA~2\GNUTOO~1\50A5A~1.420\arm-none-eabi\lib\thumb\libc.a(lib_a-callocr.o)
 .ARM.attributes
                0x00000987       0x30 C:\PROGRA~2\GNUTOO~1\50A5A~1.420\arm-none-eabi\lib\thumb\libc.a(lib_a-freer.o)
 .ARM.attributes
                0x000009b7       0x30 C:\PROGRA~2\GNUTOO~1\50A5A~1.420\arm-none-eabi\lib\thumb\libc.a(lib_a-locale.o)
 .ARM.attributes
                0x000009e7       0x30 C:\PROGRA~2\GNUTOO~1\50A5A~1.420\arm-none-eabi\lib\thumb\libc.a(lib_a-mbtowc_r.o)
 .ARM.attributes
                0x00000a17       0x30 C:\PROGRA~2\GNUTOO~1\50A5A~1.420\arm-none-eabi\lib\thumb\libc.a(lib_a-memmove.o)
 .ARM.attributes
                0x00000a47       0x30 C:\PROGRA~2\GNUTOO~1\50A5A~1.420\arm-none-eabi\lib\thumb\libc.a(lib_a-reallocr.o)
 .ARM.attributes
                0x00000a77       0x30 C:\PROGRA~2\GNUTOO~1\50A5A~1.420\arm-none-eabi\lib\thumb\libc.a(lib_a-reent.o)
 .ARM.attributes
                0x00000aa7       0x16 C:\PROGRA~2\GNUTOO~1\50A5A~1.420\arm-none-eabi\lib\thumb\libc.a(lib_a-strcmp.o)
 .ARM.attributes
                0x00000abd       0x30 C:\PROGRA~2\GNUTOO~1\50A5A~1.420\arm-none-eabi\lib\thumb\libc.a(lib_a-wctomb_r.o)
 .ARM.attributes
                0x00000aed       0x30 C:\PROGRA~2\GNUTOO~1\50A5A~1.420\arm-none-eabi\lib\thumb\libc.a(lib_a-ctype_.o)
 .ARM.attributes
                0x00000b1d       0x30 C:\PROGRA~2\GNUTOO~1\50A5A~1.420\arm-none-eabi\lib\thumb\libnosys.a(sbrk.o)
 .ARM.attributes
                0x00000b4d       0x1e c:/progra~2/gnutoo~1/50a5a~1.420/bin/../lib/gcc/arm-none-eabi/5.4.1/armv7e-m\libgcc.a(_udivsi3.o)
 .ARM.attributes
                0x00000b6b       0x1e c:/progra~2/gnutoo~1/50a5a~1.420/bin/../lib/gcc/arm-none-eabi/5.4.1/armv7e-m\libgcc.a(_divsi3.o)
 .ARM.attributes
                0x00000b89       0x1e c:/progra~2/gnutoo~1/50a5a~1.420/bin/../lib/gcc/arm-none-eabi/5.4.1/armv7e-m\libgcc.a(_dvmd_tls.o)
 .ARM.attributes
                0x00000ba7       0x1e c:/progra~2/gnutoo~1/50a5a~1.420/bin/../lib/gcc/arm-none-eabi/5.4.1/armv7e-m\libgcc.a(_arm_muldivdf3.o)
 .ARM.attributes
                0x00000bc5       0x1e c:/progra~2/gnutoo~1/50a5a~1.420/bin/../lib/gcc/arm-none-eabi/5.4.1/armv7e-m\libgcc.a(_arm_unorddf2.o)
 .ARM.attributes
                0x00000be3       0x1e c:/progra~2/gnutoo~1/50a5a~1.420/bin/../lib/gcc/arm-none-eabi/5.4.1/armv7e-m\libgcc.a(_arm_fixdfsi.o)
 .ARM.attributes
                0x00000c01       0x1e c:/progra~2/gnutoo~1/50a5a~1.420/bin/../lib/gcc/arm-none-eabi/5.4.1/armv7e-m\libgcc.a(_aeabi_uldivmod.o)
 .ARM.attributes
                0x00000c1f       0x2e c:/progra~2/gnutoo~1/50a5a~1.420/bin/../lib/gcc/arm-none-eabi/5.4.1/armv7e-m\libgcc.a(_udivmoddi4.o)
 .ARM.attributes
                0x00000c4d       0x2e c:/progra~2/gnutoo~1/50a5a~1.420/bin/../lib/gcc/arm-none-eabi/5.4.1/armv7e-m/crtend.o
 .ARM.attributes
                0x00000c7b       0x1e c:/progra~2/gnutoo~1/50a5a~1.420/bin/../lib/gcc/arm-none-eabi/5.4.1/armv7e-m/crtn.o

.comment        0x00000000       0x6e
 .comment       0x00000000       0x6e obj/code.o
                                 0x6f (size before relaxing)
 .comment       0x0000006e       0x6f obj/eecfg.o
 .comment       0x0000006e       0x6f obj/pkg/mcu/st_stm32_stm32f4xx/src/system_stm32f4xx.o
 .comment       0x0000006e       0x6f libee.a(ee_hal_structs.o)
 .comment       0x0000006e       0x6f libee.a(ee_utils.o)
 .comment       0x0000006e       0x6f libee.a(ee_altick.o)
 .comment       0x0000006e       0x6f libee.a(ee_alsetrel.o)
 .comment       0x0000006e       0x6f libee.a(ee_irqsc.o)
 .comment       0x0000006e       0x6f libee.a(ee_rqexchg.o)
 .comment       0x0000006e       0x6f libee.a(ee_rqinsert.o)
 .comment       0x0000006e       0x6f libee.a(ee_swait.o)
 .comment       0x0000006e       0x6f libee.a(ee_spost.o)
 .comment       0x0000006e       0x6f libee.a(ee_context.o)
 .comment       0x0000006e       0x6f libee.a(ee_context.o)
 .comment       0x0000006e       0x6f libee.a(ee_thendin.o)
 .comment       0x0000006e       0x6f libstm32f4discovery.a(stm32f4_discovery.o)
 .comment       0x0000006e       0x6f libstm32f4xxspd.a(stm32f4xx_exti.o)
 .comment       0x0000006e       0x6f libstm32f4xxspd.a(stm32f4xx_gpio.o)
 .comment       0x0000006e       0x6f libstm32f4xxspd.a(stm32f4xx_rcc.o)
 .comment       0x0000006e       0x6f libstm32f4xxspd.a(stm32f4xx_syscfg.o)
 .comment       0x0000006e       0x6f libstm32f4xxspd.a(stm32f4xx_tim.o)
 .comment       0x0000006e       0x6f libstm32f4xxspd.a(stm32f4xx_usart.o)
 .comment       0x0000006e       0x6f libstm32f4xxspd.a(misc.o)

.debug_info     0x00000000     0x87a8
 .debug_info    0x00000000     0x125d obj/code.o
 .debug_info    0x0000125d      0x3d8 obj/eecfg.o
 .debug_info    0x00001635       0xd7 obj/pkg/mcu/st_stm32_stm32f4xx/src/startup_stm32f4xx_gnu.o
 .debug_info    0x0000170c      0x5c5 obj/pkg/mcu/st_stm32_stm32f4xx/src/system_stm32f4xx.o
 .debug_info    0x00001cd1      0x15c libee.a(ee_hal_structs.o)
 .debug_info    0x00001e2d      0x23e libee.a(ee_utils.o)
 .debug_info    0x0000206b       0xd6 libee.a(ee_gnu_change_context_isr.o)
 .debug_info    0x00002141       0xd1 libee.a(ee_gnu_multi_context.o)
 .debug_info    0x00002212      0x3f7 libee.a(ee_altick.o)
 .debug_info    0x00002609      0x2d1 libee.a(ee_alsetrel.o)
 .debug_info    0x000028da      0x28b libee.a(ee_irqsc.o)
 .debug_info    0x00002b65      0x178 libee.a(ee_rqexchg.o)
 .debug_info    0x00002cdd      0x1b8 libee.a(ee_rqinsert.o)
 .debug_info    0x00002e95      0x41f libee.a(ee_swait.o)
 .debug_info    0x000032b4      0x356 libee.a(ee_spost.o)
 .debug_info    0x0000360a      0x21c libee.a(ee_context.o)
 .debug_info    0x00003826      0x1d6 libee.a(ee_context.o)
 .debug_info    0x000039fc      0x2fb libee.a(ee_thendin.o)
 .debug_info    0x00003cf7      0x6dd libstm32f4discovery.a(stm32f4_discovery.o)
 .debug_info    0x000043d4      0x357 libstm32f4xxspd.a(stm32f4xx_exti.o)
 .debug_info    0x0000472b      0x61d libstm32f4xxspd.a(stm32f4xx_gpio.o)
 .debug_info    0x00004d48      0xc63 libstm32f4xxspd.a(stm32f4xx_rcc.o)
 .debug_info    0x000059ab      0x274 libstm32f4xxspd.a(stm32f4xx_syscfg.o)
 .debug_info    0x00005c1f     0x1c69 libstm32f4xxspd.a(stm32f4xx_tim.o)
 .debug_info    0x00007888      0x9ca libstm32f4xxspd.a(stm32f4xx_usart.o)
 .debug_info    0x00008252      0x556 libstm32f4xxspd.a(misc.o)

.debug_abbrev   0x00000000     0x2033
 .debug_abbrev  0x00000000      0x366 obj/code.o
 .debug_abbrev  0x00000366       0xf9 obj/eecfg.o
 .debug_abbrev  0x0000045f       0x12 obj/pkg/mcu/st_stm32_stm32f4xx/src/startup_stm32f4xx_gnu.o
 .debug_abbrev  0x00000471      0x138 obj/pkg/mcu/st_stm32_stm32f4xx/src/system_stm32f4xx.o
 .debug_abbrev  0x000005a9       0x9b libee.a(ee_hal_structs.o)
 .debug_abbrev  0x00000644      0x15b libee.a(ee_utils.o)
 .debug_abbrev  0x0000079f       0x14 libee.a(ee_gnu_change_context_isr.o)
 .debug_abbrev  0x000007b3       0x14 libee.a(ee_gnu_multi_context.o)
 .debug_abbrev  0x000007c7      0x1c6 libee.a(ee_altick.o)
 .debug_abbrev  0x0000098d      0x168 libee.a(ee_alsetrel.o)
 .debug_abbrev  0x00000af5      0x139 libee.a(ee_irqsc.o)
 .debug_abbrev  0x00000c2e       0xb5 libee.a(ee_rqexchg.o)
 .debug_abbrev  0x00000ce3       0xd8 libee.a(ee_rqinsert.o)
 .debug_abbrev  0x00000dbb      0x1a1 libee.a(ee_swait.o)
 .debug_abbrev  0x00000f5c      0x187 libee.a(ee_spost.o)
 .debug_abbrev  0x000010e3      0x122 libee.a(ee_context.o)
 .debug_abbrev  0x00001205       0xd4 libee.a(ee_context.o)
 .debug_abbrev  0x000012d9      0x137 libee.a(ee_thendin.o)
 .debug_abbrev  0x00001410      0x194 libstm32f4discovery.a(stm32f4_discovery.o)
 .debug_abbrev  0x000015a4      0x1a9 libstm32f4xxspd.a(stm32f4xx_exti.o)
 .debug_abbrev  0x0000174d      0x1a7 libstm32f4xxspd.a(stm32f4xx_gpio.o)
 .debug_abbrev  0x000018f4      0x1e5 libstm32f4xxspd.a(stm32f4xx_rcc.o)
 .debug_abbrev  0x00001ad9      0x133 libstm32f4xxspd.a(stm32f4xx_syscfg.o)
 .debug_abbrev  0x00001c0c      0x189 libstm32f4xxspd.a(stm32f4xx_tim.o)
 .debug_abbrev  0x00001d95      0x157 libstm32f4xxspd.a(stm32f4xx_usart.o)
 .debug_abbrev  0x00001eec      0x147 libstm32f4xxspd.a(misc.o)

.debug_aranges  0x00000000      0x350
 .debug_aranges
                0x00000000       0x20 obj/code.o
 .debug_aranges
                0x00000020       0x20 obj/eecfg.o
 .debug_aranges
                0x00000040       0x30 obj/pkg/mcu/st_stm32_stm32f4xx/src/startup_stm32f4xx_gnu.o
 .debug_aranges
                0x00000070       0x20 obj/pkg/mcu/st_stm32_stm32f4xx/src/system_stm32f4xx.o
 .debug_aranges
                0x00000090       0x20 libee.a(ee_hal_structs.o)
 .debug_aranges
                0x000000b0       0x20 libee.a(ee_utils.o)
 .debug_aranges
                0x000000d0       0x20 libee.a(ee_gnu_change_context_isr.o)
 .debug_aranges
                0x000000f0       0x20 libee.a(ee_gnu_multi_context.o)
 .debug_aranges
                0x00000110       0x20 libee.a(ee_altick.o)
 .debug_aranges
                0x00000130       0x20 libee.a(ee_alsetrel.o)
 .debug_aranges
                0x00000150       0x20 libee.a(ee_irqsc.o)
 .debug_aranges
                0x00000170       0x20 libee.a(ee_rqexchg.o)
 .debug_aranges
                0x00000190       0x20 libee.a(ee_rqinsert.o)
 .debug_aranges
                0x000001b0       0x20 libee.a(ee_swait.o)
 .debug_aranges
                0x000001d0       0x20 libee.a(ee_spost.o)
 .debug_aranges
                0x000001f0       0x20 libee.a(ee_context.o)
 .debug_aranges
                0x00000210       0x20 libee.a(ee_context.o)
 .debug_aranges
                0x00000230       0x20 libee.a(ee_thendin.o)
 .debug_aranges
                0x00000250       0x20 libstm32f4discovery.a(stm32f4_discovery.o)
 .debug_aranges
                0x00000270       0x20 libstm32f4xxspd.a(stm32f4xx_exti.o)
 .debug_aranges
                0x00000290       0x20 libstm32f4xxspd.a(stm32f4xx_gpio.o)
 .debug_aranges
                0x000002b0       0x20 libstm32f4xxspd.a(stm32f4xx_rcc.o)
 .debug_aranges
                0x000002d0       0x20 libstm32f4xxspd.a(stm32f4xx_syscfg.o)
 .debug_aranges
                0x000002f0       0x20 libstm32f4xxspd.a(stm32f4xx_tim.o)
 .debug_aranges
                0x00000310       0x20 libstm32f4xxspd.a(stm32f4xx_usart.o)
 .debug_aranges
                0x00000330       0x20 libstm32f4xxspd.a(misc.o)

.debug_line     0x00000000     0x47cc
 .debug_line    0x00000000      0x7e3 obj/code.o
 .debug_line    0x000007e3      0x19d obj/eecfg.o
 .debug_line    0x00000980       0xe6 obj/pkg/mcu/st_stm32_stm32f4xx/src/startup_stm32f4xx_gnu.o
 .debug_line    0x00000a66      0x27f obj/pkg/mcu/st_stm32_stm32f4xx/src/system_stm32f4xx.o
 .debug_line    0x00000ce5      0x1bf libee.a(ee_hal_structs.o)
 .debug_line    0x00000ea4      0x201 libee.a(ee_utils.o)
 .debug_line    0x000010a5       0xe4 libee.a(ee_gnu_change_context_isr.o)
 .debug_line    0x00001189       0xd3 libee.a(ee_gnu_multi_context.o)
 .debug_line    0x0000125c      0x2c5 libee.a(ee_altick.o)
 .debug_line    0x00001521      0x27b libee.a(ee_alsetrel.o)
 .debug_line    0x0000179c      0x235 libee.a(ee_irqsc.o)
 .debug_line    0x000019d1      0x1e9 libee.a(ee_rqexchg.o)
 .debug_line    0x00001bba      0x1f7 libee.a(ee_rqinsert.o)
 .debug_line    0x00001db1      0x2f5 libee.a(ee_swait.o)
 .debug_line    0x000020a6      0x2b3 libee.a(ee_spost.o)
 .debug_line    0x00002359      0x213 libee.a(ee_context.o)
 .debug_line    0x0000256c      0x201 libee.a(ee_context.o)
 .debug_line    0x0000276d      0x26d libee.a(ee_thendin.o)
 .debug_line    0x000029da      0x35e libstm32f4discovery.a(stm32f4_discovery.o)
 .debug_line    0x00002d38      0x300 libstm32f4xxspd.a(stm32f4xx_exti.o)
 .debug_line    0x00003038      0x36d libstm32f4xxspd.a(stm32f4xx_gpio.o)
 .debug_line    0x000033a5      0x431 libstm32f4xxspd.a(stm32f4xx_rcc.o)
 .debug_line    0x000037d6      0x251 libstm32f4xxspd.a(stm32f4xx_syscfg.o)
 .debug_line    0x00003a27      0x6d6 libstm32f4xxspd.a(stm32f4xx_tim.o)
 .debug_line    0x000040fd      0x40b libstm32f4xxspd.a(stm32f4xx_usart.o)
 .debug_line    0x00004508      0x2c4 libstm32f4xxspd.a(misc.o)

.debug_str      0x00000000     0x36eb
 .debug_str     0x00000000     0x1098 obj/code.o
                               0x1132 (size before relaxing)
 .debug_str     0x00001098      0x17e obj/eecfg.o
                                0x373 (size before relaxing)
 .debug_str     0x00001216      0x201 obj/pkg/mcu/st_stm32_stm32f4xx/src/system_stm32f4xx.o
                                0x3d8 (size before relaxing)
 .debug_str     0x00001417       0x65 libee.a(ee_hal_structs.o)
                                0x221 (size before relaxing)
 .debug_str     0x0000147c       0xd1 libee.a(ee_utils.o)
                                0x293 (size before relaxing)
 .debug_str     0x0000154d      0x109 libee.a(ee_altick.o)
                                0x3bf (size before relaxing)
 .debug_str     0x00001656       0x7a libee.a(ee_alsetrel.o)
                                0x30f (size before relaxing)
 .debug_str     0x000016d0       0xc3 libee.a(ee_irqsc.o)
                                0x2c5 (size before relaxing)
 .debug_str     0x00001793       0x78 libee.a(ee_rqexchg.o)
                                0x234 (size before relaxing)
 .debug_str     0x0000180b       0x6e libee.a(ee_rqinsert.o)
                                0x240 (size before relaxing)
 .debug_str     0x00001879       0xb8 libee.a(ee_swait.o)
                                0x375 (size before relaxing)
 .debug_str     0x00001931       0x95 libee.a(ee_spost.o)
                                0x355 (size before relaxing)
 .debug_str     0x000019c6       0x99 libee.a(ee_context.o)
                                0x2ae (size before relaxing)
 .debug_str     0x00001a5f       0x8c libee.a(ee_context.o)
                                0x28f (size before relaxing)
 .debug_str     0x00001aeb       0x77 libee.a(ee_thendin.o)
                                0x2ed (size before relaxing)
 .debug_str     0x00001b62      0x1c1 libstm32f4discovery.a(stm32f4_discovery.o)
                                0x5b5 (size before relaxing)
 .debug_str     0x00001d23      0x139 libstm32f4xxspd.a(stm32f4xx_exti.o)
                                0x38c (size before relaxing)
 .debug_str     0x00001e5c      0x1ca libstm32f4xxspd.a(stm32f4xx_gpio.o)
                                0x4d6 (size before relaxing)
 .debug_str     0x00002026      0x5ab libstm32f4xxspd.a(stm32f4xx_rcc.o)
                                0x883 (size before relaxing)
 .debug_str     0x000025d1      0x195 libstm32f4xxspd.a(stm32f4xx_syscfg.o)
                                0x327 (size before relaxing)
 .debug_str     0x00002766      0xa30 libstm32f4xxspd.a(stm32f4xx_tim.o)
                                0xe03 (size before relaxing)
 .debug_str     0x00003196      0x3d2 libstm32f4xxspd.a(stm32f4xx_usart.o)